2026-02-27 16:54:17 | INFO     | === START  dir='/gaia/b04s/CONSORCIOS/DEEPWAVE'  collection='DEEPWAVE' ===
2026-02-27 16:54:17 | INFO     | Discovered 241 supported file(s)
2026-02-27 16:54:24 | INFO     | Collection 'DEEPWAVE' created: {"message":"Collection DEEPWAVE created successfully.","collection_name":"DEEPWAVE"}
2026-02-27 16:54:26 | INFO     | list_documents: 0 existing doc(s) in 'DEEPWAVE' (total reported: 0)
2026-02-27 16:54:26 | INFO     | Classification: 241 new, 0 already present
2026-02-27 16:54:26 | INFO     | Uploading 16 batch(es) of up to 16 file(s) each
2026-02-27 16:54:26 | INFO     | --- batch 1/16 (16 files) ---
2026-02-27 16:54:26 | DEBUG    |   Files: Business Meeting Minutes.pdf, DeepWave Consortium - 1st Meeting Agenda.pdf, 1.1 Enabling full-waveform inversion to recover salt bodies in challenging conditions.pdf, 1.2 Prior probability regularized FWI using generative diffusion models.pdf, 1.3 RockAVO Data-driven Direct Petrophysical Inversion of Pre-Stack Seismic Data.pdf, 1.4 Joint Microseismic Event Detection and Location Based on a Detection Transformer.pdf, 2.1 Self-supervised blind-spot networks for random and coherent noise suppression.pdf, 2.2 SSDeblend - integrating self-supervised denoising in inversion based seismic deblending.pdf, 2.3 Deep Learning-based regularization of seismic inversion.pdf, 2.4 End-to-end seismic processing with deep learning - StorSeismic.pdf, 2.5 Efficient Seismic Facies Classification Using Transformer-based Masked Autoencoders.pdf, 3.1 A flexible seismic tomography framework using machine learning.pdf, 3.2 Simultaneous local slope estimation and interpolation with PINNs.pdf, 3.3 Microseismic source imaging using PINNs with hard constraints - an application to field data.pdf, 3.4 D-SWE Data-driven discovery of a seismic wave equation.pdf, 4.1 Regularized Probabilistic Seismic Inversion with CNN-based Plug-and-Play Framework.pdf
2026-02-27 16:54:28 | INFO     | Upload accepted → task_id=026847f3-bac8-477e-96d9-38c1ee578606
2026-02-27 16:54:28 | DEBUG    | Task 026847f3-bac8-477e-96d9-38c1ee578606 state=PENDING elapsed=0s — waiting …
2026-02-27 16:54:33 | DEBUG    | Task 026847f3-bac8-477e-96d9-38c1ee578606 state=PENDING elapsed=5s — waiting …
2026-02-27 16:54:38 | DEBUG    | Task 026847f3-bac8-477e-96d9-38c1ee578606 state=PENDING elapsed=10s — waiting …
2026-02-27 16:54:43 | DEBUG    | Task 026847f3-bac8-477e-96d9-38c1ee578606 state=PENDING elapsed=15s — waiting …
2026-02-27 16:54:48 | DEBUG    | Task 026847f3-bac8-477e-96d9-38c1ee578606 state=PENDING elapsed=20s — waiting …
2026-02-27 16:54:58 | DEBUG    | Task 026847f3-bac8-477e-96d9-38c1ee578606 state=PENDING elapsed=30s — waiting …
2026-02-27 16:55:03 | DEBUG    | Task 026847f3-bac8-477e-96d9-38c1ee578606 state=PENDING elapsed=35s — waiting …
2026-02-27 16:55:08 | DEBUG    | Task 026847f3-bac8-477e-96d9-38c1ee578606 state=PENDING elapsed=40s — waiting …
2026-02-27 16:55:13 | DEBUG    | Task 026847f3-bac8-477e-96d9-38c1ee578606 state=PENDING elapsed=45s — waiting …
2026-02-27 16:55:18 | DEBUG    | Task 026847f3-bac8-477e-96d9-38c1ee578606 state=PENDING elapsed=50s — waiting …
2026-02-27 16:55:23 | DEBUG    | Task 026847f3-bac8-477e-96d9-38c1ee578606 state=PENDING elapsed=55s — waiting …
2026-02-27 16:55:28 | DEBUG    | Task 026847f3-bac8-477e-96d9-38c1ee578606 state=PENDING elapsed=60s — waiting …
2026-02-27 16:55:33 | DEBUG    | Task 026847f3-bac8-477e-96d9-38c1ee578606 state=PENDING elapsed=65s — waiting …
2026-02-27 16:55:38 | DEBUG    | Task 026847f3-bac8-477e-96d9-38c1ee578606 state=PENDING elapsed=70s — waiting …
2026-02-27 16:55:43 | DEBUG    | Task 026847f3-bac8-477e-96d9-38c1ee578606 state=PENDING elapsed=75s — waiting …
2026-02-27 16:55:48 | DEBUG    | Task 026847f3-bac8-477e-96d9-38c1ee578606 state=PENDING elapsed=80s — waiting …
2026-02-27 16:55:53 | DEBUG    | Task 026847f3-bac8-477e-96d9-38c1ee578606 state=PENDING elapsed=85s — waiting …
2026-02-27 16:55:58 | DEBUG    | Task 026847f3-bac8-477e-96d9-38c1ee578606 state=PENDING elapsed=90s — waiting …
2026-02-27 16:56:03 | DEBUG    | Task 026847f3-bac8-477e-96d9-38c1ee578606 state=PENDING elapsed=95s — waiting …
2026-02-27 16:56:08 | DEBUG    | Task 026847f3-bac8-477e-96d9-38c1ee578606 state=PENDING elapsed=100s — waiting …
2026-02-27 16:56:13 | DEBUG    | Task 026847f3-bac8-477e-96d9-38c1ee578606 state=PENDING elapsed=105s — waiting …
2026-02-27 16:56:18 | DEBUG    | Task 026847f3-bac8-477e-96d9-38c1ee578606 state=PENDING elapsed=110s — waiting …
2026-02-27 16:56:23 | DEBUG    | Task 026847f3-bac8-477e-96d9-38c1ee578606 state=PENDING elapsed=115s — waiting …
2026-02-27 16:56:28 | DEBUG    | Task 026847f3-bac8-477e-96d9-38c1ee578606 state=PENDING elapsed=120s — waiting …
2026-02-27 16:56:33 | DEBUG    | Task 026847f3-bac8-477e-96d9-38c1ee578606 state=PENDING elapsed=125s — waiting …
2026-02-27 16:56:38 | DEBUG    | Task 026847f3-bac8-477e-96d9-38c1ee578606 state=PENDING elapsed=130s — waiting …
2026-02-27 16:56:43 | DEBUG    | Task 026847f3-bac8-477e-96d9-38c1ee578606 state=PENDING elapsed=136s — waiting …
2026-02-27 16:56:48 | DEBUG    | Task 026847f3-bac8-477e-96d9-38c1ee578606 state=PENDING elapsed=141s — waiting …
2026-02-27 16:56:53 | INFO     | Task 026847f3-bac8-477e-96d9-38c1ee578606 FINISHED in 146s
2026-02-27 16:56:53 | INFO     | ✅ batch 1/16 (16 files) complete
2026-02-27 16:56:53 | INFO     | --- batch 2/16 (16 files) ---
2026-02-27 16:56:53 | DEBUG    |   Files: 4.2 GPU Programming at the fingertip - the NVIDIA-KAUST Hackathon.pdf, 4.3 DeepWave_GitHub.pdf, DW0001_PnP_SVGD.pdf, DW0003_NeuralNetworkBasedEikonalTomo.pdf, DW0004_PINN_slope.pdf, DW0005_PINNImagingForMicroseismic.pdf, DW0006_DiffusionFWI.pdf, DW0009_UnetFWISalt.pdf, DW0010_Joint_MEDL_with_DETR.pdf, DeepWave Consortium - Annual Meeting Houston Agenda.pdf, 1.1 PINNslope - seismic data interpolation and local slope estimation with physics informed neural networks.pdf, 1.2 Gabor-based learnable sparse representation for self-supervised denoising.pdf, 1.3 Transformer-ing the old paradigm of seismic processing - An end-to-end deep learning-based approach.pdf, 2.1 Meta-Processing - A robust framework for multi-tasks seismic processing.pdf, 2.2 Probabilistic seismic interpolation with the implicit prior of a deep denoiser.pdf, 2.3 A Deep learning-based approach for NMO velocity prediction.pdf
2026-02-27 16:56:55 | INFO     | Upload accepted → task_id=43460ef7-a366-4529-a7fc-8618882073aa
2026-02-27 16:56:55 | DEBUG    | Task 43460ef7-a366-4529-a7fc-8618882073aa state=PENDING elapsed=0s — waiting …
2026-02-27 16:57:00 | DEBUG    | Task 43460ef7-a366-4529-a7fc-8618882073aa state=PENDING elapsed=5s — waiting …
2026-02-27 16:57:05 | DEBUG    | Task 43460ef7-a366-4529-a7fc-8618882073aa state=PENDING elapsed=10s — waiting …
2026-02-27 16:57:10 | DEBUG    | Task 43460ef7-a366-4529-a7fc-8618882073aa state=PENDING elapsed=15s — waiting …
2026-02-27 16:57:15 | DEBUG    | Task 43460ef7-a366-4529-a7fc-8618882073aa state=PENDING elapsed=20s — waiting …
2026-02-27 16:57:20 | DEBUG    | Task 43460ef7-a366-4529-a7fc-8618882073aa state=PENDING elapsed=25s — waiting …
2026-02-27 16:57:25 | DEBUG    | Task 43460ef7-a366-4529-a7fc-8618882073aa state=PENDING elapsed=30s — waiting …
2026-02-27 16:57:30 | DEBUG    | Task 43460ef7-a366-4529-a7fc-8618882073aa state=PENDING elapsed=35s — waiting …
2026-02-27 16:57:35 | DEBUG    | Task 43460ef7-a366-4529-a7fc-8618882073aa state=PENDING elapsed=40s — waiting …
2026-02-27 16:57:40 | DEBUG    | Task 43460ef7-a366-4529-a7fc-8618882073aa state=PENDING elapsed=45s — waiting …
2026-02-27 16:57:45 | DEBUG    | Task 43460ef7-a366-4529-a7fc-8618882073aa state=PENDING elapsed=50s — waiting …
2026-02-27 16:57:50 | DEBUG    | Task 43460ef7-a366-4529-a7fc-8618882073aa state=PENDING elapsed=55s — waiting …
2026-02-27 16:57:55 | DEBUG    | Task 43460ef7-a366-4529-a7fc-8618882073aa state=PENDING elapsed=60s — waiting …
2026-02-27 16:58:00 | DEBUG    | Task 43460ef7-a366-4529-a7fc-8618882073aa state=PENDING elapsed=65s — waiting …
2026-02-27 16:58:05 | DEBUG    | Task 43460ef7-a366-4529-a7fc-8618882073aa state=PENDING elapsed=70s — waiting …
2026-02-27 16:58:10 | DEBUG    | Task 43460ef7-a366-4529-a7fc-8618882073aa state=PENDING elapsed=75s — waiting …
2026-02-27 16:58:15 | DEBUG    | Task 43460ef7-a366-4529-a7fc-8618882073aa state=PENDING elapsed=80s — waiting …
2026-02-27 16:58:20 | DEBUG    | Task 43460ef7-a366-4529-a7fc-8618882073aa state=PENDING elapsed=85s — waiting …
2026-02-27 16:58:25 | DEBUG    | Task 43460ef7-a366-4529-a7fc-8618882073aa state=PENDING elapsed=90s — waiting …
2026-02-27 16:58:30 | DEBUG    | Task 43460ef7-a366-4529-a7fc-8618882073aa state=PENDING elapsed=95s — waiting …
2026-02-27 16:58:35 | DEBUG    | Task 43460ef7-a366-4529-a7fc-8618882073aa state=PENDING elapsed=100s — waiting …
2026-02-27 16:58:40 | DEBUG    | Task 43460ef7-a366-4529-a7fc-8618882073aa state=PENDING elapsed=105s — waiting …
2026-02-27 16:58:45 | INFO     | Task 43460ef7-a366-4529-a7fc-8618882073aa FINISHED in 110s
2026-02-27 16:58:45 | INFO     | ✅ batch 2/16 (16 files) complete
2026-02-27 16:58:45 | INFO     | --- batch 3/16 (16 files) ---
2026-02-27 16:58:45 | DEBUG    |   Files: 3.1 Efficient physics-informed neural networks training via incorporating the Gabor basis functions into network design.pdf, 3.2 Focusing function prediction based on U-Net to accelerate Marchenko imaging.pdf, 3.3 A flexible seismic tomography (and modelling) using PINN.pdf, 3.4 Joint microseismic event detection and location using a detection transformer - applications to field data.pdf, 4.1 KeyNote - Physics-guided Machine Learning - from Supervised Deep Networks to Unsupervised Lightweight Models.pdf, 4.2 Prior regularized 2D and 3D full waveform inversion using 2D generative diffusion model.pdf, 4.3 Deep learning-based inverse Hessian for full-waveform inversion.pdf, 4.4 The model wavenumber Uncertainty in full waveform inversion.pdf, 5.1 IntraSeismic – Using Coordinate-based Learning for Seismic Inversion.pdf, 5.2 Plug-and-Play regularized 3D seismic inversion with  2D pre-trained denoisers.pdf, 5.3 A Field Data Application of Seis2Rock - Data-driven Direct Petrophysical Inversion of Pre-stack Seismic Data.pdf, 5.4 Probabilistic seismic inversion applications with Neural-network assisted Stein Variation Gradient Descent.pdf, DeepWave_Annual_Report-2023.pdf, DW0001_EAGE2023_PnP_SVGD.pdf, DW0002_EAGE2023_DeepSeisInv.pdf, DW0003_EAGE2023_DataAndModelHardConstraintsPINNsNearSurfaceTomography.pdf
2026-02-27 16:58:47 | INFO     | Upload accepted → task_id=199bcbf2-a383-4f46-badf-977cd374db46
2026-02-27 16:58:47 | DEBUG    | Task 199bcbf2-a383-4f46-badf-977cd374db46 state=PENDING elapsed=0s — waiting …
2026-02-27 16:58:52 | DEBUG    | Task 199bcbf2-a383-4f46-badf-977cd374db46 state=PENDING elapsed=5s — waiting …
2026-02-27 16:58:57 | DEBUG    | Task 199bcbf2-a383-4f46-badf-977cd374db46 state=PENDING elapsed=10s — waiting …
2026-02-27 16:59:02 | DEBUG    | Task 199bcbf2-a383-4f46-badf-977cd374db46 state=PENDING elapsed=15s — waiting …
2026-02-27 16:59:07 | DEBUG    | Task 199bcbf2-a383-4f46-badf-977cd374db46 state=PENDING elapsed=20s — waiting …
2026-02-27 16:59:12 | DEBUG    | Task 199bcbf2-a383-4f46-badf-977cd374db46 state=PENDING elapsed=25s — waiting …
2026-02-27 16:59:17 | DEBUG    | Task 199bcbf2-a383-4f46-badf-977cd374db46 state=PENDING elapsed=30s — waiting …
2026-02-27 16:59:22 | DEBUG    | Task 199bcbf2-a383-4f46-badf-977cd374db46 state=PENDING elapsed=35s — waiting …
2026-02-27 16:59:27 | DEBUG    | Task 199bcbf2-a383-4f46-badf-977cd374db46 state=PENDING elapsed=40s — waiting …
2026-02-27 16:59:32 | DEBUG    | Task 199bcbf2-a383-4f46-badf-977cd374db46 state=PENDING elapsed=45s — waiting …
2026-02-27 16:59:37 | DEBUG    | Task 199bcbf2-a383-4f46-badf-977cd374db46 state=PENDING elapsed=50s — waiting …
2026-02-27 16:59:42 | DEBUG    | Task 199bcbf2-a383-4f46-badf-977cd374db46 state=PENDING elapsed=55s — waiting …
2026-02-27 16:59:47 | DEBUG    | Task 199bcbf2-a383-4f46-badf-977cd374db46 state=PENDING elapsed=60s — waiting …
2026-02-27 16:59:52 | DEBUG    | Task 199bcbf2-a383-4f46-badf-977cd374db46 state=PENDING elapsed=65s — waiting …
2026-02-27 16:59:57 | DEBUG    | Task 199bcbf2-a383-4f46-badf-977cd374db46 state=PENDING elapsed=70s — waiting …
2026-02-27 17:00:02 | DEBUG    | Task 199bcbf2-a383-4f46-badf-977cd374db46 state=PENDING elapsed=75s — waiting …
2026-02-27 17:00:07 | DEBUG    | Task 199bcbf2-a383-4f46-badf-977cd374db46 state=PENDING elapsed=80s — waiting …
2026-02-27 17:00:12 | DEBUG    | Task 199bcbf2-a383-4f46-badf-977cd374db46 state=PENDING elapsed=85s — waiting …
2026-02-27 17:00:17 | DEBUG    | Task 199bcbf2-a383-4f46-badf-977cd374db46 state=PENDING elapsed=90s — waiting …
2026-02-27 17:00:22 | DEBUG    | Task 199bcbf2-a383-4f46-badf-977cd374db46 state=PENDING elapsed=95s — waiting …
2026-02-27 17:00:27 | DEBUG    | Task 199bcbf2-a383-4f46-badf-977cd374db46 state=PENDING elapsed=100s — waiting …
2026-02-27 17:00:32 | DEBUG    | Task 199bcbf2-a383-4f46-badf-977cd374db46 state=PENDING elapsed=105s — waiting …
2026-02-27 17:00:37 | DEBUG    | Task 199bcbf2-a383-4f46-badf-977cd374db46 state=PENDING elapsed=110s — waiting …
2026-02-27 17:00:42 | DEBUG    | Task 199bcbf2-a383-4f46-badf-977cd374db46 state=PENDING elapsed=115s — waiting …
2026-02-27 17:00:47 | DEBUG    | Task 199bcbf2-a383-4f46-badf-977cd374db46 state=PENDING elapsed=120s — waiting …
2026-02-27 17:00:52 | DEBUG    | Task 199bcbf2-a383-4f46-badf-977cd374db46 state=PENDING elapsed=125s — waiting …
2026-02-27 17:00:57 | DEBUG    | Task 199bcbf2-a383-4f46-badf-977cd374db46 state=PENDING elapsed=130s — waiting …
2026-02-27 17:01:02 | DEBUG    | Task 199bcbf2-a383-4f46-badf-977cd374db46 state=PENDING elapsed=135s — waiting …
2026-02-27 17:01:07 | DEBUG    | Task 199bcbf2-a383-4f46-badf-977cd374db46 state=PENDING elapsed=140s — waiting …
2026-02-27 17:01:12 | DEBUG    | Task 199bcbf2-a383-4f46-badf-977cd374db46 state=PENDING elapsed=145s — waiting …
2026-02-27 17:01:17 | DEBUG    | Task 199bcbf2-a383-4f46-badf-977cd374db46 state=PENDING elapsed=150s — waiting …
2026-02-27 17:01:22 | DEBUG    | Task 199bcbf2-a383-4f46-badf-977cd374db46 state=PENDING elapsed=155s — waiting …
2026-02-27 17:01:27 | DEBUG    | Task 199bcbf2-a383-4f46-badf-977cd374db46 state=PENDING elapsed=160s — waiting …
2026-02-27 17:01:32 | DEBUG    | Task 199bcbf2-a383-4f46-badf-977cd374db46 state=PENDING elapsed=165s — waiting …
2026-02-27 17:01:37 | DEBUG    | Task 199bcbf2-a383-4f46-badf-977cd374db46 state=PENDING elapsed=170s — waiting …
2026-02-27 17:01:42 | DEBUG    | Task 199bcbf2-a383-4f46-badf-977cd374db46 state=PENDING elapsed=175s — waiting …
2026-02-27 17:01:47 | DEBUG    | Task 199bcbf2-a383-4f46-badf-977cd374db46 state=PENDING elapsed=180s — waiting …
2026-02-27 17:01:52 | DEBUG    | Task 199bcbf2-a383-4f46-badf-977cd374db46 state=PENDING elapsed=185s — waiting …
2026-02-27 17:01:57 | DEBUG    | Task 199bcbf2-a383-4f46-badf-977cd374db46 state=PENDING elapsed=190s — waiting …
2026-02-27 17:02:02 | DEBUG    | Task 199bcbf2-a383-4f46-badf-977cd374db46 state=PENDING elapsed=195s — waiting …
2026-02-27 17:02:07 | DEBUG    | Task 199bcbf2-a383-4f46-badf-977cd374db46 state=PENDING elapsed=200s — waiting …
2026-02-27 17:02:12 | DEBUG    | Task 199bcbf2-a383-4f46-badf-977cd374db46 state=PENDING elapsed=205s — waiting …
2026-02-27 17:02:17 | DEBUG    | Task 199bcbf2-a383-4f46-badf-977cd374db46 state=PENDING elapsed=210s — waiting …
2026-02-27 17:02:22 | DEBUG    | Task 199bcbf2-a383-4f46-badf-977cd374db46 state=PENDING elapsed=215s — waiting …
2026-02-27 17:02:27 | DEBUG    | Task 199bcbf2-a383-4f46-badf-977cd374db46 state=PENDING elapsed=220s — waiting …
2026-02-27 17:02:32 | DEBUG    | Task 199bcbf2-a383-4f46-badf-977cd374db46 state=PENDING elapsed=225s — waiting …
2026-02-27 17:02:37 | DEBUG    | Task 199bcbf2-a383-4f46-badf-977cd374db46 state=PENDING elapsed=230s — waiting …
2026-02-27 17:02:42 | DEBUG    | Task 199bcbf2-a383-4f46-badf-977cd374db46 state=PENDING elapsed=235s — waiting …
2026-02-27 17:02:47 | DEBUG    | Task 199bcbf2-a383-4f46-badf-977cd374db46 state=PENDING elapsed=240s — waiting …
2026-02-27 17:02:52 | DEBUG    | Task 199bcbf2-a383-4f46-badf-977cd374db46 state=PENDING elapsed=245s — waiting …
2026-02-27 17:02:57 | DEBUG    | Task 199bcbf2-a383-4f46-badf-977cd374db46 state=PENDING elapsed=250s — waiting …
2026-02-27 17:03:02 | DEBUG    | Task 199bcbf2-a383-4f46-badf-977cd374db46 state=PENDING elapsed=255s — waiting …
2026-02-27 17:03:07 | DEBUG    | Task 199bcbf2-a383-4f46-badf-977cd374db46 state=PENDING elapsed=260s — waiting …
2026-02-27 17:03:12 | DEBUG    | Task 199bcbf2-a383-4f46-badf-977cd374db46 state=PENDING elapsed=265s — waiting …
2026-02-27 17:03:17 | DEBUG    | Task 199bcbf2-a383-4f46-badf-977cd374db46 state=PENDING elapsed=270s — waiting …
2026-02-27 17:03:22 | DEBUG    | Task 199bcbf2-a383-4f46-badf-977cd374db46 state=PENDING elapsed=275s — waiting …
2026-02-27 17:03:27 | DEBUG    | Task 199bcbf2-a383-4f46-badf-977cd374db46 state=PENDING elapsed=280s — waiting …
2026-02-27 17:03:32 | DEBUG    | Task 199bcbf2-a383-4f46-badf-977cd374db46 state=PENDING elapsed=285s — waiting …
2026-02-27 17:03:37 | DEBUG    | Task 199bcbf2-a383-4f46-badf-977cd374db46 state=PENDING elapsed=290s — waiting …
2026-02-27 17:03:42 | DEBUG    | Task 199bcbf2-a383-4f46-badf-977cd374db46 state=PENDING elapsed=295s — waiting …
2026-02-27 17:03:47 | DEBUG    | Task 199bcbf2-a383-4f46-badf-977cd374db46 state=PENDING elapsed=300s — waiting …
2026-02-27 17:03:52 | DEBUG    | Task 199bcbf2-a383-4f46-badf-977cd374db46 state=PENDING elapsed=305s — waiting …
2026-02-27 17:03:57 | DEBUG    | Task 199bcbf2-a383-4f46-badf-977cd374db46 state=PENDING elapsed=310s — waiting …
2026-02-27 17:04:02 | DEBUG    | Task 199bcbf2-a383-4f46-badf-977cd374db46 state=PENDING elapsed=315s — waiting …
2026-02-27 17:04:07 | DEBUG    | Task 199bcbf2-a383-4f46-badf-977cd374db46 state=PENDING elapsed=320s — waiting …
2026-02-27 17:04:12 | DEBUG    | Task 199bcbf2-a383-4f46-badf-977cd374db46 state=PENDING elapsed=325s — waiting …
2026-02-27 17:04:17 | DEBUG    | Task 199bcbf2-a383-4f46-badf-977cd374db46 state=PENDING elapsed=330s — waiting …
2026-02-27 17:04:22 | DEBUG    | Task 199bcbf2-a383-4f46-badf-977cd374db46 state=PENDING elapsed=335s — waiting …
2026-02-27 17:04:27 | DEBUG    | Task 199bcbf2-a383-4f46-badf-977cd374db46 state=PENDING elapsed=340s — waiting …
2026-02-27 17:04:32 | DEBUG    | Task 199bcbf2-a383-4f46-badf-977cd374db46 state=PENDING elapsed=345s — waiting …
2026-02-27 17:04:37 | DEBUG    | Task 199bcbf2-a383-4f46-badf-977cd374db46 state=PENDING elapsed=350s — waiting …
2026-02-27 17:04:42 | DEBUG    | Task 199bcbf2-a383-4f46-badf-977cd374db46 state=PENDING elapsed=355s — waiting …
2026-02-27 17:04:47 | DEBUG    | Task 199bcbf2-a383-4f46-badf-977cd374db46 state=PENDING elapsed=360s — waiting …
2026-02-27 17:04:52 | DEBUG    | Task 199bcbf2-a383-4f46-badf-977cd374db46 state=PENDING elapsed=365s — waiting …
2026-02-27 17:04:57 | DEBUG    | Task 199bcbf2-a383-4f46-badf-977cd374db46 state=PENDING elapsed=370s — waiting …
2026-02-27 17:05:03 | DEBUG    | Task 199bcbf2-a383-4f46-badf-977cd374db46 state=PENDING elapsed=376s — waiting …
2026-02-27 17:05:08 | DEBUG    | Task 199bcbf2-a383-4f46-badf-977cd374db46 state=PENDING elapsed=381s — waiting …
2026-02-27 17:05:13 | DEBUG    | Task 199bcbf2-a383-4f46-badf-977cd374db46 state=PENDING elapsed=386s — waiting …
2026-02-27 17:05:18 | DEBUG    | Task 199bcbf2-a383-4f46-badf-977cd374db46 state=PENDING elapsed=391s — waiting …
2026-02-27 17:05:27 | DEBUG    | Task 199bcbf2-a383-4f46-badf-977cd374db46 state=PENDING elapsed=401s — waiting …
2026-02-27 17:05:32 | DEBUG    | Task 199bcbf2-a383-4f46-badf-977cd374db46 state=PENDING elapsed=406s — waiting …
2026-02-27 17:05:49 | DEBUG    | Task 199bcbf2-a383-4f46-badf-977cd374db46 state=PENDING elapsed=422s — waiting …
2026-02-27 17:05:54 | DEBUG    | Task 199bcbf2-a383-4f46-badf-977cd374db46 state=PENDING elapsed=427s — waiting …
2026-02-27 17:06:01 | INFO     | Task 199bcbf2-a383-4f46-badf-977cd374db46 FINISHED in 434s
2026-02-27 17:06:01 | INFO     | ✅ batch 3/16 (16 files) complete
2026-02-27 17:06:01 | INFO     | --- batch 4/16 (16 files) ---
2026-02-27 17:06:01 | DEBUG    |   Files: DW0003_EAGE2023_Tomo_PINN.pdf, DW0004_EAGE2023_PINN_slope.pdf, DW0005_EAGE2023_Microseismic_PINN.pdf, DW0006_EAGE2023_DiffusionFWI.pdf, DW0007_EAGE2023_FaciesClassMAE.pdf, DW0008_EAGE2023_StorSeismic.pdf, DW0009_EAGE2023_GOM_Full_Inversion.pdf, DW0010_EAGE2023_JointMicroseismicEvent_DetectTransf.pdf, DW0011_EAGE2023_DataDrivenDisc_SeismicWaveEq.pdf, DW0013_EAGE2023_GaborPINN.pdf, DW0014_EAGE2023_FrugalUncertaintyAnalysisForFWI.pdf, DW0015_EAGE2023_ModifiedTransformerBasedNetworkForSeismicProcessingTasks.pdf, DW0016_EAGE2023_LearnableGaborKernelsCNNs.pdf, DW0004_SEG2023_PINN_slope.pdf, DW0018_SEG2023_RockAVO.pdf, DW0021_SEG2023_DeepFWIHessian.pdf
2026-02-27 17:06:02 | INFO     | Upload accepted → task_id=aaa9f015-aa51-4a1c-98b4-638a18e72ef9
2026-02-27 17:06:02 | DEBUG    | Task aaa9f015-aa51-4a1c-98b4-638a18e72ef9 state=PENDING elapsed=0s — waiting …
2026-02-27 17:06:07 | DEBUG    | Task aaa9f015-aa51-4a1c-98b4-638a18e72ef9 state=PENDING elapsed=5s — waiting …
2026-02-27 17:06:12 | DEBUG    | Task aaa9f015-aa51-4a1c-98b4-638a18e72ef9 state=PENDING elapsed=10s — waiting …
2026-02-27 17:06:17 | DEBUG    | Task aaa9f015-aa51-4a1c-98b4-638a18e72ef9 state=PENDING elapsed=15s — waiting …
2026-02-27 17:06:22 | DEBUG    | Task aaa9f015-aa51-4a1c-98b4-638a18e72ef9 state=PENDING elapsed=20s — waiting …
2026-02-27 17:06:27 | DEBUG    | Task aaa9f015-aa51-4a1c-98b4-638a18e72ef9 state=PENDING elapsed=25s — waiting …
2026-02-27 17:06:32 | DEBUG    | Task aaa9f015-aa51-4a1c-98b4-638a18e72ef9 state=PENDING elapsed=30s — waiting …
2026-02-27 17:06:37 | DEBUG    | Task aaa9f015-aa51-4a1c-98b4-638a18e72ef9 state=PENDING elapsed=35s — waiting …
2026-02-27 17:06:42 | DEBUG    | Task aaa9f015-aa51-4a1c-98b4-638a18e72ef9 state=PENDING elapsed=40s — waiting …
2026-02-27 17:06:47 | DEBUG    | Task aaa9f015-aa51-4a1c-98b4-638a18e72ef9 state=PENDING elapsed=45s — waiting …
2026-02-27 17:06:52 | DEBUG    | Task aaa9f015-aa51-4a1c-98b4-638a18e72ef9 state=PENDING elapsed=50s — waiting …
2026-02-27 17:06:57 | DEBUG    | Task aaa9f015-aa51-4a1c-98b4-638a18e72ef9 state=PENDING elapsed=55s — waiting …
2026-02-27 17:07:02 | DEBUG    | Task aaa9f015-aa51-4a1c-98b4-638a18e72ef9 state=PENDING elapsed=60s — waiting …
2026-02-27 17:07:07 | INFO     | Task aaa9f015-aa51-4a1c-98b4-638a18e72ef9 FINISHED in 65s
2026-02-27 17:07:07 | INFO     | ✅ batch 4/16 (16 files) complete
2026-02-27 17:07:07 | INFO     | --- batch 5/16 (16 files) ---
2026-02-27 17:07:07 | DEBUG    |   Files: DW0022_SEG2023_DeepVAEs.pdf, DW0023_SEG2023_StochIP.pdf, DW0013_GaborPINN.pdf, DW0014_PhysicsReliableFrugalUncertaintyAnalysisforFWI.pdf, DW0015_StorSeismic.pdf, DW0016_LearnableGaborCNNforInterpretation.pdf, DW0017_MetaProcessing.pdf, DW0018_RockAVO.pdf, DW0019_SaltFWISVGD.pdf, DW0020_Gabor_SSLDenoising.pdf, DW0021_DeepFWIHessian.pdf, DW0024_PnPRegularized3DSeismicInversionWith2DPre-trained Denoisers.pdf, DW0025_ConditionDiffusion.pdf, DW0026_IntraSeismic.pdf, DW0027_SSL-LowFrequencyExtrapolation.pdf, DW0028_LearnedRegularizationsElasticFWIUsingDiffusion.pdf
2026-02-27 17:07:10 | INFO     | Upload accepted → task_id=3cc97e36-70a2-4e8b-a3ef-32a83a570606
2026-02-27 17:07:10 | DEBUG    | Task 3cc97e36-70a2-4e8b-a3ef-32a83a570606 state=PENDING elapsed=0s — waiting …
2026-02-27 17:07:15 | DEBUG    | Task 3cc97e36-70a2-4e8b-a3ef-32a83a570606 state=PENDING elapsed=5s — waiting …
2026-02-27 17:07:20 | DEBUG    | Task 3cc97e36-70a2-4e8b-a3ef-32a83a570606 state=PENDING elapsed=10s — waiting …
2026-02-27 17:07:25 | DEBUG    | Task 3cc97e36-70a2-4e8b-a3ef-32a83a570606 state=PENDING elapsed=15s — waiting …
2026-02-27 17:07:30 | DEBUG    | Task 3cc97e36-70a2-4e8b-a3ef-32a83a570606 state=PENDING elapsed=20s — waiting …
2026-02-27 17:07:35 | DEBUG    | Task 3cc97e36-70a2-4e8b-a3ef-32a83a570606 state=PENDING elapsed=25s — waiting …
2026-02-27 17:07:40 | DEBUG    | Task 3cc97e36-70a2-4e8b-a3ef-32a83a570606 state=PENDING elapsed=30s — waiting …
2026-02-27 17:07:45 | DEBUG    | Task 3cc97e36-70a2-4e8b-a3ef-32a83a570606 state=PENDING elapsed=35s — waiting …
2026-02-27 17:07:50 | DEBUG    | Task 3cc97e36-70a2-4e8b-a3ef-32a83a570606 state=PENDING elapsed=40s — waiting …
2026-02-27 17:07:55 | DEBUG    | Task 3cc97e36-70a2-4e8b-a3ef-32a83a570606 state=PENDING elapsed=45s — waiting …
2026-02-27 17:08:02 | DEBUG    | Task 3cc97e36-70a2-4e8b-a3ef-32a83a570606 state=PENDING elapsed=52s — waiting …
2026-02-27 17:08:07 | DEBUG    | Task 3cc97e36-70a2-4e8b-a3ef-32a83a570606 state=PENDING elapsed=57s — waiting …
2026-02-27 17:08:12 | DEBUG    | Task 3cc97e36-70a2-4e8b-a3ef-32a83a570606 state=PENDING elapsed=62s — waiting …
2026-02-27 17:08:17 | DEBUG    | Task 3cc97e36-70a2-4e8b-a3ef-32a83a570606 state=PENDING elapsed=67s — waiting …
2026-02-27 17:08:22 | DEBUG    | Task 3cc97e36-70a2-4e8b-a3ef-32a83a570606 state=PENDING elapsed=72s — waiting …
2026-02-27 17:08:27 | DEBUG    | Task 3cc97e36-70a2-4e8b-a3ef-32a83a570606 state=PENDING elapsed=77s — waiting …
2026-02-27 17:08:32 | DEBUG    | Task 3cc97e36-70a2-4e8b-a3ef-32a83a570606 state=PENDING elapsed=83s — waiting …
2026-02-27 17:08:37 | DEBUG    | Task 3cc97e36-70a2-4e8b-a3ef-32a83a570606 state=PENDING elapsed=88s — waiting …
2026-02-27 17:08:42 | DEBUG    | Task 3cc97e36-70a2-4e8b-a3ef-32a83a570606 state=PENDING elapsed=93s — waiting …
2026-02-27 17:08:47 | DEBUG    | Task 3cc97e36-70a2-4e8b-a3ef-32a83a570606 state=PENDING elapsed=98s — waiting …
2026-02-27 17:08:52 | INFO     | Task 3cc97e36-70a2-4e8b-a3ef-32a83a570606 FINISHED in 103s
2026-02-27 17:08:52 | INFO     | ✅ batch 5/16 (16 files) complete
2026-02-27 17:08:52 | INFO     | --- batch 6/16 (16 files) ---
2026-02-27 17:08:52 | DEBUG    |   Files: DW0030_StorSeismicAttentionIsAllWhatSeismicDatasetNeeds.pdf, DW0033_DASDenoising.pdf, DeepWave Consortium - Annual Meeting Houston Agenda [Links].pdf, DeepWave Consortium - Annual Meeting Houston Agenda.pdf, 1.1 FreqSiameseFWI - A Novel Deep Learning Framework for Multi-Source Full Wave Inversion.pdf, 1.2 Multi prior assisted full waveform inversion using controllable diffusion models.pdf, 1.3 Full Waveform Inversion with a deep learning-based time shift objective function.pdf, 1.4 Diffusion model for multiparameter full waveform inversion.pdf, 1.5 VelocityGPT - Leveraging a pre-trained generative transformer network to propagate priors.pdf, 2.1 DeepWave_Separation-PINN_MasterSlide_XINRU.pdf, 2.2 Latent representation learning in physics-informed neural networks for subsurface prospecting.pdf, 2.3 Enhanced neural operator based full waveform inversion via physics-informed regularization.pdf, 3.1 Deep Learning Applications in Image Enhancement and Seismic Data Denoising.pdf, 3.2 DeepWave_SHIJUN-final.pdf, 3.3 Attention is all you need in seismic data processing.pdf, 4.1 CO2 monitoring using Diffusion Models informed by Physics.pdf
2026-02-27 17:08:55 | INFO     | Upload accepted → task_id=f9dc9bdd-02f1-439c-89aa-16b0fee92ef4
2026-02-27 17:08:55 | DEBUG    | Task f9dc9bdd-02f1-439c-89aa-16b0fee92ef4 state=PENDING elapsed=0s — waiting …
2026-02-27 17:09:00 | DEBUG    | Task f9dc9bdd-02f1-439c-89aa-16b0fee92ef4 state=PENDING elapsed=5s — waiting …
2026-02-27 17:09:05 | DEBUG    | Task f9dc9bdd-02f1-439c-89aa-16b0fee92ef4 state=PENDING elapsed=10s — waiting …
2026-02-27 17:09:11 | DEBUG    | Task f9dc9bdd-02f1-439c-89aa-16b0fee92ef4 state=PENDING elapsed=16s — waiting …
2026-02-27 17:09:16 | DEBUG    | Task f9dc9bdd-02f1-439c-89aa-16b0fee92ef4 state=PENDING elapsed=21s — waiting …
2026-02-27 17:09:21 | DEBUG    | Task f9dc9bdd-02f1-439c-89aa-16b0fee92ef4 state=PENDING elapsed=26s — waiting …
2026-02-27 17:09:26 | DEBUG    | Task f9dc9bdd-02f1-439c-89aa-16b0fee92ef4 state=PENDING elapsed=31s — waiting …
2026-02-27 17:09:31 | DEBUG    | Task f9dc9bdd-02f1-439c-89aa-16b0fee92ef4 state=PENDING elapsed=36s — waiting …
2026-02-27 17:09:36 | DEBUG    | Task f9dc9bdd-02f1-439c-89aa-16b0fee92ef4 state=PENDING elapsed=41s — waiting …
2026-02-27 17:09:41 | DEBUG    | Task f9dc9bdd-02f1-439c-89aa-16b0fee92ef4 state=PENDING elapsed=46s — waiting …
2026-02-27 17:09:46 | DEBUG    | Task f9dc9bdd-02f1-439c-89aa-16b0fee92ef4 state=PENDING elapsed=51s — waiting …
2026-02-27 17:09:51 | DEBUG    | Task f9dc9bdd-02f1-439c-89aa-16b0fee92ef4 state=PENDING elapsed=56s — waiting …
2026-02-27 17:09:56 | DEBUG    | Task f9dc9bdd-02f1-439c-89aa-16b0fee92ef4 state=PENDING elapsed=61s — waiting …
2026-02-27 17:10:01 | DEBUG    | Task f9dc9bdd-02f1-439c-89aa-16b0fee92ef4 state=PENDING elapsed=66s — waiting …
2026-02-27 17:10:06 | DEBUG    | Task f9dc9bdd-02f1-439c-89aa-16b0fee92ef4 state=PENDING elapsed=71s — waiting …
2026-02-27 17:10:11 | DEBUG    | Task f9dc9bdd-02f1-439c-89aa-16b0fee92ef4 state=PENDING elapsed=76s — waiting …
2026-02-27 17:10:16 | DEBUG    | Task f9dc9bdd-02f1-439c-89aa-16b0fee92ef4 state=PENDING elapsed=81s — waiting …
2026-02-27 17:10:21 | DEBUG    | Task f9dc9bdd-02f1-439c-89aa-16b0fee92ef4 state=PENDING elapsed=86s — waiting …
2026-02-27 17:10:26 | DEBUG    | Task f9dc9bdd-02f1-439c-89aa-16b0fee92ef4 state=PENDING elapsed=91s — waiting …
2026-02-27 17:10:31 | DEBUG    | Task f9dc9bdd-02f1-439c-89aa-16b0fee92ef4 state=PENDING elapsed=96s — waiting …
2026-02-27 17:10:36 | DEBUG    | Task f9dc9bdd-02f1-439c-89aa-16b0fee92ef4 state=PENDING elapsed=101s — waiting …
2026-02-27 17:10:41 | DEBUG    | Task f9dc9bdd-02f1-439c-89aa-16b0fee92ef4 state=PENDING elapsed=106s — waiting …
2026-02-27 17:10:46 | DEBUG    | Task f9dc9bdd-02f1-439c-89aa-16b0fee92ef4 state=PENDING elapsed=111s — waiting …
2026-02-27 17:10:51 | DEBUG    | Task f9dc9bdd-02f1-439c-89aa-16b0fee92ef4 state=PENDING elapsed=116s — waiting …
2026-02-27 17:10:56 | DEBUG    | Task f9dc9bdd-02f1-439c-89aa-16b0fee92ef4 state=PENDING elapsed=121s — waiting …
2026-02-27 17:11:01 | DEBUG    | Task f9dc9bdd-02f1-439c-89aa-16b0fee92ef4 state=PENDING elapsed=126s — waiting …
2026-02-27 17:11:06 | DEBUG    | Task f9dc9bdd-02f1-439c-89aa-16b0fee92ef4 state=PENDING elapsed=131s — waiting …
2026-02-27 17:11:11 | DEBUG    | Task f9dc9bdd-02f1-439c-89aa-16b0fee92ef4 state=PENDING elapsed=136s — waiting …
2026-02-27 17:11:16 | DEBUG    | Task f9dc9bdd-02f1-439c-89aa-16b0fee92ef4 state=PENDING elapsed=141s — waiting …
2026-02-27 17:11:21 | DEBUG    | Task f9dc9bdd-02f1-439c-89aa-16b0fee92ef4 state=PENDING elapsed=146s — waiting …
2026-02-27 17:11:26 | DEBUG    | Task f9dc9bdd-02f1-439c-89aa-16b0fee92ef4 state=PENDING elapsed=151s — waiting …
2026-02-27 17:11:31 | DEBUG    | Task f9dc9bdd-02f1-439c-89aa-16b0fee92ef4 state=PENDING elapsed=156s — waiting …
2026-02-27 17:11:36 | DEBUG    | Task f9dc9bdd-02f1-439c-89aa-16b0fee92ef4 state=PENDING elapsed=161s — waiting …
2026-02-27 17:11:41 | DEBUG    | Task f9dc9bdd-02f1-439c-89aa-16b0fee92ef4 state=PENDING elapsed=166s — waiting …
2026-02-27 17:11:46 | DEBUG    | Task f9dc9bdd-02f1-439c-89aa-16b0fee92ef4 state=PENDING elapsed=171s — waiting …
2026-02-27 17:11:51 | DEBUG    | Task f9dc9bdd-02f1-439c-89aa-16b0fee92ef4 state=PENDING elapsed=176s — waiting …
2026-02-27 17:11:56 | WARNING  | Task f9dc9bdd-02f1-439c-89aa-16b0fee92ef4: 2 document(s) failed — ["DeepWave Consortium - Annual Meeting Houston Agenda [Links].pdf", "DeepWave Consortium - Annual Meeting Houston Agenda.pdf"]
2026-02-27 17:11:56 | INFO     | Task f9dc9bdd-02f1-439c-89aa-16b0fee92ef4 FINISHED in 181s
2026-02-27 17:11:56 | WARNING  | ⚠ batch 6/16 (16 files) partial: 2 doc(s) failed — ['DeepWave Consortium - Annual Meeting Houston Agenda [Links].pdf', 'DeepWave Consortium - Annual Meeting Houston Agenda.pdf']
2026-02-27 17:11:56 | INFO     | --- batch 7/16 (16 files) ---
2026-02-27 17:11:56 | DEBUG    |   Files: 4.2 IntraSeismic on FWI.pdf, 4.3 From my microseismic experience to Deepwave - what is next.pdf, 4.4 DL-based 3D Microseismic Event Direct Location Using Simultaneous Surface and Borehole Data.pdf, 4.5 Near-surface seismic scattering noise suppression with sparsity-structured Gabor-based unsupervised network.pdf, 4.6 Slope assisted seismic signal separation with PINNs.pdf, 4.7 Enhanced U-Net Framework for Complex Salt Body Building in Full-Waveform Inversion.pdf, 4.8 FWI for micro-seismic problems - Moment tensor determination with uncertainty quantification.pdf, 5.1 Flexible subsurface multiphysics inversion and probabilistic forecasting using video diffusion models.pdf, 5.2 Bayesian Seismic Inversion with Implicit Neural Representations.pdf, 5.3 Annealed Stein Variational Gradient Descent for Improved FWI Uncertainty Estimation.pdf, 5.4 Parametric and non-parametric UQ for Deep Learning based microseismic source localization.pdf, 5.5 Conditional Image Prior for Uncertainty Quantification in Full Waveform Inversion.pdf, DeepWave_Annual_Report_2024.pdf, DW0020_EAGE2024_Gabor-basedLearnableSparseRepresentation.pdf, DW0024_EAGE2024_MACE.pdf, DW0029_EAGE2024_Neuroseismic.pdf
2026-02-27 17:12:03 | INFO     | Upload accepted → task_id=fc3abd60-b923-46ff-9114-71c8778dd3d3
2026-02-27 17:12:03 | DEBUG    | Task fc3abd60-b923-46ff-9114-71c8778dd3d3 state=PENDING elapsed=0s — waiting …
2026-02-27 17:12:09 | DEBUG    | Task fc3abd60-b923-46ff-9114-71c8778dd3d3 state=PENDING elapsed=5s — waiting …
2026-02-27 17:12:14 | DEBUG    | Task fc3abd60-b923-46ff-9114-71c8778dd3d3 state=PENDING elapsed=10s — waiting …
2026-02-27 17:12:19 | DEBUG    | Task fc3abd60-b923-46ff-9114-71c8778dd3d3 state=PENDING elapsed=15s — waiting …
2026-02-27 17:12:24 | DEBUG    | Task fc3abd60-b923-46ff-9114-71c8778dd3d3 state=PENDING elapsed=20s — waiting …
2026-02-27 17:12:29 | DEBUG    | Task fc3abd60-b923-46ff-9114-71c8778dd3d3 state=PENDING elapsed=25s — waiting …
2026-02-27 17:12:34 | DEBUG    | Task fc3abd60-b923-46ff-9114-71c8778dd3d3 state=PENDING elapsed=30s — waiting …
2026-02-27 17:12:39 | DEBUG    | Task fc3abd60-b923-46ff-9114-71c8778dd3d3 state=PENDING elapsed=35s — waiting …
2026-02-27 17:12:44 | DEBUG    | Task fc3abd60-b923-46ff-9114-71c8778dd3d3 state=PENDING elapsed=40s — waiting …
2026-02-27 17:12:49 | DEBUG    | Task fc3abd60-b923-46ff-9114-71c8778dd3d3 state=PENDING elapsed=45s — waiting …
2026-02-27 17:12:54 | DEBUG    | Task fc3abd60-b923-46ff-9114-71c8778dd3d3 state=PENDING elapsed=50s — waiting …
2026-02-27 17:12:59 | DEBUG    | Task fc3abd60-b923-46ff-9114-71c8778dd3d3 state=PENDING elapsed=55s — waiting …
2026-02-27 17:13:04 | DEBUG    | Task fc3abd60-b923-46ff-9114-71c8778dd3d3 state=PENDING elapsed=60s — waiting …
2026-02-27 17:13:09 | DEBUG    | Task fc3abd60-b923-46ff-9114-71c8778dd3d3 state=PENDING elapsed=65s — waiting …
2026-02-27 17:13:14 | DEBUG    | Task fc3abd60-b923-46ff-9114-71c8778dd3d3 state=PENDING elapsed=70s — waiting …
2026-02-27 17:13:19 | DEBUG    | Task fc3abd60-b923-46ff-9114-71c8778dd3d3 state=PENDING elapsed=75s — waiting …
2026-02-27 17:13:24 | DEBUG    | Task fc3abd60-b923-46ff-9114-71c8778dd3d3 state=PENDING elapsed=80s — waiting …
2026-02-27 17:13:29 | DEBUG    | Task fc3abd60-b923-46ff-9114-71c8778dd3d3 state=PENDING elapsed=85s — waiting …
2026-02-27 17:13:34 | DEBUG    | Task fc3abd60-b923-46ff-9114-71c8778dd3d3 state=PENDING elapsed=90s — waiting …
2026-02-27 17:13:39 | DEBUG    | Task fc3abd60-b923-46ff-9114-71c8778dd3d3 state=PENDING elapsed=95s — waiting …
2026-02-27 17:13:44 | DEBUG    | Task fc3abd60-b923-46ff-9114-71c8778dd3d3 state=PENDING elapsed=100s — waiting …
2026-02-27 17:13:49 | DEBUG    | Task fc3abd60-b923-46ff-9114-71c8778dd3d3 state=PENDING elapsed=105s — waiting …
2026-02-27 17:13:54 | DEBUG    | Task fc3abd60-b923-46ff-9114-71c8778dd3d3 state=PENDING elapsed=110s — waiting …
2026-02-27 17:13:59 | DEBUG    | Task fc3abd60-b923-46ff-9114-71c8778dd3d3 state=PENDING elapsed=115s — waiting …
2026-02-27 17:14:04 | DEBUG    | Task fc3abd60-b923-46ff-9114-71c8778dd3d3 state=PENDING elapsed=120s — waiting …
2026-02-27 17:14:09 | DEBUG    | Task fc3abd60-b923-46ff-9114-71c8778dd3d3 state=PENDING elapsed=125s — waiting …
2026-02-27 17:14:14 | DEBUG    | Task fc3abd60-b923-46ff-9114-71c8778dd3d3 state=PENDING elapsed=130s — waiting …
2026-02-27 17:14:19 | DEBUG    | Task fc3abd60-b923-46ff-9114-71c8778dd3d3 state=PENDING elapsed=135s — waiting …
2026-02-27 17:14:24 | DEBUG    | Task fc3abd60-b923-46ff-9114-71c8778dd3d3 state=PENDING elapsed=140s — waiting …
2026-02-27 17:14:30 | DEBUG    | Task fc3abd60-b923-46ff-9114-71c8778dd3d3 state=PENDING elapsed=147s — waiting …
2026-02-27 17:14:35 | DEBUG    | Task fc3abd60-b923-46ff-9114-71c8778dd3d3 state=PENDING elapsed=152s — waiting …
2026-02-27 17:14:40 | DEBUG    | Task fc3abd60-b923-46ff-9114-71c8778dd3d3 state=PENDING elapsed=157s — waiting …
2026-02-27 17:14:45 | DEBUG    | Task fc3abd60-b923-46ff-9114-71c8778dd3d3 state=PENDING elapsed=162s — waiting …
2026-02-27 17:14:50 | DEBUG    | Task fc3abd60-b923-46ff-9114-71c8778dd3d3 state=PENDING elapsed=167s — waiting …
2026-02-27 17:14:55 | DEBUG    | Task fc3abd60-b923-46ff-9114-71c8778dd3d3 state=PENDING elapsed=172s — waiting …
2026-02-27 17:15:00 | DEBUG    | Task fc3abd60-b923-46ff-9114-71c8778dd3d3 state=PENDING elapsed=177s — waiting …
2026-02-27 17:15:05 | DEBUG    | Task fc3abd60-b923-46ff-9114-71c8778dd3d3 state=PENDING elapsed=182s — waiting …
2026-02-27 17:15:10 | DEBUG    | Task fc3abd60-b923-46ff-9114-71c8778dd3d3 state=PENDING elapsed=187s — waiting …
2026-02-27 17:15:15 | DEBUG    | Task fc3abd60-b923-46ff-9114-71c8778dd3d3 state=PENDING elapsed=192s — waiting …
2026-02-27 17:15:20 | DEBUG    | Task fc3abd60-b923-46ff-9114-71c8778dd3d3 state=PENDING elapsed=197s — waiting …
2026-02-27 17:15:25 | DEBUG    | Task fc3abd60-b923-46ff-9114-71c8778dd3d3 state=PENDING elapsed=202s — waiting …
2026-02-27 17:15:30 | DEBUG    | Task fc3abd60-b923-46ff-9114-71c8778dd3d3 state=PENDING elapsed=207s — waiting …
2026-02-27 17:15:35 | DEBUG    | Task fc3abd60-b923-46ff-9114-71c8778dd3d3 state=PENDING elapsed=212s — waiting …
2026-02-27 17:15:40 | DEBUG    | Task fc3abd60-b923-46ff-9114-71c8778dd3d3 state=PENDING elapsed=217s — waiting …
2026-02-27 17:15:45 | DEBUG    | Task fc3abd60-b923-46ff-9114-71c8778dd3d3 state=PENDING elapsed=222s — waiting …
2026-02-27 17:15:50 | DEBUG    | Task fc3abd60-b923-46ff-9114-71c8778dd3d3 state=PENDING elapsed=227s — waiting …
2026-02-27 17:15:55 | DEBUG    | Task fc3abd60-b923-46ff-9114-71c8778dd3d3 state=PENDING elapsed=232s — waiting …
2026-02-27 17:16:00 | DEBUG    | Task fc3abd60-b923-46ff-9114-71c8778dd3d3 state=PENDING elapsed=237s — waiting …
2026-02-27 17:16:07 | DEBUG    | Task fc3abd60-b923-46ff-9114-71c8778dd3d3 state=PENDING elapsed=244s — waiting …
2026-02-27 17:16:12 | DEBUG    | Task fc3abd60-b923-46ff-9114-71c8778dd3d3 state=PENDING elapsed=249s — waiting …
2026-02-27 17:16:18 | DEBUG    | Task fc3abd60-b923-46ff-9114-71c8778dd3d3 state=PENDING elapsed=254s — waiting …
2026-02-27 17:16:23 | DEBUG    | Task fc3abd60-b923-46ff-9114-71c8778dd3d3 state=PENDING elapsed=259s — waiting …
2026-02-27 17:16:28 | DEBUG    | Task fc3abd60-b923-46ff-9114-71c8778dd3d3 state=PENDING elapsed=264s — waiting …
2026-02-27 17:16:33 | DEBUG    | Task fc3abd60-b923-46ff-9114-71c8778dd3d3 state=PENDING elapsed=269s — waiting …
2026-02-27 17:16:38 | DEBUG    | Task fc3abd60-b923-46ff-9114-71c8778dd3d3 state=PENDING elapsed=274s — waiting …
2026-02-27 17:16:43 | DEBUG    | Task fc3abd60-b923-46ff-9114-71c8778dd3d3 state=PENDING elapsed=279s — waiting …
2026-02-27 17:16:48 | DEBUG    | Task fc3abd60-b923-46ff-9114-71c8778dd3d3 state=PENDING elapsed=284s — waiting …
2026-02-27 17:16:53 | DEBUG    | Task fc3abd60-b923-46ff-9114-71c8778dd3d3 state=PENDING elapsed=289s — waiting …
2026-02-27 17:16:58 | DEBUG    | Task fc3abd60-b923-46ff-9114-71c8778dd3d3 state=PENDING elapsed=294s — waiting …
2026-02-27 17:17:03 | DEBUG    | Task fc3abd60-b923-46ff-9114-71c8778dd3d3 state=PENDING elapsed=299s — waiting …
2026-02-27 17:17:08 | DEBUG    | Task fc3abd60-b923-46ff-9114-71c8778dd3d3 state=PENDING elapsed=304s — waiting …
2026-02-27 17:17:13 | DEBUG    | Task fc3abd60-b923-46ff-9114-71c8778dd3d3 state=PENDING elapsed=309s — waiting …
2026-02-27 17:17:18 | DEBUG    | Task fc3abd60-b923-46ff-9114-71c8778dd3d3 state=PENDING elapsed=314s — waiting …
2026-02-27 17:17:23 | DEBUG    | Task fc3abd60-b923-46ff-9114-71c8778dd3d3 state=PENDING elapsed=319s — waiting …
2026-02-27 17:17:28 | DEBUG    | Task fc3abd60-b923-46ff-9114-71c8778dd3d3 state=PENDING elapsed=324s — waiting …
2026-02-27 17:17:33 | DEBUG    | Task fc3abd60-b923-46ff-9114-71c8778dd3d3 state=PENDING elapsed=329s — waiting …
2026-02-27 17:17:38 | DEBUG    | Task fc3abd60-b923-46ff-9114-71c8778dd3d3 state=PENDING elapsed=334s — waiting …
2026-02-27 17:17:43 | DEBUG    | Task fc3abd60-b923-46ff-9114-71c8778dd3d3 state=PENDING elapsed=339s — waiting …
2026-02-27 17:17:48 | DEBUG    | Task fc3abd60-b923-46ff-9114-71c8778dd3d3 state=PENDING elapsed=344s — waiting …
2026-02-27 17:17:53 | DEBUG    | Task fc3abd60-b923-46ff-9114-71c8778dd3d3 state=PENDING elapsed=349s — waiting …
2026-02-27 17:17:58 | DEBUG    | Task fc3abd60-b923-46ff-9114-71c8778dd3d3 state=PENDING elapsed=354s — waiting …
2026-02-27 17:18:03 | DEBUG    | Task fc3abd60-b923-46ff-9114-71c8778dd3d3 state=PENDING elapsed=359s — waiting …
2026-02-27 17:18:08 | DEBUG    | Task fc3abd60-b923-46ff-9114-71c8778dd3d3 state=PENDING elapsed=364s — waiting …
2026-02-27 17:18:13 | DEBUG    | Task fc3abd60-b923-46ff-9114-71c8778dd3d3 state=PENDING elapsed=369s — waiting …
2026-02-27 17:18:18 | DEBUG    | Task fc3abd60-b923-46ff-9114-71c8778dd3d3 state=PENDING elapsed=374s — waiting …
2026-02-27 17:18:23 | DEBUG    | Task fc3abd60-b923-46ff-9114-71c8778dd3d3 state=PENDING elapsed=379s — waiting …
2026-02-27 17:18:28 | DEBUG    | Task fc3abd60-b923-46ff-9114-71c8778dd3d3 state=PENDING elapsed=384s — waiting …
2026-02-27 17:18:33 | DEBUG    | Task fc3abd60-b923-46ff-9114-71c8778dd3d3 state=PENDING elapsed=389s — waiting …
2026-02-27 17:18:38 | DEBUG    | Task fc3abd60-b923-46ff-9114-71c8778dd3d3 state=PENDING elapsed=394s — waiting …
2026-02-27 17:18:51 | DEBUG    | Task fc3abd60-b923-46ff-9114-71c8778dd3d3 state=PENDING elapsed=407s — waiting …
2026-02-27 17:18:58 | DEBUG    | Task fc3abd60-b923-46ff-9114-71c8778dd3d3 state=PENDING elapsed=414s — waiting …
2026-02-27 17:19:03 | DEBUG    | Task fc3abd60-b923-46ff-9114-71c8778dd3d3 state=PENDING elapsed=419s — waiting …
2026-02-27 17:19:08 | DEBUG    | Task fc3abd60-b923-46ff-9114-71c8778dd3d3 state=PENDING elapsed=424s — waiting …
2026-02-27 17:19:14 | DEBUG    | Task fc3abd60-b923-46ff-9114-71c8778dd3d3 state=PENDING elapsed=430s — waiting …
2026-02-27 17:19:19 | DEBUG    | Task fc3abd60-b923-46ff-9114-71c8778dd3d3 state=PENDING elapsed=435s — waiting …
2026-02-27 17:19:24 | DEBUG    | Task fc3abd60-b923-46ff-9114-71c8778dd3d3 state=PENDING elapsed=440s — waiting …
2026-02-27 17:19:29 | DEBUG    | Task fc3abd60-b923-46ff-9114-71c8778dd3d3 state=PENDING elapsed=445s — waiting …
2026-02-27 17:19:34 | DEBUG    | Task fc3abd60-b923-46ff-9114-71c8778dd3d3 state=PENDING elapsed=450s — waiting …
2026-02-27 17:19:39 | DEBUG    | Task fc3abd60-b923-46ff-9114-71c8778dd3d3 state=PENDING elapsed=455s — waiting …
2026-02-27 17:19:44 | DEBUG    | Task fc3abd60-b923-46ff-9114-71c8778dd3d3 state=PENDING elapsed=460s — waiting …
2026-02-27 17:19:49 | DEBUG    | Task fc3abd60-b923-46ff-9114-71c8778dd3d3 state=PENDING elapsed=465s — waiting …
2026-02-27 17:19:54 | DEBUG    | Task fc3abd60-b923-46ff-9114-71c8778dd3d3 state=PENDING elapsed=470s — waiting …
2026-02-27 17:19:59 | DEBUG    | Task fc3abd60-b923-46ff-9114-71c8778dd3d3 state=PENDING elapsed=475s — waiting …
2026-02-27 17:20:04 | DEBUG    | Task fc3abd60-b923-46ff-9114-71c8778dd3d3 state=PENDING elapsed=480s — waiting …
2026-02-27 17:20:09 | DEBUG    | Task fc3abd60-b923-46ff-9114-71c8778dd3d3 state=PENDING elapsed=485s — waiting …
2026-02-27 17:20:22 | DEBUG    | Task fc3abd60-b923-46ff-9114-71c8778dd3d3 state=PENDING elapsed=498s — waiting …
2026-02-27 17:20:27 | DEBUG    | Task fc3abd60-b923-46ff-9114-71c8778dd3d3 state=PENDING elapsed=503s — waiting …
2026-02-27 17:20:32 | DEBUG    | Task fc3abd60-b923-46ff-9114-71c8778dd3d3 state=PENDING elapsed=508s — waiting …
2026-02-27 17:20:37 | DEBUG    | Task fc3abd60-b923-46ff-9114-71c8778dd3d3 state=PENDING elapsed=513s — waiting …
2026-02-27 17:20:55 | INFO     | Task fc3abd60-b923-46ff-9114-71c8778dd3d3 FINISHED in 532s
2026-02-27 17:20:55 | INFO     | ✅ batch 7/16 (16 files) complete
2026-02-27 17:20:55 | INFO     | --- batch 8/16 (16 files) ---
2026-02-27 17:20:55 | DEBUG    |   Files: DW0031_EAGE2024_Transformer-basedNetworkLandSeismicGroundRollSuppression.pdf, DW0032_EAGE2024_3DMicroseismicEventDirectLocation3C.pdf, DW0034_EAGE2024_SSDeblend3D.pdf, DW0035_EAGE2024_LocalSlopeGuidedSeismicSignalSeparation.pdf, DW0036_EAGE2024_RegularizedSeis2Rock.pdf, DW0037_EAGE2024_LatentPINN.pdf, DW0038_EAGE2024_4DIntraSeismic.pdf, DW0039_EAGE2024_UQMicroseismicLocation.pdf, DW0040_EAGE2024_EfficientTransformerSeismicImageEnhancement.pdf, DW0041_EAGE2024_VelocityGPT.pdf, DW0042_EAGE2024_SiameseFWI.pdf, DW0043_EAGE2024_SSL_MetaProcessing.pdf, DW0044_EAGE2024_ConditionalDiffusionFWI.pdf, DW0045_EAGE2024_DiffusionbasedSubsurfaceMultiphysicsMonitoringForecasting.pdf, DW0009_IMAGE2024_IntegratingUNetintoFWIforSaltBodyBuilding.pdf, DW0021_IMAGE2024_EnhancingFWIwithDLApproxInverseHessian.pdf
2026-02-27 17:21:01 | INFO     | Upload accepted → task_id=35733d4e-d13e-4a0c-91a5-891ddfaee568
2026-02-27 17:21:01 | DEBUG    | Task 35733d4e-d13e-4a0c-91a5-891ddfaee568 state=PENDING elapsed=0s — waiting …
2026-02-27 17:21:06 | DEBUG    | Task 35733d4e-d13e-4a0c-91a5-891ddfaee568 state=PENDING elapsed=5s — waiting …
2026-02-27 17:21:11 | DEBUG    | Task 35733d4e-d13e-4a0c-91a5-891ddfaee568 state=PENDING elapsed=10s — waiting …
2026-02-27 17:21:16 | DEBUG    | Task 35733d4e-d13e-4a0c-91a5-891ddfaee568 state=PENDING elapsed=15s — waiting …
2026-02-27 17:21:28 | DEBUG    | Task 35733d4e-d13e-4a0c-91a5-891ddfaee568 state=PENDING elapsed=27s — waiting …
2026-02-27 17:21:33 | DEBUG    | Task 35733d4e-d13e-4a0c-91a5-891ddfaee568 state=PENDING elapsed=32s — waiting …
2026-02-27 17:21:38 | DEBUG    | Task 35733d4e-d13e-4a0c-91a5-891ddfaee568 state=PENDING elapsed=37s — waiting …
2026-02-27 17:21:43 | DEBUG    | Task 35733d4e-d13e-4a0c-91a5-891ddfaee568 state=PENDING elapsed=42s — waiting …
2026-02-27 17:21:48 | DEBUG    | Task 35733d4e-d13e-4a0c-91a5-891ddfaee568 state=PENDING elapsed=47s — waiting …
2026-02-27 17:21:53 | DEBUG    | Task 35733d4e-d13e-4a0c-91a5-891ddfaee568 state=PENDING elapsed=52s — waiting …
2026-02-27 17:21:58 | DEBUG    | Task 35733d4e-d13e-4a0c-91a5-891ddfaee568 state=PENDING elapsed=57s — waiting …
2026-02-27 17:22:03 | DEBUG    | Task 35733d4e-d13e-4a0c-91a5-891ddfaee568 state=PENDING elapsed=62s — waiting …
2026-02-27 17:22:08 | DEBUG    | Task 35733d4e-d13e-4a0c-91a5-891ddfaee568 state=PENDING elapsed=67s — waiting …
2026-02-27 17:22:13 | DEBUG    | Task 35733d4e-d13e-4a0c-91a5-891ddfaee568 state=PENDING elapsed=72s — waiting …
2026-02-27 17:22:18 | DEBUG    | Task 35733d4e-d13e-4a0c-91a5-891ddfaee568 state=PENDING elapsed=77s — waiting …
2026-02-27 17:22:23 | DEBUG    | Task 35733d4e-d13e-4a0c-91a5-891ddfaee568 state=PENDING elapsed=82s — waiting …
2026-02-27 17:22:28 | DEBUG    | Task 35733d4e-d13e-4a0c-91a5-891ddfaee568 state=PENDING elapsed=87s — waiting …
2026-02-27 17:22:34 | INFO     | Task 35733d4e-d13e-4a0c-91a5-891ddfaee568 FINISHED in 93s
2026-02-27 17:22:34 | INFO     | ✅ batch 8/16 (16 files) complete
2026-02-27 17:22:34 | INFO     | --- batch 9/16 (16 files) ---
2026-02-27 17:22:34 | DEBUG    |   Files: DW0026_IMAGE2024_SeismicInversionwithImplicitNeuralRepresentations.pdf, DW0028_IMAGE2024_DiffusionRegularizationMultiParameterNearSurfaceElasticFWI.pdf, DW0029_IMAGE2024_PhysicsInformedFWIUsingLearnedWavefieldSolutions.pdf, DW0031_IMAGE2024_TransformerbasedNetworkEfficientGroundRollSuppression.pdf, DW0032_IMAGE2024_DeepLearningBased3DMicroseismicEventDirectLocationUsingSimultaneousSurfaceAndBoreholeDataUtahFORGE.pdf, DW0036_IMAGE2024_Seis2RockRegularization.pdf, DW0041_IMAGE2024_MulticonditionalSeismicVelocitySynthesisUsingAutoregressiveTransformerNetwork.pdf, DW0042_IMAGE2024_SiameseNetworkBasedFWIRealData.pdf, DW0046_IMAGE2024_UnsupervisedMultiStageDLNetworkSeismicDataDenoising.pdf, DW0047_IMAGE2024_LeastSquaresRTMattenuatingTTImedia.pdf, DW0048_IMAGE2024_UnitConstrainedDataDrivenDiscoveryWaveEquation.pdf, DW0049_IMAGE2024_SeismicResolutionEnhancementSelfSupervisedLearning.pdf, DW0050_IMAGE2024_WavenumberAwareDiffusionSamplingRegularizeMultiParameterElasticFWI.pdf, DW0051_IMAGE2024_ConditionalImagePriorforUncertaintyQuantificationinFWI.pdf, DW0052_IMAGE2024_APriorRegularized3DFWIUsing2DGenerativeDiffusionModels.pdf, DeepWave Consortium - 2024 Mid-year Meeting Agenda.pdf
2026-02-27 17:22:37 | INFO     | Upload accepted → task_id=571bd201-19e7-49d3-96ab-21d58ff6f5b2
2026-02-27 17:22:37 | DEBUG    | Task 571bd201-19e7-49d3-96ab-21d58ff6f5b2 state=PENDING elapsed=0s — waiting …
2026-02-27 17:22:42 | DEBUG    | Task 571bd201-19e7-49d3-96ab-21d58ff6f5b2 state=PENDING elapsed=5s — waiting …
2026-02-27 17:22:47 | DEBUG    | Task 571bd201-19e7-49d3-96ab-21d58ff6f5b2 state=PENDING elapsed=10s — waiting …
2026-02-27 17:22:52 | DEBUG    | Task 571bd201-19e7-49d3-96ab-21d58ff6f5b2 state=PENDING elapsed=15s — waiting …
2026-02-27 17:22:57 | DEBUG    | Task 571bd201-19e7-49d3-96ab-21d58ff6f5b2 state=PENDING elapsed=20s — waiting …
2026-02-27 17:23:02 | DEBUG    | Task 571bd201-19e7-49d3-96ab-21d58ff6f5b2 state=PENDING elapsed=25s — waiting …
2026-02-27 17:23:07 | DEBUG    | Task 571bd201-19e7-49d3-96ab-21d58ff6f5b2 state=PENDING elapsed=30s — waiting …
2026-02-27 17:23:12 | DEBUG    | Task 571bd201-19e7-49d3-96ab-21d58ff6f5b2 state=PENDING elapsed=35s — waiting …
2026-02-27 17:23:17 | DEBUG    | Task 571bd201-19e7-49d3-96ab-21d58ff6f5b2 state=PENDING elapsed=40s — waiting …
2026-02-27 17:23:22 | DEBUG    | Task 571bd201-19e7-49d3-96ab-21d58ff6f5b2 state=PENDING elapsed=45s — waiting …
2026-02-27 17:23:27 | DEBUG    | Task 571bd201-19e7-49d3-96ab-21d58ff6f5b2 state=PENDING elapsed=50s — waiting …
2026-02-27 17:23:32 | DEBUG    | Task 571bd201-19e7-49d3-96ab-21d58ff6f5b2 state=PENDING elapsed=55s — waiting …
2026-02-27 17:23:37 | DEBUG    | Task 571bd201-19e7-49d3-96ab-21d58ff6f5b2 state=PENDING elapsed=60s — waiting …
2026-02-27 17:23:42 | DEBUG    | Task 571bd201-19e7-49d3-96ab-21d58ff6f5b2 state=PENDING elapsed=65s — waiting …
2026-02-27 17:23:47 | DEBUG    | Task 571bd201-19e7-49d3-96ab-21d58ff6f5b2 state=PENDING elapsed=70s — waiting …
2026-02-27 17:23:52 | DEBUG    | Task 571bd201-19e7-49d3-96ab-21d58ff6f5b2 state=PENDING elapsed=75s — waiting …
2026-02-27 17:23:57 | DEBUG    | Task 571bd201-19e7-49d3-96ab-21d58ff6f5b2 state=PENDING elapsed=80s — waiting …
2026-02-27 17:24:02 | DEBUG    | Task 571bd201-19e7-49d3-96ab-21d58ff6f5b2 state=PENDING elapsed=85s — waiting …
2026-02-27 17:24:07 | DEBUG    | Task 571bd201-19e7-49d3-96ab-21d58ff6f5b2 state=PENDING elapsed=90s — waiting …
2026-02-27 17:24:12 | DEBUG    | Task 571bd201-19e7-49d3-96ab-21d58ff6f5b2 state=PENDING elapsed=95s — waiting …
2026-02-27 17:24:17 | DEBUG    | Task 571bd201-19e7-49d3-96ab-21d58ff6f5b2 state=PENDING elapsed=100s — waiting …
2026-02-27 17:24:22 | DEBUG    | Task 571bd201-19e7-49d3-96ab-21d58ff6f5b2 state=PENDING elapsed=105s — waiting …
2026-02-27 17:24:27 | DEBUG    | Task 571bd201-19e7-49d3-96ab-21d58ff6f5b2 state=PENDING elapsed=110s — waiting …
2026-02-27 17:24:32 | DEBUG    | Task 571bd201-19e7-49d3-96ab-21d58ff6f5b2 state=PENDING elapsed=115s — waiting …
2026-02-27 17:24:37 | DEBUG    | Task 571bd201-19e7-49d3-96ab-21d58ff6f5b2 state=PENDING elapsed=120s — waiting …
2026-02-27 17:24:42 | DEBUG    | Task 571bd201-19e7-49d3-96ab-21d58ff6f5b2 state=PENDING elapsed=125s — waiting …
2026-02-27 17:24:47 | DEBUG    | Task 571bd201-19e7-49d3-96ab-21d58ff6f5b2 state=PENDING elapsed=130s — waiting …
2026-02-27 17:24:52 | DEBUG    | Task 571bd201-19e7-49d3-96ab-21d58ff6f5b2 state=PENDING elapsed=135s — waiting …
2026-02-27 17:24:57 | DEBUG    | Task 571bd201-19e7-49d3-96ab-21d58ff6f5b2 state=PENDING elapsed=140s — waiting …
2026-02-27 17:25:02 | DEBUG    | Task 571bd201-19e7-49d3-96ab-21d58ff6f5b2 state=PENDING elapsed=145s — waiting …
2026-02-27 17:25:07 | DEBUG    | Task 571bd201-19e7-49d3-96ab-21d58ff6f5b2 state=PENDING elapsed=150s — waiting …
2026-02-27 17:25:12 | DEBUG    | Task 571bd201-19e7-49d3-96ab-21d58ff6f5b2 state=PENDING elapsed=155s — waiting …
2026-02-27 17:25:17 | DEBUG    | Task 571bd201-19e7-49d3-96ab-21d58ff6f5b2 state=PENDING elapsed=160s — waiting …
2026-02-27 17:25:22 | DEBUG    | Task 571bd201-19e7-49d3-96ab-21d58ff6f5b2 state=PENDING elapsed=165s — waiting …
2026-02-27 17:25:27 | DEBUG    | Task 571bd201-19e7-49d3-96ab-21d58ff6f5b2 state=PENDING elapsed=170s — waiting …
2026-02-27 17:25:32 | DEBUG    | Task 571bd201-19e7-49d3-96ab-21d58ff6f5b2 state=PENDING elapsed=175s — waiting …
2026-02-27 17:25:37 | DEBUG    | Task 571bd201-19e7-49d3-96ab-21d58ff6f5b2 state=PENDING elapsed=180s — waiting …
2026-02-27 17:25:42 | DEBUG    | Task 571bd201-19e7-49d3-96ab-21d58ff6f5b2 state=PENDING elapsed=185s — waiting …
2026-02-27 17:25:47 | DEBUG    | Task 571bd201-19e7-49d3-96ab-21d58ff6f5b2 state=PENDING elapsed=190s — waiting …
2026-02-27 17:25:52 | DEBUG    | Task 571bd201-19e7-49d3-96ab-21d58ff6f5b2 state=PENDING elapsed=195s — waiting …
2026-02-27 17:25:57 | DEBUG    | Task 571bd201-19e7-49d3-96ab-21d58ff6f5b2 state=PENDING elapsed=200s — waiting …
2026-02-27 17:26:02 | DEBUG    | Task 571bd201-19e7-49d3-96ab-21d58ff6f5b2 state=PENDING elapsed=205s — waiting …
2026-02-27 17:26:07 | DEBUG    | Task 571bd201-19e7-49d3-96ab-21d58ff6f5b2 state=PENDING elapsed=210s — waiting …
2026-02-27 17:26:12 | DEBUG    | Task 571bd201-19e7-49d3-96ab-21d58ff6f5b2 state=PENDING elapsed=215s — waiting …
2026-02-27 17:26:17 | DEBUG    | Task 571bd201-19e7-49d3-96ab-21d58ff6f5b2 state=PENDING elapsed=220s — waiting …
2026-02-27 17:26:22 | DEBUG    | Task 571bd201-19e7-49d3-96ab-21d58ff6f5b2 state=PENDING elapsed=225s — waiting …
2026-02-27 17:26:27 | DEBUG    | Task 571bd201-19e7-49d3-96ab-21d58ff6f5b2 state=PENDING elapsed=230s — waiting …
2026-02-27 17:26:32 | DEBUG    | Task 571bd201-19e7-49d3-96ab-21d58ff6f5b2 state=PENDING elapsed=235s — waiting …
2026-02-27 17:26:37 | DEBUG    | Task 571bd201-19e7-49d3-96ab-21d58ff6f5b2 state=PENDING elapsed=240s — waiting …
2026-02-27 17:26:42 | DEBUG    | Task 571bd201-19e7-49d3-96ab-21d58ff6f5b2 state=PENDING elapsed=245s — waiting …
2026-02-27 17:26:47 | DEBUG    | Task 571bd201-19e7-49d3-96ab-21d58ff6f5b2 state=PENDING elapsed=250s — waiting …
2026-02-27 17:26:52 | DEBUG    | Task 571bd201-19e7-49d3-96ab-21d58ff6f5b2 state=PENDING elapsed=255s — waiting …
2026-02-27 17:26:57 | DEBUG    | Task 571bd201-19e7-49d3-96ab-21d58ff6f5b2 state=PENDING elapsed=260s — waiting …
2026-02-27 17:27:02 | DEBUG    | Task 571bd201-19e7-49d3-96ab-21d58ff6f5b2 state=PENDING elapsed=265s — waiting …
2026-02-27 17:27:07 | DEBUG    | Task 571bd201-19e7-49d3-96ab-21d58ff6f5b2 state=PENDING elapsed=270s — waiting …
2026-02-27 17:27:12 | DEBUG    | Task 571bd201-19e7-49d3-96ab-21d58ff6f5b2 state=PENDING elapsed=275s — waiting …
2026-02-27 17:27:17 | DEBUG    | Task 571bd201-19e7-49d3-96ab-21d58ff6f5b2 state=PENDING elapsed=280s — waiting …
2026-02-27 17:27:22 | DEBUG    | Task 571bd201-19e7-49d3-96ab-21d58ff6f5b2 state=PENDING elapsed=285s — waiting …
2026-02-27 17:27:27 | DEBUG    | Task 571bd201-19e7-49d3-96ab-21d58ff6f5b2 state=PENDING elapsed=290s — waiting …
2026-02-27 17:27:33 | INFO     | Task 571bd201-19e7-49d3-96ab-21d58ff6f5b2 FINISHED in 296s
2026-02-27 17:27:33 | INFO     | ✅ batch 9/16 (16 files) complete
2026-02-27 17:27:33 | INFO     | --- batch 10/16 (16 files) ---
2026-02-27 17:27:33 | DEBUG    |   Files: 1.1. 3D Microseismic Event Direct Location with 3-Component Surface and Borehole Data.pdf, 1.2 An efficient approach to uncertainty quantification for deep learning based microseismic source location.pdf, 1.3 DL for Moment tensor determination from surface arrays.pdf, 2.1 Harnessing Transformers for various seismic applications - land data processing and velocity model building.pdf, 2.2 Local slope guided seismic signal separation with Physics Informed Neural Networks.pdf, 2.3 Distributed Acoustic Sensing Data Denoising Using a Guided Unsupervised Deep Learning Network.pdf, 3.1 Learned frequency-domain scattered wavefield solutions using neural operator and physics-informed waveform inversion.pdf, 3.2 SDeblend3D - Leveraging self-supervised, blind-spot deep denoisers for 3D seismic deblending.pdf, 3.3 SSL Meta-Processin - A self-supervised learning framework for multi-tasks seismic processing.pdf, 4.1 Integrating new regularization strategies in Seis2Rock-based petrophysical inversion.pdf, 4.2 4D-IntraSeismic - Simultaneous 4D seismic inversion with coordinate-based learning.pdf, 5.1 Learned regularizations for multi-parameter elastic full waveform inversion using diffusion models.pdf, 5.2 DeepWave_ConditionalDiffusionFWI_FuWang.pdf, 5.3 A deep learning-based inverse Hessian for Full Waveform Inversion - Application to the Volve data.pdf, 5.4 Integrating U-Nets Into a Multiscale Full-Waveform Inversion for Salt Body Building - A Challenging Case.pdf, DW0021_DeepFWIHessianOnVolveData.pdf
2026-02-27 17:27:37 | INFO     | Upload accepted → task_id=740d519f-686a-4fae-a795-91586ac003cc
2026-02-27 17:27:37 | DEBUG    | Task 740d519f-686a-4fae-a795-91586ac003cc state=PENDING elapsed=0s — waiting …
2026-02-27 17:27:42 | DEBUG    | Task 740d519f-686a-4fae-a795-91586ac003cc state=PENDING elapsed=5s — waiting …
2026-02-27 17:27:47 | DEBUG    | Task 740d519f-686a-4fae-a795-91586ac003cc state=PENDING elapsed=10s — waiting …
2026-02-27 17:27:52 | DEBUG    | Task 740d519f-686a-4fae-a795-91586ac003cc state=PENDING elapsed=15s — waiting …
2026-02-27 17:27:57 | DEBUG    | Task 740d519f-686a-4fae-a795-91586ac003cc state=PENDING elapsed=20s — waiting …
2026-02-27 17:28:02 | DEBUG    | Task 740d519f-686a-4fae-a795-91586ac003cc state=PENDING elapsed=25s — waiting …
2026-02-27 17:28:07 | DEBUG    | Task 740d519f-686a-4fae-a795-91586ac003cc state=PENDING elapsed=30s — waiting …
2026-02-27 17:28:12 | DEBUG    | Task 740d519f-686a-4fae-a795-91586ac003cc state=PENDING elapsed=35s — waiting …
2026-02-27 17:28:17 | DEBUG    | Task 740d519f-686a-4fae-a795-91586ac003cc state=PENDING elapsed=40s — waiting …
2026-02-27 17:28:22 | DEBUG    | Task 740d519f-686a-4fae-a795-91586ac003cc state=PENDING elapsed=45s — waiting …
2026-02-27 17:28:27 | DEBUG    | Task 740d519f-686a-4fae-a795-91586ac003cc state=PENDING elapsed=50s — waiting …
2026-02-27 17:28:32 | DEBUG    | Task 740d519f-686a-4fae-a795-91586ac003cc state=PENDING elapsed=55s — waiting …
2026-02-27 17:28:37 | DEBUG    | Task 740d519f-686a-4fae-a795-91586ac003cc state=PENDING elapsed=60s — waiting …
2026-02-27 17:28:42 | DEBUG    | Task 740d519f-686a-4fae-a795-91586ac003cc state=PENDING elapsed=65s — waiting …
2026-02-27 17:28:47 | DEBUG    | Task 740d519f-686a-4fae-a795-91586ac003cc state=PENDING elapsed=70s — waiting …
2026-02-27 17:28:52 | DEBUG    | Task 740d519f-686a-4fae-a795-91586ac003cc state=PENDING elapsed=75s — waiting …
2026-02-27 17:28:57 | DEBUG    | Task 740d519f-686a-4fae-a795-91586ac003cc state=PENDING elapsed=80s — waiting …
2026-02-27 17:29:02 | DEBUG    | Task 740d519f-686a-4fae-a795-91586ac003cc state=PENDING elapsed=85s — waiting …
2026-02-27 17:29:07 | DEBUG    | Task 740d519f-686a-4fae-a795-91586ac003cc state=PENDING elapsed=90s — waiting …
2026-02-27 17:29:12 | DEBUG    | Task 740d519f-686a-4fae-a795-91586ac003cc state=PENDING elapsed=95s — waiting …
2026-02-27 17:29:17 | DEBUG    | Task 740d519f-686a-4fae-a795-91586ac003cc state=PENDING elapsed=100s — waiting …
2026-02-27 17:29:22 | DEBUG    | Task 740d519f-686a-4fae-a795-91586ac003cc state=PENDING elapsed=105s — waiting …
2026-02-27 17:29:27 | DEBUG    | Task 740d519f-686a-4fae-a795-91586ac003cc state=PENDING elapsed=110s — waiting …
2026-02-27 17:29:32 | DEBUG    | Task 740d519f-686a-4fae-a795-91586ac003cc state=PENDING elapsed=115s — waiting …
2026-02-27 17:29:37 | DEBUG    | Task 740d519f-686a-4fae-a795-91586ac003cc state=PENDING elapsed=120s — waiting …
2026-02-27 17:29:42 | DEBUG    | Task 740d519f-686a-4fae-a795-91586ac003cc state=PENDING elapsed=125s — waiting …
2026-02-27 17:29:47 | DEBUG    | Task 740d519f-686a-4fae-a795-91586ac003cc state=PENDING elapsed=130s — waiting …
2026-02-27 17:29:52 | DEBUG    | Task 740d519f-686a-4fae-a795-91586ac003cc state=PENDING elapsed=135s — waiting …
2026-02-27 17:29:57 | DEBUG    | Task 740d519f-686a-4fae-a795-91586ac003cc state=PENDING elapsed=140s — waiting …
2026-02-27 17:30:02 | DEBUG    | Task 740d519f-686a-4fae-a795-91586ac003cc state=PENDING elapsed=145s — waiting …
2026-02-27 17:30:07 | DEBUG    | Task 740d519f-686a-4fae-a795-91586ac003cc state=PENDING elapsed=150s — waiting …
2026-02-27 17:30:12 | DEBUG    | Task 740d519f-686a-4fae-a795-91586ac003cc state=PENDING elapsed=155s — waiting …
2026-02-27 17:30:17 | DEBUG    | Task 740d519f-686a-4fae-a795-91586ac003cc state=PENDING elapsed=160s — waiting …
2026-02-27 17:30:22 | DEBUG    | Task 740d519f-686a-4fae-a795-91586ac003cc state=PENDING elapsed=165s — waiting …
2026-02-27 17:30:27 | DEBUG    | Task 740d519f-686a-4fae-a795-91586ac003cc state=PENDING elapsed=170s — waiting …
2026-02-27 17:30:32 | DEBUG    | Task 740d519f-686a-4fae-a795-91586ac003cc state=PENDING elapsed=175s — waiting …
2026-02-27 17:30:37 | DEBUG    | Task 740d519f-686a-4fae-a795-91586ac003cc state=PENDING elapsed=180s — waiting …
2026-02-27 17:30:42 | DEBUG    | Task 740d519f-686a-4fae-a795-91586ac003cc state=PENDING elapsed=185s — waiting …
2026-02-27 17:30:47 | DEBUG    | Task 740d519f-686a-4fae-a795-91586ac003cc state=PENDING elapsed=190s — waiting …
2026-02-27 17:30:52 | DEBUG    | Task 740d519f-686a-4fae-a795-91586ac003cc state=PENDING elapsed=195s — waiting …
2026-02-27 17:30:57 | DEBUG    | Task 740d519f-686a-4fae-a795-91586ac003cc state=PENDING elapsed=200s — waiting …
2026-02-27 17:31:03 | DEBUG    | Task 740d519f-686a-4fae-a795-91586ac003cc state=PENDING elapsed=206s — waiting …
2026-02-27 17:31:08 | DEBUG    | Task 740d519f-686a-4fae-a795-91586ac003cc state=PENDING elapsed=211s — waiting …
2026-02-27 17:31:13 | DEBUG    | Task 740d519f-686a-4fae-a795-91586ac003cc state=PENDING elapsed=216s — waiting …
2026-02-27 17:31:18 | DEBUG    | Task 740d519f-686a-4fae-a795-91586ac003cc state=PENDING elapsed=221s — waiting …
2026-02-27 17:31:23 | DEBUG    | Task 740d519f-686a-4fae-a795-91586ac003cc state=PENDING elapsed=226s — waiting …
2026-02-27 17:31:28 | DEBUG    | Task 740d519f-686a-4fae-a795-91586ac003cc state=PENDING elapsed=231s — waiting …
2026-02-27 17:31:41 | DEBUG    | Task 740d519f-686a-4fae-a795-91586ac003cc state=PENDING elapsed=244s — waiting …
2026-02-27 17:31:53 | INFO     | Task 740d519f-686a-4fae-a795-91586ac003cc FINISHED in 256s
2026-02-27 17:31:53 | INFO     | ✅ batch 10/16 (16 files) complete
2026-02-27 17:31:53 | INFO     | --- batch 11/16 (16 files) ---
2026-02-27 17:31:53 | DEBUG    |   Files: DW0029_NeuralFWI.pdf, DW0035_SlopeAssistedGroundRollRemovalAndSignalSeparationWithPINNs.pdf, DW0042_SiameseFWI.pdf, DW0046_SelfSupervisedMultiStageDLNetworkForSeismicDataDenoising.pdf, DW0047_GenerativeFoundationModelForAll-in-oneSeismicProcessingFramework.pdf, DW0055_B_IntraSeismic.pdf, DW0058_Annealed_SVGD_FWI.pdf, DW0059_LatentRepresentationLearningInPhysicsInformedNeuralNetworksForFWI.pdf, DW0060_FreqSiameseFWI.pdf, DW0061_DiffusionIP.pdf, Deepwave at AkerBP - Inversion.pptx, Deepwave at AkerBP - Processing.pptx, DW0047_EAGE2025_MultitaskSeismicProcessingUsingGenerativeDiffusionModels.pdf, DW0053_EAGE2025_DL-BasedTimeShiftEstimationForFWI.pdf, DW0063_EAGE2025_MultichannelWavefieldReconSlopeAssistedPINNs.pdf, DW0064_EAGE2025_GenerativeNeuralOperatorForSeismicWavefieldRepresentation.pdf
2026-02-27 17:32:04 | INFO     | Upload accepted → task_id=b144f7f7-4a38-457f-b74a-b0c0060fed08
2026-02-27 17:32:04 | DEBUG    | Task b144f7f7-4a38-457f-b74a-b0c0060fed08 state=PENDING elapsed=0s — waiting …
2026-02-27 17:32:09 | DEBUG    | Task b144f7f7-4a38-457f-b74a-b0c0060fed08 state=PENDING elapsed=5s — waiting …
2026-02-27 17:32:14 | DEBUG    | Task b144f7f7-4a38-457f-b74a-b0c0060fed08 state=PENDING elapsed=10s — waiting …
2026-02-27 17:32:22 | DEBUG    | Task b144f7f7-4a38-457f-b74a-b0c0060fed08 state=PENDING elapsed=17s — waiting …
2026-02-27 17:32:27 | DEBUG    | Task b144f7f7-4a38-457f-b74a-b0c0060fed08 state=PENDING elapsed=22s — waiting …
2026-02-27 17:32:55 | DEBUG    | Task b144f7f7-4a38-457f-b74a-b0c0060fed08 state=PENDING elapsed=51s — waiting …
2026-02-27 17:33:00 | DEBUG    | Task b144f7f7-4a38-457f-b74a-b0c0060fed08 state=PENDING elapsed=56s — waiting …
2026-02-27 17:33:05 | DEBUG    | Task b144f7f7-4a38-457f-b74a-b0c0060fed08 state=PENDING elapsed=61s — waiting …
2026-02-27 17:33:10 | DEBUG    | Task b144f7f7-4a38-457f-b74a-b0c0060fed08 state=PENDING elapsed=66s — waiting …
2026-02-27 17:33:15 | DEBUG    | Task b144f7f7-4a38-457f-b74a-b0c0060fed08 state=PENDING elapsed=71s — waiting …
2026-02-27 17:33:20 | DEBUG    | Task b144f7f7-4a38-457f-b74a-b0c0060fed08 state=PENDING elapsed=76s — waiting …
2026-02-27 17:33:25 | DEBUG    | Task b144f7f7-4a38-457f-b74a-b0c0060fed08 state=PENDING elapsed=81s — waiting …
2026-02-27 17:33:30 | DEBUG    | Task b144f7f7-4a38-457f-b74a-b0c0060fed08 state=PENDING elapsed=86s — waiting …
2026-02-27 17:33:35 | DEBUG    | Task b144f7f7-4a38-457f-b74a-b0c0060fed08 state=PENDING elapsed=91s — waiting …
2026-02-27 17:33:40 | DEBUG    | Task b144f7f7-4a38-457f-b74a-b0c0060fed08 state=PENDING elapsed=96s — waiting …
2026-02-27 17:33:45 | DEBUG    | Task b144f7f7-4a38-457f-b74a-b0c0060fed08 state=PENDING elapsed=101s — waiting …
2026-02-27 17:33:50 | DEBUG    | Task b144f7f7-4a38-457f-b74a-b0c0060fed08 state=PENDING elapsed=106s — waiting …
2026-02-27 17:33:55 | DEBUG    | Task b144f7f7-4a38-457f-b74a-b0c0060fed08 state=PENDING elapsed=111s — waiting …
2026-02-27 17:34:00 | DEBUG    | Task b144f7f7-4a38-457f-b74a-b0c0060fed08 state=PENDING elapsed=116s — waiting …
2026-02-27 17:34:05 | DEBUG    | Task b144f7f7-4a38-457f-b74a-b0c0060fed08 state=PENDING elapsed=121s — waiting …
2026-02-27 17:34:10 | DEBUG    | Task b144f7f7-4a38-457f-b74a-b0c0060fed08 state=PENDING elapsed=126s — waiting …
2026-02-27 17:34:15 | DEBUG    | Task b144f7f7-4a38-457f-b74a-b0c0060fed08 state=PENDING elapsed=131s — waiting …
2026-02-27 17:34:20 | DEBUG    | Task b144f7f7-4a38-457f-b74a-b0c0060fed08 state=PENDING elapsed=136s — waiting …
2026-02-27 17:34:25 | DEBUG    | Task b144f7f7-4a38-457f-b74a-b0c0060fed08 state=PENDING elapsed=141s — waiting …
2026-02-27 17:34:30 | DEBUG    | Task b144f7f7-4a38-457f-b74a-b0c0060fed08 state=PENDING elapsed=146s — waiting …
2026-02-27 17:34:35 | DEBUG    | Task b144f7f7-4a38-457f-b74a-b0c0060fed08 state=PENDING elapsed=151s — waiting …
2026-02-27 17:34:40 | DEBUG    | Task b144f7f7-4a38-457f-b74a-b0c0060fed08 state=PENDING elapsed=156s — waiting …
2026-02-27 17:34:45 | DEBUG    | Task b144f7f7-4a38-457f-b74a-b0c0060fed08 state=PENDING elapsed=161s — waiting …
2026-02-27 17:34:50 | DEBUG    | Task b144f7f7-4a38-457f-b74a-b0c0060fed08 state=PENDING elapsed=166s — waiting …
2026-02-27 17:34:55 | DEBUG    | Task b144f7f7-4a38-457f-b74a-b0c0060fed08 state=PENDING elapsed=171s — waiting …
2026-02-27 17:35:00 | DEBUG    | Task b144f7f7-4a38-457f-b74a-b0c0060fed08 state=PENDING elapsed=176s — waiting …
2026-02-27 17:35:05 | DEBUG    | Task b144f7f7-4a38-457f-b74a-b0c0060fed08 state=PENDING elapsed=181s — waiting …
2026-02-27 17:35:10 | DEBUG    | Task b144f7f7-4a38-457f-b74a-b0c0060fed08 state=PENDING elapsed=186s — waiting …
2026-02-27 17:35:15 | DEBUG    | Task b144f7f7-4a38-457f-b74a-b0c0060fed08 state=PENDING elapsed=191s — waiting …
2026-02-27 17:35:20 | DEBUG    | Task b144f7f7-4a38-457f-b74a-b0c0060fed08 state=PENDING elapsed=196s — waiting …
2026-02-27 17:35:25 | DEBUG    | Task b144f7f7-4a38-457f-b74a-b0c0060fed08 state=PENDING elapsed=201s — waiting …
2026-02-27 17:35:30 | DEBUG    | Task b144f7f7-4a38-457f-b74a-b0c0060fed08 state=PENDING elapsed=206s — waiting …
2026-02-27 17:35:35 | DEBUG    | Task b144f7f7-4a38-457f-b74a-b0c0060fed08 state=PENDING elapsed=211s — waiting …
2026-02-27 17:35:40 | DEBUG    | Task b144f7f7-4a38-457f-b74a-b0c0060fed08 state=PENDING elapsed=216s — waiting …
2026-02-27 17:35:46 | DEBUG    | Task b144f7f7-4a38-457f-b74a-b0c0060fed08 state=PENDING elapsed=222s — waiting …
2026-02-27 17:35:51 | DEBUG    | Task b144f7f7-4a38-457f-b74a-b0c0060fed08 state=PENDING elapsed=227s — waiting …
2026-02-27 17:35:56 | DEBUG    | Task b144f7f7-4a38-457f-b74a-b0c0060fed08 state=PENDING elapsed=232s — waiting …
2026-02-27 17:36:01 | DEBUG    | Task b144f7f7-4a38-457f-b74a-b0c0060fed08 state=PENDING elapsed=237s — waiting …
2026-02-27 17:36:07 | DEBUG    | Task b144f7f7-4a38-457f-b74a-b0c0060fed08 state=PENDING elapsed=242s — waiting …
2026-02-27 17:36:12 | DEBUG    | Task b144f7f7-4a38-457f-b74a-b0c0060fed08 state=PENDING elapsed=247s — waiting …
2026-02-27 17:36:17 | DEBUG    | Task b144f7f7-4a38-457f-b74a-b0c0060fed08 state=PENDING elapsed=252s — waiting …
2026-02-27 17:36:22 | DEBUG    | Task b144f7f7-4a38-457f-b74a-b0c0060fed08 state=PENDING elapsed=257s — waiting …
2026-02-27 17:36:27 | DEBUG    | Task b144f7f7-4a38-457f-b74a-b0c0060fed08 state=PENDING elapsed=262s — waiting …
2026-02-27 17:36:32 | DEBUG    | Task b144f7f7-4a38-457f-b74a-b0c0060fed08 state=PENDING elapsed=267s — waiting …
2026-02-27 17:36:37 | DEBUG    | Task b144f7f7-4a38-457f-b74a-b0c0060fed08 state=PENDING elapsed=272s — waiting …
2026-02-27 17:36:42 | DEBUG    | Task b144f7f7-4a38-457f-b74a-b0c0060fed08 state=PENDING elapsed=277s — waiting …
2026-02-27 17:36:47 | DEBUG    | Task b144f7f7-4a38-457f-b74a-b0c0060fed08 state=PENDING elapsed=282s — waiting …
2026-02-27 17:36:52 | DEBUG    | Task b144f7f7-4a38-457f-b74a-b0c0060fed08 state=PENDING elapsed=287s — waiting …
2026-02-27 17:36:57 | DEBUG    | Task b144f7f7-4a38-457f-b74a-b0c0060fed08 state=PENDING elapsed=292s — waiting …
2026-02-27 17:37:02 | DEBUG    | Task b144f7f7-4a38-457f-b74a-b0c0060fed08 state=PENDING elapsed=297s — waiting …
2026-02-27 17:37:07 | DEBUG    | Task b144f7f7-4a38-457f-b74a-b0c0060fed08 state=PENDING elapsed=302s — waiting …
2026-02-27 17:37:12 | DEBUG    | Task b144f7f7-4a38-457f-b74a-b0c0060fed08 state=PENDING elapsed=307s — waiting …
2026-02-27 17:37:17 | DEBUG    | Task b144f7f7-4a38-457f-b74a-b0c0060fed08 state=PENDING elapsed=312s — waiting …
2026-02-27 17:37:22 | DEBUG    | Task b144f7f7-4a38-457f-b74a-b0c0060fed08 state=PENDING elapsed=317s — waiting …
2026-02-27 17:37:27 | DEBUG    | Task b144f7f7-4a38-457f-b74a-b0c0060fed08 state=PENDING elapsed=322s — waiting …
2026-02-27 17:37:32 | DEBUG    | Task b144f7f7-4a38-457f-b74a-b0c0060fed08 state=PENDING elapsed=327s — waiting …
2026-02-27 17:37:37 | DEBUG    | Task b144f7f7-4a38-457f-b74a-b0c0060fed08 state=PENDING elapsed=332s — waiting …
2026-02-27 17:37:42 | DEBUG    | Task b144f7f7-4a38-457f-b74a-b0c0060fed08 state=PENDING elapsed=337s — waiting …
2026-02-27 17:37:47 | DEBUG    | Task b144f7f7-4a38-457f-b74a-b0c0060fed08 state=PENDING elapsed=343s — waiting …
2026-02-27 17:37:52 | DEBUG    | Task b144f7f7-4a38-457f-b74a-b0c0060fed08 state=PENDING elapsed=348s — waiting …
2026-02-27 17:37:57 | DEBUG    | Task b144f7f7-4a38-457f-b74a-b0c0060fed08 state=PENDING elapsed=353s — waiting …
2026-02-27 17:38:02 | DEBUG    | Task b144f7f7-4a38-457f-b74a-b0c0060fed08 state=PENDING elapsed=358s — waiting …
2026-02-27 17:38:07 | DEBUG    | Task b144f7f7-4a38-457f-b74a-b0c0060fed08 state=PENDING elapsed=363s — waiting …
2026-02-27 17:38:12 | DEBUG    | Task b144f7f7-4a38-457f-b74a-b0c0060fed08 state=PENDING elapsed=368s — waiting …
2026-02-27 17:38:17 | DEBUG    | Task b144f7f7-4a38-457f-b74a-b0c0060fed08 state=PENDING elapsed=373s — waiting …
2026-02-27 17:38:22 | DEBUG    | Task b144f7f7-4a38-457f-b74a-b0c0060fed08 state=PENDING elapsed=378s — waiting …
2026-02-27 17:38:27 | DEBUG    | Task b144f7f7-4a38-457f-b74a-b0c0060fed08 state=PENDING elapsed=383s — waiting …
2026-02-27 17:38:32 | DEBUG    | Task b144f7f7-4a38-457f-b74a-b0c0060fed08 state=PENDING elapsed=388s — waiting …
2026-02-27 17:38:38 | DEBUG    | Task b144f7f7-4a38-457f-b74a-b0c0060fed08 state=PENDING elapsed=394s — waiting …
2026-02-27 17:38:49 | INFO     | Task b144f7f7-4a38-457f-b74a-b0c0060fed08 FINISHED in 405s
2026-02-27 17:38:49 | INFO     | ✅ batch 11/16 (16 files) complete
2026-02-27 17:38:49 | INFO     | --- batch 12/16 (16 files) ---
2026-02-27 17:38:49 | DEBUG    |   Files: DW0065_EAGE2025_SiameseLSRTM.pdf, DW0066_EAGE2025_ImplicitFWIwithEnergyWeightedGradient.pdf, DW0067_EAGE2025_MultiresolutionHashEncodingForHighResImplicitFWI.pdf, DW0068_EAGE2025_LatentDiffusionModelBasedImagingConditionforMicroseismicEventLocation.pdf, DW0069_EAGE2025_JointInversionOfVelocityAndSourceParametersInMicroseismicFWI.pdf, DW0070_EAGE2025_MicroseismicEventLocalizationUsingConditionalDiffusionModel.pdf, DW0071_EAGE2025_AcceleratingMarchenkoImagingViaSelfsupervisedFocusingFunctionPrediction.pdf, DW0072_EAGE2025_ConditionalDiffusionModelForCO2MonitoringAndForecastingInHeterogeneousGeologicalFormations.pdf, DW0073_EAGE2025_SelfSupervisedNearSurfaceScatteringDenoisingWithGaborUNetAndImplicitSlopeRepresentation.pdf, DW0074_EAGE2025_ConditionalImagePriorWithSteinVariationalGradientDescentForUncertaintyQuantificationInFWI.pdf, DW0075_EAGE2025_SynthesizingRealisticScaleSeismicVelocityModelsUsingSpatiallyAwareGenerativeModel.pdf, DW0076_EAGE2025_ConditionallyGuidedDiffusionSamplingForEnhancedNorthVikingGrabenVelocityModelBuilding.pdf, DW0076_EAGE2025_Efficient3DVelocityModelBuildingUsingConditionalGenerativeDiffusionThroughReconstructionGuidance.pdf, DW0077_EAGE2025_FWIwithCNN-DrivenVelocityRefinement.pdf, DW0079_EAGE2025_TestingTheAbilityOfCrossWellImagingForMonitoringCO2Plumes.pdf, DW0080_EAGE2025_VelocityGPTxStorSeismic.pdf
2026-02-27 17:38:52 | INFO     | Upload accepted → task_id=ca5f8cce-94fc-4686-96e0-4ce574e98969
2026-02-27 17:38:52 | DEBUG    | Task ca5f8cce-94fc-4686-96e0-4ce574e98969 state=PENDING elapsed=0s — waiting …
2026-02-27 17:38:57 | DEBUG    | Task ca5f8cce-94fc-4686-96e0-4ce574e98969 state=PENDING elapsed=5s — waiting …
2026-02-27 17:39:02 | DEBUG    | Task ca5f8cce-94fc-4686-96e0-4ce574e98969 state=PENDING elapsed=10s — waiting …
2026-02-27 17:39:07 | DEBUG    | Task ca5f8cce-94fc-4686-96e0-4ce574e98969 state=PENDING elapsed=15s — waiting …
2026-02-27 17:39:12 | DEBUG    | Task ca5f8cce-94fc-4686-96e0-4ce574e98969 state=PENDING elapsed=20s — waiting …
2026-02-27 17:39:17 | DEBUG    | Task ca5f8cce-94fc-4686-96e0-4ce574e98969 state=PENDING elapsed=25s — waiting …
2026-02-27 17:39:22 | DEBUG    | Task ca5f8cce-94fc-4686-96e0-4ce574e98969 state=PENDING elapsed=30s — waiting …
2026-02-27 17:39:27 | DEBUG    | Task ca5f8cce-94fc-4686-96e0-4ce574e98969 state=PENDING elapsed=35s — waiting …
2026-02-27 17:39:32 | DEBUG    | Task ca5f8cce-94fc-4686-96e0-4ce574e98969 state=PENDING elapsed=40s — waiting …
2026-02-27 17:39:37 | DEBUG    | Task ca5f8cce-94fc-4686-96e0-4ce574e98969 state=PENDING elapsed=45s — waiting …
2026-02-27 17:39:42 | DEBUG    | Task ca5f8cce-94fc-4686-96e0-4ce574e98969 state=PENDING elapsed=50s — waiting …
2026-02-27 17:39:47 | DEBUG    | Task ca5f8cce-94fc-4686-96e0-4ce574e98969 state=PENDING elapsed=55s — waiting …
2026-02-27 17:39:52 | DEBUG    | Task ca5f8cce-94fc-4686-96e0-4ce574e98969 state=PENDING elapsed=60s — waiting …
2026-02-27 17:39:57 | DEBUG    | Task ca5f8cce-94fc-4686-96e0-4ce574e98969 state=PENDING elapsed=65s — waiting …
2026-02-27 17:40:02 | DEBUG    | Task ca5f8cce-94fc-4686-96e0-4ce574e98969 state=PENDING elapsed=70s — waiting …
2026-02-27 17:40:07 | INFO     | Task ca5f8cce-94fc-4686-96e0-4ce574e98969 FINISHED in 75s
2026-02-27 17:40:07 | INFO     | ✅ batch 12/16 (16 files) complete
2026-02-27 17:40:07 | INFO     | --- batch 13/16 (16 files) ---
2026-02-27 17:40:07 | DEBUG    |   Files: DW0081_EAGE2025_MicroseismicSourceInversionBasedOnNeuralOperatorwithPhysicsConstrain.pdf, DW0082_EAGE2025_RobustFWI-ImagingByUsingDiffusionModelRegularization.pdf, DW0083_EAGE2025_MultichannelWavefieldReconstructionOfLandSeismicDataUsingStencilBasedSpatialGradients.pdf, DW0084_EAGE2025_SimultaneousLocalizationAndMomentTensorInversionOfMicroseismicEventsUsingCNN.pdf, DW0085_EAGE2025_SelfSupervisedFreeSurfaceMultipleSuppression.pdf, DW0063_IMAGE2025_ATransferLearningApproachToMultichannelWavefieldReconstructionWithPINNs.pdf, DW0068_IMAGE2025_Real-timeMicroseismicEventLocationUsingaLatentDiffusionModel.pdf, DW0072_IMAGE2025_TowardsGenerativeModelingofCO2GeologicalStorageWithLatentConditionalDiffusionModels.pdf, DW0075_IMAGE2025_VelocityModelBuildingWithUncertaintyQuantificationUsingaMulti-modalAGN.pdf, DW0077_IMAGE2025_FWIwithCNNBasedVelocityRepresentationExtensionFieldDataApplication.pdf, DW0078_IMAGE2025_ApplicationOfSiameseNeuralNetworkForMulti-parameterElasticFWI.pdf, DW0082_IMAGE2025_BalancingWavenumberContentinFWIImagingDiffusionRegularization.pdf, DW0086_IMAGE2025_AcceleratingSeismicWavefieldRepresentationViaLatentDiffusion-initializedPINNs.pdf, DW0087_IMAGE2025_Separation-PINNSeismicP-andS-wavesModeSeparationWithPINNs.pdf, DW0088_IMAGE2025_PhysicsInformedNeuralOperatorforLearningHelmholtzEquationInMicroseismicApplication.pdf, DW0089_IMAGE2025_AcceleratingUpside-downRayleigh-MarchenkoImagingUsingSelf-SupervisedLearning.pdf
2026-02-27 17:40:10 | INFO     | Upload accepted → task_id=0dfc1b01-2f0d-4153-8c25-1786cc0643eb
2026-02-27 17:40:10 | DEBUG    | Task 0dfc1b01-2f0d-4153-8c25-1786cc0643eb state=PENDING elapsed=0s — waiting …
2026-02-27 17:40:15 | DEBUG    | Task 0dfc1b01-2f0d-4153-8c25-1786cc0643eb state=PENDING elapsed=5s — waiting …
2026-02-27 17:40:20 | DEBUG    | Task 0dfc1b01-2f0d-4153-8c25-1786cc0643eb state=PENDING elapsed=10s — waiting …
2026-02-27 17:40:25 | DEBUG    | Task 0dfc1b01-2f0d-4153-8c25-1786cc0643eb state=PENDING elapsed=15s — waiting …
2026-02-27 17:40:30 | DEBUG    | Task 0dfc1b01-2f0d-4153-8c25-1786cc0643eb state=PENDING elapsed=20s — waiting …
2026-02-27 17:40:35 | DEBUG    | Task 0dfc1b01-2f0d-4153-8c25-1786cc0643eb state=PENDING elapsed=25s — waiting …
2026-02-27 17:40:40 | DEBUG    | Task 0dfc1b01-2f0d-4153-8c25-1786cc0643eb state=PENDING elapsed=30s — waiting …
2026-02-27 17:40:45 | DEBUG    | Task 0dfc1b01-2f0d-4153-8c25-1786cc0643eb state=PENDING elapsed=35s — waiting …
2026-02-27 17:40:50 | DEBUG    | Task 0dfc1b01-2f0d-4153-8c25-1786cc0643eb state=PENDING elapsed=40s — waiting …
2026-02-27 17:40:55 | DEBUG    | Task 0dfc1b01-2f0d-4153-8c25-1786cc0643eb state=PENDING elapsed=45s — waiting …
2026-02-27 17:41:00 | DEBUG    | Task 0dfc1b01-2f0d-4153-8c25-1786cc0643eb state=PENDING elapsed=50s — waiting …
2026-02-27 17:41:05 | DEBUG    | Task 0dfc1b01-2f0d-4153-8c25-1786cc0643eb state=PENDING elapsed=55s — waiting …
2026-02-27 17:41:10 | DEBUG    | Task 0dfc1b01-2f0d-4153-8c25-1786cc0643eb state=PENDING elapsed=60s — waiting …
2026-02-27 17:41:15 | DEBUG    | Task 0dfc1b01-2f0d-4153-8c25-1786cc0643eb state=PENDING elapsed=65s — waiting …
2026-02-27 17:41:20 | DEBUG    | Task 0dfc1b01-2f0d-4153-8c25-1786cc0643eb state=PENDING elapsed=70s — waiting …
2026-02-27 17:41:25 | DEBUG    | Task 0dfc1b01-2f0d-4153-8c25-1786cc0643eb state=PENDING elapsed=75s — waiting …
2026-02-27 17:41:30 | DEBUG    | Task 0dfc1b01-2f0d-4153-8c25-1786cc0643eb state=PENDING elapsed=80s — waiting …
2026-02-27 17:41:35 | DEBUG    | Task 0dfc1b01-2f0d-4153-8c25-1786cc0643eb state=PENDING elapsed=85s — waiting …
2026-02-27 17:41:40 | INFO     | Task 0dfc1b01-2f0d-4153-8c25-1786cc0643eb FINISHED in 90s
2026-02-27 17:41:40 | INFO     | ✅ batch 13/16 (16 files) complete
2026-02-27 17:41:40 | INFO     | --- batch 14/16 (16 files) ---
2026-02-27 17:41:40 | DEBUG    |   Files: DW0090_IMAGE2025_DeepLearningFrameworkForMitigatingCycleSkippingInFWI.pdf, DeepWave Consortium - 2025 Mid-year Meeting Agenda.pdf, 0.0 Meeting Opening remarks.pdf, 1.1 NING Accelerating Marchenko imaging via self-supervised focusing function prediction.pdf, 1.2 B-IntraSeismic - Uncertainty quantification in seismic inversion via implicit neural representations.pdf, 1.3 Multichannel wavefield reconstruction with slope assisted PINNs.pdf, 1.4 A generative foundation model for an all-in-one seismic processing framework.pdf, 2.1 Accelerating implicit neural representation-based FWI.pdf, 2.2 Deep learning-based time shift estimation for Full Waveform Inversion.pdf, 2.3 The Application of Siamese Neural Networks in Multi-Parameter Elastic Full Waveform Inversion.pdf, 2.4 Adaptive Full Waveform Inversion with Deep Learning.pdf, 2.5 IIntegration of CNN-Driven Velocity Refinement in FWI and Siamese Network-Based LSRTM.pdf, 3.0 TheGenerativeAIsponsorMeeting2025.pdf, 3.1 A Conditional Diffusion Model for CO2 Monitoring and Forecasting.pdf, 3.2 A Latent Diffusion Model-Based Imaging Condition for Microseismic Event Location.pdf, 3.3 Advancing Microseismic Monitoring with Deep Learning.pdf
2026-02-27 17:41:44 | INFO     | Upload accepted → task_id=b0bc8eea-14e2-41af-93fa-b1b00e88ebd1
2026-02-27 17:41:44 | DEBUG    | Task b0bc8eea-14e2-41af-93fa-b1b00e88ebd1 state=PENDING elapsed=0s — waiting …
2026-02-27 17:41:49 | DEBUG    | Task b0bc8eea-14e2-41af-93fa-b1b00e88ebd1 state=PENDING elapsed=5s — waiting …
2026-02-27 17:41:54 | DEBUG    | Task b0bc8eea-14e2-41af-93fa-b1b00e88ebd1 state=PENDING elapsed=10s — waiting …
2026-02-27 17:41:59 | DEBUG    | Task b0bc8eea-14e2-41af-93fa-b1b00e88ebd1 state=PENDING elapsed=15s — waiting …
2026-02-27 17:42:04 | DEBUG    | Task b0bc8eea-14e2-41af-93fa-b1b00e88ebd1 state=PENDING elapsed=20s — waiting …
2026-02-27 17:42:09 | DEBUG    | Task b0bc8eea-14e2-41af-93fa-b1b00e88ebd1 state=PENDING elapsed=25s — waiting …
2026-02-27 17:42:14 | DEBUG    | Task b0bc8eea-14e2-41af-93fa-b1b00e88ebd1 state=PENDING elapsed=30s — waiting …
2026-02-27 17:42:19 | DEBUG    | Task b0bc8eea-14e2-41af-93fa-b1b00e88ebd1 state=PENDING elapsed=35s — waiting …
2026-02-27 17:42:24 | DEBUG    | Task b0bc8eea-14e2-41af-93fa-b1b00e88ebd1 state=PENDING elapsed=40s — waiting …
2026-02-27 17:42:29 | DEBUG    | Task b0bc8eea-14e2-41af-93fa-b1b00e88ebd1 state=PENDING elapsed=45s — waiting …
2026-02-27 17:42:34 | DEBUG    | Task b0bc8eea-14e2-41af-93fa-b1b00e88ebd1 state=PENDING elapsed=50s — waiting …
2026-02-27 17:42:39 | DEBUG    | Task b0bc8eea-14e2-41af-93fa-b1b00e88ebd1 state=PENDING elapsed=55s — waiting …
2026-02-27 17:42:44 | DEBUG    | Task b0bc8eea-14e2-41af-93fa-b1b00e88ebd1 state=PENDING elapsed=60s — waiting …
2026-02-27 17:42:49 | DEBUG    | Task b0bc8eea-14e2-41af-93fa-b1b00e88ebd1 state=PENDING elapsed=65s — waiting …
2026-02-27 17:42:54 | DEBUG    | Task b0bc8eea-14e2-41af-93fa-b1b00e88ebd1 state=PENDING elapsed=70s — waiting …
2026-02-27 17:42:59 | DEBUG    | Task b0bc8eea-14e2-41af-93fa-b1b00e88ebd1 state=PENDING elapsed=75s — waiting …
2026-02-27 17:43:04 | DEBUG    | Task b0bc8eea-14e2-41af-93fa-b1b00e88ebd1 state=PENDING elapsed=80s — waiting …
2026-02-27 17:43:09 | DEBUG    | Task b0bc8eea-14e2-41af-93fa-b1b00e88ebd1 state=PENDING elapsed=85s — waiting …
2026-02-27 17:43:14 | DEBUG    | Task b0bc8eea-14e2-41af-93fa-b1b00e88ebd1 state=PENDING elapsed=90s — waiting …
2026-02-27 17:43:19 | DEBUG    | Task b0bc8eea-14e2-41af-93fa-b1b00e88ebd1 state=PENDING elapsed=95s — waiting …
2026-02-27 17:43:24 | DEBUG    | Task b0bc8eea-14e2-41af-93fa-b1b00e88ebd1 state=PENDING elapsed=100s — waiting …
2026-02-27 17:43:29 | DEBUG    | Task b0bc8eea-14e2-41af-93fa-b1b00e88ebd1 state=PENDING elapsed=105s — waiting …
2026-02-27 17:43:34 | DEBUG    | Task b0bc8eea-14e2-41af-93fa-b1b00e88ebd1 state=PENDING elapsed=110s — waiting …
2026-02-27 17:43:39 | DEBUG    | Task b0bc8eea-14e2-41af-93fa-b1b00e88ebd1 state=PENDING elapsed=115s — waiting …
2026-02-27 17:43:46 | INFO     | Task b0bc8eea-14e2-41af-93fa-b1b00e88ebd1 FINISHED in 122s
2026-02-27 17:43:46 | INFO     | ✅ batch 14/16 (16 files) complete
2026-02-27 17:43:46 | INFO     | --- batch 15/16 (16 files) ---
2026-02-27 17:43:46 | DEBUG    |   Files: 3.4 XIAO Source Parameters Determination in Microseismic FWI .pdf, 4.1 Guiding unconditional diffusion models through data reconstruction for high-fidelity velocity model building models.pdf, 4.2 Diffusion as an adaptive regularization during the FWI imaging process.pdf, 4.3 Revolutionizing Velocity Model Building with Autoregressive Generative AI.pdf, 4.4 Generative Models for Salt Body Building Using FWI.pdf, CONTENTS of REPORTS.pdf, DW0001_PnP_SVGD.pdf, DW0012_SSDeblend.pdf, DW0053_DL-BasedTimeShiftEstimationForFWI.pdf, DW0056_EnhancingSeismicDataQualityWithGabor-BasedUnsupervisedDenoisingNear-SurfaceScatteringNoise.pdf, DW0057_IMAGE24_IntegratingU-NetIntoFWInversionForSaltBodyBuilding.pdf, DW0061_DiffusionIP.pdf, DW0062_Meta-LRPINN.pdf, DW0064_Physics-guidedGenerativeNeuralOperatorForSeismicWavefieldSolutions.pdf, DW0071_AcceleratingMarchenkoImagingbySelf-SupervisedPredictionofFocusingFunctions.pdf, DW0078_EnhancingMulti-parameterEFWIwithSiameseNetwork.pdf
2026-02-27 17:43:49 | INFO     | Upload accepted → task_id=6cd49b7b-efef-4796-991f-d429e169a0e8
2026-02-27 17:43:49 | DEBUG    | Task 6cd49b7b-efef-4796-991f-d429e169a0e8 state=PENDING elapsed=0s — waiting …
2026-02-27 17:43:54 | DEBUG    | Task 6cd49b7b-efef-4796-991f-d429e169a0e8 state=PENDING elapsed=5s — waiting …
2026-02-27 17:43:59 | DEBUG    | Task 6cd49b7b-efef-4796-991f-d429e169a0e8 state=PENDING elapsed=10s — waiting …
2026-02-27 17:44:04 | DEBUG    | Task 6cd49b7b-efef-4796-991f-d429e169a0e8 state=PENDING elapsed=15s — waiting …
2026-02-27 17:44:09 | DEBUG    | Task 6cd49b7b-efef-4796-991f-d429e169a0e8 state=PENDING elapsed=20s — waiting …
2026-02-27 17:44:14 | DEBUG    | Task 6cd49b7b-efef-4796-991f-d429e169a0e8 state=PENDING elapsed=25s — waiting …
2026-02-27 17:44:19 | DEBUG    | Task 6cd49b7b-efef-4796-991f-d429e169a0e8 state=PENDING elapsed=30s — waiting …
2026-02-27 17:44:24 | DEBUG    | Task 6cd49b7b-efef-4796-991f-d429e169a0e8 state=PENDING elapsed=35s — waiting …
2026-02-27 17:44:36 | DEBUG    | Task 6cd49b7b-efef-4796-991f-d429e169a0e8 state=PENDING elapsed=47s — waiting …
2026-02-27 17:44:41 | DEBUG    | Task 6cd49b7b-efef-4796-991f-d429e169a0e8 state=PENDING elapsed=52s — waiting …
2026-02-27 17:44:46 | DEBUG    | Task 6cd49b7b-efef-4796-991f-d429e169a0e8 state=PENDING elapsed=57s — waiting …
2026-02-27 17:44:51 | DEBUG    | Task 6cd49b7b-efef-4796-991f-d429e169a0e8 state=PENDING elapsed=62s — waiting …
2026-02-27 17:44:56 | DEBUG    | Task 6cd49b7b-efef-4796-991f-d429e169a0e8 state=PENDING elapsed=67s — waiting …
2026-02-27 17:45:01 | DEBUG    | Task 6cd49b7b-efef-4796-991f-d429e169a0e8 state=PENDING elapsed=72s — waiting …
2026-02-27 17:45:06 | DEBUG    | Task 6cd49b7b-efef-4796-991f-d429e169a0e8 state=PENDING elapsed=77s — waiting …
2026-02-27 17:45:11 | DEBUG    | Task 6cd49b7b-efef-4796-991f-d429e169a0e8 state=PENDING elapsed=82s — waiting …
2026-02-27 17:45:17 | WARNING  | Task 6cd49b7b-efef-4796-991f-d429e169a0e8: 2 document(s) failed — ["DW0001_PnP_SVGD.pdf", "DW0061_DiffusionIP.pdf"]
2026-02-27 17:45:17 | INFO     | Task 6cd49b7b-efef-4796-991f-d429e169a0e8 FINISHED in 89s
2026-02-27 17:45:17 | WARNING  | ⚠ batch 15/16 (16 files) partial: 2 doc(s) failed — ['DW0001_PnP_SVGD.pdf', 'DW0061_DiffusionIP.pdf']
2026-02-27 17:45:17 | INFO     | --- batch 16/16 (1 files) ---
2026-02-27 17:45:17 | DEBUG    |   Files: DW0087_SeparationPINNSeismicP-andS-wavesModeSeparationWithPINNs.pdf
2026-02-27 17:45:20 | INFO     | Upload accepted → task_id=51b3aef1-3ce8-4d04-809d-f19324ea7efd
2026-02-27 17:45:20 | DEBUG    | Task 51b3aef1-3ce8-4d04-809d-f19324ea7efd state=PENDING elapsed=0s — waiting …
2026-02-27 17:45:25 | DEBUG    | Task 51b3aef1-3ce8-4d04-809d-f19324ea7efd state=PENDING elapsed=5s — waiting …
2026-02-27 17:45:30 | DEBUG    | Task 51b3aef1-3ce8-4d04-809d-f19324ea7efd state=PENDING elapsed=10s — waiting …
2026-02-27 17:45:35 | DEBUG    | Task 51b3aef1-3ce8-4d04-809d-f19324ea7efd state=PENDING elapsed=15s — waiting …
2026-02-27 17:45:40 | DEBUG    | Task 51b3aef1-3ce8-4d04-809d-f19324ea7efd state=PENDING elapsed=20s — waiting …
2026-02-27 17:45:45 | DEBUG    | Task 51b3aef1-3ce8-4d04-809d-f19324ea7efd state=PENDING elapsed=25s — waiting …
2026-02-27 17:45:50 | DEBUG    | Task 51b3aef1-3ce8-4d04-809d-f19324ea7efd state=PENDING elapsed=30s — waiting …
2026-02-27 17:45:55 | DEBUG    | Task 51b3aef1-3ce8-4d04-809d-f19324ea7efd state=PENDING elapsed=35s — waiting …
2026-02-27 17:46:00 | DEBUG    | Task 51b3aef1-3ce8-4d04-809d-f19324ea7efd state=PENDING elapsed=40s — waiting …
2026-02-27 17:46:05 | DEBUG    | Task 51b3aef1-3ce8-4d04-809d-f19324ea7efd state=PENDING elapsed=45s — waiting …
2026-02-27 17:46:10 | DEBUG    | Task 51b3aef1-3ce8-4d04-809d-f19324ea7efd state=PENDING elapsed=50s — waiting …
2026-02-27 17:46:16 | DEBUG    | Task 51b3aef1-3ce8-4d04-809d-f19324ea7efd state=PENDING elapsed=57s — waiting …
2026-02-27 17:46:22 | INFO     | Task 51b3aef1-3ce8-4d04-809d-f19324ea7efd FINISHED in 62s
2026-02-27 17:46:22 | INFO     | ✅ batch 16/16 (1 files) complete
2026-02-27 17:46:22 | ERROR    | === PARTIAL FAILURE  ok=237  failed=4  skipped=0 ===
