2026-02-27 17:46:22 | INFO     | === START  dir='/gaia/b04s/CONSORCIOS/downthemall'  collection='downthemall' ===
2026-02-27 17:46:22 | INFO     | Discovered 136 supported file(s)
2026-02-27 17:46:23 | INFO     | Collection 'downthemall' created: {"message":"Collection downthemall created successfully.","collection_name":"downthemall"}
2026-02-27 17:46:24 | INFO     | list_documents: 0 existing doc(s) in 'downthemall' (total reported: 0)
2026-02-27 17:46:24 | INFO     | Classification: 136 new, 0 already present
2026-02-27 17:46:24 | INFO     | Uploading 9 batch(es) of up to 16 file(s) each
2026-02-27 17:46:24 | INFO     | --- batch 1/9 (16 files) ---
2026-02-27 17:46:24 | DEBUG    |   Files: Acosta_MSc_2025.pdf, Al_Dulaijan_PhD_2017.pdf, Aldhaw_MSc_2019.pdf, Almuteri_MSc_2017.pdf, Amundaray_MSc_2023.pdf, Asuaje_MSc_2016.pdf, Bayati_MSc_2021.pdf, CRR201732.pdf, CRR201733.pdf, CRR201734.pdf, CRR201735.pdf, CRR201736.pdf, CRR201737.pdf, CRR201738.pdf, CRR201739.pdf, CRR201740.pdf
2026-02-27 17:46:26 | INFO     | Upload accepted → task_id=b0c6b3ac-1f44-46db-b42f-d6cccc88b513
2026-02-27 17:46:26 | DEBUG    | Task b0c6b3ac-1f44-46db-b42f-d6cccc88b513 state=PENDING elapsed=0s — waiting …
2026-02-27 17:46:31 | DEBUG    | Task b0c6b3ac-1f44-46db-b42f-d6cccc88b513 state=PENDING elapsed=5s — waiting …
2026-02-27 17:46:36 | DEBUG    | Task b0c6b3ac-1f44-46db-b42f-d6cccc88b513 state=PENDING elapsed=10s — waiting …
2026-02-27 17:46:41 | DEBUG    | Task b0c6b3ac-1f44-46db-b42f-d6cccc88b513 state=PENDING elapsed=15s — waiting …
2026-02-27 17:46:46 | DEBUG    | Task b0c6b3ac-1f44-46db-b42f-d6cccc88b513 state=PENDING elapsed=20s — waiting …
2026-02-27 17:46:51 | DEBUG    | Task b0c6b3ac-1f44-46db-b42f-d6cccc88b513 state=PENDING elapsed=25s — waiting …
2026-02-27 17:46:56 | DEBUG    | Task b0c6b3ac-1f44-46db-b42f-d6cccc88b513 state=PENDING elapsed=30s — waiting …
2026-02-27 17:47:01 | DEBUG    | Task b0c6b3ac-1f44-46db-b42f-d6cccc88b513 state=PENDING elapsed=35s — waiting …
2026-02-27 17:47:06 | DEBUG    | Task b0c6b3ac-1f44-46db-b42f-d6cccc88b513 state=PENDING elapsed=40s — waiting …
2026-02-27 17:47:11 | DEBUG    | Task b0c6b3ac-1f44-46db-b42f-d6cccc88b513 state=PENDING elapsed=45s — waiting …
2026-02-27 17:47:16 | DEBUG    | Task b0c6b3ac-1f44-46db-b42f-d6cccc88b513 state=PENDING elapsed=50s — waiting …
2026-02-27 17:47:21 | DEBUG    | Task b0c6b3ac-1f44-46db-b42f-d6cccc88b513 state=PENDING elapsed=55s — waiting …
2026-02-27 17:47:26 | DEBUG    | Task b0c6b3ac-1f44-46db-b42f-d6cccc88b513 state=PENDING elapsed=60s — waiting …
2026-02-27 17:47:31 | DEBUG    | Task b0c6b3ac-1f44-46db-b42f-d6cccc88b513 state=PENDING elapsed=65s — waiting …
2026-02-27 17:47:36 | DEBUG    | Task b0c6b3ac-1f44-46db-b42f-d6cccc88b513 state=PENDING elapsed=70s — waiting …
2026-02-27 17:47:41 | DEBUG    | Task b0c6b3ac-1f44-46db-b42f-d6cccc88b513 state=PENDING elapsed=75s — waiting …
2026-02-27 17:47:46 | DEBUG    | Task b0c6b3ac-1f44-46db-b42f-d6cccc88b513 state=PENDING elapsed=80s — waiting …
2026-02-27 17:47:51 | DEBUG    | Task b0c6b3ac-1f44-46db-b42f-d6cccc88b513 state=PENDING elapsed=85s — waiting …
2026-02-27 17:47:56 | DEBUG    | Task b0c6b3ac-1f44-46db-b42f-d6cccc88b513 state=PENDING elapsed=90s — waiting …
2026-02-27 17:48:01 | DEBUG    | Task b0c6b3ac-1f44-46db-b42f-d6cccc88b513 state=PENDING elapsed=95s — waiting …
2026-02-27 17:48:06 | DEBUG    | Task b0c6b3ac-1f44-46db-b42f-d6cccc88b513 state=PENDING elapsed=100s — waiting …
2026-02-27 17:48:11 | DEBUG    | Task b0c6b3ac-1f44-46db-b42f-d6cccc88b513 state=PENDING elapsed=105s — waiting …
2026-02-27 17:48:16 | DEBUG    | Task b0c6b3ac-1f44-46db-b42f-d6cccc88b513 state=PENDING elapsed=110s — waiting …
2026-02-27 17:48:21 | DEBUG    | Task b0c6b3ac-1f44-46db-b42f-d6cccc88b513 state=PENDING elapsed=115s — waiting …
2026-02-27 17:48:26 | DEBUG    | Task b0c6b3ac-1f44-46db-b42f-d6cccc88b513 state=PENDING elapsed=120s — waiting …
2026-02-27 17:48:31 | DEBUG    | Task b0c6b3ac-1f44-46db-b42f-d6cccc88b513 state=PENDING elapsed=125s — waiting …
2026-02-27 17:48:36 | DEBUG    | Task b0c6b3ac-1f44-46db-b42f-d6cccc88b513 state=PENDING elapsed=130s — waiting …
2026-02-27 17:48:41 | DEBUG    | Task b0c6b3ac-1f44-46db-b42f-d6cccc88b513 state=PENDING elapsed=135s — waiting …
2026-02-27 17:48:46 | DEBUG    | Task b0c6b3ac-1f44-46db-b42f-d6cccc88b513 state=PENDING elapsed=140s — waiting …
2026-02-27 17:48:51 | DEBUG    | Task b0c6b3ac-1f44-46db-b42f-d6cccc88b513 state=PENDING elapsed=145s — waiting …
2026-02-27 17:48:56 | DEBUG    | Task b0c6b3ac-1f44-46db-b42f-d6cccc88b513 state=PENDING elapsed=150s — waiting …
2026-02-27 17:49:01 | DEBUG    | Task b0c6b3ac-1f44-46db-b42f-d6cccc88b513 state=PENDING elapsed=155s — waiting …
2026-02-27 17:49:06 | DEBUG    | Task b0c6b3ac-1f44-46db-b42f-d6cccc88b513 state=PENDING elapsed=160s — waiting …
2026-02-27 17:49:11 | DEBUG    | Task b0c6b3ac-1f44-46db-b42f-d6cccc88b513 state=PENDING elapsed=165s — waiting …
2026-02-27 17:49:16 | DEBUG    | Task b0c6b3ac-1f44-46db-b42f-d6cccc88b513 state=PENDING elapsed=170s — waiting …
2026-02-27 17:49:21 | DEBUG    | Task b0c6b3ac-1f44-46db-b42f-d6cccc88b513 state=PENDING elapsed=175s — waiting …
2026-02-27 17:49:26 | DEBUG    | Task b0c6b3ac-1f44-46db-b42f-d6cccc88b513 state=PENDING elapsed=180s — waiting …
2026-02-27 17:49:31 | DEBUG    | Task b0c6b3ac-1f44-46db-b42f-d6cccc88b513 state=PENDING elapsed=185s — waiting …
2026-02-27 17:49:37 | DEBUG    | Task b0c6b3ac-1f44-46db-b42f-d6cccc88b513 state=PENDING elapsed=191s — waiting …
2026-02-27 17:49:42 | DEBUG    | Task b0c6b3ac-1f44-46db-b42f-d6cccc88b513 state=PENDING elapsed=196s — waiting …
2026-02-27 17:49:47 | DEBUG    | Task b0c6b3ac-1f44-46db-b42f-d6cccc88b513 state=PENDING elapsed=201s — waiting …
2026-02-27 17:49:52 | DEBUG    | Task b0c6b3ac-1f44-46db-b42f-d6cccc88b513 state=PENDING elapsed=206s — waiting …
2026-02-27 17:49:57 | DEBUG    | Task b0c6b3ac-1f44-46db-b42f-d6cccc88b513 state=PENDING elapsed=211s — waiting …
2026-02-27 17:50:02 | DEBUG    | Task b0c6b3ac-1f44-46db-b42f-d6cccc88b513 state=PENDING elapsed=216s — waiting …
2026-02-27 17:50:07 | DEBUG    | Task b0c6b3ac-1f44-46db-b42f-d6cccc88b513 state=PENDING elapsed=221s — waiting …
2026-02-27 17:50:12 | DEBUG    | Task b0c6b3ac-1f44-46db-b42f-d6cccc88b513 state=PENDING elapsed=226s — waiting …
2026-02-27 17:50:18 | DEBUG    | Task b0c6b3ac-1f44-46db-b42f-d6cccc88b513 state=PENDING elapsed=231s — waiting …
2026-02-27 17:50:23 | DEBUG    | Task b0c6b3ac-1f44-46db-b42f-d6cccc88b513 state=PENDING elapsed=236s — waiting …
2026-02-27 17:50:28 | DEBUG    | Task b0c6b3ac-1f44-46db-b42f-d6cccc88b513 state=PENDING elapsed=241s — waiting …
2026-02-27 17:50:33 | INFO     | Task b0c6b3ac-1f44-46db-b42f-d6cccc88b513 FINISHED in 247s
2026-02-27 17:50:33 | INFO     | ✅ batch 1/9 (16 files) complete
2026-02-27 17:50:33 | INFO     | --- batch 2/9 (16 files) ---
2026-02-27 17:50:33 | DEBUG    |   Files: CRR201741.pdf, CRR201742.pdf, CRR201743.pdf, CRR201744.pdf, CRR201745.pdf, CRR201746.pdf, CRR201747.pdf, CRR201748.pdf, CRR201749.pdf, CRR201750.pdf, CRR201751.pdf, CRR201752.pdf, CRR201753.pdf, CRR201754.pdf, CRR201755.pdf, CRR201756.pdf
2026-02-27 17:50:34 | INFO     | Upload accepted → task_id=94b85487-423d-4932-9e50-6e4c0374cb9b
2026-02-27 17:50:34 | DEBUG    | Task 94b85487-423d-4932-9e50-6e4c0374cb9b state=PENDING elapsed=0s — waiting …
2026-02-27 17:50:39 | DEBUG    | Task 94b85487-423d-4932-9e50-6e4c0374cb9b state=PENDING elapsed=5s — waiting …
2026-02-27 17:50:44 | DEBUG    | Task 94b85487-423d-4932-9e50-6e4c0374cb9b state=PENDING elapsed=10s — waiting …
2026-02-27 17:50:49 | DEBUG    | Task 94b85487-423d-4932-9e50-6e4c0374cb9b state=PENDING elapsed=15s — waiting …
2026-02-27 17:50:54 | DEBUG    | Task 94b85487-423d-4932-9e50-6e4c0374cb9b state=PENDING elapsed=20s — waiting …
2026-02-27 17:50:59 | DEBUG    | Task 94b85487-423d-4932-9e50-6e4c0374cb9b state=PENDING elapsed=25s — waiting …
2026-02-27 17:51:04 | DEBUG    | Task 94b85487-423d-4932-9e50-6e4c0374cb9b state=PENDING elapsed=30s — waiting …
2026-02-27 17:51:09 | DEBUG    | Task 94b85487-423d-4932-9e50-6e4c0374cb9b state=PENDING elapsed=35s — waiting …
2026-02-27 17:51:14 | DEBUG    | Task 94b85487-423d-4932-9e50-6e4c0374cb9b state=PENDING elapsed=40s — waiting …
2026-02-27 17:51:19 | DEBUG    | Task 94b85487-423d-4932-9e50-6e4c0374cb9b state=PENDING elapsed=45s — waiting …
2026-02-27 17:51:25 | DEBUG    | Task 94b85487-423d-4932-9e50-6e4c0374cb9b state=PENDING elapsed=50s — waiting …
2026-02-27 17:51:30 | DEBUG    | Task 94b85487-423d-4932-9e50-6e4c0374cb9b state=PENDING elapsed=55s — waiting …
2026-02-27 17:51:35 | DEBUG    | Task 94b85487-423d-4932-9e50-6e4c0374cb9b state=PENDING elapsed=60s — waiting …
2026-02-27 17:51:40 | DEBUG    | Task 94b85487-423d-4932-9e50-6e4c0374cb9b state=PENDING elapsed=65s — waiting …
2026-02-27 17:51:45 | DEBUG    | Task 94b85487-423d-4932-9e50-6e4c0374cb9b state=PENDING elapsed=70s — waiting …
2026-02-27 17:51:50 | DEBUG    | Task 94b85487-423d-4932-9e50-6e4c0374cb9b state=PENDING elapsed=75s — waiting …
2026-02-27 17:51:55 | INFO     | Task 94b85487-423d-4932-9e50-6e4c0374cb9b FINISHED in 80s
2026-02-27 17:51:55 | INFO     | ✅ batch 2/9 (16 files) complete
2026-02-27 17:51:55 | INFO     | --- batch 3/9 (16 files) ---
2026-02-27 17:51:55 | DEBUG    |   Files: CRR201757.pdf, CRR201758.pdf, CRR201759.pdf, CRR201760.pdf, CRR201761.pdf, CRR201762.pdf, CRR201763.pdf, CRR201764.pdf, CRR201765.pdf, CRR201766.pdf, CRR201767.pdf, CRR201768.pdf, CRR201769.pdf, CRR201770.pdf, CRR201771.pdf, CRR201772.pdf
2026-02-27 17:51:56 | INFO     | Upload accepted → task_id=09531059-1958-4879-88ea-cfc75c876c39
2026-02-27 17:51:56 | DEBUG    | Task 09531059-1958-4879-88ea-cfc75c876c39 state=PENDING elapsed=0s — waiting …
2026-02-27 17:52:01 | DEBUG    | Task 09531059-1958-4879-88ea-cfc75c876c39 state=PENDING elapsed=5s — waiting …
2026-02-27 17:52:06 | DEBUG    | Task 09531059-1958-4879-88ea-cfc75c876c39 state=PENDING elapsed=10s — waiting …
2026-02-27 17:52:11 | DEBUG    | Task 09531059-1958-4879-88ea-cfc75c876c39 state=PENDING elapsed=15s — waiting …
2026-02-27 17:52:16 | DEBUG    | Task 09531059-1958-4879-88ea-cfc75c876c39 state=PENDING elapsed=20s — waiting …
2026-02-27 17:52:21 | DEBUG    | Task 09531059-1958-4879-88ea-cfc75c876c39 state=PENDING elapsed=25s — waiting …
2026-02-27 17:52:26 | DEBUG    | Task 09531059-1958-4879-88ea-cfc75c876c39 state=PENDING elapsed=30s — waiting …
2026-02-27 17:52:33 | DEBUG    | Task 09531059-1958-4879-88ea-cfc75c876c39 state=PENDING elapsed=37s — waiting …
2026-02-27 17:52:38 | DEBUG    | Task 09531059-1958-4879-88ea-cfc75c876c39 state=PENDING elapsed=42s — waiting …
2026-02-27 17:52:43 | DEBUG    | Task 09531059-1958-4879-88ea-cfc75c876c39 state=PENDING elapsed=47s — waiting …
2026-02-27 17:52:48 | DEBUG    | Task 09531059-1958-4879-88ea-cfc75c876c39 state=PENDING elapsed=52s — waiting …
2026-02-27 17:52:53 | DEBUG    | Task 09531059-1958-4879-88ea-cfc75c876c39 state=PENDING elapsed=57s — waiting …
2026-02-27 17:52:58 | DEBUG    | Task 09531059-1958-4879-88ea-cfc75c876c39 state=PENDING elapsed=62s — waiting …
2026-02-27 17:53:03 | DEBUG    | Task 09531059-1958-4879-88ea-cfc75c876c39 state=PENDING elapsed=67s — waiting …
2026-02-27 17:53:08 | DEBUG    | Task 09531059-1958-4879-88ea-cfc75c876c39 state=PENDING elapsed=72s — waiting …
2026-02-27 17:53:13 | DEBUG    | Task 09531059-1958-4879-88ea-cfc75c876c39 state=PENDING elapsed=77s — waiting …
2026-02-27 17:53:18 | DEBUG    | Task 09531059-1958-4879-88ea-cfc75c876c39 state=PENDING elapsed=82s — waiting …
2026-02-27 17:53:23 | INFO     | Task 09531059-1958-4879-88ea-cfc75c876c39 FINISHED in 87s
2026-02-27 17:53:23 | INFO     | ✅ batch 3/9 (16 files) complete
2026-02-27 17:53:23 | INFO     | --- batch 4/9 (16 files) ---
2026-02-27 17:53:23 | DEBUG    |   Files: CRR201773.pdf, CRR202501.pdf, CRR202502.pdf, CRR202503.pdf, CRR202504.pdf, CRR202505.pdf, CRR202506.pdf, CRR202507.pdf, CRR202508.pdf, CRR202509.pdf, CRR202510.pdf, CRR202511.pdf, CRR202512.pdf, CRR202513.pdf, CRR202514.pdf, CRR202515.pdf
2026-02-27 17:53:26 | INFO     | Upload accepted → task_id=7a9ad20e-2071-4b33-8e15-b2bc1d75f319
2026-02-27 17:53:26 | DEBUG    | Task 7a9ad20e-2071-4b33-8e15-b2bc1d75f319 state=PENDING elapsed=0s — waiting …
2026-02-27 17:53:31 | DEBUG    | Task 7a9ad20e-2071-4b33-8e15-b2bc1d75f319 state=PENDING elapsed=5s — waiting …
2026-02-27 17:53:36 | DEBUG    | Task 7a9ad20e-2071-4b33-8e15-b2bc1d75f319 state=PENDING elapsed=10s — waiting …
2026-02-27 17:53:41 | DEBUG    | Task 7a9ad20e-2071-4b33-8e15-b2bc1d75f319 state=PENDING elapsed=15s — waiting …
2026-02-27 17:53:46 | DEBUG    | Task 7a9ad20e-2071-4b33-8e15-b2bc1d75f319 state=PENDING elapsed=20s — waiting …
2026-02-27 17:53:51 | DEBUG    | Task 7a9ad20e-2071-4b33-8e15-b2bc1d75f319 state=PENDING elapsed=25s — waiting …
2026-02-27 17:53:56 | DEBUG    | Task 7a9ad20e-2071-4b33-8e15-b2bc1d75f319 state=PENDING elapsed=30s — waiting …
2026-02-27 17:54:01 | DEBUG    | Task 7a9ad20e-2071-4b33-8e15-b2bc1d75f319 state=PENDING elapsed=35s — waiting …
2026-02-27 17:54:06 | DEBUG    | Task 7a9ad20e-2071-4b33-8e15-b2bc1d75f319 state=PENDING elapsed=40s — waiting …
2026-02-27 17:54:11 | DEBUG    | Task 7a9ad20e-2071-4b33-8e15-b2bc1d75f319 state=PENDING elapsed=45s — waiting …
2026-02-27 17:54:16 | DEBUG    | Task 7a9ad20e-2071-4b33-8e15-b2bc1d75f319 state=PENDING elapsed=50s — waiting …
2026-02-27 17:54:21 | DEBUG    | Task 7a9ad20e-2071-4b33-8e15-b2bc1d75f319 state=PENDING elapsed=55s — waiting …
2026-02-27 17:54:26 | DEBUG    | Task 7a9ad20e-2071-4b33-8e15-b2bc1d75f319 state=PENDING elapsed=60s — waiting …
2026-02-27 17:54:31 | DEBUG    | Task 7a9ad20e-2071-4b33-8e15-b2bc1d75f319 state=PENDING elapsed=65s — waiting …
2026-02-27 17:54:38 | DEBUG    | Task 7a9ad20e-2071-4b33-8e15-b2bc1d75f319 state=PENDING elapsed=72s — waiting …
2026-02-27 17:54:43 | INFO     | Task 7a9ad20e-2071-4b33-8e15-b2bc1d75f319 FINISHED in 77s
2026-02-27 17:54:43 | INFO     | ✅ batch 4/9 (16 files) complete
2026-02-27 17:54:43 | INFO     | --- batch 5/9 (16 files) ---
2026-02-27 17:54:43 | DEBUG    |   Files: CRR202517.pdf, CRR202518.pdf, CRR202519.pdf, CRR202520.pdf, CRR202521.pdf, CRR202523.pdf, CRR202524.pdf, CRR202525.pdf, CRR202526.pdf, CRR202527.pdf, CRR202530.pdf, CRR202531.pdf, CRR202532.pdf, CRR202533.pdf, CRR202534.pdf, CRR202535.pdf
2026-02-27 17:54:45 | INFO     | Upload accepted → task_id=1d869faf-41f9-4ce6-8a4a-6e38facbe23b
2026-02-27 17:54:45 | DEBUG    | Task 1d869faf-41f9-4ce6-8a4a-6e38facbe23b state=PENDING elapsed=0s — waiting …
2026-02-27 17:54:50 | DEBUG    | Task 1d869faf-41f9-4ce6-8a4a-6e38facbe23b state=PENDING elapsed=5s — waiting …
2026-02-27 17:54:55 | DEBUG    | Task 1d869faf-41f9-4ce6-8a4a-6e38facbe23b state=PENDING elapsed=10s — waiting …
2026-02-27 17:55:00 | DEBUG    | Task 1d869faf-41f9-4ce6-8a4a-6e38facbe23b state=PENDING elapsed=15s — waiting …
2026-02-27 17:55:05 | DEBUG    | Task 1d869faf-41f9-4ce6-8a4a-6e38facbe23b state=PENDING elapsed=20s — waiting …
2026-02-27 17:55:10 | DEBUG    | Task 1d869faf-41f9-4ce6-8a4a-6e38facbe23b state=PENDING elapsed=25s — waiting …
2026-02-27 17:55:15 | DEBUG    | Task 1d869faf-41f9-4ce6-8a4a-6e38facbe23b state=PENDING elapsed=30s — waiting …
2026-02-27 17:55:20 | DEBUG    | Task 1d869faf-41f9-4ce6-8a4a-6e38facbe23b state=PENDING elapsed=35s — waiting …
2026-02-27 17:55:25 | DEBUG    | Task 1d869faf-41f9-4ce6-8a4a-6e38facbe23b state=PENDING elapsed=40s — waiting …
2026-02-27 17:55:30 | DEBUG    | Task 1d869faf-41f9-4ce6-8a4a-6e38facbe23b state=PENDING elapsed=45s — waiting …
2026-02-27 17:55:35 | DEBUG    | Task 1d869faf-41f9-4ce6-8a4a-6e38facbe23b state=PENDING elapsed=50s — waiting …
2026-02-27 17:55:40 | DEBUG    | Task 1d869faf-41f9-4ce6-8a4a-6e38facbe23b state=PENDING elapsed=55s — waiting …
2026-02-27 17:55:45 | DEBUG    | Task 1d869faf-41f9-4ce6-8a4a-6e38facbe23b state=PENDING elapsed=60s — waiting …
2026-02-27 17:55:50 | DEBUG    | Task 1d869faf-41f9-4ce6-8a4a-6e38facbe23b state=PENDING elapsed=65s — waiting …
2026-02-27 17:55:55 | DEBUG    | Task 1d869faf-41f9-4ce6-8a4a-6e38facbe23b state=PENDING elapsed=70s — waiting …
2026-02-27 17:56:00 | DEBUG    | Task 1d869faf-41f9-4ce6-8a4a-6e38facbe23b state=PENDING elapsed=75s — waiting …
2026-02-27 17:56:05 | DEBUG    | Task 1d869faf-41f9-4ce6-8a4a-6e38facbe23b state=PENDING elapsed=80s — waiting …
2026-02-27 17:56:10 | DEBUG    | Task 1d869faf-41f9-4ce6-8a4a-6e38facbe23b state=PENDING elapsed=85s — waiting …
2026-02-27 17:56:15 | INFO     | Task 1d869faf-41f9-4ce6-8a4a-6e38facbe23b FINISHED in 90s
2026-02-27 17:56:15 | INFO     | ✅ batch 5/9 (16 files) complete
2026-02-27 17:56:15 | INFO     | --- batch 6/9 (16 files) ---
2026-02-27 17:56:15 | DEBUG    |   Files: CRR202536.pdf, CRR202537.pdf, CRR202538.pdf, CRR202539.pdf, CRR202540.pdf, CRR202541.pdf, CRR202542.pdf, Cary_MSc_2019.pdf, Chineke_MSc_2024.pdf, Cova_PhD_2017.pdf, Dongas_MSc_2016.pdf, Eaid_PhD_2022.pdf, Ellison_MSc_2018.pdf, Esmaeili_MSc_2016.pdf, Fontes_MSc_2024.pdf, Fu_PhD_2023.pdf
2026-02-27 17:56:17 | INFO     | Upload accepted → task_id=6c3bd156-0448-4162-bb52-5630b8195efd
2026-02-27 17:56:17 | DEBUG    | Task 6c3bd156-0448-4162-bb52-5630b8195efd state=PENDING elapsed=0s — waiting …
2026-02-27 17:56:22 | DEBUG    | Task 6c3bd156-0448-4162-bb52-5630b8195efd state=PENDING elapsed=5s — waiting …
2026-02-27 17:56:27 | DEBUG    | Task 6c3bd156-0448-4162-bb52-5630b8195efd state=PENDING elapsed=10s — waiting …
2026-02-27 17:56:32 | DEBUG    | Task 6c3bd156-0448-4162-bb52-5630b8195efd state=PENDING elapsed=15s — waiting …
2026-02-27 17:56:37 | DEBUG    | Task 6c3bd156-0448-4162-bb52-5630b8195efd state=PENDING elapsed=20s — waiting …
2026-02-27 17:56:42 | DEBUG    | Task 6c3bd156-0448-4162-bb52-5630b8195efd state=PENDING elapsed=25s — waiting …
2026-02-27 17:56:48 | DEBUG    | Task 6c3bd156-0448-4162-bb52-5630b8195efd state=PENDING elapsed=30s — waiting …
2026-02-27 17:56:53 | DEBUG    | Task 6c3bd156-0448-4162-bb52-5630b8195efd state=PENDING elapsed=36s — waiting …
2026-02-27 17:56:58 | DEBUG    | Task 6c3bd156-0448-4162-bb52-5630b8195efd state=PENDING elapsed=41s — waiting …
2026-02-27 17:57:03 | DEBUG    | Task 6c3bd156-0448-4162-bb52-5630b8195efd state=PENDING elapsed=46s — waiting …
2026-02-27 17:57:08 | DEBUG    | Task 6c3bd156-0448-4162-bb52-5630b8195efd state=PENDING elapsed=51s — waiting …
2026-02-27 17:57:13 | DEBUG    | Task 6c3bd156-0448-4162-bb52-5630b8195efd state=PENDING elapsed=56s — waiting …
2026-02-27 17:57:18 | DEBUG    | Task 6c3bd156-0448-4162-bb52-5630b8195efd state=PENDING elapsed=61s — waiting …
2026-02-27 17:57:24 | DEBUG    | Task 6c3bd156-0448-4162-bb52-5630b8195efd state=PENDING elapsed=66s — waiting …
2026-02-27 17:57:29 | DEBUG    | Task 6c3bd156-0448-4162-bb52-5630b8195efd state=PENDING elapsed=71s — waiting …
2026-02-27 17:57:34 | DEBUG    | Task 6c3bd156-0448-4162-bb52-5630b8195efd state=PENDING elapsed=76s — waiting …
2026-02-27 17:57:39 | DEBUG    | Task 6c3bd156-0448-4162-bb52-5630b8195efd state=PENDING elapsed=81s — waiting …
2026-02-27 17:57:44 | DEBUG    | Task 6c3bd156-0448-4162-bb52-5630b8195efd state=PENDING elapsed=86s — waiting …
2026-02-27 17:57:49 | DEBUG    | Task 6c3bd156-0448-4162-bb52-5630b8195efd state=PENDING elapsed=91s — waiting …
2026-02-27 17:57:54 | DEBUG    | Task 6c3bd156-0448-4162-bb52-5630b8195efd state=PENDING elapsed=96s — waiting …
2026-02-27 17:57:59 | DEBUG    | Task 6c3bd156-0448-4162-bb52-5630b8195efd state=PENDING elapsed=101s — waiting …
2026-02-27 17:58:04 | DEBUG    | Task 6c3bd156-0448-4162-bb52-5630b8195efd state=PENDING elapsed=106s — waiting …
2026-02-27 17:58:09 | DEBUG    | Task 6c3bd156-0448-4162-bb52-5630b8195efd state=PENDING elapsed=111s — waiting …
2026-02-27 17:58:14 | DEBUG    | Task 6c3bd156-0448-4162-bb52-5630b8195efd state=PENDING elapsed=116s — waiting …
2026-02-27 17:58:19 | DEBUG    | Task 6c3bd156-0448-4162-bb52-5630b8195efd state=PENDING elapsed=121s — waiting …
2026-02-27 17:58:24 | DEBUG    | Task 6c3bd156-0448-4162-bb52-5630b8195efd state=PENDING elapsed=126s — waiting …
2026-02-27 17:58:29 | DEBUG    | Task 6c3bd156-0448-4162-bb52-5630b8195efd state=PENDING elapsed=131s — waiting …
2026-02-27 17:58:35 | DEBUG    | Task 6c3bd156-0448-4162-bb52-5630b8195efd state=PENDING elapsed=138s — waiting …
2026-02-27 17:58:40 | DEBUG    | Task 6c3bd156-0448-4162-bb52-5630b8195efd state=PENDING elapsed=143s — waiting …
2026-02-27 17:58:45 | DEBUG    | Task 6c3bd156-0448-4162-bb52-5630b8195efd state=PENDING elapsed=148s — waiting …
2026-02-27 17:58:50 | DEBUG    | Task 6c3bd156-0448-4162-bb52-5630b8195efd state=PENDING elapsed=153s — waiting …
2026-02-27 17:58:55 | DEBUG    | Task 6c3bd156-0448-4162-bb52-5630b8195efd state=PENDING elapsed=158s — waiting …
2026-02-27 17:59:00 | DEBUG    | Task 6c3bd156-0448-4162-bb52-5630b8195efd state=PENDING elapsed=163s — waiting …
2026-02-27 17:59:05 | DEBUG    | Task 6c3bd156-0448-4162-bb52-5630b8195efd state=PENDING elapsed=168s — waiting …
2026-02-27 17:59:10 | DEBUG    | Task 6c3bd156-0448-4162-bb52-5630b8195efd state=PENDING elapsed=173s — waiting …
2026-02-27 17:59:15 | DEBUG    | Task 6c3bd156-0448-4162-bb52-5630b8195efd state=PENDING elapsed=178s — waiting …
2026-02-27 17:59:20 | DEBUG    | Task 6c3bd156-0448-4162-bb52-5630b8195efd state=PENDING elapsed=183s — waiting …
2026-02-27 17:59:25 | DEBUG    | Task 6c3bd156-0448-4162-bb52-5630b8195efd state=PENDING elapsed=188s — waiting …
2026-02-27 17:59:30 | DEBUG    | Task 6c3bd156-0448-4162-bb52-5630b8195efd state=PENDING elapsed=193s — waiting …
2026-02-27 17:59:35 | DEBUG    | Task 6c3bd156-0448-4162-bb52-5630b8195efd state=PENDING elapsed=198s — waiting …
2026-02-27 17:59:40 | DEBUG    | Task 6c3bd156-0448-4162-bb52-5630b8195efd state=PENDING elapsed=203s — waiting …
2026-02-27 17:59:45 | DEBUG    | Task 6c3bd156-0448-4162-bb52-5630b8195efd state=PENDING elapsed=208s — waiting …
2026-02-27 17:59:50 | DEBUG    | Task 6c3bd156-0448-4162-bb52-5630b8195efd state=PENDING elapsed=213s — waiting …
2026-02-27 17:59:55 | DEBUG    | Task 6c3bd156-0448-4162-bb52-5630b8195efd state=PENDING elapsed=218s — waiting …
2026-02-27 18:00:00 | DEBUG    | Task 6c3bd156-0448-4162-bb52-5630b8195efd state=PENDING elapsed=223s — waiting …
2026-02-27 18:00:05 | DEBUG    | Task 6c3bd156-0448-4162-bb52-5630b8195efd state=PENDING elapsed=228s — waiting …
2026-02-27 18:00:10 | DEBUG    | Task 6c3bd156-0448-4162-bb52-5630b8195efd state=PENDING elapsed=233s — waiting …
2026-02-27 18:00:15 | DEBUG    | Task 6c3bd156-0448-4162-bb52-5630b8195efd state=PENDING elapsed=238s — waiting …
2026-02-27 18:00:23 | INFO     | Task 6c3bd156-0448-4162-bb52-5630b8195efd FINISHED in 246s
2026-02-27 18:00:23 | INFO     | ✅ batch 6/9 (16 files) complete
2026-02-27 18:00:23 | INFO     | --- batch 7/9 (16 files) ---
2026-02-27 18:00:23 | DEBUG    |   Files: Gordon_MSc_2019.pdf, Guarido_PhD_2017.pdf, Guevara_PhD_2017.pdf, Gunning_MSc_2017.pdf, Hardeman_PhD_2019.pdf, Hu_PhD_2023.pdf, Huang_PhD_2023.pdf, Iverson_MSc_2020.pdf, Jabbari_PhD_2016.pdf, Keating_PhD_2020.pdf, Kolkman-quinn_MSc_2022.pdf, Law_PhD_2021.pdf, Law_PhD_2022.pdf, Li_Ji_PhD_2025.pdf, Li_Jinji_PhD_2025.pdf, Li_PhD_2017.pdf
2026-02-27 18:00:27 | INFO     | Upload accepted → task_id=efd642cd-c511-4512-82ef-8d51455dff69
2026-02-27 18:00:27 | DEBUG    | Task efd642cd-c511-4512-82ef-8d51455dff69 state=PENDING elapsed=0s — waiting …
2026-02-27 18:00:32 | DEBUG    | Task efd642cd-c511-4512-82ef-8d51455dff69 state=PENDING elapsed=5s — waiting …
2026-02-27 18:00:37 | DEBUG    | Task efd642cd-c511-4512-82ef-8d51455dff69 state=PENDING elapsed=10s — waiting …
2026-02-27 18:00:42 | DEBUG    | Task efd642cd-c511-4512-82ef-8d51455dff69 state=PENDING elapsed=15s — waiting …
2026-02-27 18:00:47 | DEBUG    | Task efd642cd-c511-4512-82ef-8d51455dff69 state=PENDING elapsed=20s — waiting …
2026-02-27 18:00:52 | DEBUG    | Task efd642cd-c511-4512-82ef-8d51455dff69 state=PENDING elapsed=25s — waiting …
2026-02-27 18:00:57 | DEBUG    | Task efd642cd-c511-4512-82ef-8d51455dff69 state=PENDING elapsed=30s — waiting …
2026-02-27 18:01:03 | DEBUG    | Task efd642cd-c511-4512-82ef-8d51455dff69 state=PENDING elapsed=36s — waiting …
2026-02-27 18:01:08 | DEBUG    | Task efd642cd-c511-4512-82ef-8d51455dff69 state=PENDING elapsed=41s — waiting …
2026-02-27 18:01:13 | DEBUG    | Task efd642cd-c511-4512-82ef-8d51455dff69 state=PENDING elapsed=46s — waiting …
2026-02-27 18:01:18 | DEBUG    | Task efd642cd-c511-4512-82ef-8d51455dff69 state=PENDING elapsed=51s — waiting …
2026-02-27 18:01:23 | DEBUG    | Task efd642cd-c511-4512-82ef-8d51455dff69 state=PENDING elapsed=56s — waiting …
2026-02-27 18:01:28 | DEBUG    | Task efd642cd-c511-4512-82ef-8d51455dff69 state=PENDING elapsed=61s — waiting …
2026-02-27 18:01:33 | DEBUG    | Task efd642cd-c511-4512-82ef-8d51455dff69 state=PENDING elapsed=66s — waiting …
2026-02-27 18:01:38 | DEBUG    | Task efd642cd-c511-4512-82ef-8d51455dff69 state=PENDING elapsed=71s — waiting …
2026-02-27 18:01:43 | DEBUG    | Task efd642cd-c511-4512-82ef-8d51455dff69 state=PENDING elapsed=76s — waiting …
2026-02-27 18:01:48 | DEBUG    | Task efd642cd-c511-4512-82ef-8d51455dff69 state=PENDING elapsed=81s — waiting …
2026-02-27 18:01:53 | DEBUG    | Task efd642cd-c511-4512-82ef-8d51455dff69 state=PENDING elapsed=87s — waiting …
2026-02-27 18:01:58 | DEBUG    | Task efd642cd-c511-4512-82ef-8d51455dff69 state=PENDING elapsed=92s — waiting …
2026-02-27 18:02:03 | DEBUG    | Task efd642cd-c511-4512-82ef-8d51455dff69 state=PENDING elapsed=97s — waiting …
2026-02-27 18:02:08 | DEBUG    | Task efd642cd-c511-4512-82ef-8d51455dff69 state=PENDING elapsed=102s — waiting …
2026-02-27 18:02:13 | DEBUG    | Task efd642cd-c511-4512-82ef-8d51455dff69 state=PENDING elapsed=107s — waiting …
2026-02-27 18:02:18 | DEBUG    | Task efd642cd-c511-4512-82ef-8d51455dff69 state=PENDING elapsed=112s — waiting …
2026-02-27 18:02:23 | DEBUG    | Task efd642cd-c511-4512-82ef-8d51455dff69 state=PENDING elapsed=117s — waiting …
2026-02-27 18:02:28 | DEBUG    | Task efd642cd-c511-4512-82ef-8d51455dff69 state=PENDING elapsed=122s — waiting …
2026-02-27 18:02:33 | DEBUG    | Task efd642cd-c511-4512-82ef-8d51455dff69 state=PENDING elapsed=127s — waiting …
2026-02-27 18:02:38 | DEBUG    | Task efd642cd-c511-4512-82ef-8d51455dff69 state=PENDING elapsed=132s — waiting …
2026-02-27 18:02:43 | DEBUG    | Task efd642cd-c511-4512-82ef-8d51455dff69 state=PENDING elapsed=137s — waiting …
2026-02-27 18:02:48 | DEBUG    | Task efd642cd-c511-4512-82ef-8d51455dff69 state=PENDING elapsed=142s — waiting …
2026-02-27 18:02:53 | DEBUG    | Task efd642cd-c511-4512-82ef-8d51455dff69 state=PENDING elapsed=147s — waiting …
2026-02-27 18:02:58 | DEBUG    | Task efd642cd-c511-4512-82ef-8d51455dff69 state=PENDING elapsed=152s — waiting …
2026-02-27 18:03:03 | DEBUG    | Task efd642cd-c511-4512-82ef-8d51455dff69 state=PENDING elapsed=157s — waiting …
2026-02-27 18:03:08 | DEBUG    | Task efd642cd-c511-4512-82ef-8d51455dff69 state=PENDING elapsed=162s — waiting …
2026-02-27 18:03:13 | DEBUG    | Task efd642cd-c511-4512-82ef-8d51455dff69 state=PENDING elapsed=167s — waiting …
2026-02-27 18:03:18 | DEBUG    | Task efd642cd-c511-4512-82ef-8d51455dff69 state=PENDING elapsed=172s — waiting …
2026-02-27 18:03:23 | DEBUG    | Task efd642cd-c511-4512-82ef-8d51455dff69 state=PENDING elapsed=177s — waiting …
2026-02-27 18:03:28 | DEBUG    | Task efd642cd-c511-4512-82ef-8d51455dff69 state=PENDING elapsed=182s — waiting …
2026-02-27 18:03:33 | DEBUG    | Task efd642cd-c511-4512-82ef-8d51455dff69 state=PENDING elapsed=187s — waiting …
2026-02-27 18:03:38 | DEBUG    | Task efd642cd-c511-4512-82ef-8d51455dff69 state=PENDING elapsed=192s — waiting …
2026-02-27 18:03:44 | DEBUG    | Task efd642cd-c511-4512-82ef-8d51455dff69 state=PENDING elapsed=197s — waiting …
2026-02-27 18:03:49 | DEBUG    | Task efd642cd-c511-4512-82ef-8d51455dff69 state=PENDING elapsed=202s — waiting …
2026-02-27 18:03:54 | DEBUG    | Task efd642cd-c511-4512-82ef-8d51455dff69 state=PENDING elapsed=207s — waiting …
2026-02-27 18:03:59 | DEBUG    | Task efd642cd-c511-4512-82ef-8d51455dff69 state=PENDING elapsed=212s — waiting …
2026-02-27 18:04:04 | DEBUG    | Task efd642cd-c511-4512-82ef-8d51455dff69 state=PENDING elapsed=217s — waiting …
2026-02-27 18:04:09 | DEBUG    | Task efd642cd-c511-4512-82ef-8d51455dff69 state=PENDING elapsed=222s — waiting …
2026-02-27 18:04:14 | DEBUG    | Task efd642cd-c511-4512-82ef-8d51455dff69 state=PENDING elapsed=227s — waiting …
2026-02-27 18:04:19 | DEBUG    | Task efd642cd-c511-4512-82ef-8d51455dff69 state=PENDING elapsed=232s — waiting …
2026-02-27 18:04:24 | DEBUG    | Task efd642cd-c511-4512-82ef-8d51455dff69 state=PENDING elapsed=237s — waiting …
2026-02-27 18:04:29 | DEBUG    | Task efd642cd-c511-4512-82ef-8d51455dff69 state=PENDING elapsed=242s — waiting …
2026-02-27 18:04:34 | DEBUG    | Task efd642cd-c511-4512-82ef-8d51455dff69 state=PENDING elapsed=247s — waiting …
2026-02-27 18:04:39 | DEBUG    | Task efd642cd-c511-4512-82ef-8d51455dff69 state=PENDING elapsed=252s — waiting …
2026-02-27 18:04:44 | DEBUG    | Task efd642cd-c511-4512-82ef-8d51455dff69 state=PENDING elapsed=257s — waiting …
2026-02-27 18:04:49 | DEBUG    | Task efd642cd-c511-4512-82ef-8d51455dff69 state=PENDING elapsed=262s — waiting …
2026-02-27 18:04:54 | DEBUG    | Task efd642cd-c511-4512-82ef-8d51455dff69 state=PENDING elapsed=267s — waiting …
2026-02-27 18:04:59 | DEBUG    | Task efd642cd-c511-4512-82ef-8d51455dff69 state=PENDING elapsed=272s — waiting …
2026-02-27 18:05:04 | DEBUG    | Task efd642cd-c511-4512-82ef-8d51455dff69 state=PENDING elapsed=277s — waiting …
2026-02-27 18:05:09 | DEBUG    | Task efd642cd-c511-4512-82ef-8d51455dff69 state=PENDING elapsed=282s — waiting …
2026-02-27 18:05:14 | DEBUG    | Task efd642cd-c511-4512-82ef-8d51455dff69 state=PENDING elapsed=287s — waiting …
2026-02-27 18:05:19 | DEBUG    | Task efd642cd-c511-4512-82ef-8d51455dff69 state=PENDING elapsed=292s — waiting …
2026-02-27 18:05:24 | DEBUG    | Task efd642cd-c511-4512-82ef-8d51455dff69 state=PENDING elapsed=297s — waiting …
2026-02-27 18:05:29 | DEBUG    | Task efd642cd-c511-4512-82ef-8d51455dff69 state=PENDING elapsed=302s — waiting …
2026-02-27 18:05:34 | DEBUG    | Task efd642cd-c511-4512-82ef-8d51455dff69 state=PENDING elapsed=307s — waiting …
2026-02-27 18:05:39 | DEBUG    | Task efd642cd-c511-4512-82ef-8d51455dff69 state=PENDING elapsed=312s — waiting …
2026-02-27 18:05:44 | DEBUG    | Task efd642cd-c511-4512-82ef-8d51455dff69 state=PENDING elapsed=317s — waiting …
2026-02-27 18:05:49 | DEBUG    | Task efd642cd-c511-4512-82ef-8d51455dff69 state=PENDING elapsed=322s — waiting …
2026-02-27 18:05:54 | DEBUG    | Task efd642cd-c511-4512-82ef-8d51455dff69 state=PENDING elapsed=327s — waiting …
2026-02-27 18:05:59 | DEBUG    | Task efd642cd-c511-4512-82ef-8d51455dff69 state=PENDING elapsed=332s — waiting …
2026-02-27 18:06:04 | DEBUG    | Task efd642cd-c511-4512-82ef-8d51455dff69 state=PENDING elapsed=337s — waiting …
2026-02-27 18:06:09 | DEBUG    | Task efd642cd-c511-4512-82ef-8d51455dff69 state=PENDING elapsed=342s — waiting …
2026-02-27 18:06:14 | DEBUG    | Task efd642cd-c511-4512-82ef-8d51455dff69 state=PENDING elapsed=347s — waiting …
2026-02-27 18:06:19 | DEBUG    | Task efd642cd-c511-4512-82ef-8d51455dff69 state=PENDING elapsed=352s — waiting …
2026-02-27 18:06:24 | DEBUG    | Task efd642cd-c511-4512-82ef-8d51455dff69 state=PENDING elapsed=357s — waiting …
2026-02-27 18:06:29 | DEBUG    | Task efd642cd-c511-4512-82ef-8d51455dff69 state=PENDING elapsed=362s — waiting …
2026-02-27 18:06:34 | DEBUG    | Task efd642cd-c511-4512-82ef-8d51455dff69 state=PENDING elapsed=367s — waiting …
2026-02-27 18:06:45 | INFO     | Task efd642cd-c511-4512-82ef-8d51455dff69 FINISHED in 378s
2026-02-27 18:06:45 | INFO     | ✅ batch 7/9 (16 files) complete
2026-02-27 18:06:45 | INFO     | --- batch 8/9 (16 files) ---
2026-02-27 18:06:45 | DEBUG    |   Files: Li_PhD_2021.pdf, Liu_PhD_2025.pdf, Lume_MSc_2023.pdf, Lv_MSc_2017.pdf, Mills_MSc_2017.pdf, Montano_MSc_2017.pdf, Moradi_PhD_2016.pdf, Moradi_PhD_2017.pdf, Niu_MSc_2021.pdf, Nowroozi_PhD_2017.pdf, Pan_PhD_2017.pdf, Qu_PhD_2023.pdf, Romahn_PhD_2019.pdf, Rops_MSc_2017.pdf, Sadownyk_MSc_2022.pdf, Spackman_MSc_2019.pdf
2026-02-27 18:06:49 | INFO     | Upload accepted → task_id=cd982762-5771-40b7-a837-b7f13c3d0904
2026-02-27 18:06:50 | DEBUG    | Task cd982762-5771-40b7-a837-b7f13c3d0904 state=PENDING elapsed=1s — waiting …
2026-02-27 18:06:55 | DEBUG    | Task cd982762-5771-40b7-a837-b7f13c3d0904 state=PENDING elapsed=6s — waiting …
2026-02-27 18:07:00 | DEBUG    | Task cd982762-5771-40b7-a837-b7f13c3d0904 state=PENDING elapsed=11s — waiting …
2026-02-27 18:07:05 | DEBUG    | Task cd982762-5771-40b7-a837-b7f13c3d0904 state=PENDING elapsed=16s — waiting …
2026-02-27 18:07:11 | DEBUG    | Task cd982762-5771-40b7-a837-b7f13c3d0904 state=PENDING elapsed=22s — waiting …
2026-02-27 18:07:16 | DEBUG    | Task cd982762-5771-40b7-a837-b7f13c3d0904 state=PENDING elapsed=27s — waiting …
2026-02-27 18:07:21 | DEBUG    | Task cd982762-5771-40b7-a837-b7f13c3d0904 state=PENDING elapsed=32s — waiting …
2026-02-27 18:07:26 | DEBUG    | Task cd982762-5771-40b7-a837-b7f13c3d0904 state=PENDING elapsed=37s — waiting …
2026-02-27 18:07:31 | DEBUG    | Task cd982762-5771-40b7-a837-b7f13c3d0904 state=PENDING elapsed=42s — waiting …
2026-02-27 18:07:36 | DEBUG    | Task cd982762-5771-40b7-a837-b7f13c3d0904 state=PENDING elapsed=47s — waiting …
2026-02-27 18:07:41 | DEBUG    | Task cd982762-5771-40b7-a837-b7f13c3d0904 state=PENDING elapsed=52s — waiting …
2026-02-27 18:07:46 | DEBUG    | Task cd982762-5771-40b7-a837-b7f13c3d0904 state=PENDING elapsed=57s — waiting …
2026-02-27 18:07:51 | DEBUG    | Task cd982762-5771-40b7-a837-b7f13c3d0904 state=PENDING elapsed=62s — waiting …
2026-02-27 18:07:56 | DEBUG    | Task cd982762-5771-40b7-a837-b7f13c3d0904 state=PENDING elapsed=67s — waiting …
2026-02-27 18:08:01 | DEBUG    | Task cd982762-5771-40b7-a837-b7f13c3d0904 state=PENDING elapsed=72s — waiting …
2026-02-27 18:08:06 | DEBUG    | Task cd982762-5771-40b7-a837-b7f13c3d0904 state=PENDING elapsed=77s — waiting …
2026-02-27 18:08:11 | DEBUG    | Task cd982762-5771-40b7-a837-b7f13c3d0904 state=PENDING elapsed=82s — waiting …
2026-02-27 18:08:16 | DEBUG    | Task cd982762-5771-40b7-a837-b7f13c3d0904 state=PENDING elapsed=87s — waiting …
2026-02-27 18:08:21 | DEBUG    | Task cd982762-5771-40b7-a837-b7f13c3d0904 state=PENDING elapsed=92s — waiting …
2026-02-27 18:08:26 | DEBUG    | Task cd982762-5771-40b7-a837-b7f13c3d0904 state=PENDING elapsed=97s — waiting …
2026-02-27 18:08:31 | DEBUG    | Task cd982762-5771-40b7-a837-b7f13c3d0904 state=PENDING elapsed=102s — waiting …
2026-02-27 18:08:36 | DEBUG    | Task cd982762-5771-40b7-a837-b7f13c3d0904 state=PENDING elapsed=107s — waiting …
2026-02-27 18:08:41 | DEBUG    | Task cd982762-5771-40b7-a837-b7f13c3d0904 state=PENDING elapsed=112s — waiting …
2026-02-27 18:08:46 | DEBUG    | Task cd982762-5771-40b7-a837-b7f13c3d0904 state=PENDING elapsed=117s — waiting …
2026-02-27 18:08:51 | DEBUG    | Task cd982762-5771-40b7-a837-b7f13c3d0904 state=PENDING elapsed=122s — waiting …
2026-02-27 18:08:56 | DEBUG    | Task cd982762-5771-40b7-a837-b7f13c3d0904 state=PENDING elapsed=127s — waiting …
2026-02-27 18:09:01 | DEBUG    | Task cd982762-5771-40b7-a837-b7f13c3d0904 state=PENDING elapsed=132s — waiting …
2026-02-27 18:09:06 | DEBUG    | Task cd982762-5771-40b7-a837-b7f13c3d0904 state=PENDING elapsed=137s — waiting …
2026-02-27 18:09:11 | DEBUG    | Task cd982762-5771-40b7-a837-b7f13c3d0904 state=PENDING elapsed=142s — waiting …
2026-02-27 18:09:16 | DEBUG    | Task cd982762-5771-40b7-a837-b7f13c3d0904 state=PENDING elapsed=147s — waiting …
2026-02-27 18:09:21 | DEBUG    | Task cd982762-5771-40b7-a837-b7f13c3d0904 state=PENDING elapsed=152s — waiting …
2026-02-27 18:09:26 | DEBUG    | Task cd982762-5771-40b7-a837-b7f13c3d0904 state=PENDING elapsed=157s — waiting …
2026-02-27 18:09:31 | DEBUG    | Task cd982762-5771-40b7-a837-b7f13c3d0904 state=PENDING elapsed=162s — waiting …
2026-02-27 18:09:36 | DEBUG    | Task cd982762-5771-40b7-a837-b7f13c3d0904 state=PENDING elapsed=167s — waiting …
2026-02-27 18:09:41 | DEBUG    | Task cd982762-5771-40b7-a837-b7f13c3d0904 state=PENDING elapsed=172s — waiting …
2026-02-27 18:09:46 | DEBUG    | Task cd982762-5771-40b7-a837-b7f13c3d0904 state=PENDING elapsed=177s — waiting …
2026-02-27 18:09:51 | DEBUG    | Task cd982762-5771-40b7-a837-b7f13c3d0904 state=PENDING elapsed=182s — waiting …
2026-02-27 18:09:56 | DEBUG    | Task cd982762-5771-40b7-a837-b7f13c3d0904 state=PENDING elapsed=187s — waiting …
2026-02-27 18:10:01 | DEBUG    | Task cd982762-5771-40b7-a837-b7f13c3d0904 state=PENDING elapsed=192s — waiting …
2026-02-27 18:10:06 | DEBUG    | Task cd982762-5771-40b7-a837-b7f13c3d0904 state=PENDING elapsed=197s — waiting …
2026-02-27 18:10:11 | DEBUG    | Task cd982762-5771-40b7-a837-b7f13c3d0904 state=PENDING elapsed=202s — waiting …
2026-02-27 18:10:16 | DEBUG    | Task cd982762-5771-40b7-a837-b7f13c3d0904 state=PENDING elapsed=207s — waiting …
2026-02-27 18:10:21 | DEBUG    | Task cd982762-5771-40b7-a837-b7f13c3d0904 state=PENDING elapsed=212s — waiting …
2026-02-27 18:10:26 | DEBUG    | Task cd982762-5771-40b7-a837-b7f13c3d0904 state=PENDING elapsed=217s — waiting …
2026-02-27 18:10:31 | DEBUG    | Task cd982762-5771-40b7-a837-b7f13c3d0904 state=PENDING elapsed=222s — waiting …
2026-02-27 18:10:36 | DEBUG    | Task cd982762-5771-40b7-a837-b7f13c3d0904 state=PENDING elapsed=227s — waiting …
2026-02-27 18:10:42 | DEBUG    | Task cd982762-5771-40b7-a837-b7f13c3d0904 state=PENDING elapsed=233s — waiting …
2026-02-27 18:10:47 | DEBUG    | Task cd982762-5771-40b7-a837-b7f13c3d0904 state=PENDING elapsed=238s — waiting …
2026-02-27 18:10:53 | DEBUG    | Task cd982762-5771-40b7-a837-b7f13c3d0904 state=PENDING elapsed=244s — waiting …
2026-02-27 18:10:58 | DEBUG    | Task cd982762-5771-40b7-a837-b7f13c3d0904 state=PENDING elapsed=249s — waiting …
2026-02-27 18:11:03 | DEBUG    | Task cd982762-5771-40b7-a837-b7f13c3d0904 state=PENDING elapsed=254s — waiting …
2026-02-27 18:11:08 | DEBUG    | Task cd982762-5771-40b7-a837-b7f13c3d0904 state=PENDING elapsed=259s — waiting …
2026-02-27 18:11:26 | INFO     | Task cd982762-5771-40b7-a837-b7f13c3d0904 FINISHED in 277s
2026-02-27 18:11:26 | INFO     | ✅ batch 8/9 (16 files) complete
2026-02-27 18:11:26 | INFO     | --- batch 9/9 (8 files) ---
2026-02-27 18:11:26 | DEBUG    |   Files: Su_MSc_2025.pdf, Sun_PhD_2018.pdf, Weir_PhD_2020.pdf, Wu_MSc_2016.pdf, Xu_MSc_2017.pdf, Yang_MSc_2019.pdf, Zhang_PhD_2024.pdf, scheduleWinter2026.pdf
2026-02-27 18:11:42 | INFO     | Upload accepted → task_id=ff838fce-71e6-40dc-a5c8-d9e198673365
2026-02-27 18:11:42 | DEBUG    | Task ff838fce-71e6-40dc-a5c8-d9e198673365 state=PENDING elapsed=0s — waiting …
2026-02-27 18:11:47 | DEBUG    | Task ff838fce-71e6-40dc-a5c8-d9e198673365 state=PENDING elapsed=5s — waiting …
2026-02-27 18:11:52 | DEBUG    | Task ff838fce-71e6-40dc-a5c8-d9e198673365 state=PENDING elapsed=10s — waiting …
2026-02-27 18:11:57 | DEBUG    | Task ff838fce-71e6-40dc-a5c8-d9e198673365 state=PENDING elapsed=15s — waiting …
2026-02-27 18:12:14 | DEBUG    | Task ff838fce-71e6-40dc-a5c8-d9e198673365 state=PENDING elapsed=32s — waiting …
2026-02-27 18:12:19 | DEBUG    | Task ff838fce-71e6-40dc-a5c8-d9e198673365 state=PENDING elapsed=37s — waiting …
2026-02-27 18:12:24 | DEBUG    | Task ff838fce-71e6-40dc-a5c8-d9e198673365 state=PENDING elapsed=42s — waiting …
2026-02-27 18:12:29 | DEBUG    | Task ff838fce-71e6-40dc-a5c8-d9e198673365 state=PENDING elapsed=47s — waiting …
2026-02-27 18:12:34 | DEBUG    | Task ff838fce-71e6-40dc-a5c8-d9e198673365 state=PENDING elapsed=52s — waiting …
2026-02-27 18:12:39 | DEBUG    | Task ff838fce-71e6-40dc-a5c8-d9e198673365 state=PENDING elapsed=57s — waiting …
2026-02-27 18:12:44 | DEBUG    | Task ff838fce-71e6-40dc-a5c8-d9e198673365 state=PENDING elapsed=62s — waiting …
2026-02-27 18:12:50 | DEBUG    | Task ff838fce-71e6-40dc-a5c8-d9e198673365 state=PENDING elapsed=68s — waiting …
2026-02-27 18:12:55 | DEBUG    | Task ff838fce-71e6-40dc-a5c8-d9e198673365 state=PENDING elapsed=73s — waiting …
2026-02-27 18:13:00 | DEBUG    | Task ff838fce-71e6-40dc-a5c8-d9e198673365 state=PENDING elapsed=78s — waiting …
2026-02-27 18:13:05 | DEBUG    | Task ff838fce-71e6-40dc-a5c8-d9e198673365 state=PENDING elapsed=83s — waiting …
2026-02-27 18:13:10 | DEBUG    | Task ff838fce-71e6-40dc-a5c8-d9e198673365 state=PENDING elapsed=88s — waiting …
2026-02-27 18:13:15 | DEBUG    | Task ff838fce-71e6-40dc-a5c8-d9e198673365 state=PENDING elapsed=93s — waiting …
2026-02-27 18:13:20 | DEBUG    | Task ff838fce-71e6-40dc-a5c8-d9e198673365 state=PENDING elapsed=98s — waiting …
2026-02-27 18:13:25 | DEBUG    | Task ff838fce-71e6-40dc-a5c8-d9e198673365 state=PENDING elapsed=103s — waiting …
2026-02-27 18:13:31 | DEBUG    | Task ff838fce-71e6-40dc-a5c8-d9e198673365 state=PENDING elapsed=108s — waiting …
2026-02-27 18:13:36 | DEBUG    | Task ff838fce-71e6-40dc-a5c8-d9e198673365 state=PENDING elapsed=113s — waiting …
2026-02-27 18:13:41 | DEBUG    | Task ff838fce-71e6-40dc-a5c8-d9e198673365 state=PENDING elapsed=118s — waiting …
2026-02-27 18:13:46 | DEBUG    | Task ff838fce-71e6-40dc-a5c8-d9e198673365 state=PENDING elapsed=123s — waiting …
2026-02-27 18:13:51 | DEBUG    | Task ff838fce-71e6-40dc-a5c8-d9e198673365 state=PENDING elapsed=128s — waiting …
2026-02-27 18:13:56 | DEBUG    | Task ff838fce-71e6-40dc-a5c8-d9e198673365 state=PENDING elapsed=133s — waiting …
2026-02-27 18:14:01 | DEBUG    | Task ff838fce-71e6-40dc-a5c8-d9e198673365 state=PENDING elapsed=138s — waiting …
2026-02-27 18:14:06 | DEBUG    | Task ff838fce-71e6-40dc-a5c8-d9e198673365 state=PENDING elapsed=144s — waiting …
2026-02-27 18:14:11 | DEBUG    | Task ff838fce-71e6-40dc-a5c8-d9e198673365 state=PENDING elapsed=149s — waiting …
2026-02-27 18:14:16 | DEBUG    | Task ff838fce-71e6-40dc-a5c8-d9e198673365 state=PENDING elapsed=154s — waiting …
2026-02-27 18:14:21 | DEBUG    | Task ff838fce-71e6-40dc-a5c8-d9e198673365 state=PENDING elapsed=159s — waiting …
2026-02-27 18:14:28 | DEBUG    | Task ff838fce-71e6-40dc-a5c8-d9e198673365 state=PENDING elapsed=166s — waiting …
2026-02-27 18:14:33 | DEBUG    | Task ff838fce-71e6-40dc-a5c8-d9e198673365 state=PENDING elapsed=171s — waiting …
2026-02-27 18:14:38 | DEBUG    | Task ff838fce-71e6-40dc-a5c8-d9e198673365 state=PENDING elapsed=176s — waiting …
2026-02-27 18:14:43 | DEBUG    | Task ff838fce-71e6-40dc-a5c8-d9e198673365 state=PENDING elapsed=181s — waiting …
2026-02-27 18:14:48 | DEBUG    | Task ff838fce-71e6-40dc-a5c8-d9e198673365 state=PENDING elapsed=186s — waiting …
2026-02-27 18:14:53 | DEBUG    | Task ff838fce-71e6-40dc-a5c8-d9e198673365 state=PENDING elapsed=191s — waiting …
2026-02-27 18:14:58 | DEBUG    | Task ff838fce-71e6-40dc-a5c8-d9e198673365 state=PENDING elapsed=196s — waiting …
2026-02-27 18:15:03 | DEBUG    | Task ff838fce-71e6-40dc-a5c8-d9e198673365 state=PENDING elapsed=201s — waiting …
2026-02-27 18:15:08 | DEBUG    | Task ff838fce-71e6-40dc-a5c8-d9e198673365 state=PENDING elapsed=206s — waiting …
2026-02-27 18:15:13 | DEBUG    | Task ff838fce-71e6-40dc-a5c8-d9e198673365 state=PENDING elapsed=211s — waiting …
2026-02-27 18:15:18 | DEBUG    | Task ff838fce-71e6-40dc-a5c8-d9e198673365 state=PENDING elapsed=216s — waiting …
2026-02-27 18:15:23 | DEBUG    | Task ff838fce-71e6-40dc-a5c8-d9e198673365 state=PENDING elapsed=221s — waiting …
2026-02-27 18:15:28 | DEBUG    | Task ff838fce-71e6-40dc-a5c8-d9e198673365 state=PENDING elapsed=226s — waiting …
2026-02-27 18:15:33 | DEBUG    | Task ff838fce-71e6-40dc-a5c8-d9e198673365 state=PENDING elapsed=231s — waiting …
2026-02-27 18:15:41 | DEBUG    | Task ff838fce-71e6-40dc-a5c8-d9e198673365 state=PENDING elapsed=239s — waiting …
2026-02-27 18:15:46 | DEBUG    | Task ff838fce-71e6-40dc-a5c8-d9e198673365 state=PENDING elapsed=244s — waiting …
2026-02-27 18:15:58 | INFO     | Task ff838fce-71e6-40dc-a5c8-d9e198673365 FINISHED in 256s
2026-02-27 18:15:58 | INFO     | ✅ batch 9/9 (8 files) complete
2026-02-27 18:15:58 | INFO     | === SUCCESS  ingested=136  skipped=0 ===
