2026-02-27 16:54:17 | INFO     | === START  dir='/gaia/b04s/CONSORCIOS/SAIG'  collection='SAIG' ===
2026-02-27 16:54:17 | INFO     | Discovered 13 supported file(s)
2026-02-27 16:54:21 | INFO     | Collection 'SAIG' created: {"message":"Collection SAIG created successfully.","collection_name":"SAIG"}
2026-02-27 16:54:26 | INFO     | list_documents: 0 existing doc(s) in 'SAIG' (total reported: 0)
2026-02-27 16:54:26 | INFO     | Classification: 13 new, 0 already present
2026-02-27 16:54:26 | INFO     | Uploading 1 batch(es) of up to 16 file(s) each
2026-02-27 16:54:26 | INFO     | --- batch 1/1 (13 files) ---
2026-02-27 16:54:26 | DEBUG    |   Files: ReportSAIG-13.pdf, ReportSAIG-14.pdf, ReportSAIG-15.pdf, ReportSAIG-16.pdf, ReportSAIG-17.pdf, ReportSAIG-18.pdf, ReportSAIG-19.pdf, ReportSAIG-20.pdf, ReportSAIG-21.pdf, ReportSAIG-22.pdf, ReportSAIG-23.pdf, ReportSAIG-24.pdf, ReportSAIG-25.pdf
2026-02-27 16:54:32 | INFO     | Upload accepted → task_id=68deb94b-07fa-4f91-ab7e-bc75ff939d62
2026-02-27 16:54:32 | DEBUG    | Task 68deb94b-07fa-4f91-ab7e-bc75ff939d62 state=PENDING elapsed=0s — waiting …
2026-02-27 16:54:37 | DEBUG    | Task 68deb94b-07fa-4f91-ab7e-bc75ff939d62 state=PENDING elapsed=5s — waiting …
2026-02-27 16:54:42 | DEBUG    | Task 68deb94b-07fa-4f91-ab7e-bc75ff939d62 state=PENDING elapsed=10s — waiting …
2026-02-27 16:54:48 | DEBUG    | Task 68deb94b-07fa-4f91-ab7e-bc75ff939d62 state=PENDING elapsed=16s — waiting …
2026-02-27 16:54:58 | DEBUG    | Task 68deb94b-07fa-4f91-ab7e-bc75ff939d62 state=PENDING elapsed=26s — waiting …
2026-02-27 16:55:03 | DEBUG    | Task 68deb94b-07fa-4f91-ab7e-bc75ff939d62 state=PENDING elapsed=31s — waiting …
2026-02-27 16:55:08 | DEBUG    | Task 68deb94b-07fa-4f91-ab7e-bc75ff939d62 state=PENDING elapsed=36s — waiting …
2026-02-27 16:55:13 | DEBUG    | Task 68deb94b-07fa-4f91-ab7e-bc75ff939d62 state=PENDING elapsed=41s — waiting …
2026-02-27 16:55:18 | DEBUG    | Task 68deb94b-07fa-4f91-ab7e-bc75ff939d62 state=PENDING elapsed=46s — waiting …
2026-02-27 16:55:23 | DEBUG    | Task 68deb94b-07fa-4f91-ab7e-bc75ff939d62 state=PENDING elapsed=51s — waiting …
2026-02-27 16:55:28 | DEBUG    | Task 68deb94b-07fa-4f91-ab7e-bc75ff939d62 state=PENDING elapsed=56s — waiting …
2026-02-27 16:55:33 | DEBUG    | Task 68deb94b-07fa-4f91-ab7e-bc75ff939d62 state=PENDING elapsed=61s — waiting …
2026-02-27 16:55:38 | DEBUG    | Task 68deb94b-07fa-4f91-ab7e-bc75ff939d62 state=PENDING elapsed=66s — waiting …
2026-02-27 16:55:43 | DEBUG    | Task 68deb94b-07fa-4f91-ab7e-bc75ff939d62 state=PENDING elapsed=71s — waiting …
2026-02-27 16:55:48 | DEBUG    | Task 68deb94b-07fa-4f91-ab7e-bc75ff939d62 state=PENDING elapsed=76s — waiting …
2026-02-27 16:55:53 | DEBUG    | Task 68deb94b-07fa-4f91-ab7e-bc75ff939d62 state=PENDING elapsed=81s — waiting …
2026-02-27 16:55:58 | DEBUG    | Task 68deb94b-07fa-4f91-ab7e-bc75ff939d62 state=PENDING elapsed=86s — waiting …
2026-02-27 16:56:03 | DEBUG    | Task 68deb94b-07fa-4f91-ab7e-bc75ff939d62 state=PENDING elapsed=91s — waiting …
2026-02-27 16:56:08 | DEBUG    | Task 68deb94b-07fa-4f91-ab7e-bc75ff939d62 state=PENDING elapsed=96s — waiting …
2026-02-27 16:56:13 | DEBUG    | Task 68deb94b-07fa-4f91-ab7e-bc75ff939d62 state=PENDING elapsed=101s — waiting …
2026-02-27 16:56:18 | DEBUG    | Task 68deb94b-07fa-4f91-ab7e-bc75ff939d62 state=PENDING elapsed=106s — waiting …
2026-02-27 16:56:23 | DEBUG    | Task 68deb94b-07fa-4f91-ab7e-bc75ff939d62 state=PENDING elapsed=111s — waiting …
2026-02-27 16:56:28 | DEBUG    | Task 68deb94b-07fa-4f91-ab7e-bc75ff939d62 state=PENDING elapsed=116s — waiting …
2026-02-27 16:56:33 | DEBUG    | Task 68deb94b-07fa-4f91-ab7e-bc75ff939d62 state=PENDING elapsed=121s — waiting …
2026-02-27 16:56:38 | DEBUG    | Task 68deb94b-07fa-4f91-ab7e-bc75ff939d62 state=PENDING elapsed=126s — waiting …
2026-02-27 16:56:43 | DEBUG    | Task 68deb94b-07fa-4f91-ab7e-bc75ff939d62 state=PENDING elapsed=131s — waiting …
2026-02-27 16:56:48 | DEBUG    | Task 68deb94b-07fa-4f91-ab7e-bc75ff939d62 state=PENDING elapsed=136s — waiting …
2026-02-27 16:56:53 | DEBUG    | Task 68deb94b-07fa-4f91-ab7e-bc75ff939d62 state=PENDING elapsed=141s — waiting …
2026-02-27 16:56:58 | DEBUG    | Task 68deb94b-07fa-4f91-ab7e-bc75ff939d62 state=PENDING elapsed=146s — waiting …
2026-02-27 16:57:03 | DEBUG    | Task 68deb94b-07fa-4f91-ab7e-bc75ff939d62 state=PENDING elapsed=151s — waiting …
2026-02-27 16:57:08 | DEBUG    | Task 68deb94b-07fa-4f91-ab7e-bc75ff939d62 state=PENDING elapsed=156s — waiting …
2026-02-27 16:57:13 | DEBUG    | Task 68deb94b-07fa-4f91-ab7e-bc75ff939d62 state=PENDING elapsed=161s — waiting …
2026-02-27 16:57:18 | DEBUG    | Task 68deb94b-07fa-4f91-ab7e-bc75ff939d62 state=PENDING elapsed=166s — waiting …
2026-02-27 16:57:23 | DEBUG    | Task 68deb94b-07fa-4f91-ab7e-bc75ff939d62 state=PENDING elapsed=171s — waiting …
2026-02-27 16:57:28 | DEBUG    | Task 68deb94b-07fa-4f91-ab7e-bc75ff939d62 state=PENDING elapsed=176s — waiting …
2026-02-27 16:57:33 | DEBUG    | Task 68deb94b-07fa-4f91-ab7e-bc75ff939d62 state=PENDING elapsed=181s — waiting …
2026-02-27 16:57:38 | DEBUG    | Task 68deb94b-07fa-4f91-ab7e-bc75ff939d62 state=PENDING elapsed=186s — waiting …
2026-02-27 16:57:43 | DEBUG    | Task 68deb94b-07fa-4f91-ab7e-bc75ff939d62 state=PENDING elapsed=191s — waiting …
2026-02-27 16:57:48 | DEBUG    | Task 68deb94b-07fa-4f91-ab7e-bc75ff939d62 state=PENDING elapsed=196s — waiting …
2026-02-27 16:57:53 | DEBUG    | Task 68deb94b-07fa-4f91-ab7e-bc75ff939d62 state=PENDING elapsed=201s — waiting …
2026-02-27 16:57:58 | DEBUG    | Task 68deb94b-07fa-4f91-ab7e-bc75ff939d62 state=PENDING elapsed=206s — waiting …
2026-02-27 16:58:03 | DEBUG    | Task 68deb94b-07fa-4f91-ab7e-bc75ff939d62 state=PENDING elapsed=211s — waiting …
2026-02-27 16:58:08 | DEBUG    | Task 68deb94b-07fa-4f91-ab7e-bc75ff939d62 state=PENDING elapsed=216s — waiting …
2026-02-27 16:58:13 | DEBUG    | Task 68deb94b-07fa-4f91-ab7e-bc75ff939d62 state=PENDING elapsed=221s — waiting …
2026-02-27 16:58:18 | DEBUG    | Task 68deb94b-07fa-4f91-ab7e-bc75ff939d62 state=PENDING elapsed=226s — waiting …
2026-02-27 16:58:23 | DEBUG    | Task 68deb94b-07fa-4f91-ab7e-bc75ff939d62 state=PENDING elapsed=231s — waiting …
2026-02-27 16:58:28 | DEBUG    | Task 68deb94b-07fa-4f91-ab7e-bc75ff939d62 state=PENDING elapsed=236s — waiting …
2026-02-27 16:58:33 | DEBUG    | Task 68deb94b-07fa-4f91-ab7e-bc75ff939d62 state=PENDING elapsed=241s — waiting …
2026-02-27 16:58:38 | DEBUG    | Task 68deb94b-07fa-4f91-ab7e-bc75ff939d62 state=PENDING elapsed=246s — waiting …
2026-02-27 16:58:43 | DEBUG    | Task 68deb94b-07fa-4f91-ab7e-bc75ff939d62 state=PENDING elapsed=251s — waiting …
2026-02-27 16:58:48 | DEBUG    | Task 68deb94b-07fa-4f91-ab7e-bc75ff939d62 state=PENDING elapsed=256s — waiting …
2026-02-27 16:58:53 | DEBUG    | Task 68deb94b-07fa-4f91-ab7e-bc75ff939d62 state=PENDING elapsed=261s — waiting …
2026-02-27 16:58:58 | DEBUG    | Task 68deb94b-07fa-4f91-ab7e-bc75ff939d62 state=PENDING elapsed=266s — waiting …
2026-02-27 16:59:03 | DEBUG    | Task 68deb94b-07fa-4f91-ab7e-bc75ff939d62 state=PENDING elapsed=271s — waiting …
2026-02-27 16:59:08 | DEBUG    | Task 68deb94b-07fa-4f91-ab7e-bc75ff939d62 state=PENDING elapsed=276s — waiting …
2026-02-27 16:59:14 | DEBUG    | Task 68deb94b-07fa-4f91-ab7e-bc75ff939d62 state=PENDING elapsed=281s — waiting …
2026-02-27 16:59:19 | DEBUG    | Task 68deb94b-07fa-4f91-ab7e-bc75ff939d62 state=PENDING elapsed=286s — waiting …
2026-02-27 16:59:24 | DEBUG    | Task 68deb94b-07fa-4f91-ab7e-bc75ff939d62 state=PENDING elapsed=291s — waiting …
2026-02-27 16:59:29 | DEBUG    | Task 68deb94b-07fa-4f91-ab7e-bc75ff939d62 state=PENDING elapsed=296s — waiting …
2026-02-27 16:59:34 | DEBUG    | Task 68deb94b-07fa-4f91-ab7e-bc75ff939d62 state=PENDING elapsed=301s — waiting …
2026-02-27 16:59:39 | DEBUG    | Task 68deb94b-07fa-4f91-ab7e-bc75ff939d62 state=PENDING elapsed=306s — waiting …
2026-02-27 16:59:44 | DEBUG    | Task 68deb94b-07fa-4f91-ab7e-bc75ff939d62 state=PENDING elapsed=311s — waiting …
2026-02-27 16:59:49 | DEBUG    | Task 68deb94b-07fa-4f91-ab7e-bc75ff939d62 state=PENDING elapsed=316s — waiting …
2026-02-27 16:59:54 | DEBUG    | Task 68deb94b-07fa-4f91-ab7e-bc75ff939d62 state=PENDING elapsed=321s — waiting …
2026-02-27 16:59:59 | DEBUG    | Task 68deb94b-07fa-4f91-ab7e-bc75ff939d62 state=PENDING elapsed=326s — waiting …
2026-02-27 17:00:04 | DEBUG    | Task 68deb94b-07fa-4f91-ab7e-bc75ff939d62 state=PENDING elapsed=331s — waiting …
2026-02-27 17:00:09 | DEBUG    | Task 68deb94b-07fa-4f91-ab7e-bc75ff939d62 state=PENDING elapsed=336s — waiting …
2026-02-27 17:00:14 | DEBUG    | Task 68deb94b-07fa-4f91-ab7e-bc75ff939d62 state=PENDING elapsed=341s — waiting …
2026-02-27 17:00:19 | DEBUG    | Task 68deb94b-07fa-4f91-ab7e-bc75ff939d62 state=PENDING elapsed=346s — waiting …
2026-02-27 17:00:24 | DEBUG    | Task 68deb94b-07fa-4f91-ab7e-bc75ff939d62 state=PENDING elapsed=351s — waiting …
2026-02-27 17:00:29 | DEBUG    | Task 68deb94b-07fa-4f91-ab7e-bc75ff939d62 state=PENDING elapsed=356s — waiting …
2026-02-27 17:00:34 | DEBUG    | Task 68deb94b-07fa-4f91-ab7e-bc75ff939d62 state=PENDING elapsed=361s — waiting …
2026-02-27 17:00:39 | DEBUG    | Task 68deb94b-07fa-4f91-ab7e-bc75ff939d62 state=PENDING elapsed=366s — waiting …
2026-02-27 17:00:44 | DEBUG    | Task 68deb94b-07fa-4f91-ab7e-bc75ff939d62 state=PENDING elapsed=371s — waiting …
2026-02-27 17:00:49 | DEBUG    | Task 68deb94b-07fa-4f91-ab7e-bc75ff939d62 state=PENDING elapsed=376s — waiting …
2026-02-27 17:00:54 | DEBUG    | Task 68deb94b-07fa-4f91-ab7e-bc75ff939d62 state=PENDING elapsed=381s — waiting …
2026-02-27 17:00:59 | DEBUG    | Task 68deb94b-07fa-4f91-ab7e-bc75ff939d62 state=PENDING elapsed=386s — waiting …
2026-02-27 17:01:04 | DEBUG    | Task 68deb94b-07fa-4f91-ab7e-bc75ff939d62 state=PENDING elapsed=391s — waiting …
2026-02-27 17:01:09 | DEBUG    | Task 68deb94b-07fa-4f91-ab7e-bc75ff939d62 state=PENDING elapsed=396s — waiting …
2026-02-27 17:01:14 | DEBUG    | Task 68deb94b-07fa-4f91-ab7e-bc75ff939d62 state=PENDING elapsed=401s — waiting …
2026-02-27 17:01:19 | DEBUG    | Task 68deb94b-07fa-4f91-ab7e-bc75ff939d62 state=PENDING elapsed=406s — waiting …
2026-02-27 17:01:24 | DEBUG    | Task 68deb94b-07fa-4f91-ab7e-bc75ff939d62 state=PENDING elapsed=411s — waiting …
2026-02-27 17:01:29 | DEBUG    | Task 68deb94b-07fa-4f91-ab7e-bc75ff939d62 state=PENDING elapsed=416s — waiting …
2026-02-27 17:01:34 | DEBUG    | Task 68deb94b-07fa-4f91-ab7e-bc75ff939d62 state=PENDING elapsed=421s — waiting …
2026-02-27 17:01:39 | DEBUG    | Task 68deb94b-07fa-4f91-ab7e-bc75ff939d62 state=PENDING elapsed=426s — waiting …
2026-02-27 17:01:44 | DEBUG    | Task 68deb94b-07fa-4f91-ab7e-bc75ff939d62 state=PENDING elapsed=431s — waiting …
2026-02-27 17:01:49 | DEBUG    | Task 68deb94b-07fa-4f91-ab7e-bc75ff939d62 state=PENDING elapsed=436s — waiting …
2026-02-27 17:01:54 | DEBUG    | Task 68deb94b-07fa-4f91-ab7e-bc75ff939d62 state=PENDING elapsed=441s — waiting …
2026-02-27 17:01:59 | DEBUG    | Task 68deb94b-07fa-4f91-ab7e-bc75ff939d62 state=PENDING elapsed=446s — waiting …
2026-02-27 17:02:04 | DEBUG    | Task 68deb94b-07fa-4f91-ab7e-bc75ff939d62 state=PENDING elapsed=451s — waiting …
2026-02-27 17:02:09 | DEBUG    | Task 68deb94b-07fa-4f91-ab7e-bc75ff939d62 state=PENDING elapsed=456s — waiting …
2026-02-27 17:02:14 | DEBUG    | Task 68deb94b-07fa-4f91-ab7e-bc75ff939d62 state=PENDING elapsed=461s — waiting …
2026-02-27 17:02:19 | DEBUG    | Task 68deb94b-07fa-4f91-ab7e-bc75ff939d62 state=PENDING elapsed=466s — waiting …
2026-02-27 17:02:24 | DEBUG    | Task 68deb94b-07fa-4f91-ab7e-bc75ff939d62 state=PENDING elapsed=471s — waiting …
2026-02-27 17:02:29 | DEBUG    | Task 68deb94b-07fa-4f91-ab7e-bc75ff939d62 state=PENDING elapsed=476s — waiting …
2026-02-27 17:02:34 | DEBUG    | Task 68deb94b-07fa-4f91-ab7e-bc75ff939d62 state=PENDING elapsed=481s — waiting …
2026-02-27 17:02:39 | DEBUG    | Task 68deb94b-07fa-4f91-ab7e-bc75ff939d62 state=PENDING elapsed=486s — waiting …
2026-02-27 17:02:44 | DEBUG    | Task 68deb94b-07fa-4f91-ab7e-bc75ff939d62 state=PENDING elapsed=491s — waiting …
2026-02-27 17:02:49 | DEBUG    | Task 68deb94b-07fa-4f91-ab7e-bc75ff939d62 state=PENDING elapsed=496s — waiting …
2026-02-27 17:02:54 | DEBUG    | Task 68deb94b-07fa-4f91-ab7e-bc75ff939d62 state=PENDING elapsed=501s — waiting …
2026-02-27 17:02:59 | DEBUG    | Task 68deb94b-07fa-4f91-ab7e-bc75ff939d62 state=PENDING elapsed=506s — waiting …
2026-02-27 17:03:04 | DEBUG    | Task 68deb94b-07fa-4f91-ab7e-bc75ff939d62 state=PENDING elapsed=511s — waiting …
2026-02-27 17:03:09 | DEBUG    | Task 68deb94b-07fa-4f91-ab7e-bc75ff939d62 state=PENDING elapsed=516s — waiting …
2026-02-27 17:03:14 | DEBUG    | Task 68deb94b-07fa-4f91-ab7e-bc75ff939d62 state=PENDING elapsed=521s — waiting …
2026-02-27 17:03:19 | DEBUG    | Task 68deb94b-07fa-4f91-ab7e-bc75ff939d62 state=PENDING elapsed=526s — waiting …
2026-02-27 17:03:24 | DEBUG    | Task 68deb94b-07fa-4f91-ab7e-bc75ff939d62 state=PENDING elapsed=531s — waiting …
2026-02-27 17:03:29 | DEBUG    | Task 68deb94b-07fa-4f91-ab7e-bc75ff939d62 state=PENDING elapsed=536s — waiting …
2026-02-27 17:03:34 | DEBUG    | Task 68deb94b-07fa-4f91-ab7e-bc75ff939d62 state=PENDING elapsed=541s — waiting …
2026-02-27 17:03:39 | DEBUG    | Task 68deb94b-07fa-4f91-ab7e-bc75ff939d62 state=PENDING elapsed=546s — waiting …
2026-02-27 17:03:44 | DEBUG    | Task 68deb94b-07fa-4f91-ab7e-bc75ff939d62 state=PENDING elapsed=551s — waiting …
2026-02-27 17:03:49 | DEBUG    | Task 68deb94b-07fa-4f91-ab7e-bc75ff939d62 state=PENDING elapsed=556s — waiting …
2026-02-27 17:03:54 | DEBUG    | Task 68deb94b-07fa-4f91-ab7e-bc75ff939d62 state=PENDING elapsed=561s — waiting …
2026-02-27 17:03:59 | DEBUG    | Task 68deb94b-07fa-4f91-ab7e-bc75ff939d62 state=PENDING elapsed=566s — waiting …
2026-02-27 17:04:04 | DEBUG    | Task 68deb94b-07fa-4f91-ab7e-bc75ff939d62 state=PENDING elapsed=571s — waiting …
2026-02-27 17:04:09 | DEBUG    | Task 68deb94b-07fa-4f91-ab7e-bc75ff939d62 state=PENDING elapsed=576s — waiting …
2026-02-27 17:04:14 | DEBUG    | Task 68deb94b-07fa-4f91-ab7e-bc75ff939d62 state=PENDING elapsed=581s — waiting …
2026-02-27 17:04:19 | DEBUG    | Task 68deb94b-07fa-4f91-ab7e-bc75ff939d62 state=PENDING elapsed=586s — waiting …
2026-02-27 17:04:24 | DEBUG    | Task 68deb94b-07fa-4f91-ab7e-bc75ff939d62 state=PENDING elapsed=591s — waiting …
2026-02-27 17:04:29 | DEBUG    | Task 68deb94b-07fa-4f91-ab7e-bc75ff939d62 state=PENDING elapsed=596s — waiting …
2026-02-27 17:04:34 | DEBUG    | Task 68deb94b-07fa-4f91-ab7e-bc75ff939d62 state=PENDING elapsed=601s — waiting …
2026-02-27 17:04:39 | DEBUG    | Task 68deb94b-07fa-4f91-ab7e-bc75ff939d62 state=PENDING elapsed=606s — waiting …
2026-02-27 17:04:44 | DEBUG    | Task 68deb94b-07fa-4f91-ab7e-bc75ff939d62 state=PENDING elapsed=611s — waiting …
2026-02-27 17:04:49 | DEBUG    | Task 68deb94b-07fa-4f91-ab7e-bc75ff939d62 state=PENDING elapsed=617s — waiting …
2026-02-27 17:04:54 | DEBUG    | Task 68deb94b-07fa-4f91-ab7e-bc75ff939d62 state=PENDING elapsed=622s — waiting …
2026-02-27 17:04:59 | DEBUG    | Task 68deb94b-07fa-4f91-ab7e-bc75ff939d62 state=PENDING elapsed=627s — waiting …
2026-02-27 17:05:04 | DEBUG    | Task 68deb94b-07fa-4f91-ab7e-bc75ff939d62 state=PENDING elapsed=632s — waiting …
2026-02-27 17:05:09 | DEBUG    | Task 68deb94b-07fa-4f91-ab7e-bc75ff939d62 state=PENDING elapsed=637s — waiting …
2026-02-27 17:05:14 | DEBUG    | Task 68deb94b-07fa-4f91-ab7e-bc75ff939d62 state=PENDING elapsed=642s — waiting …
2026-02-27 17:05:27 | INFO     | Task 68deb94b-07fa-4f91-ab7e-bc75ff939d62 FINISHED in 655s
2026-02-27 17:05:27 | INFO     | ✅ batch 1/1 (13 files) complete
2026-02-27 17:05:27 | INFO     | === SUCCESS  ingested=13  skipped=0 ===
