2026-02-27 17:05:27 | INFO     | === START  dir='/gaia/b04s/CONSORCIOS/SEISCOPE'  collection='SEISCOPE' ===
2026-02-27 17:05:27 | INFO     | Discovered 36 supported file(s)
2026-02-27 17:05:30 | INFO     | Collection 'SEISCOPE' created: {"message":"Collection SEISCOPE created successfully.","collection_name":"SEISCOPE"}
2026-02-27 17:05:30 | INFO     | list_documents: 0 existing doc(s) in 'SEISCOPE' (total reported: 0)
2026-02-27 17:05:30 | INFO     | Classification: 36 new, 0 already present
2026-02-27 17:05:30 | INFO     | Uploading 3 batch(es) of up to 16 file(s) each
2026-02-27 17:05:30 | INFO     | --- batch 1/3 (16 files) ---
2026-02-27 17:05:30 | DEBUG    |   Files: -ABSTRACT-new-107-.html, -LECTURES-88-.html, -PhD-THESIS-.html, 2013_seiscope_annual_report.pdf, 2014_seiscope_annual_report_final.pdf, 2015_seiscope_annual_report_final-2.pdf, 2016_seiscope_annual_report_lr-2.pdf, 2017_seiscope_annual_report-2.pdf, 2018_seiscope_annual_report-2.pdf, 2019_seiscope_annual_report_lr-2.pdf, 2020_seiscope_annual_report_lr-2.pdf, 2021_seiscope_annual_report.pdf, 2022_nouibat_phd_lithospheric_imaging.pdf, 2022_seiscope_annual_report.pdf, 2023_seiscope_annual_report_lr.pdf, 2024_seiscope_annual_report.pdf
2026-02-27 17:05:50 | INFO     | Upload accepted → task_id=4bc4fe96-25fa-4fc0-9be4-a776a25900ea
2026-02-27 17:05:50 | DEBUG    | Task 4bc4fe96-25fa-4fc0-9be4-a776a25900ea state=PENDING elapsed=0s — waiting …
2026-02-27 17:05:56 | DEBUG    | Task 4bc4fe96-25fa-4fc0-9be4-a776a25900ea state=PENDING elapsed=5s — waiting …
2026-02-27 17:06:01 | DEBUG    | Task 4bc4fe96-25fa-4fc0-9be4-a776a25900ea state=PENDING elapsed=10s — waiting …
2026-02-27 17:06:06 | DEBUG    | Task 4bc4fe96-25fa-4fc0-9be4-a776a25900ea state=PENDING elapsed=15s — waiting …
2026-02-27 17:06:11 | DEBUG    | Task 4bc4fe96-25fa-4fc0-9be4-a776a25900ea state=PENDING elapsed=20s — waiting …
2026-02-27 17:06:16 | DEBUG    | Task 4bc4fe96-25fa-4fc0-9be4-a776a25900ea state=PENDING elapsed=25s — waiting …
2026-02-27 17:06:21 | DEBUG    | Task 4bc4fe96-25fa-4fc0-9be4-a776a25900ea state=PENDING elapsed=30s — waiting …
2026-02-27 17:06:26 | DEBUG    | Task 4bc4fe96-25fa-4fc0-9be4-a776a25900ea state=PENDING elapsed=35s — waiting …
2026-02-27 17:06:31 | DEBUG    | Task 4bc4fe96-25fa-4fc0-9be4-a776a25900ea state=PENDING elapsed=40s — waiting …
2026-02-27 17:06:36 | DEBUG    | Task 4bc4fe96-25fa-4fc0-9be4-a776a25900ea state=PENDING elapsed=45s — waiting …
2026-02-27 17:06:41 | DEBUG    | Task 4bc4fe96-25fa-4fc0-9be4-a776a25900ea state=PENDING elapsed=50s — waiting …
2026-02-27 17:06:46 | DEBUG    | Task 4bc4fe96-25fa-4fc0-9be4-a776a25900ea state=PENDING elapsed=55s — waiting …
2026-02-27 17:06:51 | DEBUG    | Task 4bc4fe96-25fa-4fc0-9be4-a776a25900ea state=PENDING elapsed=60s — waiting …
2026-02-27 17:06:56 | DEBUG    | Task 4bc4fe96-25fa-4fc0-9be4-a776a25900ea state=PENDING elapsed=65s — waiting …
2026-02-27 17:07:01 | DEBUG    | Task 4bc4fe96-25fa-4fc0-9be4-a776a25900ea state=PENDING elapsed=70s — waiting …
2026-02-27 17:07:07 | DEBUG    | Task 4bc4fe96-25fa-4fc0-9be4-a776a25900ea state=PENDING elapsed=77s — waiting …
2026-02-27 17:07:12 | DEBUG    | Task 4bc4fe96-25fa-4fc0-9be4-a776a25900ea state=PENDING elapsed=82s — waiting …
2026-02-27 17:07:17 | DEBUG    | Task 4bc4fe96-25fa-4fc0-9be4-a776a25900ea state=PENDING elapsed=87s — waiting …
2026-02-27 17:07:22 | DEBUG    | Task 4bc4fe96-25fa-4fc0-9be4-a776a25900ea state=PENDING elapsed=92s — waiting …
2026-02-27 17:07:27 | DEBUG    | Task 4bc4fe96-25fa-4fc0-9be4-a776a25900ea state=PENDING elapsed=97s — waiting …
2026-02-27 17:07:32 | DEBUG    | Task 4bc4fe96-25fa-4fc0-9be4-a776a25900ea state=PENDING elapsed=102s — waiting …
2026-02-27 17:07:37 | DEBUG    | Task 4bc4fe96-25fa-4fc0-9be4-a776a25900ea state=PENDING elapsed=107s — waiting …
2026-02-27 17:07:42 | DEBUG    | Task 4bc4fe96-25fa-4fc0-9be4-a776a25900ea state=PENDING elapsed=112s — waiting …
2026-02-27 17:07:47 | DEBUG    | Task 4bc4fe96-25fa-4fc0-9be4-a776a25900ea state=PENDING elapsed=117s — waiting …
2026-02-27 17:07:52 | DEBUG    | Task 4bc4fe96-25fa-4fc0-9be4-a776a25900ea state=PENDING elapsed=122s — waiting …
2026-02-27 17:07:57 | DEBUG    | Task 4bc4fe96-25fa-4fc0-9be4-a776a25900ea state=PENDING elapsed=127s — waiting …
2026-02-27 17:08:02 | DEBUG    | Task 4bc4fe96-25fa-4fc0-9be4-a776a25900ea state=PENDING elapsed=132s — waiting …
2026-02-27 17:08:07 | DEBUG    | Task 4bc4fe96-25fa-4fc0-9be4-a776a25900ea state=PENDING elapsed=137s — waiting …
2026-02-27 17:08:12 | DEBUG    | Task 4bc4fe96-25fa-4fc0-9be4-a776a25900ea state=PENDING elapsed=142s — waiting …
2026-02-27 17:08:17 | DEBUG    | Task 4bc4fe96-25fa-4fc0-9be4-a776a25900ea state=PENDING elapsed=147s — waiting …
2026-02-27 17:08:22 | DEBUG    | Task 4bc4fe96-25fa-4fc0-9be4-a776a25900ea state=PENDING elapsed=152s — waiting …
2026-02-27 17:08:27 | DEBUG    | Task 4bc4fe96-25fa-4fc0-9be4-a776a25900ea state=PENDING elapsed=157s — waiting …
2026-02-27 17:08:32 | DEBUG    | Task 4bc4fe96-25fa-4fc0-9be4-a776a25900ea state=PENDING elapsed=162s — waiting …
2026-02-27 17:08:37 | DEBUG    | Task 4bc4fe96-25fa-4fc0-9be4-a776a25900ea state=PENDING elapsed=167s — waiting …
2026-02-27 17:08:42 | DEBUG    | Task 4bc4fe96-25fa-4fc0-9be4-a776a25900ea state=PENDING elapsed=172s — waiting …
2026-02-27 17:08:47 | DEBUG    | Task 4bc4fe96-25fa-4fc0-9be4-a776a25900ea state=PENDING elapsed=177s — waiting …
2026-02-27 17:08:52 | DEBUG    | Task 4bc4fe96-25fa-4fc0-9be4-a776a25900ea state=PENDING elapsed=182s — waiting …
2026-02-27 17:08:57 | DEBUG    | Task 4bc4fe96-25fa-4fc0-9be4-a776a25900ea state=PENDING elapsed=187s — waiting …
2026-02-27 17:09:02 | DEBUG    | Task 4bc4fe96-25fa-4fc0-9be4-a776a25900ea state=PENDING elapsed=192s — waiting …
2026-02-27 17:09:07 | DEBUG    | Task 4bc4fe96-25fa-4fc0-9be4-a776a25900ea state=PENDING elapsed=197s — waiting …
2026-02-27 17:09:13 | DEBUG    | Task 4bc4fe96-25fa-4fc0-9be4-a776a25900ea state=PENDING elapsed=202s — waiting …
2026-02-27 17:09:18 | DEBUG    | Task 4bc4fe96-25fa-4fc0-9be4-a776a25900ea state=PENDING elapsed=207s — waiting …
2026-02-27 17:09:23 | DEBUG    | Task 4bc4fe96-25fa-4fc0-9be4-a776a25900ea state=PENDING elapsed=212s — waiting …
2026-02-27 17:09:28 | DEBUG    | Task 4bc4fe96-25fa-4fc0-9be4-a776a25900ea state=PENDING elapsed=217s — waiting …
2026-02-27 17:09:33 | DEBUG    | Task 4bc4fe96-25fa-4fc0-9be4-a776a25900ea state=PENDING elapsed=222s — waiting …
2026-02-27 17:09:38 | DEBUG    | Task 4bc4fe96-25fa-4fc0-9be4-a776a25900ea state=PENDING elapsed=227s — waiting …
2026-02-27 17:09:43 | DEBUG    | Task 4bc4fe96-25fa-4fc0-9be4-a776a25900ea state=PENDING elapsed=232s — waiting …
2026-02-27 17:09:48 | DEBUG    | Task 4bc4fe96-25fa-4fc0-9be4-a776a25900ea state=PENDING elapsed=237s — waiting …
2026-02-27 17:09:53 | DEBUG    | Task 4bc4fe96-25fa-4fc0-9be4-a776a25900ea state=PENDING elapsed=242s — waiting …
2026-02-27 17:09:58 | DEBUG    | Task 4bc4fe96-25fa-4fc0-9be4-a776a25900ea state=PENDING elapsed=247s — waiting …
2026-02-27 17:10:03 | DEBUG    | Task 4bc4fe96-25fa-4fc0-9be4-a776a25900ea state=PENDING elapsed=252s — waiting …
2026-02-27 17:10:08 | DEBUG    | Task 4bc4fe96-25fa-4fc0-9be4-a776a25900ea state=PENDING elapsed=257s — waiting …
2026-02-27 17:10:13 | DEBUG    | Task 4bc4fe96-25fa-4fc0-9be4-a776a25900ea state=PENDING elapsed=262s — waiting …
2026-02-27 17:10:18 | DEBUG    | Task 4bc4fe96-25fa-4fc0-9be4-a776a25900ea state=PENDING elapsed=267s — waiting …
2026-02-27 17:10:23 | DEBUG    | Task 4bc4fe96-25fa-4fc0-9be4-a776a25900ea state=PENDING elapsed=272s — waiting …
2026-02-27 17:10:28 | DEBUG    | Task 4bc4fe96-25fa-4fc0-9be4-a776a25900ea state=PENDING elapsed=277s — waiting …
2026-02-27 17:10:33 | DEBUG    | Task 4bc4fe96-25fa-4fc0-9be4-a776a25900ea state=PENDING elapsed=282s — waiting …
2026-02-27 17:10:38 | DEBUG    | Task 4bc4fe96-25fa-4fc0-9be4-a776a25900ea state=PENDING elapsed=287s — waiting …
2026-02-27 17:10:43 | DEBUG    | Task 4bc4fe96-25fa-4fc0-9be4-a776a25900ea state=PENDING elapsed=292s — waiting …
2026-02-27 17:10:48 | DEBUG    | Task 4bc4fe96-25fa-4fc0-9be4-a776a25900ea state=PENDING elapsed=297s — waiting …
2026-02-27 17:10:53 | DEBUG    | Task 4bc4fe96-25fa-4fc0-9be4-a776a25900ea state=PENDING elapsed=302s — waiting …
2026-02-27 17:10:58 | DEBUG    | Task 4bc4fe96-25fa-4fc0-9be4-a776a25900ea state=PENDING elapsed=307s — waiting …
2026-02-27 17:11:03 | DEBUG    | Task 4bc4fe96-25fa-4fc0-9be4-a776a25900ea state=PENDING elapsed=312s — waiting …
2026-02-27 17:11:08 | DEBUG    | Task 4bc4fe96-25fa-4fc0-9be4-a776a25900ea state=PENDING elapsed=317s — waiting …
2026-02-27 17:11:13 | DEBUG    | Task 4bc4fe96-25fa-4fc0-9be4-a776a25900ea state=PENDING elapsed=322s — waiting …
2026-02-27 17:11:18 | DEBUG    | Task 4bc4fe96-25fa-4fc0-9be4-a776a25900ea state=PENDING elapsed=327s — waiting …
2026-02-27 17:11:23 | DEBUG    | Task 4bc4fe96-25fa-4fc0-9be4-a776a25900ea state=PENDING elapsed=332s — waiting …
2026-02-27 17:11:28 | DEBUG    | Task 4bc4fe96-25fa-4fc0-9be4-a776a25900ea state=PENDING elapsed=337s — waiting …
2026-02-27 17:11:33 | DEBUG    | Task 4bc4fe96-25fa-4fc0-9be4-a776a25900ea state=PENDING elapsed=342s — waiting …
2026-02-27 17:11:38 | DEBUG    | Task 4bc4fe96-25fa-4fc0-9be4-a776a25900ea state=PENDING elapsed=347s — waiting …
2026-02-27 17:11:43 | DEBUG    | Task 4bc4fe96-25fa-4fc0-9be4-a776a25900ea state=PENDING elapsed=352s — waiting …
2026-02-27 17:11:48 | DEBUG    | Task 4bc4fe96-25fa-4fc0-9be4-a776a25900ea state=PENDING elapsed=357s — waiting …
2026-02-27 17:11:53 | DEBUG    | Task 4bc4fe96-25fa-4fc0-9be4-a776a25900ea state=PENDING elapsed=362s — waiting …
2026-02-27 17:11:58 | DEBUG    | Task 4bc4fe96-25fa-4fc0-9be4-a776a25900ea state=PENDING elapsed=367s — waiting …
2026-02-27 17:12:03 | DEBUG    | Task 4bc4fe96-25fa-4fc0-9be4-a776a25900ea state=PENDING elapsed=373s — waiting …
2026-02-27 17:12:09 | DEBUG    | Task 4bc4fe96-25fa-4fc0-9be4-a776a25900ea state=PENDING elapsed=378s — waiting …
2026-02-27 17:12:14 | DEBUG    | Task 4bc4fe96-25fa-4fc0-9be4-a776a25900ea state=PENDING elapsed=383s — waiting …
2026-02-27 17:12:19 | DEBUG    | Task 4bc4fe96-25fa-4fc0-9be4-a776a25900ea state=PENDING elapsed=388s — waiting …
2026-02-27 17:12:24 | DEBUG    | Task 4bc4fe96-25fa-4fc0-9be4-a776a25900ea state=PENDING elapsed=393s — waiting …
2026-02-27 17:12:29 | DEBUG    | Task 4bc4fe96-25fa-4fc0-9be4-a776a25900ea state=PENDING elapsed=398s — waiting …
2026-02-27 17:12:34 | DEBUG    | Task 4bc4fe96-25fa-4fc0-9be4-a776a25900ea state=PENDING elapsed=403s — waiting …
2026-02-27 17:12:39 | DEBUG    | Task 4bc4fe96-25fa-4fc0-9be4-a776a25900ea state=PENDING elapsed=408s — waiting …
2026-02-27 17:12:44 | DEBUG    | Task 4bc4fe96-25fa-4fc0-9be4-a776a25900ea state=PENDING elapsed=413s — waiting …
2026-02-27 17:12:49 | DEBUG    | Task 4bc4fe96-25fa-4fc0-9be4-a776a25900ea state=PENDING elapsed=418s — waiting …
2026-02-27 17:12:54 | DEBUG    | Task 4bc4fe96-25fa-4fc0-9be4-a776a25900ea state=PENDING elapsed=423s — waiting …
2026-02-27 17:12:59 | DEBUG    | Task 4bc4fe96-25fa-4fc0-9be4-a776a25900ea state=PENDING elapsed=428s — waiting …
2026-02-27 17:13:04 | DEBUG    | Task 4bc4fe96-25fa-4fc0-9be4-a776a25900ea state=PENDING elapsed=433s — waiting …
2026-02-27 17:13:09 | DEBUG    | Task 4bc4fe96-25fa-4fc0-9be4-a776a25900ea state=PENDING elapsed=438s — waiting …
2026-02-27 17:13:14 | DEBUG    | Task 4bc4fe96-25fa-4fc0-9be4-a776a25900ea state=PENDING elapsed=443s — waiting …
2026-02-27 17:13:19 | DEBUG    | Task 4bc4fe96-25fa-4fc0-9be4-a776a25900ea state=PENDING elapsed=448s — waiting …
2026-02-27 17:13:24 | DEBUG    | Task 4bc4fe96-25fa-4fc0-9be4-a776a25900ea state=PENDING elapsed=453s — waiting …
2026-02-27 17:13:29 | DEBUG    | Task 4bc4fe96-25fa-4fc0-9be4-a776a25900ea state=PENDING elapsed=458s — waiting …
2026-02-27 17:13:34 | DEBUG    | Task 4bc4fe96-25fa-4fc0-9be4-a776a25900ea state=PENDING elapsed=463s — waiting …
2026-02-27 17:13:39 | DEBUG    | Task 4bc4fe96-25fa-4fc0-9be4-a776a25900ea state=PENDING elapsed=468s — waiting …
2026-02-27 17:13:44 | DEBUG    | Task 4bc4fe96-25fa-4fc0-9be4-a776a25900ea state=PENDING elapsed=473s — waiting …
2026-02-27 17:13:49 | DEBUG    | Task 4bc4fe96-25fa-4fc0-9be4-a776a25900ea state=PENDING elapsed=478s — waiting …
2026-02-27 17:13:54 | DEBUG    | Task 4bc4fe96-25fa-4fc0-9be4-a776a25900ea state=PENDING elapsed=483s — waiting …
2026-02-27 17:13:59 | DEBUG    | Task 4bc4fe96-25fa-4fc0-9be4-a776a25900ea state=PENDING elapsed=488s — waiting …
2026-02-27 17:14:04 | DEBUG    | Task 4bc4fe96-25fa-4fc0-9be4-a776a25900ea state=PENDING elapsed=494s — waiting …
2026-02-27 17:14:09 | DEBUG    | Task 4bc4fe96-25fa-4fc0-9be4-a776a25900ea state=PENDING elapsed=499s — waiting …
2026-02-27 17:14:14 | DEBUG    | Task 4bc4fe96-25fa-4fc0-9be4-a776a25900ea state=PENDING elapsed=504s — waiting …
2026-02-27 17:14:19 | DEBUG    | Task 4bc4fe96-25fa-4fc0-9be4-a776a25900ea state=PENDING elapsed=509s — waiting …
2026-02-27 17:14:24 | DEBUG    | Task 4bc4fe96-25fa-4fc0-9be4-a776a25900ea state=PENDING elapsed=514s — waiting …
2026-02-27 17:14:30 | DEBUG    | Task 4bc4fe96-25fa-4fc0-9be4-a776a25900ea state=PENDING elapsed=520s — waiting …
2026-02-27 17:14:35 | DEBUG    | Task 4bc4fe96-25fa-4fc0-9be4-a776a25900ea state=PENDING elapsed=525s — waiting …
2026-02-27 17:14:40 | DEBUG    | Task 4bc4fe96-25fa-4fc0-9be4-a776a25900ea state=PENDING elapsed=530s — waiting …
2026-02-27 17:14:45 | DEBUG    | Task 4bc4fe96-25fa-4fc0-9be4-a776a25900ea state=PENDING elapsed=535s — waiting …
2026-02-27 17:14:50 | DEBUG    | Task 4bc4fe96-25fa-4fc0-9be4-a776a25900ea state=PENDING elapsed=540s — waiting …
2026-02-27 17:14:55 | DEBUG    | Task 4bc4fe96-25fa-4fc0-9be4-a776a25900ea state=PENDING elapsed=545s — waiting …
2026-02-27 17:15:00 | DEBUG    | Task 4bc4fe96-25fa-4fc0-9be4-a776a25900ea state=PENDING elapsed=550s — waiting …
2026-02-27 17:15:05 | DEBUG    | Task 4bc4fe96-25fa-4fc0-9be4-a776a25900ea state=PENDING elapsed=555s — waiting …
2026-02-27 17:15:10 | DEBUG    | Task 4bc4fe96-25fa-4fc0-9be4-a776a25900ea state=PENDING elapsed=560s — waiting …
2026-02-27 17:15:15 | DEBUG    | Task 4bc4fe96-25fa-4fc0-9be4-a776a25900ea state=PENDING elapsed=565s — waiting …
2026-02-27 17:15:20 | DEBUG    | Task 4bc4fe96-25fa-4fc0-9be4-a776a25900ea state=PENDING elapsed=570s — waiting …
2026-02-27 17:15:25 | DEBUG    | Task 4bc4fe96-25fa-4fc0-9be4-a776a25900ea state=PENDING elapsed=575s — waiting …
2026-02-27 17:15:30 | DEBUG    | Task 4bc4fe96-25fa-4fc0-9be4-a776a25900ea state=PENDING elapsed=580s — waiting …
2026-02-27 17:15:35 | DEBUG    | Task 4bc4fe96-25fa-4fc0-9be4-a776a25900ea state=PENDING elapsed=585s — waiting …
2026-02-27 17:15:40 | DEBUG    | Task 4bc4fe96-25fa-4fc0-9be4-a776a25900ea state=PENDING elapsed=590s — waiting …
2026-02-27 17:15:45 | DEBUG    | Task 4bc4fe96-25fa-4fc0-9be4-a776a25900ea state=PENDING elapsed=595s — waiting …
2026-02-27 17:15:50 | DEBUG    | Task 4bc4fe96-25fa-4fc0-9be4-a776a25900ea state=PENDING elapsed=600s — waiting …
2026-02-27 17:15:55 | DEBUG    | Task 4bc4fe96-25fa-4fc0-9be4-a776a25900ea state=PENDING elapsed=605s — waiting …
2026-02-27 17:16:00 | DEBUG    | Task 4bc4fe96-25fa-4fc0-9be4-a776a25900ea state=PENDING elapsed=610s — waiting …
2026-02-27 17:16:07 | DEBUG    | Task 4bc4fe96-25fa-4fc0-9be4-a776a25900ea state=PENDING elapsed=617s — waiting …
2026-02-27 17:16:12 | DEBUG    | Task 4bc4fe96-25fa-4fc0-9be4-a776a25900ea state=PENDING elapsed=622s — waiting …
2026-02-27 17:16:18 | DEBUG    | Task 4bc4fe96-25fa-4fc0-9be4-a776a25900ea state=PENDING elapsed=627s — waiting …
2026-02-27 17:16:23 | DEBUG    | Task 4bc4fe96-25fa-4fc0-9be4-a776a25900ea state=PENDING elapsed=632s — waiting …
2026-02-27 17:16:28 | DEBUG    | Task 4bc4fe96-25fa-4fc0-9be4-a776a25900ea state=PENDING elapsed=637s — waiting …
2026-02-27 17:16:33 | DEBUG    | Task 4bc4fe96-25fa-4fc0-9be4-a776a25900ea state=PENDING elapsed=642s — waiting …
2026-02-27 17:16:38 | DEBUG    | Task 4bc4fe96-25fa-4fc0-9be4-a776a25900ea state=PENDING elapsed=647s — waiting …
2026-02-27 17:16:43 | DEBUG    | Task 4bc4fe96-25fa-4fc0-9be4-a776a25900ea state=PENDING elapsed=652s — waiting …
2026-02-27 17:16:48 | DEBUG    | Task 4bc4fe96-25fa-4fc0-9be4-a776a25900ea state=PENDING elapsed=657s — waiting …
2026-02-27 17:16:53 | DEBUG    | Task 4bc4fe96-25fa-4fc0-9be4-a776a25900ea state=PENDING elapsed=662s — waiting …
2026-02-27 17:16:58 | DEBUG    | Task 4bc4fe96-25fa-4fc0-9be4-a776a25900ea state=PENDING elapsed=667s — waiting …
2026-02-27 17:17:03 | DEBUG    | Task 4bc4fe96-25fa-4fc0-9be4-a776a25900ea state=PENDING elapsed=672s — waiting …
2026-02-27 17:17:08 | DEBUG    | Task 4bc4fe96-25fa-4fc0-9be4-a776a25900ea state=PENDING elapsed=677s — waiting …
2026-02-27 17:17:13 | DEBUG    | Task 4bc4fe96-25fa-4fc0-9be4-a776a25900ea state=PENDING elapsed=682s — waiting …
2026-02-27 17:17:18 | DEBUG    | Task 4bc4fe96-25fa-4fc0-9be4-a776a25900ea state=PENDING elapsed=687s — waiting …
2026-02-27 17:17:23 | DEBUG    | Task 4bc4fe96-25fa-4fc0-9be4-a776a25900ea state=PENDING elapsed=692s — waiting …
2026-02-27 17:17:28 | DEBUG    | Task 4bc4fe96-25fa-4fc0-9be4-a776a25900ea state=PENDING elapsed=697s — waiting …
2026-02-27 17:17:33 | DEBUG    | Task 4bc4fe96-25fa-4fc0-9be4-a776a25900ea state=PENDING elapsed=702s — waiting …
2026-02-27 17:17:38 | DEBUG    | Task 4bc4fe96-25fa-4fc0-9be4-a776a25900ea state=PENDING elapsed=707s — waiting …
2026-02-27 17:17:43 | DEBUG    | Task 4bc4fe96-25fa-4fc0-9be4-a776a25900ea state=PENDING elapsed=712s — waiting …
2026-02-27 17:17:48 | DEBUG    | Task 4bc4fe96-25fa-4fc0-9be4-a776a25900ea state=PENDING elapsed=717s — waiting …
2026-02-27 17:17:53 | DEBUG    | Task 4bc4fe96-25fa-4fc0-9be4-a776a25900ea state=PENDING elapsed=722s — waiting …
2026-02-27 17:17:58 | DEBUG    | Task 4bc4fe96-25fa-4fc0-9be4-a776a25900ea state=PENDING elapsed=727s — waiting …
2026-02-27 17:18:03 | DEBUG    | Task 4bc4fe96-25fa-4fc0-9be4-a776a25900ea state=PENDING elapsed=732s — waiting …
2026-02-27 17:18:08 | DEBUG    | Task 4bc4fe96-25fa-4fc0-9be4-a776a25900ea state=PENDING elapsed=738s — waiting …
2026-02-27 17:18:13 | DEBUG    | Task 4bc4fe96-25fa-4fc0-9be4-a776a25900ea state=PENDING elapsed=743s — waiting …
2026-02-27 17:18:18 | DEBUG    | Task 4bc4fe96-25fa-4fc0-9be4-a776a25900ea state=PENDING elapsed=748s — waiting …
2026-02-27 17:18:23 | DEBUG    | Task 4bc4fe96-25fa-4fc0-9be4-a776a25900ea state=PENDING elapsed=753s — waiting …
2026-02-27 17:18:28 | DEBUG    | Task 4bc4fe96-25fa-4fc0-9be4-a776a25900ea state=PENDING elapsed=758s — waiting …
2026-02-27 17:18:33 | DEBUG    | Task 4bc4fe96-25fa-4fc0-9be4-a776a25900ea state=PENDING elapsed=763s — waiting …
2026-02-27 17:18:38 | DEBUG    | Task 4bc4fe96-25fa-4fc0-9be4-a776a25900ea state=PENDING elapsed=768s — waiting …
2026-02-27 17:18:51 | INFO     | Task 4bc4fe96-25fa-4fc0-9be4-a776a25900ea FINISHED in 780s
2026-02-27 17:18:51 | INFO     | ✅ batch 1/3 (16 files) complete
2026-02-27 17:18:51 | INFO     | --- batch 2/3 (16 files) ---
2026-02-27 17:18:51 | DEBUG    |   Files: hamitou_these_final.pdf, le_bouteiller_thesis_final-2.pdf, phd_asnaashari_2013.pdf, phd_ben-hadj-ali_2009-3.pdf, phd_brossier_2009-2.pdf, phd_castellanos_2014.pdf, phd_dupuy_2011-2.pdf, phd_etienne_2011.pdf, phd_gholami_2012.pdf, phd_hu_2012-2.pdf, phd_pageot_2012-2.pdf, phd_prieux_2012-2.pdf, phd_roques_2012.pdf, phd_thesis_tavakoli_2017.pdf, pladys_thesis_main.pdf, thesis_sanchez_reyes_2019_final-2.pdf
2026-02-27 17:18:58 | INFO     | Upload accepted → task_id=52feb689-c091-4831-82f8-f9eafe87c5fb
2026-02-27 17:18:58 | DEBUG    | Task 52feb689-c091-4831-82f8-f9eafe87c5fb state=PENDING elapsed=0s — waiting …
2026-02-27 17:19:03 | DEBUG    | Task 52feb689-c091-4831-82f8-f9eafe87c5fb state=PENDING elapsed=5s — waiting …
2026-02-27 17:19:08 | DEBUG    | Task 52feb689-c091-4831-82f8-f9eafe87c5fb state=PENDING elapsed=10s — waiting …
2026-02-27 17:19:14 | DEBUG    | Task 52feb689-c091-4831-82f8-f9eafe87c5fb state=PENDING elapsed=16s — waiting …
2026-02-27 17:19:19 | DEBUG    | Task 52feb689-c091-4831-82f8-f9eafe87c5fb state=PENDING elapsed=21s — waiting …
2026-02-27 17:19:24 | DEBUG    | Task 52feb689-c091-4831-82f8-f9eafe87c5fb state=PENDING elapsed=26s — waiting …
2026-02-27 17:19:29 | DEBUG    | Task 52feb689-c091-4831-82f8-f9eafe87c5fb state=PENDING elapsed=31s — waiting …
2026-02-27 17:19:34 | DEBUG    | Task 52feb689-c091-4831-82f8-f9eafe87c5fb state=PENDING elapsed=36s — waiting …
2026-02-27 17:19:39 | DEBUG    | Task 52feb689-c091-4831-82f8-f9eafe87c5fb state=PENDING elapsed=41s — waiting …
2026-02-27 17:19:44 | DEBUG    | Task 52feb689-c091-4831-82f8-f9eafe87c5fb state=PENDING elapsed=46s — waiting …
2026-02-27 17:19:49 | DEBUG    | Task 52feb689-c091-4831-82f8-f9eafe87c5fb state=PENDING elapsed=51s — waiting …
2026-02-27 17:19:54 | DEBUG    | Task 52feb689-c091-4831-82f8-f9eafe87c5fb state=PENDING elapsed=56s — waiting …
2026-02-27 17:19:59 | DEBUG    | Task 52feb689-c091-4831-82f8-f9eafe87c5fb state=PENDING elapsed=61s — waiting …
2026-02-27 17:20:04 | DEBUG    | Task 52feb689-c091-4831-82f8-f9eafe87c5fb state=PENDING elapsed=66s — waiting …
2026-02-27 17:20:09 | DEBUG    | Task 52feb689-c091-4831-82f8-f9eafe87c5fb state=PENDING elapsed=71s — waiting …
2026-02-27 17:20:22 | DEBUG    | Task 52feb689-c091-4831-82f8-f9eafe87c5fb state=PENDING elapsed=84s — waiting …
2026-02-27 17:20:27 | DEBUG    | Task 52feb689-c091-4831-82f8-f9eafe87c5fb state=PENDING elapsed=89s — waiting …
2026-02-27 17:20:32 | DEBUG    | Task 52feb689-c091-4831-82f8-f9eafe87c5fb state=PENDING elapsed=94s — waiting …
2026-02-27 17:20:37 | DEBUG    | Task 52feb689-c091-4831-82f8-f9eafe87c5fb state=PENDING elapsed=99s — waiting …
2026-02-27 17:20:55 | DEBUG    | Task 52feb689-c091-4831-82f8-f9eafe87c5fb state=PENDING elapsed=118s — waiting …
2026-02-27 17:21:01 | DEBUG    | Task 52feb689-c091-4831-82f8-f9eafe87c5fb state=PENDING elapsed=123s — waiting …
2026-02-27 17:21:06 | DEBUG    | Task 52feb689-c091-4831-82f8-f9eafe87c5fb state=PENDING elapsed=128s — waiting …
2026-02-27 17:21:11 | DEBUG    | Task 52feb689-c091-4831-82f8-f9eafe87c5fb state=PENDING elapsed=133s — waiting …
2026-02-27 17:21:16 | DEBUG    | Task 52feb689-c091-4831-82f8-f9eafe87c5fb state=PENDING elapsed=139s — waiting …
2026-02-27 17:21:28 | DEBUG    | Task 52feb689-c091-4831-82f8-f9eafe87c5fb state=PENDING elapsed=150s — waiting …
2026-02-27 17:21:33 | DEBUG    | Task 52feb689-c091-4831-82f8-f9eafe87c5fb state=PENDING elapsed=155s — waiting …
2026-02-27 17:21:38 | DEBUG    | Task 52feb689-c091-4831-82f8-f9eafe87c5fb state=PENDING elapsed=160s — waiting …
2026-02-27 17:21:43 | DEBUG    | Task 52feb689-c091-4831-82f8-f9eafe87c5fb state=PENDING elapsed=165s — waiting …
2026-02-27 17:21:48 | DEBUG    | Task 52feb689-c091-4831-82f8-f9eafe87c5fb state=PENDING elapsed=170s — waiting …
2026-02-27 17:21:53 | DEBUG    | Task 52feb689-c091-4831-82f8-f9eafe87c5fb state=PENDING elapsed=175s — waiting …
2026-02-27 17:21:58 | DEBUG    | Task 52feb689-c091-4831-82f8-f9eafe87c5fb state=PENDING elapsed=180s — waiting …
2026-02-27 17:22:03 | DEBUG    | Task 52feb689-c091-4831-82f8-f9eafe87c5fb state=PENDING elapsed=185s — waiting …
2026-02-27 17:22:08 | DEBUG    | Task 52feb689-c091-4831-82f8-f9eafe87c5fb state=PENDING elapsed=190s — waiting …
2026-02-27 17:22:13 | DEBUG    | Task 52feb689-c091-4831-82f8-f9eafe87c5fb state=PENDING elapsed=195s — waiting …
2026-02-27 17:22:18 | DEBUG    | Task 52feb689-c091-4831-82f8-f9eafe87c5fb state=PENDING elapsed=200s — waiting …
2026-02-27 17:22:23 | DEBUG    | Task 52feb689-c091-4831-82f8-f9eafe87c5fb state=PENDING elapsed=205s — waiting …
2026-02-27 17:22:28 | DEBUG    | Task 52feb689-c091-4831-82f8-f9eafe87c5fb state=PENDING elapsed=210s — waiting …
2026-02-27 17:22:34 | DEBUG    | Task 52feb689-c091-4831-82f8-f9eafe87c5fb state=PENDING elapsed=217s — waiting …
2026-02-27 17:22:39 | DEBUG    | Task 52feb689-c091-4831-82f8-f9eafe87c5fb state=PENDING elapsed=222s — waiting …
2026-02-27 17:22:44 | DEBUG    | Task 52feb689-c091-4831-82f8-f9eafe87c5fb state=PENDING elapsed=227s — waiting …
2026-02-27 17:22:49 | DEBUG    | Task 52feb689-c091-4831-82f8-f9eafe87c5fb state=PENDING elapsed=232s — waiting …
2026-02-27 17:22:54 | DEBUG    | Task 52feb689-c091-4831-82f8-f9eafe87c5fb state=PENDING elapsed=237s — waiting …
2026-02-27 17:22:59 | DEBUG    | Task 52feb689-c091-4831-82f8-f9eafe87c5fb state=PENDING elapsed=242s — waiting …
2026-02-27 17:23:04 | DEBUG    | Task 52feb689-c091-4831-82f8-f9eafe87c5fb state=PENDING elapsed=247s — waiting …
2026-02-27 17:23:09 | DEBUG    | Task 52feb689-c091-4831-82f8-f9eafe87c5fb state=PENDING elapsed=252s — waiting …
2026-02-27 17:23:14 | DEBUG    | Task 52feb689-c091-4831-82f8-f9eafe87c5fb state=PENDING elapsed=257s — waiting …
2026-02-27 17:23:19 | DEBUG    | Task 52feb689-c091-4831-82f8-f9eafe87c5fb state=PENDING elapsed=262s — waiting …
2026-02-27 17:23:24 | DEBUG    | Task 52feb689-c091-4831-82f8-f9eafe87c5fb state=PENDING elapsed=267s — waiting …
2026-02-27 17:23:29 | DEBUG    | Task 52feb689-c091-4831-82f8-f9eafe87c5fb state=PENDING elapsed=272s — waiting …
2026-02-27 17:23:34 | DEBUG    | Task 52feb689-c091-4831-82f8-f9eafe87c5fb state=PENDING elapsed=277s — waiting …
2026-02-27 17:23:39 | DEBUG    | Task 52feb689-c091-4831-82f8-f9eafe87c5fb state=PENDING elapsed=282s — waiting …
2026-02-27 17:23:44 | DEBUG    | Task 52feb689-c091-4831-82f8-f9eafe87c5fb state=PENDING elapsed=287s — waiting …
2026-02-27 17:23:49 | DEBUG    | Task 52feb689-c091-4831-82f8-f9eafe87c5fb state=PENDING elapsed=292s — waiting …
2026-02-27 17:23:54 | DEBUG    | Task 52feb689-c091-4831-82f8-f9eafe87c5fb state=PENDING elapsed=297s — waiting …
2026-02-27 17:23:59 | DEBUG    | Task 52feb689-c091-4831-82f8-f9eafe87c5fb state=PENDING elapsed=302s — waiting …
2026-02-27 17:24:04 | DEBUG    | Task 52feb689-c091-4831-82f8-f9eafe87c5fb state=PENDING elapsed=307s — waiting …
2026-02-27 17:24:09 | DEBUG    | Task 52feb689-c091-4831-82f8-f9eafe87c5fb state=PENDING elapsed=312s — waiting …
2026-02-27 17:24:14 | DEBUG    | Task 52feb689-c091-4831-82f8-f9eafe87c5fb state=PENDING elapsed=317s — waiting …
2026-02-27 17:24:19 | DEBUG    | Task 52feb689-c091-4831-82f8-f9eafe87c5fb state=PENDING elapsed=322s — waiting …
2026-02-27 17:24:24 | DEBUG    | Task 52feb689-c091-4831-82f8-f9eafe87c5fb state=PENDING elapsed=327s — waiting …
2026-02-27 17:24:29 | DEBUG    | Task 52feb689-c091-4831-82f8-f9eafe87c5fb state=PENDING elapsed=332s — waiting …
2026-02-27 17:24:34 | DEBUG    | Task 52feb689-c091-4831-82f8-f9eafe87c5fb state=PENDING elapsed=337s — waiting …
2026-02-27 17:24:39 | DEBUG    | Task 52feb689-c091-4831-82f8-f9eafe87c5fb state=PENDING elapsed=342s — waiting …
2026-02-27 17:24:44 | DEBUG    | Task 52feb689-c091-4831-82f8-f9eafe87c5fb state=PENDING elapsed=347s — waiting …
2026-02-27 17:24:49 | DEBUG    | Task 52feb689-c091-4831-82f8-f9eafe87c5fb state=PENDING elapsed=352s — waiting …
2026-02-27 17:24:54 | DEBUG    | Task 52feb689-c091-4831-82f8-f9eafe87c5fb state=PENDING elapsed=357s — waiting …
2026-02-27 17:24:59 | DEBUG    | Task 52feb689-c091-4831-82f8-f9eafe87c5fb state=PENDING elapsed=362s — waiting …
2026-02-27 17:25:04 | DEBUG    | Task 52feb689-c091-4831-82f8-f9eafe87c5fb state=PENDING elapsed=367s — waiting …
2026-02-27 17:25:09 | DEBUG    | Task 52feb689-c091-4831-82f8-f9eafe87c5fb state=PENDING elapsed=372s — waiting …
2026-02-27 17:25:14 | DEBUG    | Task 52feb689-c091-4831-82f8-f9eafe87c5fb state=PENDING elapsed=377s — waiting …
2026-02-27 17:25:19 | DEBUG    | Task 52feb689-c091-4831-82f8-f9eafe87c5fb state=PENDING elapsed=382s — waiting …
2026-02-27 17:25:24 | DEBUG    | Task 52feb689-c091-4831-82f8-f9eafe87c5fb state=PENDING elapsed=387s — waiting …
2026-02-27 17:25:29 | DEBUG    | Task 52feb689-c091-4831-82f8-f9eafe87c5fb state=PENDING elapsed=392s — waiting …
2026-02-27 17:25:34 | DEBUG    | Task 52feb689-c091-4831-82f8-f9eafe87c5fb state=PENDING elapsed=397s — waiting …
2026-02-27 17:25:39 | DEBUG    | Task 52feb689-c091-4831-82f8-f9eafe87c5fb state=PENDING elapsed=402s — waiting …
2026-02-27 17:25:44 | DEBUG    | Task 52feb689-c091-4831-82f8-f9eafe87c5fb state=PENDING elapsed=407s — waiting …
2026-02-27 17:25:49 | DEBUG    | Task 52feb689-c091-4831-82f8-f9eafe87c5fb state=PENDING elapsed=412s — waiting …
2026-02-27 17:25:54 | DEBUG    | Task 52feb689-c091-4831-82f8-f9eafe87c5fb state=PENDING elapsed=417s — waiting …
2026-02-27 17:25:59 | DEBUG    | Task 52feb689-c091-4831-82f8-f9eafe87c5fb state=PENDING elapsed=422s — waiting …
2026-02-27 17:26:04 | DEBUG    | Task 52feb689-c091-4831-82f8-f9eafe87c5fb state=PENDING elapsed=427s — waiting …
2026-02-27 17:26:09 | DEBUG    | Task 52feb689-c091-4831-82f8-f9eafe87c5fb state=PENDING elapsed=432s — waiting …
2026-02-27 17:26:14 | DEBUG    | Task 52feb689-c091-4831-82f8-f9eafe87c5fb state=PENDING elapsed=437s — waiting …
2026-02-27 17:26:19 | DEBUG    | Task 52feb689-c091-4831-82f8-f9eafe87c5fb state=PENDING elapsed=442s — waiting …
2026-02-27 17:26:24 | DEBUG    | Task 52feb689-c091-4831-82f8-f9eafe87c5fb state=PENDING elapsed=447s — waiting …
2026-02-27 17:26:29 | DEBUG    | Task 52feb689-c091-4831-82f8-f9eafe87c5fb state=PENDING elapsed=452s — waiting …
2026-02-27 17:26:34 | DEBUG    | Task 52feb689-c091-4831-82f8-f9eafe87c5fb state=PENDING elapsed=457s — waiting …
2026-02-27 17:26:39 | DEBUG    | Task 52feb689-c091-4831-82f8-f9eafe87c5fb state=PENDING elapsed=462s — waiting …
2026-02-27 17:26:44 | DEBUG    | Task 52feb689-c091-4831-82f8-f9eafe87c5fb state=PENDING elapsed=467s — waiting …
2026-02-27 17:26:49 | DEBUG    | Task 52feb689-c091-4831-82f8-f9eafe87c5fb state=PENDING elapsed=472s — waiting …
2026-02-27 17:26:54 | DEBUG    | Task 52feb689-c091-4831-82f8-f9eafe87c5fb state=PENDING elapsed=477s — waiting …
2026-02-27 17:26:59 | DEBUG    | Task 52feb689-c091-4831-82f8-f9eafe87c5fb state=PENDING elapsed=482s — waiting …
2026-02-27 17:27:04 | DEBUG    | Task 52feb689-c091-4831-82f8-f9eafe87c5fb state=PENDING elapsed=487s — waiting …
2026-02-27 17:27:09 | DEBUG    | Task 52feb689-c091-4831-82f8-f9eafe87c5fb state=PENDING elapsed=492s — waiting …
2026-02-27 17:27:14 | DEBUG    | Task 52feb689-c091-4831-82f8-f9eafe87c5fb state=PENDING elapsed=497s — waiting …
2026-02-27 17:27:19 | DEBUG    | Task 52feb689-c091-4831-82f8-f9eafe87c5fb state=PENDING elapsed=502s — waiting …
2026-02-27 17:27:24 | DEBUG    | Task 52feb689-c091-4831-82f8-f9eafe87c5fb state=PENDING elapsed=507s — waiting …
2026-02-27 17:27:29 | DEBUG    | Task 52feb689-c091-4831-82f8-f9eafe87c5fb state=PENDING elapsed=512s — waiting …
2026-02-27 17:27:34 | DEBUG    | Task 52feb689-c091-4831-82f8-f9eafe87c5fb state=PENDING elapsed=517s — waiting …
2026-02-27 17:27:39 | DEBUG    | Task 52feb689-c091-4831-82f8-f9eafe87c5fb state=PENDING elapsed=522s — waiting …
2026-02-27 17:27:45 | DEBUG    | Task 52feb689-c091-4831-82f8-f9eafe87c5fb state=PENDING elapsed=527s — waiting …
2026-02-27 17:27:50 | DEBUG    | Task 52feb689-c091-4831-82f8-f9eafe87c5fb state=PENDING elapsed=532s — waiting …
2026-02-27 17:27:55 | DEBUG    | Task 52feb689-c091-4831-82f8-f9eafe87c5fb state=PENDING elapsed=537s — waiting …
2026-02-27 17:28:00 | DEBUG    | Task 52feb689-c091-4831-82f8-f9eafe87c5fb state=PENDING elapsed=542s — waiting …
2026-02-27 17:28:05 | DEBUG    | Task 52feb689-c091-4831-82f8-f9eafe87c5fb state=PENDING elapsed=547s — waiting …
2026-02-27 17:28:10 | DEBUG    | Task 52feb689-c091-4831-82f8-f9eafe87c5fb state=PENDING elapsed=552s — waiting …
2026-02-27 17:28:15 | DEBUG    | Task 52feb689-c091-4831-82f8-f9eafe87c5fb state=PENDING elapsed=557s — waiting …
2026-02-27 17:28:20 | DEBUG    | Task 52feb689-c091-4831-82f8-f9eafe87c5fb state=PENDING elapsed=562s — waiting …
2026-02-27 17:28:25 | DEBUG    | Task 52feb689-c091-4831-82f8-f9eafe87c5fb state=PENDING elapsed=567s — waiting …
2026-02-27 17:28:30 | DEBUG    | Task 52feb689-c091-4831-82f8-f9eafe87c5fb state=PENDING elapsed=572s — waiting …
2026-02-27 17:28:35 | DEBUG    | Task 52feb689-c091-4831-82f8-f9eafe87c5fb state=PENDING elapsed=577s — waiting …
2026-02-27 17:28:40 | DEBUG    | Task 52feb689-c091-4831-82f8-f9eafe87c5fb state=PENDING elapsed=582s — waiting …
2026-02-27 17:28:45 | DEBUG    | Task 52feb689-c091-4831-82f8-f9eafe87c5fb state=PENDING elapsed=587s — waiting …
2026-02-27 17:28:50 | DEBUG    | Task 52feb689-c091-4831-82f8-f9eafe87c5fb state=PENDING elapsed=592s — waiting …
2026-02-27 17:28:55 | DEBUG    | Task 52feb689-c091-4831-82f8-f9eafe87c5fb state=PENDING elapsed=597s — waiting …
2026-02-27 17:29:00 | DEBUG    | Task 52feb689-c091-4831-82f8-f9eafe87c5fb state=PENDING elapsed=602s — waiting …
2026-02-27 17:29:05 | DEBUG    | Task 52feb689-c091-4831-82f8-f9eafe87c5fb state=PENDING elapsed=607s — waiting …
2026-02-27 17:29:10 | DEBUG    | Task 52feb689-c091-4831-82f8-f9eafe87c5fb state=PENDING elapsed=612s — waiting …
2026-02-27 17:29:15 | DEBUG    | Task 52feb689-c091-4831-82f8-f9eafe87c5fb state=PENDING elapsed=617s — waiting …
2026-02-27 17:29:20 | DEBUG    | Task 52feb689-c091-4831-82f8-f9eafe87c5fb state=PENDING elapsed=622s — waiting …
2026-02-27 17:29:25 | DEBUG    | Task 52feb689-c091-4831-82f8-f9eafe87c5fb state=PENDING elapsed=627s — waiting …
2026-02-27 17:29:30 | DEBUG    | Task 52feb689-c091-4831-82f8-f9eafe87c5fb state=PENDING elapsed=632s — waiting …
2026-02-27 17:29:35 | DEBUG    | Task 52feb689-c091-4831-82f8-f9eafe87c5fb state=PENDING elapsed=637s — waiting …
2026-02-27 17:29:40 | DEBUG    | Task 52feb689-c091-4831-82f8-f9eafe87c5fb state=PENDING elapsed=642s — waiting …
2026-02-27 17:29:45 | DEBUG    | Task 52feb689-c091-4831-82f8-f9eafe87c5fb state=PENDING elapsed=647s — waiting …
2026-02-27 17:29:50 | DEBUG    | Task 52feb689-c091-4831-82f8-f9eafe87c5fb state=PENDING elapsed=652s — waiting …
2026-02-27 17:29:55 | DEBUG    | Task 52feb689-c091-4831-82f8-f9eafe87c5fb state=PENDING elapsed=657s — waiting …
2026-02-27 17:30:00 | DEBUG    | Task 52feb689-c091-4831-82f8-f9eafe87c5fb state=PENDING elapsed=662s — waiting …
2026-02-27 17:30:05 | DEBUG    | Task 52feb689-c091-4831-82f8-f9eafe87c5fb state=PENDING elapsed=667s — waiting …
2026-02-27 17:30:10 | DEBUG    | Task 52feb689-c091-4831-82f8-f9eafe87c5fb state=PENDING elapsed=672s — waiting …
2026-02-27 17:30:15 | DEBUG    | Task 52feb689-c091-4831-82f8-f9eafe87c5fb state=PENDING elapsed=677s — waiting …
2026-02-27 17:30:20 | DEBUG    | Task 52feb689-c091-4831-82f8-f9eafe87c5fb state=PENDING elapsed=682s — waiting …
2026-02-27 17:30:25 | DEBUG    | Task 52feb689-c091-4831-82f8-f9eafe87c5fb state=PENDING elapsed=687s — waiting …
2026-02-27 17:30:30 | DEBUG    | Task 52feb689-c091-4831-82f8-f9eafe87c5fb state=PENDING elapsed=692s — waiting …
2026-02-27 17:30:35 | DEBUG    | Task 52feb689-c091-4831-82f8-f9eafe87c5fb state=PENDING elapsed=697s — waiting …
2026-02-27 17:30:40 | DEBUG    | Task 52feb689-c091-4831-82f8-f9eafe87c5fb state=PENDING elapsed=702s — waiting …
2026-02-27 17:30:45 | DEBUG    | Task 52feb689-c091-4831-82f8-f9eafe87c5fb state=PENDING elapsed=707s — waiting …
2026-02-27 17:30:50 | DEBUG    | Task 52feb689-c091-4831-82f8-f9eafe87c5fb state=PENDING elapsed=712s — waiting …
2026-02-27 17:30:55 | DEBUG    | Task 52feb689-c091-4831-82f8-f9eafe87c5fb state=PENDING elapsed=717s — waiting …
2026-02-27 17:31:00 | DEBUG    | Task 52feb689-c091-4831-82f8-f9eafe87c5fb state=PENDING elapsed=722s — waiting …
2026-02-27 17:31:05 | DEBUG    | Task 52feb689-c091-4831-82f8-f9eafe87c5fb state=PENDING elapsed=727s — waiting …
2026-02-27 17:31:10 | DEBUG    | Task 52feb689-c091-4831-82f8-f9eafe87c5fb state=PENDING elapsed=732s — waiting …
2026-02-27 17:31:15 | DEBUG    | Task 52feb689-c091-4831-82f8-f9eafe87c5fb state=PENDING elapsed=737s — waiting …
2026-02-27 17:31:20 | DEBUG    | Task 52feb689-c091-4831-82f8-f9eafe87c5fb state=PENDING elapsed=742s — waiting …
2026-02-27 17:31:25 | DEBUG    | Task 52feb689-c091-4831-82f8-f9eafe87c5fb state=PENDING elapsed=747s — waiting …
2026-02-27 17:31:41 | DEBUG    | Task 52feb689-c091-4831-82f8-f9eafe87c5fb state=PENDING elapsed=764s — waiting …
2026-02-27 17:31:53 | DEBUG    | Task 52feb689-c091-4831-82f8-f9eafe87c5fb state=PENDING elapsed=776s — waiting …
2026-02-27 17:31:58 | DEBUG    | Task 52feb689-c091-4831-82f8-f9eafe87c5fb state=PENDING elapsed=781s — waiting …
2026-02-27 17:32:04 | DEBUG    | Task 52feb689-c091-4831-82f8-f9eafe87c5fb state=PENDING elapsed=787s — waiting …
2026-02-27 17:32:09 | DEBUG    | Task 52feb689-c091-4831-82f8-f9eafe87c5fb state=PENDING elapsed=792s — waiting …
2026-02-27 17:32:14 | DEBUG    | Task 52feb689-c091-4831-82f8-f9eafe87c5fb state=PENDING elapsed=797s — waiting …
2026-02-27 17:32:22 | DEBUG    | Task 52feb689-c091-4831-82f8-f9eafe87c5fb state=PENDING elapsed=804s — waiting …
2026-02-27 17:32:27 | DEBUG    | Task 52feb689-c091-4831-82f8-f9eafe87c5fb state=PENDING elapsed=809s — waiting …
2026-02-27 17:32:55 | INFO     | Task 52feb689-c091-4831-82f8-f9eafe87c5fb FINISHED in 837s
2026-02-27 17:32:55 | INFO     | ✅ batch 2/3 (16 files) complete
2026-02-27 17:32:55 | INFO     | --- batch 3/3 (4 files) ---
2026-02-27 17:32:55 | DEBUG    |   Files: thesis_thurinj_phd_definitive.pdf, trinh_thesis_sem46-2.pdf, wellington_2016_thesis-2.pdf, zhou_thesis.pdf
2026-02-27 17:32:58 | INFO     | Upload accepted → task_id=b50a62bf-920b-4a03-a36f-badb3c4050ce
2026-02-27 17:32:58 | DEBUG    | Task b50a62bf-920b-4a03-a36f-badb3c4050ce state=PENDING elapsed=0s — waiting …
2026-02-27 17:33:03 | DEBUG    | Task b50a62bf-920b-4a03-a36f-badb3c4050ce state=PENDING elapsed=5s — waiting …
2026-02-27 17:33:08 | DEBUG    | Task b50a62bf-920b-4a03-a36f-badb3c4050ce state=PENDING elapsed=10s — waiting …
2026-02-27 17:33:13 | DEBUG    | Task b50a62bf-920b-4a03-a36f-badb3c4050ce state=PENDING elapsed=15s — waiting …
2026-02-27 17:33:18 | DEBUG    | Task b50a62bf-920b-4a03-a36f-badb3c4050ce state=PENDING elapsed=20s — waiting …
2026-02-27 17:33:23 | DEBUG    | Task b50a62bf-920b-4a03-a36f-badb3c4050ce state=PENDING elapsed=25s — waiting …
2026-02-27 17:33:28 | DEBUG    | Task b50a62bf-920b-4a03-a36f-badb3c4050ce state=PENDING elapsed=30s — waiting …
2026-02-27 17:33:33 | DEBUG    | Task b50a62bf-920b-4a03-a36f-badb3c4050ce state=PENDING elapsed=35s — waiting …
2026-02-27 17:33:38 | DEBUG    | Task b50a62bf-920b-4a03-a36f-badb3c4050ce state=PENDING elapsed=40s — waiting …
2026-02-27 17:33:43 | DEBUG    | Task b50a62bf-920b-4a03-a36f-badb3c4050ce state=PENDING elapsed=45s — waiting …
2026-02-27 17:33:48 | DEBUG    | Task b50a62bf-920b-4a03-a36f-badb3c4050ce state=PENDING elapsed=50s — waiting …
2026-02-27 17:33:53 | DEBUG    | Task b50a62bf-920b-4a03-a36f-badb3c4050ce state=PENDING elapsed=55s — waiting …
2026-02-27 17:33:58 | DEBUG    | Task b50a62bf-920b-4a03-a36f-badb3c4050ce state=PENDING elapsed=60s — waiting …
2026-02-27 17:34:03 | DEBUG    | Task b50a62bf-920b-4a03-a36f-badb3c4050ce state=PENDING elapsed=65s — waiting …
2026-02-27 17:34:08 | DEBUG    | Task b50a62bf-920b-4a03-a36f-badb3c4050ce state=PENDING elapsed=70s — waiting …
2026-02-27 17:34:13 | DEBUG    | Task b50a62bf-920b-4a03-a36f-badb3c4050ce state=PENDING elapsed=75s — waiting …
2026-02-27 17:34:18 | DEBUG    | Task b50a62bf-920b-4a03-a36f-badb3c4050ce state=PENDING elapsed=80s — waiting …
2026-02-27 17:34:23 | DEBUG    | Task b50a62bf-920b-4a03-a36f-badb3c4050ce state=PENDING elapsed=85s — waiting …
2026-02-27 17:34:28 | DEBUG    | Task b50a62bf-920b-4a03-a36f-badb3c4050ce state=PENDING elapsed=90s — waiting …
2026-02-27 17:34:33 | DEBUG    | Task b50a62bf-920b-4a03-a36f-badb3c4050ce state=PENDING elapsed=95s — waiting …
2026-02-27 17:34:38 | DEBUG    | Task b50a62bf-920b-4a03-a36f-badb3c4050ce state=PENDING elapsed=100s — waiting …
2026-02-27 17:34:43 | DEBUG    | Task b50a62bf-920b-4a03-a36f-badb3c4050ce state=PENDING elapsed=105s — waiting …
2026-02-27 17:34:48 | DEBUG    | Task b50a62bf-920b-4a03-a36f-badb3c4050ce state=PENDING elapsed=110s — waiting …
2026-02-27 17:34:53 | DEBUG    | Task b50a62bf-920b-4a03-a36f-badb3c4050ce state=PENDING elapsed=115s — waiting …
2026-02-27 17:34:58 | DEBUG    | Task b50a62bf-920b-4a03-a36f-badb3c4050ce state=PENDING elapsed=120s — waiting …
2026-02-27 17:35:03 | DEBUG    | Task b50a62bf-920b-4a03-a36f-badb3c4050ce state=PENDING elapsed=125s — waiting …
2026-02-27 17:35:08 | DEBUG    | Task b50a62bf-920b-4a03-a36f-badb3c4050ce state=PENDING elapsed=130s — waiting …
2026-02-27 17:35:13 | DEBUG    | Task b50a62bf-920b-4a03-a36f-badb3c4050ce state=PENDING elapsed=135s — waiting …
2026-02-27 17:35:18 | DEBUG    | Task b50a62bf-920b-4a03-a36f-badb3c4050ce state=PENDING elapsed=140s — waiting …
2026-02-27 17:35:23 | DEBUG    | Task b50a62bf-920b-4a03-a36f-badb3c4050ce state=PENDING elapsed=145s — waiting …
2026-02-27 17:35:28 | DEBUG    | Task b50a62bf-920b-4a03-a36f-badb3c4050ce state=PENDING elapsed=150s — waiting …
2026-02-27 17:35:33 | DEBUG    | Task b50a62bf-920b-4a03-a36f-badb3c4050ce state=PENDING elapsed=155s — waiting …
2026-02-27 17:35:38 | DEBUG    | Task b50a62bf-920b-4a03-a36f-badb3c4050ce state=PENDING elapsed=160s — waiting …
2026-02-27 17:35:46 | DEBUG    | Task b50a62bf-920b-4a03-a36f-badb3c4050ce state=PENDING elapsed=169s — waiting …
2026-02-27 17:35:51 | DEBUG    | Task b50a62bf-920b-4a03-a36f-badb3c4050ce state=PENDING elapsed=174s — waiting …
2026-02-27 17:35:56 | DEBUG    | Task b50a62bf-920b-4a03-a36f-badb3c4050ce state=PENDING elapsed=179s — waiting …
2026-02-27 17:36:01 | DEBUG    | Task b50a62bf-920b-4a03-a36f-badb3c4050ce state=PENDING elapsed=184s — waiting …
2026-02-27 17:36:07 | DEBUG    | Task b50a62bf-920b-4a03-a36f-badb3c4050ce state=PENDING elapsed=189s — waiting …
2026-02-27 17:36:12 | DEBUG    | Task b50a62bf-920b-4a03-a36f-badb3c4050ce state=PENDING elapsed=194s — waiting …
2026-02-27 17:36:17 | DEBUG    | Task b50a62bf-920b-4a03-a36f-badb3c4050ce state=PENDING elapsed=199s — waiting …
2026-02-27 17:36:22 | DEBUG    | Task b50a62bf-920b-4a03-a36f-badb3c4050ce state=PENDING elapsed=204s — waiting …
2026-02-27 17:36:27 | DEBUG    | Task b50a62bf-920b-4a03-a36f-badb3c4050ce state=PENDING elapsed=209s — waiting …
2026-02-27 17:36:32 | DEBUG    | Task b50a62bf-920b-4a03-a36f-badb3c4050ce state=PENDING elapsed=214s — waiting …
2026-02-27 17:36:37 | DEBUG    | Task b50a62bf-920b-4a03-a36f-badb3c4050ce state=PENDING elapsed=219s — waiting …
2026-02-27 17:36:42 | DEBUG    | Task b50a62bf-920b-4a03-a36f-badb3c4050ce state=PENDING elapsed=224s — waiting …
2026-02-27 17:36:47 | DEBUG    | Task b50a62bf-920b-4a03-a36f-badb3c4050ce state=PENDING elapsed=229s — waiting …
2026-02-27 17:36:52 | DEBUG    | Task b50a62bf-920b-4a03-a36f-badb3c4050ce state=PENDING elapsed=234s — waiting …
2026-02-27 17:36:57 | DEBUG    | Task b50a62bf-920b-4a03-a36f-badb3c4050ce state=PENDING elapsed=239s — waiting …
2026-02-27 17:37:02 | DEBUG    | Task b50a62bf-920b-4a03-a36f-badb3c4050ce state=PENDING elapsed=244s — waiting …
2026-02-27 17:37:07 | DEBUG    | Task b50a62bf-920b-4a03-a36f-badb3c4050ce state=PENDING elapsed=249s — waiting …
2026-02-27 17:37:12 | DEBUG    | Task b50a62bf-920b-4a03-a36f-badb3c4050ce state=PENDING elapsed=254s — waiting …
2026-02-27 17:37:17 | DEBUG    | Task b50a62bf-920b-4a03-a36f-badb3c4050ce state=PENDING elapsed=259s — waiting …
2026-02-27 17:37:22 | DEBUG    | Task b50a62bf-920b-4a03-a36f-badb3c4050ce state=PENDING elapsed=264s — waiting …
2026-02-27 17:37:27 | DEBUG    | Task b50a62bf-920b-4a03-a36f-badb3c4050ce state=PENDING elapsed=269s — waiting …
2026-02-27 17:37:32 | DEBUG    | Task b50a62bf-920b-4a03-a36f-badb3c4050ce state=PENDING elapsed=274s — waiting …
2026-02-27 17:37:37 | DEBUG    | Task b50a62bf-920b-4a03-a36f-badb3c4050ce state=PENDING elapsed=279s — waiting …
2026-02-27 17:37:42 | DEBUG    | Task b50a62bf-920b-4a03-a36f-badb3c4050ce state=PENDING elapsed=284s — waiting …
2026-02-27 17:37:47 | DEBUG    | Task b50a62bf-920b-4a03-a36f-badb3c4050ce state=PENDING elapsed=289s — waiting …
2026-02-27 17:37:52 | DEBUG    | Task b50a62bf-920b-4a03-a36f-badb3c4050ce state=PENDING elapsed=294s — waiting …
2026-02-27 17:37:57 | DEBUG    | Task b50a62bf-920b-4a03-a36f-badb3c4050ce state=PENDING elapsed=299s — waiting …
2026-02-27 17:38:02 | DEBUG    | Task b50a62bf-920b-4a03-a36f-badb3c4050ce state=PENDING elapsed=304s — waiting …
2026-02-27 17:38:07 | DEBUG    | Task b50a62bf-920b-4a03-a36f-badb3c4050ce state=PENDING elapsed=309s — waiting …
2026-02-27 17:38:12 | DEBUG    | Task b50a62bf-920b-4a03-a36f-badb3c4050ce state=PENDING elapsed=314s — waiting …
2026-02-27 17:38:17 | DEBUG    | Task b50a62bf-920b-4a03-a36f-badb3c4050ce state=PENDING elapsed=319s — waiting …
2026-02-27 17:38:22 | DEBUG    | Task b50a62bf-920b-4a03-a36f-badb3c4050ce state=PENDING elapsed=324s — waiting …
2026-02-27 17:38:27 | DEBUG    | Task b50a62bf-920b-4a03-a36f-badb3c4050ce state=PENDING elapsed=329s — waiting …
2026-02-27 17:38:32 | DEBUG    | Task b50a62bf-920b-4a03-a36f-badb3c4050ce state=PENDING elapsed=334s — waiting …
2026-02-27 17:38:38 | DEBUG    | Task b50a62bf-920b-4a03-a36f-badb3c4050ce state=PENDING elapsed=340s — waiting …
2026-02-27 17:38:49 | INFO     | Task b50a62bf-920b-4a03-a36f-badb3c4050ce FINISHED in 352s
2026-02-27 17:38:49 | INFO     | ✅ batch 3/3 (4 files) complete
2026-02-27 17:38:49 | INFO     | === SUCCESS  ingested=36  skipped=0 ===
