2026-02-27 17:38:49 | INFO     | === START  dir='/gaia/b04s/CONSORCIOS/SEP'  collection='SEP' ===
2026-02-27 17:38:49 | INFO     | Discovered 93 supported file(s)
2026-02-27 17:38:51 | INFO     | Collection 'SEP' created: {"message":"Collection SEP created successfully.","collection_name":"SEP"}
2026-02-27 17:38:51 | INFO     | list_documents: 0 existing doc(s) in 'SEP' (total reported: 0)
2026-02-27 17:38:51 | INFO     | Classification: 93 new, 0 already present
2026-02-27 17:38:51 | INFO     | Uploading 6 batch(es) of up to 16 file(s) each
2026-02-27 17:38:51 | INFO     | --- batch 1/6 (16 files) ---
2026-02-27 17:38:51 | DEBUG    |   Files: 57_00.pdf, 57_01.pdf, 57_02.pdf, 57_03.pdf, 57_04.pdf, 57_05.pdf, 57_06.pdf, 57_07.pdf, 57_08.pdf, 57_09.pdf, 57_10.pdf, 57_11.pdf, 57_12.pdf, 57_13.pdf, 57_14.pdf, 57_15.pdf
2026-02-27 17:38:53 | INFO     | Upload accepted → task_id=43454fee-6023-4b14-a20e-71d08aa001a5
2026-02-27 17:38:53 | DEBUG    | Task 43454fee-6023-4b14-a20e-71d08aa001a5 state=PENDING elapsed=0s — waiting …
2026-02-27 17:38:58 | DEBUG    | Task 43454fee-6023-4b14-a20e-71d08aa001a5 state=PENDING elapsed=5s — waiting …
2026-02-27 17:39:03 | DEBUG    | Task 43454fee-6023-4b14-a20e-71d08aa001a5 state=PENDING elapsed=10s — waiting …
2026-02-27 17:39:08 | DEBUG    | Task 43454fee-6023-4b14-a20e-71d08aa001a5 state=PENDING elapsed=15s — waiting …
2026-02-27 17:39:13 | DEBUG    | Task 43454fee-6023-4b14-a20e-71d08aa001a5 state=PENDING elapsed=20s — waiting …
2026-02-27 17:39:18 | DEBUG    | Task 43454fee-6023-4b14-a20e-71d08aa001a5 state=PENDING elapsed=25s — waiting …
2026-02-27 17:39:23 | DEBUG    | Task 43454fee-6023-4b14-a20e-71d08aa001a5 state=PENDING elapsed=30s — waiting …
2026-02-27 17:39:28 | DEBUG    | Task 43454fee-6023-4b14-a20e-71d08aa001a5 state=PENDING elapsed=35s — waiting …
2026-02-27 17:39:33 | DEBUG    | Task 43454fee-6023-4b14-a20e-71d08aa001a5 state=PENDING elapsed=40s — waiting …
2026-02-27 17:39:38 | DEBUG    | Task 43454fee-6023-4b14-a20e-71d08aa001a5 state=PENDING elapsed=45s — waiting …
2026-02-27 17:39:43 | DEBUG    | Task 43454fee-6023-4b14-a20e-71d08aa001a5 state=PENDING elapsed=50s — waiting …
2026-02-27 17:39:48 | DEBUG    | Task 43454fee-6023-4b14-a20e-71d08aa001a5 state=PENDING elapsed=55s — waiting …
2026-02-27 17:39:53 | DEBUG    | Task 43454fee-6023-4b14-a20e-71d08aa001a5 state=PENDING elapsed=60s — waiting …
2026-02-27 17:39:58 | DEBUG    | Task 43454fee-6023-4b14-a20e-71d08aa001a5 state=PENDING elapsed=65s — waiting …
2026-02-27 17:40:03 | DEBUG    | Task 43454fee-6023-4b14-a20e-71d08aa001a5 state=PENDING elapsed=70s — waiting …
2026-02-27 17:40:08 | DEBUG    | Task 43454fee-6023-4b14-a20e-71d08aa001a5 state=PENDING elapsed=75s — waiting …
2026-02-27 17:40:13 | DEBUG    | Task 43454fee-6023-4b14-a20e-71d08aa001a5 state=PENDING elapsed=80s — waiting …
2026-02-27 17:40:18 | DEBUG    | Task 43454fee-6023-4b14-a20e-71d08aa001a5 state=PENDING elapsed=85s — waiting …
2026-02-27 17:40:23 | DEBUG    | Task 43454fee-6023-4b14-a20e-71d08aa001a5 state=PENDING elapsed=90s — waiting …
2026-02-27 17:40:28 | DEBUG    | Task 43454fee-6023-4b14-a20e-71d08aa001a5 state=PENDING elapsed=95s — waiting …
2026-02-27 17:40:33 | DEBUG    | Task 43454fee-6023-4b14-a20e-71d08aa001a5 state=PENDING elapsed=100s — waiting …
2026-02-27 17:40:38 | DEBUG    | Task 43454fee-6023-4b14-a20e-71d08aa001a5 state=PENDING elapsed=105s — waiting …
2026-02-27 17:40:43 | DEBUG    | Task 43454fee-6023-4b14-a20e-71d08aa001a5 state=PENDING elapsed=110s — waiting …
2026-02-27 17:40:48 | WARNING  | Task 43454fee-6023-4b14-a20e-71d08aa001a5: 1 document(s) failed — ["57_00.pdf"]
2026-02-27 17:40:48 | INFO     | Task 43454fee-6023-4b14-a20e-71d08aa001a5 FINISHED in 115s
2026-02-27 17:40:48 | WARNING  | ⚠ batch 1/6 (16 files) partial: 1 doc(s) failed — ['57_00.pdf']
2026-02-27 17:40:48 | INFO     | --- batch 2/6 (16 files) ---
2026-02-27 17:40:48 | DEBUG    |   Files: 57_16.pdf, 57_17.pdf, 57_18.pdf, 57_19.pdf, 57_20.pdf, 57_21.pdf, 57_22.pdf, 57_23.pdf, 57_24.pdf, 57_25.pdf, 57_26.pdf, 57_27.pdf, 57_28.pdf, 57_29.pdf, 57_30.pdf, 57_31.pdf
2026-02-27 17:40:49 | INFO     | Upload accepted → task_id=385395d8-cf8f-4b53-aa00-519683ef7280
2026-02-27 17:40:49 | DEBUG    | Task 385395d8-cf8f-4b53-aa00-519683ef7280 state=PENDING elapsed=0s — waiting …
2026-02-27 17:40:54 | DEBUG    | Task 385395d8-cf8f-4b53-aa00-519683ef7280 state=PENDING elapsed=5s — waiting …
2026-02-27 17:40:59 | DEBUG    | Task 385395d8-cf8f-4b53-aa00-519683ef7280 state=PENDING elapsed=10s — waiting …
2026-02-27 17:41:04 | DEBUG    | Task 385395d8-cf8f-4b53-aa00-519683ef7280 state=PENDING elapsed=15s — waiting …
2026-02-27 17:41:09 | DEBUG    | Task 385395d8-cf8f-4b53-aa00-519683ef7280 state=PENDING elapsed=20s — waiting …
2026-02-27 17:41:14 | DEBUG    | Task 385395d8-cf8f-4b53-aa00-519683ef7280 state=PENDING elapsed=25s — waiting …
2026-02-27 17:41:19 | DEBUG    | Task 385395d8-cf8f-4b53-aa00-519683ef7280 state=PENDING elapsed=30s — waiting …
2026-02-27 17:41:24 | DEBUG    | Task 385395d8-cf8f-4b53-aa00-519683ef7280 state=PENDING elapsed=35s — waiting …
2026-02-27 17:41:29 | DEBUG    | Task 385395d8-cf8f-4b53-aa00-519683ef7280 state=PENDING elapsed=40s — waiting …
2026-02-27 17:41:34 | DEBUG    | Task 385395d8-cf8f-4b53-aa00-519683ef7280 state=PENDING elapsed=45s — waiting …
2026-02-27 17:41:40 | DEBUG    | Task 385395d8-cf8f-4b53-aa00-519683ef7280 state=PENDING elapsed=51s — waiting …
2026-02-27 17:41:45 | DEBUG    | Task 385395d8-cf8f-4b53-aa00-519683ef7280 state=PENDING elapsed=56s — waiting …
2026-02-27 17:41:50 | DEBUG    | Task 385395d8-cf8f-4b53-aa00-519683ef7280 state=PENDING elapsed=61s — waiting …
2026-02-27 17:41:55 | DEBUG    | Task 385395d8-cf8f-4b53-aa00-519683ef7280 state=PENDING elapsed=66s — waiting …
2026-02-27 17:42:00 | DEBUG    | Task 385395d8-cf8f-4b53-aa00-519683ef7280 state=PENDING elapsed=72s — waiting …
2026-02-27 17:42:05 | DEBUG    | Task 385395d8-cf8f-4b53-aa00-519683ef7280 state=PENDING elapsed=77s — waiting …
2026-02-27 17:42:10 | DEBUG    | Task 385395d8-cf8f-4b53-aa00-519683ef7280 state=PENDING elapsed=82s — waiting …
2026-02-27 17:42:15 | DEBUG    | Task 385395d8-cf8f-4b53-aa00-519683ef7280 state=PENDING elapsed=87s — waiting …
2026-02-27 17:42:20 | DEBUG    | Task 385395d8-cf8f-4b53-aa00-519683ef7280 state=PENDING elapsed=92s — waiting …
2026-02-27 17:42:25 | DEBUG    | Task 385395d8-cf8f-4b53-aa00-519683ef7280 state=PENDING elapsed=97s — waiting …
2026-02-27 17:42:30 | WARNING  | Task 385395d8-cf8f-4b53-aa00-519683ef7280: 1 document(s) failed — ["57_30.pdf"]
2026-02-27 17:42:30 | INFO     | Task 385395d8-cf8f-4b53-aa00-519683ef7280 FINISHED in 102s
2026-02-27 17:42:30 | WARNING  | ⚠ batch 2/6 (16 files) partial: 1 doc(s) failed — ['57_30.pdf']
2026-02-27 17:42:30 | INFO     | --- batch 3/6 (16 files) ---
2026-02-27 17:42:30 | DEBUG    |   Files: 57_32.pdf, 57_33.pdf, 57_34.pdf, 57_35.pdf, 57_36.pdf, 57_37.pdf, 57_38.pdf, 59_00.pdf, 59_01.pdf, 59_02.pdf, 59_03.pdf, 59_04.pdf, 59_05.pdf, 59_06.pdf, 59_07.pdf, 59_08.pdf
2026-02-27 17:42:31 | INFO     | Upload accepted → task_id=44d17089-38e4-4c9a-b572-3a12316b176c
2026-02-27 17:42:31 | DEBUG    | Task 44d17089-38e4-4c9a-b572-3a12316b176c state=PENDING elapsed=0s — waiting …
2026-02-27 17:42:36 | DEBUG    | Task 44d17089-38e4-4c9a-b572-3a12316b176c state=PENDING elapsed=5s — waiting …
2026-02-27 17:42:41 | DEBUG    | Task 44d17089-38e4-4c9a-b572-3a12316b176c state=PENDING elapsed=10s — waiting …
2026-02-27 17:42:46 | DEBUG    | Task 44d17089-38e4-4c9a-b572-3a12316b176c state=PENDING elapsed=15s — waiting …
2026-02-27 17:42:51 | DEBUG    | Task 44d17089-38e4-4c9a-b572-3a12316b176c state=PENDING elapsed=20s — waiting …
2026-02-27 17:42:56 | DEBUG    | Task 44d17089-38e4-4c9a-b572-3a12316b176c state=PENDING elapsed=25s — waiting …
2026-02-27 17:43:01 | DEBUG    | Task 44d17089-38e4-4c9a-b572-3a12316b176c state=PENDING elapsed=30s — waiting …
2026-02-27 17:43:06 | DEBUG    | Task 44d17089-38e4-4c9a-b572-3a12316b176c state=PENDING elapsed=35s — waiting …
2026-02-27 17:43:11 | DEBUG    | Task 44d17089-38e4-4c9a-b572-3a12316b176c state=PENDING elapsed=40s — waiting …
2026-02-27 17:43:16 | DEBUG    | Task 44d17089-38e4-4c9a-b572-3a12316b176c state=PENDING elapsed=45s — waiting …
2026-02-27 17:43:21 | DEBUG    | Task 44d17089-38e4-4c9a-b572-3a12316b176c state=PENDING elapsed=50s — waiting …
2026-02-27 17:43:26 | DEBUG    | Task 44d17089-38e4-4c9a-b572-3a12316b176c state=PENDING elapsed=55s — waiting …
2026-02-27 17:43:32 | DEBUG    | Task 44d17089-38e4-4c9a-b572-3a12316b176c state=PENDING elapsed=61s — waiting …
2026-02-27 17:43:37 | DEBUG    | Task 44d17089-38e4-4c9a-b572-3a12316b176c state=PENDING elapsed=66s — waiting …
2026-02-27 17:43:42 | DEBUG    | Task 44d17089-38e4-4c9a-b572-3a12316b176c state=PENDING elapsed=71s — waiting …
2026-02-27 17:43:47 | DEBUG    | Task 44d17089-38e4-4c9a-b572-3a12316b176c state=PENDING elapsed=76s — waiting …
2026-02-27 17:43:52 | DEBUG    | Task 44d17089-38e4-4c9a-b572-3a12316b176c state=PENDING elapsed=81s — waiting …
2026-02-27 17:43:57 | DEBUG    | Task 44d17089-38e4-4c9a-b572-3a12316b176c state=PENDING elapsed=86s — waiting …
2026-02-27 17:44:04 | WARNING  | Task 44d17089-38e4-4c9a-b572-3a12316b176c: 2 document(s) failed — ["57_36.pdf", "59_05.pdf"]
2026-02-27 17:44:04 | INFO     | Task 44d17089-38e4-4c9a-b572-3a12316b176c FINISHED in 92s
2026-02-27 17:44:04 | WARNING  | ⚠ batch 3/6 (16 files) partial: 2 doc(s) failed — ['57_36.pdf', '59_05.pdf']
2026-02-27 17:44:04 | INFO     | --- batch 4/6 (16 files) ---
2026-02-27 17:44:04 | DEBUG    |   Files: 59_09.pdf, 59_10.pdf, 59_11.pdf, 59_12.pdf, 59_13.pdf, 59_14.pdf, 59_15.pdf, 59_16.pdf, 59_17.pdf, 59_18.pdf, 59_19.pdf, 59_20.pdf, 59_21.pdf, 59_22.pdf, 60_00.pdf, 60_01.pdf
2026-02-27 17:44:04 | INFO     | Upload accepted → task_id=5c36d9d1-cfd6-493b-a7a9-905fe90410b3
2026-02-27 17:44:04 | DEBUG    | Task 5c36d9d1-cfd6-493b-a7a9-905fe90410b3 state=PENDING elapsed=0s — waiting …
2026-02-27 17:44:09 | DEBUG    | Task 5c36d9d1-cfd6-493b-a7a9-905fe90410b3 state=PENDING elapsed=5s — waiting …
2026-02-27 17:44:14 | DEBUG    | Task 5c36d9d1-cfd6-493b-a7a9-905fe90410b3 state=PENDING elapsed=10s — waiting …
2026-02-27 17:44:19 | DEBUG    | Task 5c36d9d1-cfd6-493b-a7a9-905fe90410b3 state=PENDING elapsed=15s — waiting …
2026-02-27 17:44:24 | DEBUG    | Task 5c36d9d1-cfd6-493b-a7a9-905fe90410b3 state=PENDING elapsed=20s — waiting …
2026-02-27 17:44:36 | DEBUG    | Task 5c36d9d1-cfd6-493b-a7a9-905fe90410b3 state=PENDING elapsed=31s — waiting …
2026-02-27 17:44:41 | DEBUG    | Task 5c36d9d1-cfd6-493b-a7a9-905fe90410b3 state=PENDING elapsed=36s — waiting …
2026-02-27 17:44:46 | DEBUG    | Task 5c36d9d1-cfd6-493b-a7a9-905fe90410b3 state=PENDING elapsed=41s — waiting …
2026-02-27 17:44:51 | DEBUG    | Task 5c36d9d1-cfd6-493b-a7a9-905fe90410b3 state=PENDING elapsed=46s — waiting …
2026-02-27 17:44:56 | DEBUG    | Task 5c36d9d1-cfd6-493b-a7a9-905fe90410b3 state=PENDING elapsed=51s — waiting …
2026-02-27 17:45:01 | DEBUG    | Task 5c36d9d1-cfd6-493b-a7a9-905fe90410b3 state=PENDING elapsed=56s — waiting …
2026-02-27 17:45:06 | DEBUG    | Task 5c36d9d1-cfd6-493b-a7a9-905fe90410b3 state=PENDING elapsed=61s — waiting …
2026-02-27 17:45:11 | DEBUG    | Task 5c36d9d1-cfd6-493b-a7a9-905fe90410b3 state=PENDING elapsed=66s — waiting …
2026-02-27 17:45:17 | DEBUG    | Task 5c36d9d1-cfd6-493b-a7a9-905fe90410b3 state=PENDING elapsed=73s — waiting …
2026-02-27 17:45:23 | WARNING  | Task 5c36d9d1-cfd6-493b-a7a9-905fe90410b3: 3 document(s) failed — ["59_11.pdf", "59_16.pdf", "59_22.pdf"]
2026-02-27 17:45:23 | INFO     | Task 5c36d9d1-cfd6-493b-a7a9-905fe90410b3 FINISHED in 78s
2026-02-27 17:45:23 | WARNING  | ⚠ batch 4/6 (16 files) partial: 3 doc(s) failed — ['59_11.pdf', '59_16.pdf', '59_22.pdf']
2026-02-27 17:45:23 | INFO     | --- batch 5/6 (16 files) ---
2026-02-27 17:45:23 | DEBUG    |   Files: 60_02.pdf, 60_03.pdf, 60_04.pdf, 60_05.pdf, 60_06.pdf, 60_07.pdf, 60_08.pdf, 60_09.pdf, 60_10.pdf, 60_11.pdf, 60_12.pdf, 60_13.pdf, 60_14.pdf, 60_15.pdf, 60_16.pdf, 60_17.pdf
2026-02-27 17:45:23 | INFO     | Upload accepted → task_id=33dbe0ea-e8d0-4b5c-8f1e-cf7a32b3f388
2026-02-27 17:45:23 | DEBUG    | Task 33dbe0ea-e8d0-4b5c-8f1e-cf7a32b3f388 state=PENDING elapsed=0s — waiting …
2026-02-27 17:45:28 | DEBUG    | Task 33dbe0ea-e8d0-4b5c-8f1e-cf7a32b3f388 state=PENDING elapsed=5s — waiting …
2026-02-27 17:45:33 | DEBUG    | Task 33dbe0ea-e8d0-4b5c-8f1e-cf7a32b3f388 state=PENDING elapsed=10s — waiting …
2026-02-27 17:45:38 | DEBUG    | Task 33dbe0ea-e8d0-4b5c-8f1e-cf7a32b3f388 state=PENDING elapsed=15s — waiting …
2026-02-27 17:45:43 | DEBUG    | Task 33dbe0ea-e8d0-4b5c-8f1e-cf7a32b3f388 state=PENDING elapsed=20s — waiting …
2026-02-27 17:45:48 | DEBUG    | Task 33dbe0ea-e8d0-4b5c-8f1e-cf7a32b3f388 state=PENDING elapsed=25s — waiting …
2026-02-27 17:45:53 | DEBUG    | Task 33dbe0ea-e8d0-4b5c-8f1e-cf7a32b3f388 state=PENDING elapsed=30s — waiting …
2026-02-27 17:45:58 | DEBUG    | Task 33dbe0ea-e8d0-4b5c-8f1e-cf7a32b3f388 state=PENDING elapsed=35s — waiting …
2026-02-27 17:46:03 | DEBUG    | Task 33dbe0ea-e8d0-4b5c-8f1e-cf7a32b3f388 state=PENDING elapsed=40s — waiting …
2026-02-27 17:46:08 | DEBUG    | Task 33dbe0ea-e8d0-4b5c-8f1e-cf7a32b3f388 state=PENDING elapsed=45s — waiting …
2026-02-27 17:46:13 | DEBUG    | Task 33dbe0ea-e8d0-4b5c-8f1e-cf7a32b3f388 state=PENDING elapsed=50s — waiting …
2026-02-27 17:46:18 | DEBUG    | Task 33dbe0ea-e8d0-4b5c-8f1e-cf7a32b3f388 state=PENDING elapsed=55s — waiting …
2026-02-27 17:46:24 | WARNING  | Task 33dbe0ea-e8d0-4b5c-8f1e-cf7a32b3f388: 1 document(s) failed — ["60_15.pdf"]
2026-02-27 17:46:24 | INFO     | Task 33dbe0ea-e8d0-4b5c-8f1e-cf7a32b3f388 FINISHED in 60s
2026-02-27 17:46:24 | WARNING  | ⚠ batch 5/6 (16 files) partial: 1 doc(s) failed — ['60_15.pdf']
2026-02-27 17:46:24 | INFO     | --- batch 6/6 (13 files) ---
2026-02-27 17:46:24 | DEBUG    |   Files: 60_18.pdf, 60_19.pdf, 60_20.pdf, 60_21.pdf, 60_22.pdf, 60_23.pdf, 60_24.pdf, 60_25.pdf, 60_26.pdf, 60_27.pdf, 60_28.pdf, 60_29.pdf, 60_30.pdf
2026-02-27 17:46:24 | INFO     | Upload accepted → task_id=3c398305-e9f0-457b-8744-9fcc8d994096
2026-02-27 17:46:24 | DEBUG    | Task 3c398305-e9f0-457b-8744-9fcc8d994096 state=PENDING elapsed=0s — waiting …
2026-02-27 17:46:29 | DEBUG    | Task 3c398305-e9f0-457b-8744-9fcc8d994096 state=PENDING elapsed=5s — waiting …
2026-02-27 17:46:34 | DEBUG    | Task 3c398305-e9f0-457b-8744-9fcc8d994096 state=PENDING elapsed=10s — waiting …
2026-02-27 17:46:40 | DEBUG    | Task 3c398305-e9f0-457b-8744-9fcc8d994096 state=PENDING elapsed=15s — waiting …
2026-02-27 17:46:45 | DEBUG    | Task 3c398305-e9f0-457b-8744-9fcc8d994096 state=PENDING elapsed=20s — waiting …
2026-02-27 17:46:50 | DEBUG    | Task 3c398305-e9f0-457b-8744-9fcc8d994096 state=PENDING elapsed=25s — waiting …
2026-02-27 17:46:55 | DEBUG    | Task 3c398305-e9f0-457b-8744-9fcc8d994096 state=PENDING elapsed=30s — waiting …
2026-02-27 17:47:00 | DEBUG    | Task 3c398305-e9f0-457b-8744-9fcc8d994096 state=PENDING elapsed=35s — waiting …
2026-02-27 17:47:05 | DEBUG    | Task 3c398305-e9f0-457b-8744-9fcc8d994096 state=PENDING elapsed=40s — waiting …
2026-02-27 17:47:10 | DEBUG    | Task 3c398305-e9f0-457b-8744-9fcc8d994096 state=PENDING elapsed=45s — waiting …
2026-02-27 17:47:16 | DEBUG    | Task 3c398305-e9f0-457b-8744-9fcc8d994096 state=PENDING elapsed=52s — waiting …
2026-02-27 17:47:21 | DEBUG    | Task 3c398305-e9f0-457b-8744-9fcc8d994096 state=PENDING elapsed=57s — waiting …
2026-02-27 17:47:26 | DEBUG    | Task 3c398305-e9f0-457b-8744-9fcc8d994096 state=PENDING elapsed=62s — waiting …
2026-02-27 17:47:31 | DEBUG    | Task 3c398305-e9f0-457b-8744-9fcc8d994096 state=PENDING elapsed=67s — waiting …
2026-02-27 17:47:36 | DEBUG    | Task 3c398305-e9f0-457b-8744-9fcc8d994096 state=PENDING elapsed=72s — waiting …
2026-02-27 17:47:41 | DEBUG    | Task 3c398305-e9f0-457b-8744-9fcc8d994096 state=PENDING elapsed=77s — waiting …
2026-02-27 17:47:46 | DEBUG    | Task 3c398305-e9f0-457b-8744-9fcc8d994096 state=PENDING elapsed=82s — waiting …
2026-02-27 17:47:51 | DEBUG    | Task 3c398305-e9f0-457b-8744-9fcc8d994096 state=PENDING elapsed=87s — waiting …
2026-02-27 17:47:56 | WARNING  | Task 3c398305-e9f0-457b-8744-9fcc8d994096: 1 document(s) failed — ["60_23.pdf"]
2026-02-27 17:47:56 | INFO     | Task 3c398305-e9f0-457b-8744-9fcc8d994096 FINISHED in 92s
2026-02-27 17:47:56 | WARNING  | ⚠ batch 6/6 (13 files) partial: 1 doc(s) failed — ['60_23.pdf']
2026-02-27 17:47:56 | ERROR    | === PARTIAL FAILURE  ok=84  failed=9  skipped=0 ===
