2026-06-03 15:35:45 | INFO     | === START  dir='/gaia/b04s/CONSORCIOS/downthemall'  collection='downthemall' ===
2026-06-03 15:35:45 | INFO     | Discovered 136 supported file(s)
2026-06-03 15:35:47 | INFO     | Collection 'downthemall' created: {"message":"Collection downthemall created successfully.","collection_name":"downthemall"}
2026-06-03 15:35:47 | INFO     | list_documents: 0 existing doc(s) in 'downthemall' (total reported: 0)
2026-06-03 15:35:47 | INFO     | Classification: 136 new, 0 already present
2026-06-03 15:35:47 | INFO     | Uploading 9 batch(es) of up to 16 file(s) each
2026-06-03 15:35:47 | INFO     | --- batch 1/9 (16 files) ---
2026-06-03 15:35:47 | DEBUG    |   Files: Acosta_MSc_2025.pdf, Al_Dulaijan_PhD_2017.pdf, Aldhaw_MSc_2019.pdf, Almuteri_MSc_2017.pdf, Amundaray_MSc_2023.pdf, Asuaje_MSc_2016.pdf, Bayati_MSc_2021.pdf, CRR201732.pdf, CRR201733.pdf, CRR201734.pdf, CRR201735.pdf, CRR201736.pdf, CRR201737.pdf, CRR201738.pdf, CRR201739.pdf, CRR201740.pdf
2026-06-03 15:35:50 | INFO     | Upload accepted → task_id=804fc9e8-e8cf-47bc-bb6d-440f5ea0dbb0
2026-06-03 15:35:50 | DEBUG    | Task 804fc9e8-e8cf-47bc-bb6d-440f5ea0dbb0 state=PENDING elapsed=0s — waiting …
2026-06-03 15:35:55 | DEBUG    | Task 804fc9e8-e8cf-47bc-bb6d-440f5ea0dbb0 state=PENDING elapsed=5s — waiting …
2026-06-03 15:36:00 | DEBUG    | Task 804fc9e8-e8cf-47bc-bb6d-440f5ea0dbb0 state=PENDING elapsed=10s — waiting …
2026-06-03 15:36:05 | DEBUG    | Task 804fc9e8-e8cf-47bc-bb6d-440f5ea0dbb0 state=PENDING elapsed=15s — waiting …
2026-06-03 15:36:10 | DEBUG    | Task 804fc9e8-e8cf-47bc-bb6d-440f5ea0dbb0 state=PENDING elapsed=20s — waiting …
2026-06-03 15:36:15 | DEBUG    | Task 804fc9e8-e8cf-47bc-bb6d-440f5ea0dbb0 state=PENDING elapsed=25s — waiting …
2026-06-03 15:36:20 | DEBUG    | Task 804fc9e8-e8cf-47bc-bb6d-440f5ea0dbb0 state=PENDING elapsed=30s — waiting …
2026-06-03 15:36:25 | DEBUG    | Task 804fc9e8-e8cf-47bc-bb6d-440f5ea0dbb0 state=PENDING elapsed=35s — waiting …
2026-06-03 15:36:30 | DEBUG    | Task 804fc9e8-e8cf-47bc-bb6d-440f5ea0dbb0 state=PENDING elapsed=40s — waiting …
2026-06-03 15:36:35 | DEBUG    | Task 804fc9e8-e8cf-47bc-bb6d-440f5ea0dbb0 state=PENDING elapsed=45s — waiting …
2026-06-03 15:36:40 | DEBUG    | Task 804fc9e8-e8cf-47bc-bb6d-440f5ea0dbb0 state=PENDING elapsed=50s — waiting …
2026-06-03 15:36:45 | DEBUG    | Task 804fc9e8-e8cf-47bc-bb6d-440f5ea0dbb0 state=PENDING elapsed=55s — waiting …
2026-06-03 15:36:50 | DEBUG    | Task 804fc9e8-e8cf-47bc-bb6d-440f5ea0dbb0 state=PENDING elapsed=60s — waiting …
2026-06-03 15:36:55 | DEBUG    | Task 804fc9e8-e8cf-47bc-bb6d-440f5ea0dbb0 state=PENDING elapsed=65s — waiting …
2026-06-03 15:37:00 | DEBUG    | Task 804fc9e8-e8cf-47bc-bb6d-440f5ea0dbb0 state=PENDING elapsed=70s — waiting …
2026-06-03 15:37:05 | DEBUG    | Task 804fc9e8-e8cf-47bc-bb6d-440f5ea0dbb0 state=PENDING elapsed=75s — waiting …
2026-06-03 15:37:10 | DEBUG    | Task 804fc9e8-e8cf-47bc-bb6d-440f5ea0dbb0 state=PENDING elapsed=80s — waiting …
2026-06-03 15:37:15 | DEBUG    | Task 804fc9e8-e8cf-47bc-bb6d-440f5ea0dbb0 state=PENDING elapsed=85s — waiting …
2026-06-03 15:37:20 | DEBUG    | Task 804fc9e8-e8cf-47bc-bb6d-440f5ea0dbb0 state=PENDING elapsed=90s — waiting …
2026-06-03 15:37:25 | DEBUG    | Task 804fc9e8-e8cf-47bc-bb6d-440f5ea0dbb0 state=PENDING elapsed=95s — waiting …
2026-06-03 15:37:30 | DEBUG    | Task 804fc9e8-e8cf-47bc-bb6d-440f5ea0dbb0 state=PENDING elapsed=100s — waiting …
2026-06-03 15:37:35 | DEBUG    | Task 804fc9e8-e8cf-47bc-bb6d-440f5ea0dbb0 state=PENDING elapsed=105s — waiting …
2026-06-03 15:37:40 | DEBUG    | Task 804fc9e8-e8cf-47bc-bb6d-440f5ea0dbb0 state=PENDING elapsed=110s — waiting …
2026-06-03 15:37:45 | DEBUG    | Task 804fc9e8-e8cf-47bc-bb6d-440f5ea0dbb0 state=PENDING elapsed=115s — waiting …
2026-06-03 15:37:50 | DEBUG    | Task 804fc9e8-e8cf-47bc-bb6d-440f5ea0dbb0 state=PENDING elapsed=120s — waiting …
2026-06-03 15:37:55 | DEBUG    | Task 804fc9e8-e8cf-47bc-bb6d-440f5ea0dbb0 state=PENDING elapsed=125s — waiting …
2026-06-03 15:38:00 | DEBUG    | Task 804fc9e8-e8cf-47bc-bb6d-440f5ea0dbb0 state=PENDING elapsed=130s — waiting …
2026-06-03 15:38:05 | DEBUG    | Task 804fc9e8-e8cf-47bc-bb6d-440f5ea0dbb0 state=PENDING elapsed=135s — waiting …
2026-06-03 15:38:10 | DEBUG    | Task 804fc9e8-e8cf-47bc-bb6d-440f5ea0dbb0 state=PENDING elapsed=140s — waiting …
2026-06-03 15:38:15 | DEBUG    | Task 804fc9e8-e8cf-47bc-bb6d-440f5ea0dbb0 state=PENDING elapsed=145s — waiting …
2026-06-03 15:38:20 | DEBUG    | Task 804fc9e8-e8cf-47bc-bb6d-440f5ea0dbb0 state=PENDING elapsed=150s — waiting …
2026-06-03 15:38:25 | DEBUG    | Task 804fc9e8-e8cf-47bc-bb6d-440f5ea0dbb0 state=PENDING elapsed=155s — waiting …
2026-06-03 15:38:30 | DEBUG    | Task 804fc9e8-e8cf-47bc-bb6d-440f5ea0dbb0 state=PENDING elapsed=160s — waiting …
2026-06-03 15:38:35 | DEBUG    | Task 804fc9e8-e8cf-47bc-bb6d-440f5ea0dbb0 state=PENDING elapsed=165s — waiting …
2026-06-03 15:38:40 | DEBUG    | Task 804fc9e8-e8cf-47bc-bb6d-440f5ea0dbb0 state=PENDING elapsed=171s — waiting …
2026-06-03 15:38:45 | DEBUG    | Task 804fc9e8-e8cf-47bc-bb6d-440f5ea0dbb0 state=PENDING elapsed=176s — waiting …
2026-06-03 15:38:50 | DEBUG    | Task 804fc9e8-e8cf-47bc-bb6d-440f5ea0dbb0 state=PENDING elapsed=181s — waiting …
2026-06-03 15:38:55 | DEBUG    | Task 804fc9e8-e8cf-47bc-bb6d-440f5ea0dbb0 state=PENDING elapsed=186s — waiting …
2026-06-03 15:39:00 | DEBUG    | Task 804fc9e8-e8cf-47bc-bb6d-440f5ea0dbb0 state=PENDING elapsed=191s — waiting …
2026-06-03 15:39:05 | DEBUG    | Task 804fc9e8-e8cf-47bc-bb6d-440f5ea0dbb0 state=PENDING elapsed=196s — waiting …
2026-06-03 15:39:10 | DEBUG    | Task 804fc9e8-e8cf-47bc-bb6d-440f5ea0dbb0 state=PENDING elapsed=201s — waiting …
2026-06-03 15:39:15 | DEBUG    | Task 804fc9e8-e8cf-47bc-bb6d-440f5ea0dbb0 state=PENDING elapsed=206s — waiting …
2026-06-03 15:39:20 | DEBUG    | Task 804fc9e8-e8cf-47bc-bb6d-440f5ea0dbb0 state=PENDING elapsed=211s — waiting …
2026-06-03 15:39:25 | DEBUG    | Task 804fc9e8-e8cf-47bc-bb6d-440f5ea0dbb0 state=PENDING elapsed=216s — waiting …
2026-06-03 15:39:30 | DEBUG    | Task 804fc9e8-e8cf-47bc-bb6d-440f5ea0dbb0 state=PENDING elapsed=221s — waiting …
2026-06-03 15:39:35 | DEBUG    | Task 804fc9e8-e8cf-47bc-bb6d-440f5ea0dbb0 state=PENDING elapsed=226s — waiting …
2026-06-03 15:39:40 | DEBUG    | Task 804fc9e8-e8cf-47bc-bb6d-440f5ea0dbb0 state=PENDING elapsed=231s — waiting …
2026-06-03 15:39:45 | DEBUG    | Task 804fc9e8-e8cf-47bc-bb6d-440f5ea0dbb0 state=PENDING elapsed=236s — waiting …
2026-06-03 15:39:50 | DEBUG    | Task 804fc9e8-e8cf-47bc-bb6d-440f5ea0dbb0 state=PENDING elapsed=241s — waiting …
2026-06-03 15:39:55 | DEBUG    | Task 804fc9e8-e8cf-47bc-bb6d-440f5ea0dbb0 state=PENDING elapsed=246s — waiting …
2026-06-03 15:40:00 | DEBUG    | Task 804fc9e8-e8cf-47bc-bb6d-440f5ea0dbb0 state=PENDING elapsed=251s — waiting …
2026-06-03 15:40:05 | DEBUG    | Task 804fc9e8-e8cf-47bc-bb6d-440f5ea0dbb0 state=PENDING elapsed=256s — waiting …
2026-06-03 15:40:11 | DEBUG    | Task 804fc9e8-e8cf-47bc-bb6d-440f5ea0dbb0 state=PENDING elapsed=261s — waiting …
2026-06-03 15:40:16 | DEBUG    | Task 804fc9e8-e8cf-47bc-bb6d-440f5ea0dbb0 state=PENDING elapsed=266s — waiting …
2026-06-03 15:40:21 | DEBUG    | Task 804fc9e8-e8cf-47bc-bb6d-440f5ea0dbb0 state=PENDING elapsed=271s — waiting …
2026-06-03 15:40:26 | DEBUG    | Task 804fc9e8-e8cf-47bc-bb6d-440f5ea0dbb0 state=PENDING elapsed=276s — waiting …
2026-06-03 15:40:31 | DEBUG    | Task 804fc9e8-e8cf-47bc-bb6d-440f5ea0dbb0 state=PENDING elapsed=281s — waiting …
2026-06-03 15:40:36 | DEBUG    | Task 804fc9e8-e8cf-47bc-bb6d-440f5ea0dbb0 state=PENDING elapsed=286s — waiting …
2026-06-03 15:40:41 | DEBUG    | Task 804fc9e8-e8cf-47bc-bb6d-440f5ea0dbb0 state=PENDING elapsed=291s — waiting …
2026-06-03 15:40:46 | DEBUG    | Task 804fc9e8-e8cf-47bc-bb6d-440f5ea0dbb0 state=PENDING elapsed=296s — waiting …
2026-06-03 15:40:51 | DEBUG    | Task 804fc9e8-e8cf-47bc-bb6d-440f5ea0dbb0 state=PENDING elapsed=301s — waiting …
2026-06-03 15:40:56 | DEBUG    | Task 804fc9e8-e8cf-47bc-bb6d-440f5ea0dbb0 state=PENDING elapsed=306s — waiting …
2026-06-03 15:41:01 | DEBUG    | Task 804fc9e8-e8cf-47bc-bb6d-440f5ea0dbb0 state=PENDING elapsed=311s — waiting …
2026-06-03 15:41:06 | DEBUG    | Task 804fc9e8-e8cf-47bc-bb6d-440f5ea0dbb0 state=PENDING elapsed=316s — waiting …
2026-06-03 15:41:11 | DEBUG    | Task 804fc9e8-e8cf-47bc-bb6d-440f5ea0dbb0 state=PENDING elapsed=321s — waiting …
2026-06-03 15:41:16 | DEBUG    | Task 804fc9e8-e8cf-47bc-bb6d-440f5ea0dbb0 state=PENDING elapsed=326s — waiting …
2026-06-03 15:41:21 | DEBUG    | Task 804fc9e8-e8cf-47bc-bb6d-440f5ea0dbb0 state=PENDING elapsed=331s — waiting …
2026-06-03 15:41:26 | DEBUG    | Task 804fc9e8-e8cf-47bc-bb6d-440f5ea0dbb0 state=PENDING elapsed=336s — waiting …
2026-06-03 15:41:31 | DEBUG    | Task 804fc9e8-e8cf-47bc-bb6d-440f5ea0dbb0 state=PENDING elapsed=341s — waiting …
2026-06-03 15:41:36 | DEBUG    | Task 804fc9e8-e8cf-47bc-bb6d-440f5ea0dbb0 state=PENDING elapsed=346s — waiting …
2026-06-03 15:41:41 | DEBUG    | Task 804fc9e8-e8cf-47bc-bb6d-440f5ea0dbb0 state=PENDING elapsed=351s — waiting …
2026-06-03 15:41:46 | DEBUG    | Task 804fc9e8-e8cf-47bc-bb6d-440f5ea0dbb0 state=PENDING elapsed=356s — waiting …
2026-06-03 15:41:51 | DEBUG    | Task 804fc9e8-e8cf-47bc-bb6d-440f5ea0dbb0 state=PENDING elapsed=361s — waiting …
2026-06-03 15:42:20 | DEBUG    | Task 804fc9e8-e8cf-47bc-bb6d-440f5ea0dbb0 state=PENDING elapsed=391s — waiting …
2026-06-03 15:42:27 | DEBUG    | Task 804fc9e8-e8cf-47bc-bb6d-440f5ea0dbb0 state=PENDING elapsed=397s — waiting …
2026-06-03 15:42:32 | DEBUG    | Task 804fc9e8-e8cf-47bc-bb6d-440f5ea0dbb0 state=PENDING elapsed=402s — waiting …
2026-06-03 15:42:37 | DEBUG    | Task 804fc9e8-e8cf-47bc-bb6d-440f5ea0dbb0 state=PENDING elapsed=407s — waiting …
2026-06-03 15:42:42 | DEBUG    | Task 804fc9e8-e8cf-47bc-bb6d-440f5ea0dbb0 state=PENDING elapsed=412s — waiting …
2026-06-03 15:42:48 | DEBUG    | Task 804fc9e8-e8cf-47bc-bb6d-440f5ea0dbb0 state=PENDING elapsed=418s — waiting …
2026-06-03 15:42:55 | DEBUG    | Task 804fc9e8-e8cf-47bc-bb6d-440f5ea0dbb0 state=PENDING elapsed=425s — waiting …
2026-06-03 15:43:01 | DEBUG    | Task 804fc9e8-e8cf-47bc-bb6d-440f5ea0dbb0 state=PENDING elapsed=432s — waiting …
2026-06-03 15:43:06 | DEBUG    | Task 804fc9e8-e8cf-47bc-bb6d-440f5ea0dbb0 state=PENDING elapsed=437s — waiting …
2026-06-03 15:43:16 | INFO     | Task 804fc9e8-e8cf-47bc-bb6d-440f5ea0dbb0 FINISHED in 446s
2026-06-03 15:43:16 | INFO     | ✅ batch 1/9 (16 files) complete
2026-06-03 15:43:16 | INFO     | --- batch 2/9 (16 files) ---
2026-06-03 15:43:16 | DEBUG    |   Files: CRR201741.pdf, CRR201742.pdf, CRR201743.pdf, CRR201744.pdf, CRR201745.pdf, CRR201746.pdf, CRR201747.pdf, CRR201748.pdf, CRR201749.pdf, CRR201750.pdf, CRR201751.pdf, CRR201752.pdf, CRR201753.pdf, CRR201754.pdf, CRR201755.pdf, CRR201756.pdf
2026-06-03 15:43:18 | INFO     | Upload accepted → task_id=53f3600e-29ad-41f9-b648-9d310f0ec3c4
2026-06-03 15:43:18 | DEBUG    | Task 53f3600e-29ad-41f9-b648-9d310f0ec3c4 state=PENDING elapsed=0s — waiting …
2026-06-03 15:43:23 | DEBUG    | Task 53f3600e-29ad-41f9-b648-9d310f0ec3c4 state=PENDING elapsed=5s — waiting …
2026-06-03 15:43:28 | DEBUG    | Task 53f3600e-29ad-41f9-b648-9d310f0ec3c4 state=PENDING elapsed=10s — waiting …
2026-06-03 15:43:33 | DEBUG    | Task 53f3600e-29ad-41f9-b648-9d310f0ec3c4 state=PENDING elapsed=15s — waiting …
2026-06-03 15:43:39 | DEBUG    | Task 53f3600e-29ad-41f9-b648-9d310f0ec3c4 state=PENDING elapsed=21s — waiting …
2026-06-03 15:43:44 | DEBUG    | Task 53f3600e-29ad-41f9-b648-9d310f0ec3c4 state=PENDING elapsed=26s — waiting …
2026-06-03 15:43:49 | DEBUG    | Task 53f3600e-29ad-41f9-b648-9d310f0ec3c4 state=PENDING elapsed=31s — waiting …
2026-06-03 15:43:54 | DEBUG    | Task 53f3600e-29ad-41f9-b648-9d310f0ec3c4 state=PENDING elapsed=36s — waiting …
2026-06-03 15:43:59 | DEBUG    | Task 53f3600e-29ad-41f9-b648-9d310f0ec3c4 state=PENDING elapsed=41s — waiting …
2026-06-03 15:44:04 | DEBUG    | Task 53f3600e-29ad-41f9-b648-9d310f0ec3c4 state=PENDING elapsed=46s — waiting …
2026-06-03 15:44:09 | DEBUG    | Task 53f3600e-29ad-41f9-b648-9d310f0ec3c4 state=PENDING elapsed=51s — waiting …
2026-06-03 15:44:14 | DEBUG    | Task 53f3600e-29ad-41f9-b648-9d310f0ec3c4 state=PENDING elapsed=56s — waiting …
2026-06-03 15:44:19 | DEBUG    | Task 53f3600e-29ad-41f9-b648-9d310f0ec3c4 state=PENDING elapsed=61s — waiting …
2026-06-03 15:44:24 | DEBUG    | Task 53f3600e-29ad-41f9-b648-9d310f0ec3c4 state=PENDING elapsed=66s — waiting …
2026-06-03 15:44:29 | DEBUG    | Task 53f3600e-29ad-41f9-b648-9d310f0ec3c4 state=PENDING elapsed=71s — waiting …
2026-06-03 15:44:34 | DEBUG    | Task 53f3600e-29ad-41f9-b648-9d310f0ec3c4 state=PENDING elapsed=76s — waiting …
2026-06-03 15:44:39 | DEBUG    | Task 53f3600e-29ad-41f9-b648-9d310f0ec3c4 state=PENDING elapsed=81s — waiting …
2026-06-03 15:44:44 | DEBUG    | Task 53f3600e-29ad-41f9-b648-9d310f0ec3c4 state=PENDING elapsed=86s — waiting …
2026-06-03 15:44:49 | DEBUG    | Task 53f3600e-29ad-41f9-b648-9d310f0ec3c4 state=PENDING elapsed=91s — waiting …
2026-06-03 15:44:54 | DEBUG    | Task 53f3600e-29ad-41f9-b648-9d310f0ec3c4 state=PENDING elapsed=96s — waiting …
2026-06-03 15:44:59 | DEBUG    | Task 53f3600e-29ad-41f9-b648-9d310f0ec3c4 state=PENDING elapsed=101s — waiting …
2026-06-03 15:45:04 | DEBUG    | Task 53f3600e-29ad-41f9-b648-9d310f0ec3c4 state=PENDING elapsed=106s — waiting …
2026-06-03 15:45:09 | DEBUG    | Task 53f3600e-29ad-41f9-b648-9d310f0ec3c4 state=PENDING elapsed=111s — waiting …
2026-06-03 15:45:14 | DEBUG    | Task 53f3600e-29ad-41f9-b648-9d310f0ec3c4 state=PENDING elapsed=116s — waiting …
2026-06-03 15:45:19 | DEBUG    | Task 53f3600e-29ad-41f9-b648-9d310f0ec3c4 state=PENDING elapsed=121s — waiting …
2026-06-03 15:45:24 | DEBUG    | Task 53f3600e-29ad-41f9-b648-9d310f0ec3c4 state=PENDING elapsed=126s — waiting …
2026-06-03 15:45:29 | DEBUG    | Task 53f3600e-29ad-41f9-b648-9d310f0ec3c4 state=PENDING elapsed=131s — waiting …
2026-06-03 15:45:34 | DEBUG    | Task 53f3600e-29ad-41f9-b648-9d310f0ec3c4 state=PENDING elapsed=136s — waiting …
2026-06-03 15:45:39 | DEBUG    | Task 53f3600e-29ad-41f9-b648-9d310f0ec3c4 state=PENDING elapsed=141s — waiting …
2026-06-03 15:45:44 | DEBUG    | Task 53f3600e-29ad-41f9-b648-9d310f0ec3c4 state=PENDING elapsed=146s — waiting …
2026-06-03 15:45:49 | DEBUG    | Task 53f3600e-29ad-41f9-b648-9d310f0ec3c4 state=PENDING elapsed=151s — waiting …
2026-06-03 15:45:54 | DEBUG    | Task 53f3600e-29ad-41f9-b648-9d310f0ec3c4 state=PENDING elapsed=156s — waiting …
2026-06-03 15:46:00 | DEBUG    | Task 53f3600e-29ad-41f9-b648-9d310f0ec3c4 state=PENDING elapsed=162s — waiting …
2026-06-03 15:46:05 | DEBUG    | Task 53f3600e-29ad-41f9-b648-9d310f0ec3c4 state=PENDING elapsed=167s — waiting …
2026-06-03 15:46:10 | DEBUG    | Task 53f3600e-29ad-41f9-b648-9d310f0ec3c4 state=PENDING elapsed=172s — waiting …
2026-06-03 15:46:15 | DEBUG    | Task 53f3600e-29ad-41f9-b648-9d310f0ec3c4 state=PENDING elapsed=177s — waiting …
2026-06-03 15:46:21 | DEBUG    | Task 53f3600e-29ad-41f9-b648-9d310f0ec3c4 state=PENDING elapsed=183s — waiting …
2026-06-03 15:46:27 | INFO     | Task 53f3600e-29ad-41f9-b648-9d310f0ec3c4 FINISHED in 189s
2026-06-03 15:46:27 | INFO     | ✅ batch 2/9 (16 files) complete
2026-06-03 15:46:27 | INFO     | --- batch 3/9 (16 files) ---
2026-06-03 15:46:27 | DEBUG    |   Files: CRR201757.pdf, CRR201758.pdf, CRR201759.pdf, CRR201760.pdf, CRR201761.pdf, CRR201762.pdf, CRR201763.pdf, CRR201764.pdf, CRR201765.pdf, CRR201766.pdf, CRR201767.pdf, CRR201768.pdf, CRR201769.pdf, CRR201770.pdf, CRR201771.pdf, CRR201772.pdf
2026-06-03 15:46:28 | INFO     | Upload accepted → task_id=44623b3d-4543-44df-bc4c-a560720b96ca
2026-06-03 15:46:28 | DEBUG    | Task 44623b3d-4543-44df-bc4c-a560720b96ca state=PENDING elapsed=0s — waiting …
2026-06-03 15:46:33 | DEBUG    | Task 44623b3d-4543-44df-bc4c-a560720b96ca state=PENDING elapsed=5s — waiting …
2026-06-03 15:46:38 | DEBUG    | Task 44623b3d-4543-44df-bc4c-a560720b96ca state=PENDING elapsed=10s — waiting …
2026-06-03 15:46:43 | DEBUG    | Task 44623b3d-4543-44df-bc4c-a560720b96ca state=PENDING elapsed=15s — waiting …
2026-06-03 15:46:48 | DEBUG    | Task 44623b3d-4543-44df-bc4c-a560720b96ca state=PENDING elapsed=20s — waiting …
2026-06-03 15:46:53 | DEBUG    | Task 44623b3d-4543-44df-bc4c-a560720b96ca state=PENDING elapsed=25s — waiting …
2026-06-03 15:46:58 | DEBUG    | Task 44623b3d-4543-44df-bc4c-a560720b96ca state=PENDING elapsed=30s — waiting …
2026-06-03 15:47:04 | DEBUG    | Task 44623b3d-4543-44df-bc4c-a560720b96ca state=PENDING elapsed=35s — waiting …
2026-06-03 15:47:09 | DEBUG    | Task 44623b3d-4543-44df-bc4c-a560720b96ca state=PENDING elapsed=40s — waiting …
2026-06-03 15:47:14 | DEBUG    | Task 44623b3d-4543-44df-bc4c-a560720b96ca state=PENDING elapsed=45s — waiting …
2026-06-03 15:47:19 | DEBUG    | Task 44623b3d-4543-44df-bc4c-a560720b96ca state=PENDING elapsed=50s — waiting …
2026-06-03 15:47:24 | DEBUG    | Task 44623b3d-4543-44df-bc4c-a560720b96ca state=PENDING elapsed=55s — waiting …
2026-06-03 15:47:29 | DEBUG    | Task 44623b3d-4543-44df-bc4c-a560720b96ca state=PENDING elapsed=60s — waiting …
2026-06-03 15:47:34 | DEBUG    | Task 44623b3d-4543-44df-bc4c-a560720b96ca state=PENDING elapsed=65s — waiting …
2026-06-03 15:47:39 | DEBUG    | Task 44623b3d-4543-44df-bc4c-a560720b96ca state=PENDING elapsed=70s — waiting …
2026-06-03 15:47:44 | DEBUG    | Task 44623b3d-4543-44df-bc4c-a560720b96ca state=PENDING elapsed=75s — waiting …
2026-06-03 15:47:49 | DEBUG    | Task 44623b3d-4543-44df-bc4c-a560720b96ca state=PENDING elapsed=80s — waiting …
2026-06-03 15:47:54 | DEBUG    | Task 44623b3d-4543-44df-bc4c-a560720b96ca state=PENDING elapsed=85s — waiting …
2026-06-03 15:47:59 | DEBUG    | Task 44623b3d-4543-44df-bc4c-a560720b96ca state=PENDING elapsed=90s — waiting …
2026-06-03 15:48:04 | DEBUG    | Task 44623b3d-4543-44df-bc4c-a560720b96ca state=PENDING elapsed=95s — waiting …
2026-06-03 15:48:09 | DEBUG    | Task 44623b3d-4543-44df-bc4c-a560720b96ca state=PENDING elapsed=100s — waiting …
2026-06-03 15:48:14 | DEBUG    | Task 44623b3d-4543-44df-bc4c-a560720b96ca state=PENDING elapsed=105s — waiting …
2026-06-03 15:48:19 | DEBUG    | Task 44623b3d-4543-44df-bc4c-a560720b96ca state=PENDING elapsed=110s — waiting …
2026-06-03 15:48:24 | DEBUG    | Task 44623b3d-4543-44df-bc4c-a560720b96ca state=PENDING elapsed=115s — waiting …
2026-06-03 15:48:29 | DEBUG    | Task 44623b3d-4543-44df-bc4c-a560720b96ca state=PENDING elapsed=120s — waiting …
2026-06-03 15:48:34 | DEBUG    | Task 44623b3d-4543-44df-bc4c-a560720b96ca state=PENDING elapsed=125s — waiting …
2026-06-03 15:48:39 | DEBUG    | Task 44623b3d-4543-44df-bc4c-a560720b96ca state=PENDING elapsed=130s — waiting …
2026-06-03 15:48:44 | DEBUG    | Task 44623b3d-4543-44df-bc4c-a560720b96ca state=PENDING elapsed=135s — waiting …
2026-06-03 15:48:49 | DEBUG    | Task 44623b3d-4543-44df-bc4c-a560720b96ca state=PENDING elapsed=140s — waiting …
2026-06-03 15:48:54 | DEBUG    | Task 44623b3d-4543-44df-bc4c-a560720b96ca state=PENDING elapsed=145s — waiting …
2026-06-03 15:48:59 | DEBUG    | Task 44623b3d-4543-44df-bc4c-a560720b96ca state=PENDING elapsed=150s — waiting …
2026-06-03 15:49:04 | DEBUG    | Task 44623b3d-4543-44df-bc4c-a560720b96ca state=PENDING elapsed=155s — waiting …
2026-06-03 15:49:09 | DEBUG    | Task 44623b3d-4543-44df-bc4c-a560720b96ca state=PENDING elapsed=160s — waiting …
2026-06-03 15:49:14 | DEBUG    | Task 44623b3d-4543-44df-bc4c-a560720b96ca state=PENDING elapsed=165s — waiting …
2026-06-03 15:49:19 | DEBUG    | Task 44623b3d-4543-44df-bc4c-a560720b96ca state=PENDING elapsed=170s — waiting …
2026-06-03 15:49:24 | DEBUG    | Task 44623b3d-4543-44df-bc4c-a560720b96ca state=PENDING elapsed=175s — waiting …
2026-06-03 15:49:29 | DEBUG    | Task 44623b3d-4543-44df-bc4c-a560720b96ca state=PENDING elapsed=180s — waiting …
2026-06-03 15:49:34 | DEBUG    | Task 44623b3d-4543-44df-bc4c-a560720b96ca state=PENDING elapsed=185s — waiting …
2026-06-03 15:49:39 | DEBUG    | Task 44623b3d-4543-44df-bc4c-a560720b96ca state=PENDING elapsed=190s — waiting …
2026-06-03 15:49:44 | DEBUG    | Task 44623b3d-4543-44df-bc4c-a560720b96ca state=PENDING elapsed=195s — waiting …
2026-06-03 15:49:49 | DEBUG    | Task 44623b3d-4543-44df-bc4c-a560720b96ca state=PENDING elapsed=200s — waiting …
2026-06-03 15:49:54 | DEBUG    | Task 44623b3d-4543-44df-bc4c-a560720b96ca state=PENDING elapsed=205s — waiting …
2026-06-03 15:49:59 | DEBUG    | Task 44623b3d-4543-44df-bc4c-a560720b96ca state=PENDING elapsed=210s — waiting …
2026-06-03 15:50:04 | DEBUG    | Task 44623b3d-4543-44df-bc4c-a560720b96ca state=PENDING elapsed=215s — waiting …
2026-06-03 15:50:09 | DEBUG    | Task 44623b3d-4543-44df-bc4c-a560720b96ca state=PENDING elapsed=220s — waiting …
2026-06-03 15:50:14 | DEBUG    | Task 44623b3d-4543-44df-bc4c-a560720b96ca state=PENDING elapsed=225s — waiting …
2026-06-03 15:50:19 | DEBUG    | Task 44623b3d-4543-44df-bc4c-a560720b96ca state=PENDING elapsed=230s — waiting …
2026-06-03 15:50:24 | DEBUG    | Task 44623b3d-4543-44df-bc4c-a560720b96ca state=PENDING elapsed=235s — waiting …
2026-06-03 15:50:29 | DEBUG    | Task 44623b3d-4543-44df-bc4c-a560720b96ca state=PENDING elapsed=240s — waiting …
2026-06-03 15:50:34 | DEBUG    | Task 44623b3d-4543-44df-bc4c-a560720b96ca state=PENDING elapsed=245s — waiting …
2026-06-03 15:50:39 | DEBUG    | Task 44623b3d-4543-44df-bc4c-a560720b96ca state=PENDING elapsed=250s — waiting …
2026-06-03 15:50:44 | DEBUG    | Task 44623b3d-4543-44df-bc4c-a560720b96ca state=PENDING elapsed=255s — waiting …
2026-06-03 15:50:49 | DEBUG    | Task 44623b3d-4543-44df-bc4c-a560720b96ca state=PENDING elapsed=260s — waiting …
2026-06-03 15:50:54 | DEBUG    | Task 44623b3d-4543-44df-bc4c-a560720b96ca state=PENDING elapsed=265s — waiting …
2026-06-03 15:50:59 | DEBUG    | Task 44623b3d-4543-44df-bc4c-a560720b96ca state=PENDING elapsed=270s — waiting …
2026-06-03 15:51:04 | DEBUG    | Task 44623b3d-4543-44df-bc4c-a560720b96ca state=PENDING elapsed=275s — waiting …
2026-06-03 15:51:09 | DEBUG    | Task 44623b3d-4543-44df-bc4c-a560720b96ca state=PENDING elapsed=280s — waiting …
2026-06-03 15:51:14 | DEBUG    | Task 44623b3d-4543-44df-bc4c-a560720b96ca state=PENDING elapsed=285s — waiting …
2026-06-03 15:51:19 | DEBUG    | Task 44623b3d-4543-44df-bc4c-a560720b96ca state=PENDING elapsed=290s — waiting …
2026-06-03 15:51:24 | DEBUG    | Task 44623b3d-4543-44df-bc4c-a560720b96ca state=PENDING elapsed=295s — waiting …
2026-06-03 15:51:29 | DEBUG    | Task 44623b3d-4543-44df-bc4c-a560720b96ca state=PENDING elapsed=300s — waiting …
2026-06-03 15:51:34 | DEBUG    | Task 44623b3d-4543-44df-bc4c-a560720b96ca state=PENDING elapsed=305s — waiting …
2026-06-03 15:51:39 | DEBUG    | Task 44623b3d-4543-44df-bc4c-a560720b96ca state=PENDING elapsed=310s — waiting …
2026-06-03 15:51:44 | DEBUG    | Task 44623b3d-4543-44df-bc4c-a560720b96ca state=PENDING elapsed=315s — waiting …
2026-06-03 15:51:49 | DEBUG    | Task 44623b3d-4543-44df-bc4c-a560720b96ca state=PENDING elapsed=320s — waiting …
2026-06-03 15:51:54 | DEBUG    | Task 44623b3d-4543-44df-bc4c-a560720b96ca state=PENDING elapsed=325s — waiting …
2026-06-03 15:51:59 | DEBUG    | Task 44623b3d-4543-44df-bc4c-a560720b96ca state=PENDING elapsed=330s — waiting …
2026-06-03 15:52:04 | DEBUG    | Task 44623b3d-4543-44df-bc4c-a560720b96ca state=PENDING elapsed=335s — waiting …
2026-06-03 15:52:09 | DEBUG    | Task 44623b3d-4543-44df-bc4c-a560720b96ca state=PENDING elapsed=340s — waiting …
2026-06-03 15:52:14 | DEBUG    | Task 44623b3d-4543-44df-bc4c-a560720b96ca state=PENDING elapsed=345s — waiting …
2026-06-03 15:52:19 | DEBUG    | Task 44623b3d-4543-44df-bc4c-a560720b96ca state=PENDING elapsed=350s — waiting …
2026-06-03 15:52:24 | DEBUG    | Task 44623b3d-4543-44df-bc4c-a560720b96ca state=PENDING elapsed=355s — waiting …
2026-06-03 15:52:29 | DEBUG    | Task 44623b3d-4543-44df-bc4c-a560720b96ca state=PENDING elapsed=360s — waiting …
2026-06-03 15:52:34 | DEBUG    | Task 44623b3d-4543-44df-bc4c-a560720b96ca state=PENDING elapsed=365s — waiting …
2026-06-03 15:52:39 | DEBUG    | Task 44623b3d-4543-44df-bc4c-a560720b96ca state=PENDING elapsed=370s — waiting …
2026-06-03 15:52:44 | DEBUG    | Task 44623b3d-4543-44df-bc4c-a560720b96ca state=PENDING elapsed=375s — waiting …
2026-06-03 15:52:49 | DEBUG    | Task 44623b3d-4543-44df-bc4c-a560720b96ca state=PENDING elapsed=380s — waiting …
2026-06-03 15:52:54 | DEBUG    | Task 44623b3d-4543-44df-bc4c-a560720b96ca state=PENDING elapsed=385s — waiting …
2026-06-03 15:52:59 | DEBUG    | Task 44623b3d-4543-44df-bc4c-a560720b96ca state=PENDING elapsed=390s — waiting …
2026-06-03 15:53:04 | DEBUG    | Task 44623b3d-4543-44df-bc4c-a560720b96ca state=PENDING elapsed=395s — waiting …
2026-06-03 15:53:09 | DEBUG    | Task 44623b3d-4543-44df-bc4c-a560720b96ca state=PENDING elapsed=400s — waiting …
2026-06-03 15:53:14 | DEBUG    | Task 44623b3d-4543-44df-bc4c-a560720b96ca state=PENDING elapsed=405s — waiting …
2026-06-03 15:53:19 | DEBUG    | Task 44623b3d-4543-44df-bc4c-a560720b96ca state=PENDING elapsed=410s — waiting …
2026-06-03 15:53:24 | DEBUG    | Task 44623b3d-4543-44df-bc4c-a560720b96ca state=PENDING elapsed=415s — waiting …
2026-06-03 15:53:29 | DEBUG    | Task 44623b3d-4543-44df-bc4c-a560720b96ca state=PENDING elapsed=420s — waiting …
2026-06-03 15:53:34 | DEBUG    | Task 44623b3d-4543-44df-bc4c-a560720b96ca state=PENDING elapsed=425s — waiting …
2026-06-03 15:53:39 | DEBUG    | Task 44623b3d-4543-44df-bc4c-a560720b96ca state=PENDING elapsed=430s — waiting …
2026-06-03 15:53:44 | DEBUG    | Task 44623b3d-4543-44df-bc4c-a560720b96ca state=PENDING elapsed=435s — waiting …
2026-06-03 15:53:49 | DEBUG    | Task 44623b3d-4543-44df-bc4c-a560720b96ca state=PENDING elapsed=441s — waiting …
2026-06-03 15:53:54 | DEBUG    | Task 44623b3d-4543-44df-bc4c-a560720b96ca state=PENDING elapsed=446s — waiting …
2026-06-03 15:53:59 | INFO     | Task 44623b3d-4543-44df-bc4c-a560720b96ca FINISHED in 451s
2026-06-03 15:53:59 | INFO     | ✅ batch 3/9 (16 files) complete
2026-06-03 15:53:59 | INFO     | --- batch 4/9 (16 files) ---
2026-06-03 15:53:59 | DEBUG    |   Files: CRR201773.pdf, CRR202501.pdf, CRR202502.pdf, CRR202503.pdf, CRR202504.pdf, CRR202505.pdf, CRR202506.pdf, CRR202507.pdf, CRR202508.pdf, CRR202509.pdf, CRR202510.pdf, CRR202511.pdf, CRR202512.pdf, CRR202513.pdf, CRR202514.pdf, CRR202515.pdf
2026-06-03 15:54:00 | INFO     | Upload accepted → task_id=a3a952f0-5cd5-4598-9d9b-ce8b45083a95
2026-06-03 15:54:00 | DEBUG    | Task a3a952f0-5cd5-4598-9d9b-ce8b45083a95 state=PENDING elapsed=0s — waiting …
2026-06-03 15:54:05 | DEBUG    | Task a3a952f0-5cd5-4598-9d9b-ce8b45083a95 state=PENDING elapsed=5s — waiting …
2026-06-03 15:54:11 | DEBUG    | Task a3a952f0-5cd5-4598-9d9b-ce8b45083a95 state=PENDING elapsed=11s — waiting …
2026-06-03 15:54:16 | DEBUG    | Task a3a952f0-5cd5-4598-9d9b-ce8b45083a95 state=PENDING elapsed=16s — waiting …
2026-06-03 15:54:21 | DEBUG    | Task a3a952f0-5cd5-4598-9d9b-ce8b45083a95 state=PENDING elapsed=21s — waiting …
2026-06-03 15:54:26 | DEBUG    | Task a3a952f0-5cd5-4598-9d9b-ce8b45083a95 state=PENDING elapsed=26s — waiting …
2026-06-03 15:54:31 | DEBUG    | Task a3a952f0-5cd5-4598-9d9b-ce8b45083a95 state=PENDING elapsed=31s — waiting …
2026-06-03 15:54:36 | DEBUG    | Task a3a952f0-5cd5-4598-9d9b-ce8b45083a95 state=PENDING elapsed=36s — waiting …
2026-06-03 15:54:41 | DEBUG    | Task a3a952f0-5cd5-4598-9d9b-ce8b45083a95 state=PENDING elapsed=41s — waiting …
2026-06-03 15:54:46 | DEBUG    | Task a3a952f0-5cd5-4598-9d9b-ce8b45083a95 state=PENDING elapsed=46s — waiting …
2026-06-03 15:54:51 | DEBUG    | Task a3a952f0-5cd5-4598-9d9b-ce8b45083a95 state=PENDING elapsed=51s — waiting …
2026-06-03 15:54:56 | DEBUG    | Task a3a952f0-5cd5-4598-9d9b-ce8b45083a95 state=PENDING elapsed=56s — waiting …
2026-06-03 15:55:01 | DEBUG    | Task a3a952f0-5cd5-4598-9d9b-ce8b45083a95 state=PENDING elapsed=61s — waiting …
2026-06-03 15:55:06 | DEBUG    | Task a3a952f0-5cd5-4598-9d9b-ce8b45083a95 state=PENDING elapsed=66s — waiting …
2026-06-03 15:55:11 | DEBUG    | Task a3a952f0-5cd5-4598-9d9b-ce8b45083a95 state=PENDING elapsed=71s — waiting …
2026-06-03 15:55:16 | DEBUG    | Task a3a952f0-5cd5-4598-9d9b-ce8b45083a95 state=PENDING elapsed=76s — waiting …
2026-06-03 15:55:21 | DEBUG    | Task a3a952f0-5cd5-4598-9d9b-ce8b45083a95 state=PENDING elapsed=81s — waiting …
2026-06-03 15:55:26 | DEBUG    | Task a3a952f0-5cd5-4598-9d9b-ce8b45083a95 state=PENDING elapsed=86s — waiting …
2026-06-03 15:55:31 | DEBUG    | Task a3a952f0-5cd5-4598-9d9b-ce8b45083a95 state=PENDING elapsed=91s — waiting …
2026-06-03 15:55:36 | DEBUG    | Task a3a952f0-5cd5-4598-9d9b-ce8b45083a95 state=PENDING elapsed=96s — waiting …
2026-06-03 15:55:41 | DEBUG    | Task a3a952f0-5cd5-4598-9d9b-ce8b45083a95 state=PENDING elapsed=101s — waiting …
2026-06-03 15:55:46 | DEBUG    | Task a3a952f0-5cd5-4598-9d9b-ce8b45083a95 state=PENDING elapsed=106s — waiting …
2026-06-03 15:55:51 | DEBUG    | Task a3a952f0-5cd5-4598-9d9b-ce8b45083a95 state=PENDING elapsed=111s — waiting …
2026-06-03 15:55:56 | DEBUG    | Task a3a952f0-5cd5-4598-9d9b-ce8b45083a95 state=PENDING elapsed=116s — waiting …
2026-06-03 15:56:01 | DEBUG    | Task a3a952f0-5cd5-4598-9d9b-ce8b45083a95 state=PENDING elapsed=121s — waiting …
2026-06-03 15:56:06 | DEBUG    | Task a3a952f0-5cd5-4598-9d9b-ce8b45083a95 state=PENDING elapsed=126s — waiting …
2026-06-03 15:56:11 | DEBUG    | Task a3a952f0-5cd5-4598-9d9b-ce8b45083a95 state=PENDING elapsed=131s — waiting …
2026-06-03 15:56:16 | DEBUG    | Task a3a952f0-5cd5-4598-9d9b-ce8b45083a95 state=PENDING elapsed=136s — waiting …
2026-06-03 15:56:21 | DEBUG    | Task a3a952f0-5cd5-4598-9d9b-ce8b45083a95 state=PENDING elapsed=141s — waiting …
2026-06-03 15:56:27 | DEBUG    | Task a3a952f0-5cd5-4598-9d9b-ce8b45083a95 state=PENDING elapsed=146s — waiting …
2026-06-03 15:56:32 | DEBUG    | Task a3a952f0-5cd5-4598-9d9b-ce8b45083a95 state=PENDING elapsed=151s — waiting …
2026-06-03 15:56:37 | DEBUG    | Task a3a952f0-5cd5-4598-9d9b-ce8b45083a95 state=PENDING elapsed=156s — waiting …
2026-06-03 15:56:42 | DEBUG    | Task a3a952f0-5cd5-4598-9d9b-ce8b45083a95 state=PENDING elapsed=161s — waiting …
2026-06-03 15:56:47 | DEBUG    | Task a3a952f0-5cd5-4598-9d9b-ce8b45083a95 state=PENDING elapsed=166s — waiting …
2026-06-03 15:56:52 | DEBUG    | Task a3a952f0-5cd5-4598-9d9b-ce8b45083a95 state=PENDING elapsed=171s — waiting …
2026-06-03 15:56:57 | DEBUG    | Task a3a952f0-5cd5-4598-9d9b-ce8b45083a95 state=PENDING elapsed=176s — waiting …
2026-06-03 15:57:16 | DEBUG    | Task a3a952f0-5cd5-4598-9d9b-ce8b45083a95 state=PENDING elapsed=195s — waiting …
2026-06-03 15:57:21 | DEBUG    | Task a3a952f0-5cd5-4598-9d9b-ce8b45083a95 state=PENDING elapsed=200s — waiting …
2026-06-03 15:57:26 | DEBUG    | Task a3a952f0-5cd5-4598-9d9b-ce8b45083a95 state=PENDING elapsed=205s — waiting …
2026-06-03 15:57:31 | DEBUG    | Task a3a952f0-5cd5-4598-9d9b-ce8b45083a95 state=PENDING elapsed=210s — waiting …
2026-06-03 15:57:36 | DEBUG    | Task a3a952f0-5cd5-4598-9d9b-ce8b45083a95 state=PENDING elapsed=215s — waiting …
2026-06-03 15:57:41 | DEBUG    | Task a3a952f0-5cd5-4598-9d9b-ce8b45083a95 state=PENDING elapsed=220s — waiting …
2026-06-03 15:57:51 | DEBUG    | Task a3a952f0-5cd5-4598-9d9b-ce8b45083a95 state=PENDING elapsed=230s — waiting …
2026-06-03 15:57:56 | DEBUG    | Task a3a952f0-5cd5-4598-9d9b-ce8b45083a95 state=PENDING elapsed=235s — waiting …
2026-06-03 15:58:01 | DEBUG    | Task a3a952f0-5cd5-4598-9d9b-ce8b45083a95 state=PENDING elapsed=240s — waiting …
2026-06-03 15:58:07 | INFO     | Task a3a952f0-5cd5-4598-9d9b-ce8b45083a95 FINISHED in 246s
2026-06-03 15:58:07 | INFO     | ✅ batch 4/9 (16 files) complete
2026-06-03 15:58:07 | INFO     | --- batch 5/9 (16 files) ---
2026-06-03 15:58:07 | DEBUG    |   Files: CRR202517.pdf, CRR202518.pdf, CRR202519.pdf, CRR202520.pdf, CRR202521.pdf, CRR202523.pdf, CRR202524.pdf, CRR202525.pdf, CRR202526.pdf, CRR202527.pdf, CRR202530.pdf, CRR202531.pdf, CRR202532.pdf, CRR202533.pdf, CRR202534.pdf, CRR202535.pdf
2026-06-03 15:58:09 | INFO     | Upload accepted → task_id=6dbea6f7-b690-4b2f-8194-fab56b6dd573
2026-06-03 15:58:09 | DEBUG    | Task 6dbea6f7-b690-4b2f-8194-fab56b6dd573 state=PENDING elapsed=0s — waiting …
2026-06-03 15:58:14 | DEBUG    | Task 6dbea6f7-b690-4b2f-8194-fab56b6dd573 state=PENDING elapsed=5s — waiting …
2026-06-03 15:58:19 | DEBUG    | Task 6dbea6f7-b690-4b2f-8194-fab56b6dd573 state=PENDING elapsed=10s — waiting …
2026-06-03 15:58:24 | DEBUG    | Task 6dbea6f7-b690-4b2f-8194-fab56b6dd573 state=PENDING elapsed=15s — waiting …
2026-06-03 15:58:29 | DEBUG    | Task 6dbea6f7-b690-4b2f-8194-fab56b6dd573 state=PENDING elapsed=20s — waiting …
2026-06-03 15:58:34 | DEBUG    | Task 6dbea6f7-b690-4b2f-8194-fab56b6dd573 state=PENDING elapsed=25s — waiting …
2026-06-03 15:58:39 | DEBUG    | Task 6dbea6f7-b690-4b2f-8194-fab56b6dd573 state=PENDING elapsed=30s — waiting …
2026-06-03 15:58:44 | DEBUG    | Task 6dbea6f7-b690-4b2f-8194-fab56b6dd573 state=PENDING elapsed=35s — waiting …
2026-06-03 15:58:49 | DEBUG    | Task 6dbea6f7-b690-4b2f-8194-fab56b6dd573 state=PENDING elapsed=40s — waiting …
2026-06-03 15:58:54 | DEBUG    | Task 6dbea6f7-b690-4b2f-8194-fab56b6dd573 state=PENDING elapsed=45s — waiting …
2026-06-03 15:58:59 | DEBUG    | Task 6dbea6f7-b690-4b2f-8194-fab56b6dd573 state=PENDING elapsed=50s — waiting …
2026-06-03 15:59:04 | DEBUG    | Task 6dbea6f7-b690-4b2f-8194-fab56b6dd573 state=PENDING elapsed=55s — waiting …
2026-06-03 15:59:09 | DEBUG    | Task 6dbea6f7-b690-4b2f-8194-fab56b6dd573 state=PENDING elapsed=60s — waiting …
2026-06-03 15:59:14 | DEBUG    | Task 6dbea6f7-b690-4b2f-8194-fab56b6dd573 state=PENDING elapsed=65s — waiting …
2026-06-03 15:59:19 | DEBUG    | Task 6dbea6f7-b690-4b2f-8194-fab56b6dd573 state=PENDING elapsed=70s — waiting …
2026-06-03 15:59:24 | DEBUG    | Task 6dbea6f7-b690-4b2f-8194-fab56b6dd573 state=PENDING elapsed=75s — waiting …
2026-06-03 15:59:29 | DEBUG    | Task 6dbea6f7-b690-4b2f-8194-fab56b6dd573 state=PENDING elapsed=80s — waiting …
2026-06-03 15:59:34 | DEBUG    | Task 6dbea6f7-b690-4b2f-8194-fab56b6dd573 state=PENDING elapsed=85s — waiting …
2026-06-03 15:59:39 | DEBUG    | Task 6dbea6f7-b690-4b2f-8194-fab56b6dd573 state=PENDING elapsed=90s — waiting …
2026-06-03 15:59:44 | DEBUG    | Task 6dbea6f7-b690-4b2f-8194-fab56b6dd573 state=PENDING elapsed=95s — waiting …
2026-06-03 15:59:49 | DEBUG    | Task 6dbea6f7-b690-4b2f-8194-fab56b6dd573 state=PENDING elapsed=100s — waiting …
2026-06-03 15:59:54 | DEBUG    | Task 6dbea6f7-b690-4b2f-8194-fab56b6dd573 state=PENDING elapsed=105s — waiting …
2026-06-03 15:59:59 | DEBUG    | Task 6dbea6f7-b690-4b2f-8194-fab56b6dd573 state=PENDING elapsed=110s — waiting …
2026-06-03 16:00:04 | DEBUG    | Task 6dbea6f7-b690-4b2f-8194-fab56b6dd573 state=PENDING elapsed=115s — waiting …
2026-06-03 16:00:09 | DEBUG    | Task 6dbea6f7-b690-4b2f-8194-fab56b6dd573 state=PENDING elapsed=120s — waiting …
2026-06-03 16:00:14 | DEBUG    | Task 6dbea6f7-b690-4b2f-8194-fab56b6dd573 state=PENDING elapsed=125s — waiting …
2026-06-03 16:00:19 | DEBUG    | Task 6dbea6f7-b690-4b2f-8194-fab56b6dd573 state=PENDING elapsed=130s — waiting …
2026-06-03 16:00:24 | DEBUG    | Task 6dbea6f7-b690-4b2f-8194-fab56b6dd573 state=PENDING elapsed=135s — waiting …
2026-06-03 16:00:29 | DEBUG    | Task 6dbea6f7-b690-4b2f-8194-fab56b6dd573 state=PENDING elapsed=140s — waiting …
2026-06-03 16:00:34 | DEBUG    | Task 6dbea6f7-b690-4b2f-8194-fab56b6dd573 state=PENDING elapsed=145s — waiting …
2026-06-03 16:00:39 | DEBUG    | Task 6dbea6f7-b690-4b2f-8194-fab56b6dd573 state=PENDING elapsed=150s — waiting …
2026-06-03 16:00:44 | DEBUG    | Task 6dbea6f7-b690-4b2f-8194-fab56b6dd573 state=PENDING elapsed=155s — waiting …
2026-06-03 16:00:49 | DEBUG    | Task 6dbea6f7-b690-4b2f-8194-fab56b6dd573 state=PENDING elapsed=160s — waiting …
2026-06-03 16:00:54 | DEBUG    | Task 6dbea6f7-b690-4b2f-8194-fab56b6dd573 state=PENDING elapsed=165s — waiting …
2026-06-03 16:00:59 | INFO     | Task 6dbea6f7-b690-4b2f-8194-fab56b6dd573 FINISHED in 170s
2026-06-03 16:00:59 | INFO     | ✅ batch 5/9 (16 files) complete
2026-06-03 16:00:59 | INFO     | --- batch 6/9 (16 files) ---
2026-06-03 16:00:59 | DEBUG    |   Files: CRR202536.pdf, CRR202537.pdf, CRR202538.pdf, CRR202539.pdf, CRR202540.pdf, CRR202541.pdf, CRR202542.pdf, Cary_MSc_2019.pdf, Chineke_MSc_2024.pdf, Cova_PhD_2017.pdf, Dongas_MSc_2016.pdf, Eaid_PhD_2022.pdf, Ellison_MSc_2018.pdf, Esmaeili_MSc_2016.pdf, Fontes_MSc_2024.pdf, Fu_PhD_2023.pdf
2026-06-03 16:01:01 | INFO     | Upload accepted → task_id=5bcd19b5-44fe-49d7-ae61-a6cd615f1d47
2026-06-03 16:01:01 | DEBUG    | Task 5bcd19b5-44fe-49d7-ae61-a6cd615f1d47 state=PENDING elapsed=0s — waiting …
2026-06-03 16:01:06 | DEBUG    | Task 5bcd19b5-44fe-49d7-ae61-a6cd615f1d47 state=PENDING elapsed=5s — waiting …
2026-06-03 16:01:11 | DEBUG    | Task 5bcd19b5-44fe-49d7-ae61-a6cd615f1d47 state=PENDING elapsed=10s — waiting …
2026-06-03 16:01:16 | DEBUG    | Task 5bcd19b5-44fe-49d7-ae61-a6cd615f1d47 state=PENDING elapsed=15s — waiting …
2026-06-03 16:01:21 | DEBUG    | Task 5bcd19b5-44fe-49d7-ae61-a6cd615f1d47 state=PENDING elapsed=20s — waiting …
2026-06-03 16:01:26 | DEBUG    | Task 5bcd19b5-44fe-49d7-ae61-a6cd615f1d47 state=PENDING elapsed=25s — waiting …
2026-06-03 16:01:34 | DEBUG    | Task 5bcd19b5-44fe-49d7-ae61-a6cd615f1d47 state=PENDING elapsed=33s — waiting …
2026-06-03 16:01:39 | DEBUG    | Task 5bcd19b5-44fe-49d7-ae61-a6cd615f1d47 state=PENDING elapsed=38s — waiting …
2026-06-03 16:01:48 | DEBUG    | Task 5bcd19b5-44fe-49d7-ae61-a6cd615f1d47 state=PENDING elapsed=47s — waiting …
2026-06-03 16:01:53 | DEBUG    | Task 5bcd19b5-44fe-49d7-ae61-a6cd615f1d47 state=PENDING elapsed=52s — waiting …
2026-06-03 16:01:58 | DEBUG    | Task 5bcd19b5-44fe-49d7-ae61-a6cd615f1d47 state=PENDING elapsed=57s — waiting …
2026-06-03 16:02:03 | DEBUG    | Task 5bcd19b5-44fe-49d7-ae61-a6cd615f1d47 state=PENDING elapsed=62s — waiting …
2026-06-03 16:02:08 | DEBUG    | Task 5bcd19b5-44fe-49d7-ae61-a6cd615f1d47 state=PENDING elapsed=67s — waiting …
2026-06-03 16:02:13 | DEBUG    | Task 5bcd19b5-44fe-49d7-ae61-a6cd615f1d47 state=PENDING elapsed=72s — waiting …
2026-06-03 16:02:18 | DEBUG    | Task 5bcd19b5-44fe-49d7-ae61-a6cd615f1d47 state=PENDING elapsed=77s — waiting …
2026-06-03 16:02:23 | DEBUG    | Task 5bcd19b5-44fe-49d7-ae61-a6cd615f1d47 state=PENDING elapsed=82s — waiting …
2026-06-03 16:02:28 | DEBUG    | Task 5bcd19b5-44fe-49d7-ae61-a6cd615f1d47 state=PENDING elapsed=87s — waiting …
2026-06-03 16:02:33 | DEBUG    | Task 5bcd19b5-44fe-49d7-ae61-a6cd615f1d47 state=PENDING elapsed=92s — waiting …
2026-06-03 16:02:38 | DEBUG    | Task 5bcd19b5-44fe-49d7-ae61-a6cd615f1d47 state=PENDING elapsed=97s — waiting …
2026-06-03 16:02:43 | DEBUG    | Task 5bcd19b5-44fe-49d7-ae61-a6cd615f1d47 state=PENDING elapsed=102s — waiting …
2026-06-03 16:02:48 | DEBUG    | Task 5bcd19b5-44fe-49d7-ae61-a6cd615f1d47 state=PENDING elapsed=107s — waiting …
2026-06-03 16:02:53 | DEBUG    | Task 5bcd19b5-44fe-49d7-ae61-a6cd615f1d47 state=PENDING elapsed=112s — waiting …
2026-06-03 16:02:58 | DEBUG    | Task 5bcd19b5-44fe-49d7-ae61-a6cd615f1d47 state=PENDING elapsed=117s — waiting …
2026-06-03 16:03:03 | DEBUG    | Task 5bcd19b5-44fe-49d7-ae61-a6cd615f1d47 state=PENDING elapsed=122s — waiting …
2026-06-03 16:03:08 | DEBUG    | Task 5bcd19b5-44fe-49d7-ae61-a6cd615f1d47 state=PENDING elapsed=127s — waiting …
2026-06-03 16:03:13 | DEBUG    | Task 5bcd19b5-44fe-49d7-ae61-a6cd615f1d47 state=PENDING elapsed=132s — waiting …
2026-06-03 16:03:18 | DEBUG    | Task 5bcd19b5-44fe-49d7-ae61-a6cd615f1d47 state=PENDING elapsed=137s — waiting …
2026-06-03 16:03:23 | DEBUG    | Task 5bcd19b5-44fe-49d7-ae61-a6cd615f1d47 state=PENDING elapsed=142s — waiting …
2026-06-03 16:03:28 | DEBUG    | Task 5bcd19b5-44fe-49d7-ae61-a6cd615f1d47 state=PENDING elapsed=147s — waiting …
2026-06-03 16:03:33 | DEBUG    | Task 5bcd19b5-44fe-49d7-ae61-a6cd615f1d47 state=PENDING elapsed=152s — waiting …
2026-06-03 16:03:38 | DEBUG    | Task 5bcd19b5-44fe-49d7-ae61-a6cd615f1d47 state=PENDING elapsed=157s — waiting …
2026-06-03 16:03:43 | DEBUG    | Task 5bcd19b5-44fe-49d7-ae61-a6cd615f1d47 state=PENDING elapsed=162s — waiting …
2026-06-03 16:03:48 | DEBUG    | Task 5bcd19b5-44fe-49d7-ae61-a6cd615f1d47 state=PENDING elapsed=167s — waiting …
2026-06-03 16:03:53 | DEBUG    | Task 5bcd19b5-44fe-49d7-ae61-a6cd615f1d47 state=PENDING elapsed=172s — waiting …
2026-06-03 16:03:58 | DEBUG    | Task 5bcd19b5-44fe-49d7-ae61-a6cd615f1d47 state=PENDING elapsed=177s — waiting …
2026-06-03 16:04:03 | DEBUG    | Task 5bcd19b5-44fe-49d7-ae61-a6cd615f1d47 state=PENDING elapsed=182s — waiting …
2026-06-03 16:04:08 | DEBUG    | Task 5bcd19b5-44fe-49d7-ae61-a6cd615f1d47 state=PENDING elapsed=187s — waiting …
2026-06-03 16:04:13 | DEBUG    | Task 5bcd19b5-44fe-49d7-ae61-a6cd615f1d47 state=PENDING elapsed=192s — waiting …
2026-06-03 16:04:18 | DEBUG    | Task 5bcd19b5-44fe-49d7-ae61-a6cd615f1d47 state=PENDING elapsed=197s — waiting …
2026-06-03 16:04:23 | DEBUG    | Task 5bcd19b5-44fe-49d7-ae61-a6cd615f1d47 state=PENDING elapsed=202s — waiting …
2026-06-03 16:04:28 | DEBUG    | Task 5bcd19b5-44fe-49d7-ae61-a6cd615f1d47 state=PENDING elapsed=207s — waiting …
2026-06-03 16:04:33 | DEBUG    | Task 5bcd19b5-44fe-49d7-ae61-a6cd615f1d47 state=PENDING elapsed=212s — waiting …
2026-06-03 16:04:38 | DEBUG    | Task 5bcd19b5-44fe-49d7-ae61-a6cd615f1d47 state=PENDING elapsed=217s — waiting …
2026-06-03 16:04:43 | DEBUG    | Task 5bcd19b5-44fe-49d7-ae61-a6cd615f1d47 state=PENDING elapsed=222s — waiting …
2026-06-03 16:04:48 | DEBUG    | Task 5bcd19b5-44fe-49d7-ae61-a6cd615f1d47 state=PENDING elapsed=227s — waiting …
2026-06-03 16:04:53 | DEBUG    | Task 5bcd19b5-44fe-49d7-ae61-a6cd615f1d47 state=PENDING elapsed=232s — waiting …
2026-06-03 16:04:58 | DEBUG    | Task 5bcd19b5-44fe-49d7-ae61-a6cd615f1d47 state=PENDING elapsed=237s — waiting …
2026-06-03 16:05:03 | DEBUG    | Task 5bcd19b5-44fe-49d7-ae61-a6cd615f1d47 state=PENDING elapsed=242s — waiting …
2026-06-03 16:05:08 | DEBUG    | Task 5bcd19b5-44fe-49d7-ae61-a6cd615f1d47 state=PENDING elapsed=247s — waiting …
2026-06-03 16:05:15 | DEBUG    | Task 5bcd19b5-44fe-49d7-ae61-a6cd615f1d47 state=PENDING elapsed=254s — waiting …
2026-06-03 16:05:20 | DEBUG    | Task 5bcd19b5-44fe-49d7-ae61-a6cd615f1d47 state=PENDING elapsed=259s — waiting …
2026-06-03 16:05:28 | DEBUG    | Task 5bcd19b5-44fe-49d7-ae61-a6cd615f1d47 state=PENDING elapsed=267s — waiting …
2026-06-03 16:05:33 | DEBUG    | Task 5bcd19b5-44fe-49d7-ae61-a6cd615f1d47 state=PENDING elapsed=272s — waiting …
2026-06-03 16:05:38 | DEBUG    | Task 5bcd19b5-44fe-49d7-ae61-a6cd615f1d47 state=PENDING elapsed=277s — waiting …
2026-06-03 16:05:43 | DEBUG    | Task 5bcd19b5-44fe-49d7-ae61-a6cd615f1d47 state=PENDING elapsed=282s — waiting …
2026-06-03 16:05:48 | DEBUG    | Task 5bcd19b5-44fe-49d7-ae61-a6cd615f1d47 state=PENDING elapsed=287s — waiting …
2026-06-03 16:05:53 | DEBUG    | Task 5bcd19b5-44fe-49d7-ae61-a6cd615f1d47 state=PENDING elapsed=292s — waiting …
2026-06-03 16:05:58 | DEBUG    | Task 5bcd19b5-44fe-49d7-ae61-a6cd615f1d47 state=PENDING elapsed=297s — waiting …
2026-06-03 16:06:03 | DEBUG    | Task 5bcd19b5-44fe-49d7-ae61-a6cd615f1d47 state=PENDING elapsed=302s — waiting …
2026-06-03 16:06:08 | DEBUG    | Task 5bcd19b5-44fe-49d7-ae61-a6cd615f1d47 state=PENDING elapsed=307s — waiting …
2026-06-03 16:06:13 | DEBUG    | Task 5bcd19b5-44fe-49d7-ae61-a6cd615f1d47 state=PENDING elapsed=312s — waiting …
2026-06-03 16:06:18 | DEBUG    | Task 5bcd19b5-44fe-49d7-ae61-a6cd615f1d47 state=PENDING elapsed=317s — waiting …
2026-06-03 16:06:23 | DEBUG    | Task 5bcd19b5-44fe-49d7-ae61-a6cd615f1d47 state=PENDING elapsed=322s — waiting …
2026-06-03 16:06:28 | DEBUG    | Task 5bcd19b5-44fe-49d7-ae61-a6cd615f1d47 state=PENDING elapsed=327s — waiting …
2026-06-03 16:06:33 | DEBUG    | Task 5bcd19b5-44fe-49d7-ae61-a6cd615f1d47 state=PENDING elapsed=332s — waiting …
2026-06-03 16:06:38 | DEBUG    | Task 5bcd19b5-44fe-49d7-ae61-a6cd615f1d47 state=PENDING elapsed=337s — waiting …
2026-06-03 16:06:43 | DEBUG    | Task 5bcd19b5-44fe-49d7-ae61-a6cd615f1d47 state=PENDING elapsed=342s — waiting …
2026-06-03 16:06:48 | DEBUG    | Task 5bcd19b5-44fe-49d7-ae61-a6cd615f1d47 state=PENDING elapsed=347s — waiting …
2026-06-03 16:06:53 | DEBUG    | Task 5bcd19b5-44fe-49d7-ae61-a6cd615f1d47 state=PENDING elapsed=352s — waiting …
2026-06-03 16:06:58 | DEBUG    | Task 5bcd19b5-44fe-49d7-ae61-a6cd615f1d47 state=PENDING elapsed=357s — waiting …
2026-06-03 16:07:03 | DEBUG    | Task 5bcd19b5-44fe-49d7-ae61-a6cd615f1d47 state=PENDING elapsed=362s — waiting …
2026-06-03 16:07:08 | DEBUG    | Task 5bcd19b5-44fe-49d7-ae61-a6cd615f1d47 state=PENDING elapsed=367s — waiting …
2026-06-03 16:07:13 | DEBUG    | Task 5bcd19b5-44fe-49d7-ae61-a6cd615f1d47 state=PENDING elapsed=372s — waiting …
2026-06-03 16:07:18 | DEBUG    | Task 5bcd19b5-44fe-49d7-ae61-a6cd615f1d47 state=PENDING elapsed=377s — waiting …
2026-06-03 16:07:23 | DEBUG    | Task 5bcd19b5-44fe-49d7-ae61-a6cd615f1d47 state=PENDING elapsed=382s — waiting …
2026-06-03 16:07:29 | DEBUG    | Task 5bcd19b5-44fe-49d7-ae61-a6cd615f1d47 state=PENDING elapsed=388s — waiting …
2026-06-03 16:07:34 | DEBUG    | Task 5bcd19b5-44fe-49d7-ae61-a6cd615f1d47 state=PENDING elapsed=393s — waiting …
2026-06-03 16:07:39 | DEBUG    | Task 5bcd19b5-44fe-49d7-ae61-a6cd615f1d47 state=PENDING elapsed=398s — waiting …
2026-06-03 16:07:44 | DEBUG    | Task 5bcd19b5-44fe-49d7-ae61-a6cd615f1d47 state=PENDING elapsed=403s — waiting …
2026-06-03 16:07:49 | DEBUG    | Task 5bcd19b5-44fe-49d7-ae61-a6cd615f1d47 state=PENDING elapsed=408s — waiting …
2026-06-03 16:07:57 | INFO     | Task 5bcd19b5-44fe-49d7-ae61-a6cd615f1d47 FINISHED in 416s
2026-06-03 16:07:57 | INFO     | ✅ batch 6/9 (16 files) complete
2026-06-03 16:07:57 | INFO     | --- batch 7/9 (16 files) ---
2026-06-03 16:07:57 | DEBUG    |   Files: Gordon_MSc_2019.pdf, Guarido_PhD_2017.pdf, Guevara_PhD_2017.pdf, Gunning_MSc_2017.pdf, Hardeman_PhD_2019.pdf, Hu_PhD_2023.pdf, Huang_PhD_2023.pdf, Iverson_MSc_2020.pdf, Jabbari_PhD_2016.pdf, Keating_PhD_2020.pdf, Kolkman-quinn_MSc_2022.pdf, Law_PhD_2021.pdf, Law_PhD_2022.pdf, Li_Ji_PhD_2025.pdf, Li_Jinji_PhD_2025.pdf, Li_PhD_2017.pdf
2026-06-03 16:08:01 | INFO     | Upload accepted → task_id=f36bd940-d28f-48d3-b835-a57a9130f7bd
2026-06-03 16:08:01 | DEBUG    | Task f36bd940-d28f-48d3-b835-a57a9130f7bd state=PENDING elapsed=0s — waiting …
2026-06-03 16:08:06 | DEBUG    | Task f36bd940-d28f-48d3-b835-a57a9130f7bd state=PENDING elapsed=5s — waiting …
2026-06-03 16:08:11 | DEBUG    | Task f36bd940-d28f-48d3-b835-a57a9130f7bd state=PENDING elapsed=10s — waiting …
2026-06-03 16:08:16 | DEBUG    | Task f36bd940-d28f-48d3-b835-a57a9130f7bd state=PENDING elapsed=15s — waiting …
2026-06-03 16:08:21 | DEBUG    | Task f36bd940-d28f-48d3-b835-a57a9130f7bd state=PENDING elapsed=20s — waiting …
2026-06-03 16:08:26 | DEBUG    | Task f36bd940-d28f-48d3-b835-a57a9130f7bd state=PENDING elapsed=25s — waiting …
2026-06-03 16:08:31 | DEBUG    | Task f36bd940-d28f-48d3-b835-a57a9130f7bd state=PENDING elapsed=30s — waiting …
2026-06-03 16:08:36 | DEBUG    | Task f36bd940-d28f-48d3-b835-a57a9130f7bd state=PENDING elapsed=35s — waiting …
2026-06-03 16:08:41 | DEBUG    | Task f36bd940-d28f-48d3-b835-a57a9130f7bd state=PENDING elapsed=40s — waiting …
2026-06-03 16:08:46 | DEBUG    | Task f36bd940-d28f-48d3-b835-a57a9130f7bd state=PENDING elapsed=45s — waiting …
2026-06-03 16:08:51 | DEBUG    | Task f36bd940-d28f-48d3-b835-a57a9130f7bd state=PENDING elapsed=50s — waiting …
2026-06-03 16:08:56 | DEBUG    | Task f36bd940-d28f-48d3-b835-a57a9130f7bd state=PENDING elapsed=55s — waiting …
2026-06-03 16:09:01 | DEBUG    | Task f36bd940-d28f-48d3-b835-a57a9130f7bd state=PENDING elapsed=60s — waiting …
2026-06-03 16:09:06 | DEBUG    | Task f36bd940-d28f-48d3-b835-a57a9130f7bd state=PENDING elapsed=65s — waiting …
2026-06-03 16:09:11 | DEBUG    | Task f36bd940-d28f-48d3-b835-a57a9130f7bd state=PENDING elapsed=70s — waiting …
2026-06-03 16:09:16 | DEBUG    | Task f36bd940-d28f-48d3-b835-a57a9130f7bd state=PENDING elapsed=75s — waiting …
2026-06-03 16:09:21 | DEBUG    | Task f36bd940-d28f-48d3-b835-a57a9130f7bd state=PENDING elapsed=80s — waiting …
2026-06-03 16:09:28 | DEBUG    | Task f36bd940-d28f-48d3-b835-a57a9130f7bd state=PENDING elapsed=87s — waiting …
2026-06-03 16:09:33 | DEBUG    | Task f36bd940-d28f-48d3-b835-a57a9130f7bd state=PENDING elapsed=92s — waiting …
2026-06-03 16:09:38 | DEBUG    | Task f36bd940-d28f-48d3-b835-a57a9130f7bd state=PENDING elapsed=97s — waiting …
2026-06-03 16:09:43 | DEBUG    | Task f36bd940-d28f-48d3-b835-a57a9130f7bd state=PENDING elapsed=102s — waiting …
2026-06-03 16:09:49 | DEBUG    | Task f36bd940-d28f-48d3-b835-a57a9130f7bd state=PENDING elapsed=108s — waiting …
2026-06-03 16:09:54 | DEBUG    | Task f36bd940-d28f-48d3-b835-a57a9130f7bd state=PENDING elapsed=113s — waiting …
2026-06-03 16:09:59 | DEBUG    | Task f36bd940-d28f-48d3-b835-a57a9130f7bd state=PENDING elapsed=118s — waiting …
2026-06-03 16:10:04 | DEBUG    | Task f36bd940-d28f-48d3-b835-a57a9130f7bd state=PENDING elapsed=123s — waiting …
2026-06-03 16:10:09 | DEBUG    | Task f36bd940-d28f-48d3-b835-a57a9130f7bd state=PENDING elapsed=128s — waiting …
2026-06-03 16:10:14 | DEBUG    | Task f36bd940-d28f-48d3-b835-a57a9130f7bd state=PENDING elapsed=133s — waiting …
2026-06-03 16:10:19 | DEBUG    | Task f36bd940-d28f-48d3-b835-a57a9130f7bd state=PENDING elapsed=138s — waiting …
2026-06-03 16:10:24 | DEBUG    | Task f36bd940-d28f-48d3-b835-a57a9130f7bd state=PENDING elapsed=143s — waiting …
2026-06-03 16:10:29 | DEBUG    | Task f36bd940-d28f-48d3-b835-a57a9130f7bd state=PENDING elapsed=148s — waiting …
2026-06-03 16:10:34 | DEBUG    | Task f36bd940-d28f-48d3-b835-a57a9130f7bd state=PENDING elapsed=153s — waiting …
2026-06-03 16:10:39 | DEBUG    | Task f36bd940-d28f-48d3-b835-a57a9130f7bd state=PENDING elapsed=158s — waiting …
2026-06-03 16:10:44 | DEBUG    | Task f36bd940-d28f-48d3-b835-a57a9130f7bd state=PENDING elapsed=163s — waiting …
2026-06-03 16:10:49 | DEBUG    | Task f36bd940-d28f-48d3-b835-a57a9130f7bd state=PENDING elapsed=168s — waiting …
2026-06-03 16:10:54 | DEBUG    | Task f36bd940-d28f-48d3-b835-a57a9130f7bd state=PENDING elapsed=173s — waiting …
2026-06-03 16:10:59 | DEBUG    | Task f36bd940-d28f-48d3-b835-a57a9130f7bd state=PENDING elapsed=178s — waiting …
2026-06-03 16:11:04 | DEBUG    | Task f36bd940-d28f-48d3-b835-a57a9130f7bd state=PENDING elapsed=183s — waiting …
2026-06-03 16:11:09 | DEBUG    | Task f36bd940-d28f-48d3-b835-a57a9130f7bd state=PENDING elapsed=188s — waiting …
2026-06-03 16:11:14 | DEBUG    | Task f36bd940-d28f-48d3-b835-a57a9130f7bd state=PENDING elapsed=193s — waiting …
2026-06-03 16:11:19 | DEBUG    | Task f36bd940-d28f-48d3-b835-a57a9130f7bd state=PENDING elapsed=198s — waiting …
2026-06-03 16:11:24 | DEBUG    | Task f36bd940-d28f-48d3-b835-a57a9130f7bd state=PENDING elapsed=203s — waiting …
2026-06-03 16:11:29 | DEBUG    | Task f36bd940-d28f-48d3-b835-a57a9130f7bd state=PENDING elapsed=208s — waiting …
2026-06-03 16:11:34 | DEBUG    | Task f36bd940-d28f-48d3-b835-a57a9130f7bd state=PENDING elapsed=213s — waiting …
2026-06-03 16:11:39 | DEBUG    | Task f36bd940-d28f-48d3-b835-a57a9130f7bd state=PENDING elapsed=218s — waiting …
2026-06-03 16:11:44 | DEBUG    | Task f36bd940-d28f-48d3-b835-a57a9130f7bd state=PENDING elapsed=223s — waiting …
2026-06-03 16:11:49 | DEBUG    | Task f36bd940-d28f-48d3-b835-a57a9130f7bd state=PENDING elapsed=228s — waiting …
2026-06-03 16:11:54 | DEBUG    | Task f36bd940-d28f-48d3-b835-a57a9130f7bd state=PENDING elapsed=233s — waiting …
2026-06-03 16:11:59 | DEBUG    | Task f36bd940-d28f-48d3-b835-a57a9130f7bd state=PENDING elapsed=238s — waiting …
2026-06-03 16:12:04 | DEBUG    | Task f36bd940-d28f-48d3-b835-a57a9130f7bd state=PENDING elapsed=243s — waiting …
2026-06-03 16:12:09 | DEBUG    | Task f36bd940-d28f-48d3-b835-a57a9130f7bd state=PENDING elapsed=248s — waiting …
2026-06-03 16:12:14 | DEBUG    | Task f36bd940-d28f-48d3-b835-a57a9130f7bd state=PENDING elapsed=253s — waiting …
2026-06-03 16:12:19 | DEBUG    | Task f36bd940-d28f-48d3-b835-a57a9130f7bd state=PENDING elapsed=258s — waiting …
2026-06-03 16:12:24 | DEBUG    | Task f36bd940-d28f-48d3-b835-a57a9130f7bd state=PENDING elapsed=263s — waiting …
2026-06-03 16:12:29 | DEBUG    | Task f36bd940-d28f-48d3-b835-a57a9130f7bd state=PENDING elapsed=268s — waiting …
2026-06-03 16:12:34 | DEBUG    | Task f36bd940-d28f-48d3-b835-a57a9130f7bd state=PENDING elapsed=273s — waiting …
2026-06-03 16:12:39 | DEBUG    | Task f36bd940-d28f-48d3-b835-a57a9130f7bd state=PENDING elapsed=278s — waiting …
2026-06-03 16:12:44 | DEBUG    | Task f36bd940-d28f-48d3-b835-a57a9130f7bd state=PENDING elapsed=283s — waiting …
2026-06-03 16:12:49 | DEBUG    | Task f36bd940-d28f-48d3-b835-a57a9130f7bd state=PENDING elapsed=288s — waiting …
2026-06-03 16:12:54 | DEBUG    | Task f36bd940-d28f-48d3-b835-a57a9130f7bd state=PENDING elapsed=293s — waiting …
2026-06-03 16:12:59 | DEBUG    | Task f36bd940-d28f-48d3-b835-a57a9130f7bd state=PENDING elapsed=298s — waiting …
2026-06-03 16:13:04 | DEBUG    | Task f36bd940-d28f-48d3-b835-a57a9130f7bd state=PENDING elapsed=303s — waiting …
2026-06-03 16:13:09 | DEBUG    | Task f36bd940-d28f-48d3-b835-a57a9130f7bd state=PENDING elapsed=308s — waiting …
2026-06-03 16:13:14 | DEBUG    | Task f36bd940-d28f-48d3-b835-a57a9130f7bd state=PENDING elapsed=313s — waiting …
2026-06-03 16:13:19 | DEBUG    | Task f36bd940-d28f-48d3-b835-a57a9130f7bd state=PENDING elapsed=318s — waiting …
2026-06-03 16:13:24 | DEBUG    | Task f36bd940-d28f-48d3-b835-a57a9130f7bd state=PENDING elapsed=323s — waiting …
2026-06-03 16:13:29 | DEBUG    | Task f36bd940-d28f-48d3-b835-a57a9130f7bd state=PENDING elapsed=328s — waiting …
2026-06-03 16:13:34 | DEBUG    | Task f36bd940-d28f-48d3-b835-a57a9130f7bd state=PENDING elapsed=333s — waiting …
2026-06-03 16:13:39 | DEBUG    | Task f36bd940-d28f-48d3-b835-a57a9130f7bd state=PENDING elapsed=338s — waiting …
2026-06-03 16:13:44 | DEBUG    | Task f36bd940-d28f-48d3-b835-a57a9130f7bd state=PENDING elapsed=343s — waiting …
2026-06-03 16:13:49 | DEBUG    | Task f36bd940-d28f-48d3-b835-a57a9130f7bd state=PENDING elapsed=348s — waiting …
2026-06-03 16:13:54 | DEBUG    | Task f36bd940-d28f-48d3-b835-a57a9130f7bd state=PENDING elapsed=353s — waiting …
2026-06-03 16:13:59 | DEBUG    | Task f36bd940-d28f-48d3-b835-a57a9130f7bd state=PENDING elapsed=358s — waiting …
2026-06-03 16:14:04 | DEBUG    | Task f36bd940-d28f-48d3-b835-a57a9130f7bd state=PENDING elapsed=363s — waiting …
2026-06-03 16:14:09 | DEBUG    | Task f36bd940-d28f-48d3-b835-a57a9130f7bd state=PENDING elapsed=368s — waiting …
2026-06-03 16:14:14 | DEBUG    | Task f36bd940-d28f-48d3-b835-a57a9130f7bd state=PENDING elapsed=374s — waiting …
2026-06-03 16:14:19 | DEBUG    | Task f36bd940-d28f-48d3-b835-a57a9130f7bd state=PENDING elapsed=379s — waiting …
2026-06-03 16:14:24 | DEBUG    | Task f36bd940-d28f-48d3-b835-a57a9130f7bd state=PENDING elapsed=384s — waiting …
2026-06-03 16:14:29 | DEBUG    | Task f36bd940-d28f-48d3-b835-a57a9130f7bd state=PENDING elapsed=389s — waiting …
2026-06-03 16:14:34 | DEBUG    | Task f36bd940-d28f-48d3-b835-a57a9130f7bd state=PENDING elapsed=394s — waiting …
2026-06-03 16:14:39 | DEBUG    | Task f36bd940-d28f-48d3-b835-a57a9130f7bd state=PENDING elapsed=399s — waiting …
2026-06-03 16:14:44 | DEBUG    | Task f36bd940-d28f-48d3-b835-a57a9130f7bd state=PENDING elapsed=404s — waiting …
2026-06-03 16:14:49 | DEBUG    | Task f36bd940-d28f-48d3-b835-a57a9130f7bd state=PENDING elapsed=409s — waiting …
2026-06-03 16:14:54 | DEBUG    | Task f36bd940-d28f-48d3-b835-a57a9130f7bd state=PENDING elapsed=414s — waiting …
2026-06-03 16:14:59 | DEBUG    | Task f36bd940-d28f-48d3-b835-a57a9130f7bd state=PENDING elapsed=419s — waiting …
2026-06-03 16:15:04 | DEBUG    | Task f36bd940-d28f-48d3-b835-a57a9130f7bd state=PENDING elapsed=424s — waiting …
2026-06-03 16:15:09 | DEBUG    | Task f36bd940-d28f-48d3-b835-a57a9130f7bd state=PENDING elapsed=429s — waiting …
2026-06-03 16:15:14 | DEBUG    | Task f36bd940-d28f-48d3-b835-a57a9130f7bd state=PENDING elapsed=434s — waiting …
2026-06-03 16:15:19 | DEBUG    | Task f36bd940-d28f-48d3-b835-a57a9130f7bd state=PENDING elapsed=439s — waiting …
2026-06-03 16:15:24 | DEBUG    | Task f36bd940-d28f-48d3-b835-a57a9130f7bd state=PENDING elapsed=444s — waiting …
2026-06-03 16:15:29 | DEBUG    | Task f36bd940-d28f-48d3-b835-a57a9130f7bd state=PENDING elapsed=449s — waiting …
2026-06-03 16:15:34 | DEBUG    | Task f36bd940-d28f-48d3-b835-a57a9130f7bd state=PENDING elapsed=454s — waiting …
2026-06-03 16:15:39 | DEBUG    | Task f36bd940-d28f-48d3-b835-a57a9130f7bd state=PENDING elapsed=459s — waiting …
2026-06-03 16:15:44 | DEBUG    | Task f36bd940-d28f-48d3-b835-a57a9130f7bd state=PENDING elapsed=464s — waiting …
2026-06-03 16:15:49 | DEBUG    | Task f36bd940-d28f-48d3-b835-a57a9130f7bd state=PENDING elapsed=469s — waiting …
2026-06-03 16:15:59 | DEBUG    | Task f36bd940-d28f-48d3-b835-a57a9130f7bd state=PENDING elapsed=478s — waiting …
2026-06-03 16:16:04 | DEBUG    | Task f36bd940-d28f-48d3-b835-a57a9130f7bd state=PENDING elapsed=483s — waiting …
2026-06-03 16:16:09 | DEBUG    | Task f36bd940-d28f-48d3-b835-a57a9130f7bd state=PENDING elapsed=488s — waiting …
2026-06-03 16:16:14 | DEBUG    | Task f36bd940-d28f-48d3-b835-a57a9130f7bd state=PENDING elapsed=493s — waiting …
2026-06-03 16:16:19 | DEBUG    | Task f36bd940-d28f-48d3-b835-a57a9130f7bd state=PENDING elapsed=498s — waiting …
2026-06-03 16:16:24 | DEBUG    | Task f36bd940-d28f-48d3-b835-a57a9130f7bd state=PENDING elapsed=503s — waiting …
2026-06-03 16:16:29 | DEBUG    | Task f36bd940-d28f-48d3-b835-a57a9130f7bd state=PENDING elapsed=508s — waiting …
2026-06-03 16:16:34 | DEBUG    | Task f36bd940-d28f-48d3-b835-a57a9130f7bd state=PENDING elapsed=513s — waiting …
2026-06-03 16:16:39 | DEBUG    | Task f36bd940-d28f-48d3-b835-a57a9130f7bd state=PENDING elapsed=518s — waiting …
2026-06-03 16:16:44 | DEBUG    | Task f36bd940-d28f-48d3-b835-a57a9130f7bd state=PENDING elapsed=523s — waiting …
2026-06-03 16:16:49 | DEBUG    | Task f36bd940-d28f-48d3-b835-a57a9130f7bd state=PENDING elapsed=528s — waiting …
2026-06-03 16:16:54 | DEBUG    | Task f36bd940-d28f-48d3-b835-a57a9130f7bd state=PENDING elapsed=533s — waiting …
2026-06-03 16:16:59 | DEBUG    | Task f36bd940-d28f-48d3-b835-a57a9130f7bd state=PENDING elapsed=538s — waiting …
2026-06-03 16:17:04 | DEBUG    | Task f36bd940-d28f-48d3-b835-a57a9130f7bd state=PENDING elapsed=543s — waiting …
2026-06-03 16:17:09 | DEBUG    | Task f36bd940-d28f-48d3-b835-a57a9130f7bd state=PENDING elapsed=548s — waiting …
2026-06-03 16:17:16 | DEBUG    | Task f36bd940-d28f-48d3-b835-a57a9130f7bd state=PENDING elapsed=555s — waiting …
2026-06-03 16:17:21 | DEBUG    | Task f36bd940-d28f-48d3-b835-a57a9130f7bd state=PENDING elapsed=560s — waiting …
2026-06-03 16:17:26 | DEBUG    | Task f36bd940-d28f-48d3-b835-a57a9130f7bd state=PENDING elapsed=565s — waiting …
2026-06-03 16:17:31 | DEBUG    | Task f36bd940-d28f-48d3-b835-a57a9130f7bd state=PENDING elapsed=570s — waiting …
2026-06-03 16:17:36 | DEBUG    | Task f36bd940-d28f-48d3-b835-a57a9130f7bd state=PENDING elapsed=575s — waiting …
2026-06-03 16:17:41 | DEBUG    | Task f36bd940-d28f-48d3-b835-a57a9130f7bd state=PENDING elapsed=580s — waiting …
2026-06-03 16:17:46 | DEBUG    | Task f36bd940-d28f-48d3-b835-a57a9130f7bd state=PENDING elapsed=585s — waiting …
2026-06-03 16:17:51 | DEBUG    | Task f36bd940-d28f-48d3-b835-a57a9130f7bd state=PENDING elapsed=590s — waiting …
2026-06-03 16:17:56 | DEBUG    | Task f36bd940-d28f-48d3-b835-a57a9130f7bd state=PENDING elapsed=595s — waiting …
2026-06-03 16:18:01 | DEBUG    | Task f36bd940-d28f-48d3-b835-a57a9130f7bd state=PENDING elapsed=600s — waiting …
2026-06-03 16:18:06 | DEBUG    | Task f36bd940-d28f-48d3-b835-a57a9130f7bd state=PENDING elapsed=605s — waiting …
2026-06-03 16:18:11 | DEBUG    | Task f36bd940-d28f-48d3-b835-a57a9130f7bd state=PENDING elapsed=610s — waiting …
2026-06-03 16:18:18 | DEBUG    | Task f36bd940-d28f-48d3-b835-a57a9130f7bd state=PENDING elapsed=617s — waiting …
2026-06-03 16:18:23 | DEBUG    | Task f36bd940-d28f-48d3-b835-a57a9130f7bd state=PENDING elapsed=622s — waiting …
2026-06-03 16:18:28 | DEBUG    | Task f36bd940-d28f-48d3-b835-a57a9130f7bd state=PENDING elapsed=627s — waiting …
2026-06-03 16:18:33 | DEBUG    | Task f36bd940-d28f-48d3-b835-a57a9130f7bd state=PENDING elapsed=632s — waiting …
2026-06-03 16:18:38 | DEBUG    | Task f36bd940-d28f-48d3-b835-a57a9130f7bd state=PENDING elapsed=637s — waiting …
2026-06-03 16:18:43 | DEBUG    | Task f36bd940-d28f-48d3-b835-a57a9130f7bd state=PENDING elapsed=642s — waiting …
2026-06-03 16:18:48 | DEBUG    | Task f36bd940-d28f-48d3-b835-a57a9130f7bd state=PENDING elapsed=647s — waiting …
2026-06-03 16:19:00 | INFO     | Task f36bd940-d28f-48d3-b835-a57a9130f7bd FINISHED in 660s
2026-06-03 16:19:00 | INFO     | ✅ batch 7/9 (16 files) complete
2026-06-03 16:19:00 | INFO     | --- batch 8/9 (16 files) ---
2026-06-03 16:19:00 | DEBUG    |   Files: Li_PhD_2021.pdf, Liu_PhD_2025.pdf, Lume_MSc_2023.pdf, Lv_MSc_2017.pdf, Mills_MSc_2017.pdf, Montano_MSc_2017.pdf, Moradi_PhD_2016.pdf, Moradi_PhD_2017.pdf, Niu_MSc_2021.pdf, Nowroozi_PhD_2017.pdf, Pan_PhD_2017.pdf, Qu_PhD_2023.pdf, Romahn_PhD_2019.pdf, Rops_MSc_2017.pdf, Sadownyk_MSc_2022.pdf, Spackman_MSc_2019.pdf
2026-06-03 16:19:03 | INFO     | Upload accepted → task_id=74460350-6321-4418-86e0-93ace4eb93ec
2026-06-03 16:19:03 | DEBUG    | Task 74460350-6321-4418-86e0-93ace4eb93ec state=PENDING elapsed=0s — waiting …
2026-06-03 16:19:08 | DEBUG    | Task 74460350-6321-4418-86e0-93ace4eb93ec state=PENDING elapsed=5s — waiting …
2026-06-03 16:19:13 | DEBUG    | Task 74460350-6321-4418-86e0-93ace4eb93ec state=PENDING elapsed=10s — waiting …
2026-06-03 16:19:18 | DEBUG    | Task 74460350-6321-4418-86e0-93ace4eb93ec state=PENDING elapsed=15s — waiting …
2026-06-03 16:19:23 | DEBUG    | Task 74460350-6321-4418-86e0-93ace4eb93ec state=PENDING elapsed=20s — waiting …
2026-06-03 16:19:28 | DEBUG    | Task 74460350-6321-4418-86e0-93ace4eb93ec state=PENDING elapsed=25s — waiting …
2026-06-03 16:19:33 | DEBUG    | Task 74460350-6321-4418-86e0-93ace4eb93ec state=PENDING elapsed=30s — waiting …
2026-06-03 16:19:38 | DEBUG    | Task 74460350-6321-4418-86e0-93ace4eb93ec state=PENDING elapsed=35s — waiting …
2026-06-03 16:19:43 | DEBUG    | Task 74460350-6321-4418-86e0-93ace4eb93ec state=PENDING elapsed=40s — waiting …
2026-06-03 16:19:50 | DEBUG    | Task 74460350-6321-4418-86e0-93ace4eb93ec state=PENDING elapsed=46s — waiting …
2026-06-03 16:19:55 | DEBUG    | Task 74460350-6321-4418-86e0-93ace4eb93ec state=PENDING elapsed=51s — waiting …
2026-06-03 16:20:00 | DEBUG    | Task 74460350-6321-4418-86e0-93ace4eb93ec state=PENDING elapsed=56s — waiting …
2026-06-03 16:20:05 | DEBUG    | Task 74460350-6321-4418-86e0-93ace4eb93ec state=PENDING elapsed=61s — waiting …
2026-06-03 16:20:10 | DEBUG    | Task 74460350-6321-4418-86e0-93ace4eb93ec state=PENDING elapsed=66s — waiting …
2026-06-03 16:20:15 | DEBUG    | Task 74460350-6321-4418-86e0-93ace4eb93ec state=PENDING elapsed=71s — waiting …
2026-06-03 16:20:20 | DEBUG    | Task 74460350-6321-4418-86e0-93ace4eb93ec state=PENDING elapsed=76s — waiting …
2026-06-03 16:20:25 | DEBUG    | Task 74460350-6321-4418-86e0-93ace4eb93ec state=PENDING elapsed=81s — waiting …
2026-06-03 16:20:30 | DEBUG    | Task 74460350-6321-4418-86e0-93ace4eb93ec state=PENDING elapsed=86s — waiting …
2026-06-03 16:20:35 | DEBUG    | Task 74460350-6321-4418-86e0-93ace4eb93ec state=PENDING elapsed=91s — waiting …
2026-06-03 16:20:40 | DEBUG    | Task 74460350-6321-4418-86e0-93ace4eb93ec state=PENDING elapsed=96s — waiting …
2026-06-03 16:20:45 | DEBUG    | Task 74460350-6321-4418-86e0-93ace4eb93ec state=PENDING elapsed=101s — waiting …
2026-06-03 16:20:50 | DEBUG    | Task 74460350-6321-4418-86e0-93ace4eb93ec state=PENDING elapsed=107s — waiting …
2026-06-03 16:20:55 | DEBUG    | Task 74460350-6321-4418-86e0-93ace4eb93ec state=PENDING elapsed=112s — waiting …
2026-06-03 16:21:00 | DEBUG    | Task 74460350-6321-4418-86e0-93ace4eb93ec state=PENDING elapsed=117s — waiting …
2026-06-03 16:21:05 | DEBUG    | Task 74460350-6321-4418-86e0-93ace4eb93ec state=PENDING elapsed=122s — waiting …
2026-06-03 16:21:10 | DEBUG    | Task 74460350-6321-4418-86e0-93ace4eb93ec state=PENDING elapsed=127s — waiting …
2026-06-03 16:21:15 | DEBUG    | Task 74460350-6321-4418-86e0-93ace4eb93ec state=PENDING elapsed=132s — waiting …
2026-06-03 16:21:20 | DEBUG    | Task 74460350-6321-4418-86e0-93ace4eb93ec state=PENDING elapsed=137s — waiting …
2026-06-03 16:21:25 | DEBUG    | Task 74460350-6321-4418-86e0-93ace4eb93ec state=PENDING elapsed=142s — waiting …
2026-06-03 16:21:30 | DEBUG    | Task 74460350-6321-4418-86e0-93ace4eb93ec state=PENDING elapsed=147s — waiting …
2026-06-03 16:21:35 | DEBUG    | Task 74460350-6321-4418-86e0-93ace4eb93ec state=PENDING elapsed=152s — waiting …
2026-06-03 16:21:40 | DEBUG    | Task 74460350-6321-4418-86e0-93ace4eb93ec state=PENDING elapsed=157s — waiting …
2026-06-03 16:21:45 | DEBUG    | Task 74460350-6321-4418-86e0-93ace4eb93ec state=PENDING elapsed=162s — waiting …
2026-06-03 16:21:50 | DEBUG    | Task 74460350-6321-4418-86e0-93ace4eb93ec state=PENDING elapsed=167s — waiting …
2026-06-03 16:21:55 | DEBUG    | Task 74460350-6321-4418-86e0-93ace4eb93ec state=PENDING elapsed=172s — waiting …
2026-06-03 16:22:00 | DEBUG    | Task 74460350-6321-4418-86e0-93ace4eb93ec state=PENDING elapsed=177s — waiting …
2026-06-03 16:22:05 | DEBUG    | Task 74460350-6321-4418-86e0-93ace4eb93ec state=PENDING elapsed=182s — waiting …
2026-06-03 16:22:10 | DEBUG    | Task 74460350-6321-4418-86e0-93ace4eb93ec state=PENDING elapsed=187s — waiting …
2026-06-03 16:22:15 | DEBUG    | Task 74460350-6321-4418-86e0-93ace4eb93ec state=PENDING elapsed=192s — waiting …
2026-06-03 16:22:20 | DEBUG    | Task 74460350-6321-4418-86e0-93ace4eb93ec state=PENDING elapsed=197s — waiting …
2026-06-03 16:22:25 | DEBUG    | Task 74460350-6321-4418-86e0-93ace4eb93ec state=PENDING elapsed=202s — waiting …
2026-06-03 16:22:30 | DEBUG    | Task 74460350-6321-4418-86e0-93ace4eb93ec state=PENDING elapsed=207s — waiting …
2026-06-03 16:22:38 | DEBUG    | Task 74460350-6321-4418-86e0-93ace4eb93ec state=PENDING elapsed=215s — waiting …
2026-06-03 16:22:43 | DEBUG    | Task 74460350-6321-4418-86e0-93ace4eb93ec state=PENDING elapsed=220s — waiting …
2026-06-03 16:22:48 | DEBUG    | Task 74460350-6321-4418-86e0-93ace4eb93ec state=PENDING elapsed=225s — waiting …
2026-06-03 16:22:55 | DEBUG    | Task 74460350-6321-4418-86e0-93ace4eb93ec state=PENDING elapsed=232s — waiting …
2026-06-03 16:23:00 | DEBUG    | Task 74460350-6321-4418-86e0-93ace4eb93ec state=PENDING elapsed=237s — waiting …
2026-06-03 16:23:05 | DEBUG    | Task 74460350-6321-4418-86e0-93ace4eb93ec state=PENDING elapsed=242s — waiting …
2026-06-03 16:23:10 | DEBUG    | Task 74460350-6321-4418-86e0-93ace4eb93ec state=PENDING elapsed=247s — waiting …
2026-06-03 16:23:15 | DEBUG    | Task 74460350-6321-4418-86e0-93ace4eb93ec state=PENDING elapsed=252s — waiting …
2026-06-03 16:23:20 | DEBUG    | Task 74460350-6321-4418-86e0-93ace4eb93ec state=PENDING elapsed=257s — waiting …
2026-06-03 16:23:25 | DEBUG    | Task 74460350-6321-4418-86e0-93ace4eb93ec state=PENDING elapsed=262s — waiting …
2026-06-03 16:23:30 | DEBUG    | Task 74460350-6321-4418-86e0-93ace4eb93ec state=PENDING elapsed=267s — waiting …
2026-06-03 16:23:35 | DEBUG    | Task 74460350-6321-4418-86e0-93ace4eb93ec state=PENDING elapsed=272s — waiting …
2026-06-03 16:23:40 | DEBUG    | Task 74460350-6321-4418-86e0-93ace4eb93ec state=PENDING elapsed=277s — waiting …
2026-06-03 16:23:45 | DEBUG    | Task 74460350-6321-4418-86e0-93ace4eb93ec state=PENDING elapsed=282s — waiting …
2026-06-03 16:23:50 | DEBUG    | Task 74460350-6321-4418-86e0-93ace4eb93ec state=PENDING elapsed=287s — waiting …
2026-06-03 16:23:55 | DEBUG    | Task 74460350-6321-4418-86e0-93ace4eb93ec state=PENDING elapsed=292s — waiting …
2026-06-03 16:24:00 | DEBUG    | Task 74460350-6321-4418-86e0-93ace4eb93ec state=PENDING elapsed=297s — waiting …
2026-06-03 16:24:05 | DEBUG    | Task 74460350-6321-4418-86e0-93ace4eb93ec state=PENDING elapsed=302s — waiting …
2026-06-03 16:24:10 | DEBUG    | Task 74460350-6321-4418-86e0-93ace4eb93ec state=PENDING elapsed=307s — waiting …
2026-06-03 16:24:15 | DEBUG    | Task 74460350-6321-4418-86e0-93ace4eb93ec state=PENDING elapsed=312s — waiting …
2026-06-03 16:24:20 | DEBUG    | Task 74460350-6321-4418-86e0-93ace4eb93ec state=PENDING elapsed=317s — waiting …
2026-06-03 16:24:25 | DEBUG    | Task 74460350-6321-4418-86e0-93ace4eb93ec state=PENDING elapsed=322s — waiting …
2026-06-03 16:24:30 | DEBUG    | Task 74460350-6321-4418-86e0-93ace4eb93ec state=PENDING elapsed=327s — waiting …
2026-06-03 16:24:35 | DEBUG    | Task 74460350-6321-4418-86e0-93ace4eb93ec state=PENDING elapsed=332s — waiting …
2026-06-03 16:24:40 | DEBUG    | Task 74460350-6321-4418-86e0-93ace4eb93ec state=PENDING elapsed=337s — waiting …
2026-06-03 16:24:45 | DEBUG    | Task 74460350-6321-4418-86e0-93ace4eb93ec state=PENDING elapsed=342s — waiting …
2026-06-03 16:24:50 | DEBUG    | Task 74460350-6321-4418-86e0-93ace4eb93ec state=PENDING elapsed=347s — waiting …
2026-06-03 16:24:55 | DEBUG    | Task 74460350-6321-4418-86e0-93ace4eb93ec state=PENDING elapsed=352s — waiting …
2026-06-03 16:25:00 | DEBUG    | Task 74460350-6321-4418-86e0-93ace4eb93ec state=PENDING elapsed=357s — waiting …
2026-06-03 16:25:05 | DEBUG    | Task 74460350-6321-4418-86e0-93ace4eb93ec state=PENDING elapsed=362s — waiting …
2026-06-03 16:25:10 | DEBUG    | Task 74460350-6321-4418-86e0-93ace4eb93ec state=PENDING elapsed=367s — waiting …
2026-06-03 16:25:15 | DEBUG    | Task 74460350-6321-4418-86e0-93ace4eb93ec state=PENDING elapsed=372s — waiting …
2026-06-03 16:25:20 | DEBUG    | Task 74460350-6321-4418-86e0-93ace4eb93ec state=PENDING elapsed=377s — waiting …
2026-06-03 16:25:25 | DEBUG    | Task 74460350-6321-4418-86e0-93ace4eb93ec state=PENDING elapsed=382s — waiting …
2026-06-03 16:25:30 | DEBUG    | Task 74460350-6321-4418-86e0-93ace4eb93ec state=PENDING elapsed=387s — waiting …
2026-06-03 16:25:35 | DEBUG    | Task 74460350-6321-4418-86e0-93ace4eb93ec state=PENDING elapsed=392s — waiting …
2026-06-03 16:25:40 | DEBUG    | Task 74460350-6321-4418-86e0-93ace4eb93ec state=PENDING elapsed=397s — waiting …
2026-06-03 16:25:45 | DEBUG    | Task 74460350-6321-4418-86e0-93ace4eb93ec state=PENDING elapsed=402s — waiting …
2026-06-03 16:25:50 | DEBUG    | Task 74460350-6321-4418-86e0-93ace4eb93ec state=PENDING elapsed=407s — waiting …
2026-06-03 16:25:55 | DEBUG    | Task 74460350-6321-4418-86e0-93ace4eb93ec state=PENDING elapsed=412s — waiting …
2026-06-03 16:26:00 | DEBUG    | Task 74460350-6321-4418-86e0-93ace4eb93ec state=PENDING elapsed=417s — waiting …
2026-06-03 16:26:05 | DEBUG    | Task 74460350-6321-4418-86e0-93ace4eb93ec state=PENDING elapsed=422s — waiting …
2026-06-03 16:26:10 | DEBUG    | Task 74460350-6321-4418-86e0-93ace4eb93ec state=PENDING elapsed=427s — waiting …
2026-06-03 16:26:15 | DEBUG    | Task 74460350-6321-4418-86e0-93ace4eb93ec state=PENDING elapsed=432s — waiting …
2026-06-03 16:26:20 | DEBUG    | Task 74460350-6321-4418-86e0-93ace4eb93ec state=PENDING elapsed=437s — waiting …
2026-06-03 16:26:25 | DEBUG    | Task 74460350-6321-4418-86e0-93ace4eb93ec state=PENDING elapsed=442s — waiting …
2026-06-03 16:26:30 | DEBUG    | Task 74460350-6321-4418-86e0-93ace4eb93ec state=PENDING elapsed=447s — waiting …
2026-06-03 16:26:35 | DEBUG    | Task 74460350-6321-4418-86e0-93ace4eb93ec state=PENDING elapsed=452s — waiting …
2026-06-03 16:26:40 | DEBUG    | Task 74460350-6321-4418-86e0-93ace4eb93ec state=PENDING elapsed=457s — waiting …
2026-06-03 16:26:45 | DEBUG    | Task 74460350-6321-4418-86e0-93ace4eb93ec state=PENDING elapsed=462s — waiting …
2026-06-03 16:26:50 | DEBUG    | Task 74460350-6321-4418-86e0-93ace4eb93ec state=PENDING elapsed=467s — waiting …
2026-06-03 16:26:55 | DEBUG    | Task 74460350-6321-4418-86e0-93ace4eb93ec state=PENDING elapsed=472s — waiting …
2026-06-03 16:27:00 | DEBUG    | Task 74460350-6321-4418-86e0-93ace4eb93ec state=PENDING elapsed=477s — waiting …
2026-06-03 16:27:05 | DEBUG    | Task 74460350-6321-4418-86e0-93ace4eb93ec state=PENDING elapsed=482s — waiting …
2026-06-03 16:27:10 | DEBUG    | Task 74460350-6321-4418-86e0-93ace4eb93ec state=PENDING elapsed=487s — waiting …
2026-06-03 16:27:15 | DEBUG    | Task 74460350-6321-4418-86e0-93ace4eb93ec state=PENDING elapsed=492s — waiting …
2026-06-03 16:27:20 | DEBUG    | Task 74460350-6321-4418-86e0-93ace4eb93ec state=PENDING elapsed=497s — waiting …
2026-06-03 16:27:25 | DEBUG    | Task 74460350-6321-4418-86e0-93ace4eb93ec state=PENDING elapsed=502s — waiting …
2026-06-03 16:27:30 | DEBUG    | Task 74460350-6321-4418-86e0-93ace4eb93ec state=PENDING elapsed=507s — waiting …
2026-06-03 16:27:35 | DEBUG    | Task 74460350-6321-4418-86e0-93ace4eb93ec state=PENDING elapsed=512s — waiting …
2026-06-03 16:27:40 | DEBUG    | Task 74460350-6321-4418-86e0-93ace4eb93ec state=PENDING elapsed=517s — waiting …
2026-06-03 16:27:45 | DEBUG    | Task 74460350-6321-4418-86e0-93ace4eb93ec state=PENDING elapsed=522s — waiting …
2026-06-03 16:27:51 | DEBUG    | Task 74460350-6321-4418-86e0-93ace4eb93ec state=PENDING elapsed=528s — waiting …
2026-06-03 16:27:58 | DEBUG    | Task 74460350-6321-4418-86e0-93ace4eb93ec state=PENDING elapsed=535s — waiting …
2026-06-03 16:28:03 | DEBUG    | Task 74460350-6321-4418-86e0-93ace4eb93ec state=PENDING elapsed=540s — waiting …
2026-06-03 16:28:08 | DEBUG    | Task 74460350-6321-4418-86e0-93ace4eb93ec state=PENDING elapsed=545s — waiting …
2026-06-03 16:28:27 | INFO     | Task 74460350-6321-4418-86e0-93ace4eb93ec FINISHED in 564s
2026-06-03 16:28:27 | INFO     | ✅ batch 8/9 (16 files) complete
2026-06-03 16:28:27 | INFO     | --- batch 9/9 (8 files) ---
2026-06-03 16:28:27 | DEBUG    |   Files: Su_MSc_2025.pdf, Sun_PhD_2018.pdf, Weir_PhD_2020.pdf, Wu_MSc_2016.pdf, Xu_MSc_2017.pdf, Yang_MSc_2019.pdf, Zhang_PhD_2024.pdf, scheduleWinter2026.pdf
2026-06-03 16:28:30 | INFO     | Upload accepted → task_id=25bf9fb0-8a05-4e00-b0f0-d4cb9e6fd938
2026-06-03 16:28:30 | DEBUG    | Task 25bf9fb0-8a05-4e00-b0f0-d4cb9e6fd938 state=PENDING elapsed=0s — waiting …
2026-06-03 16:28:35 | DEBUG    | Task 25bf9fb0-8a05-4e00-b0f0-d4cb9e6fd938 state=PENDING elapsed=5s — waiting …
2026-06-03 16:28:40 | DEBUG    | Task 25bf9fb0-8a05-4e00-b0f0-d4cb9e6fd938 state=PENDING elapsed=10s — waiting …
2026-06-03 16:28:45 | DEBUG    | Task 25bf9fb0-8a05-4e00-b0f0-d4cb9e6fd938 state=PENDING elapsed=15s — waiting …
2026-06-03 16:28:50 | DEBUG    | Task 25bf9fb0-8a05-4e00-b0f0-d4cb9e6fd938 state=PENDING elapsed=20s — waiting …
2026-06-03 16:28:55 | DEBUG    | Task 25bf9fb0-8a05-4e00-b0f0-d4cb9e6fd938 state=PENDING elapsed=25s — waiting …
2026-06-03 16:29:00 | DEBUG    | Task 25bf9fb0-8a05-4e00-b0f0-d4cb9e6fd938 state=PENDING elapsed=30s — waiting …
2026-06-03 16:29:05 | DEBUG    | Task 25bf9fb0-8a05-4e00-b0f0-d4cb9e6fd938 state=PENDING elapsed=35s — waiting …
2026-06-03 16:29:10 | DEBUG    | Task 25bf9fb0-8a05-4e00-b0f0-d4cb9e6fd938 state=PENDING elapsed=40s — waiting …
2026-06-03 16:29:15 | DEBUG    | Task 25bf9fb0-8a05-4e00-b0f0-d4cb9e6fd938 state=PENDING elapsed=45s — waiting …
2026-06-03 16:29:20 | DEBUG    | Task 25bf9fb0-8a05-4e00-b0f0-d4cb9e6fd938 state=PENDING elapsed=50s — waiting …
2026-06-03 16:29:25 | DEBUG    | Task 25bf9fb0-8a05-4e00-b0f0-d4cb9e6fd938 state=PENDING elapsed=55s — waiting …
2026-06-03 16:29:30 | DEBUG    | Task 25bf9fb0-8a05-4e00-b0f0-d4cb9e6fd938 state=PENDING elapsed=60s — waiting …
2026-06-03 16:29:35 | DEBUG    | Task 25bf9fb0-8a05-4e00-b0f0-d4cb9e6fd938 state=PENDING elapsed=65s — waiting …
2026-06-03 16:29:40 | DEBUG    | Task 25bf9fb0-8a05-4e00-b0f0-d4cb9e6fd938 state=PENDING elapsed=70s — waiting …
2026-06-03 16:29:46 | DEBUG    | Task 25bf9fb0-8a05-4e00-b0f0-d4cb9e6fd938 state=PENDING elapsed=76s — waiting …
2026-06-03 16:29:51 | DEBUG    | Task 25bf9fb0-8a05-4e00-b0f0-d4cb9e6fd938 state=PENDING elapsed=81s — waiting …
2026-06-03 16:29:56 | DEBUG    | Task 25bf9fb0-8a05-4e00-b0f0-d4cb9e6fd938 state=PENDING elapsed=86s — waiting …
2026-06-03 16:30:01 | DEBUG    | Task 25bf9fb0-8a05-4e00-b0f0-d4cb9e6fd938 state=PENDING elapsed=91s — waiting …
2026-06-03 16:30:06 | DEBUG    | Task 25bf9fb0-8a05-4e00-b0f0-d4cb9e6fd938 state=PENDING elapsed=96s — waiting …
2026-06-03 16:30:11 | DEBUG    | Task 25bf9fb0-8a05-4e00-b0f0-d4cb9e6fd938 state=PENDING elapsed=101s — waiting …
2026-06-03 16:30:16 | DEBUG    | Task 25bf9fb0-8a05-4e00-b0f0-d4cb9e6fd938 state=PENDING elapsed=106s — waiting …
2026-06-03 16:30:21 | DEBUG    | Task 25bf9fb0-8a05-4e00-b0f0-d4cb9e6fd938 state=PENDING elapsed=111s — waiting …
2026-06-03 16:30:26 | DEBUG    | Task 25bf9fb0-8a05-4e00-b0f0-d4cb9e6fd938 state=PENDING elapsed=116s — waiting …
2026-06-03 16:30:31 | DEBUG    | Task 25bf9fb0-8a05-4e00-b0f0-d4cb9e6fd938 state=PENDING elapsed=121s — waiting …
2026-06-03 16:30:36 | DEBUG    | Task 25bf9fb0-8a05-4e00-b0f0-d4cb9e6fd938 state=PENDING elapsed=126s — waiting …
2026-06-03 16:30:41 | DEBUG    | Task 25bf9fb0-8a05-4e00-b0f0-d4cb9e6fd938 state=PENDING elapsed=131s — waiting …
2026-06-03 16:30:46 | DEBUG    | Task 25bf9fb0-8a05-4e00-b0f0-d4cb9e6fd938 state=PENDING elapsed=136s — waiting …
2026-06-03 16:30:51 | DEBUG    | Task 25bf9fb0-8a05-4e00-b0f0-d4cb9e6fd938 state=PENDING elapsed=141s — waiting …
2026-06-03 16:30:56 | DEBUG    | Task 25bf9fb0-8a05-4e00-b0f0-d4cb9e6fd938 state=PENDING elapsed=146s — waiting …
2026-06-03 16:31:04 | DEBUG    | Task 25bf9fb0-8a05-4e00-b0f0-d4cb9e6fd938 state=PENDING elapsed=154s — waiting …
2026-06-03 16:31:09 | DEBUG    | Task 25bf9fb0-8a05-4e00-b0f0-d4cb9e6fd938 state=PENDING elapsed=159s — waiting …
2026-06-03 16:31:14 | DEBUG    | Task 25bf9fb0-8a05-4e00-b0f0-d4cb9e6fd938 state=PENDING elapsed=164s — waiting …
2026-06-03 16:31:19 | DEBUG    | Task 25bf9fb0-8a05-4e00-b0f0-d4cb9e6fd938 state=PENDING elapsed=169s — waiting …
2026-06-03 16:31:24 | DEBUG    | Task 25bf9fb0-8a05-4e00-b0f0-d4cb9e6fd938 state=PENDING elapsed=174s — waiting …
2026-06-03 16:31:29 | DEBUG    | Task 25bf9fb0-8a05-4e00-b0f0-d4cb9e6fd938 state=PENDING elapsed=179s — waiting …
2026-06-03 16:31:34 | DEBUG    | Task 25bf9fb0-8a05-4e00-b0f0-d4cb9e6fd938 state=PENDING elapsed=184s — waiting …
2026-06-03 16:31:39 | DEBUG    | Task 25bf9fb0-8a05-4e00-b0f0-d4cb9e6fd938 state=PENDING elapsed=189s — waiting …
2026-06-03 16:31:45 | INFO     | Task 25bf9fb0-8a05-4e00-b0f0-d4cb9e6fd938 FINISHED in 195s
2026-06-03 16:31:45 | INFO     | ✅ batch 9/9 (8 files) complete
2026-06-03 16:31:45 | INFO     | === SUCCESS  ingested=136  skipped=0 ===
