2026-06-03 15:14:56 | INFO     | === START  dir='/gaia/b04s/CONSORCIOS/SAIG'  collection='SAIG' ===
2026-06-03 15:14:56 | INFO     | Discovered 13 supported file(s)
2026-06-03 15:14:59 | INFO     | Collection 'SAIG' created: {"message":"Collection SAIG created successfully.","collection_name":"SAIG"}
2026-06-03 15:15:07 | INFO     | list_documents: 0 existing doc(s) in 'SAIG' (total reported: 0)
2026-06-03 15:15:07 | INFO     | Classification: 13 new, 0 already present
2026-06-03 15:15:07 | INFO     | Uploading 1 batch(es) of up to 16 file(s) each
2026-06-03 15:15:07 | INFO     | --- batch 1/1 (13 files) ---
2026-06-03 15:15:07 | DEBUG    |   Files: ReportSAIG-13.pdf, ReportSAIG-14.pdf, ReportSAIG-15.pdf, ReportSAIG-16.pdf, ReportSAIG-17.pdf, ReportSAIG-18.pdf, ReportSAIG-19.pdf, ReportSAIG-20.pdf, ReportSAIG-21.pdf, ReportSAIG-22.pdf, ReportSAIG-23.pdf, ReportSAIG-24.pdf, ReportSAIG-25.pdf
2026-06-03 15:15:17 | INFO     | Upload accepted → task_id=d4dbab27-a41b-4161-a52f-618e67c3fa25
2026-06-03 15:15:17 | DEBUG    | Task d4dbab27-a41b-4161-a52f-618e67c3fa25 state=PENDING elapsed=0s — waiting …
2026-06-03 15:15:22 | DEBUG    | Task d4dbab27-a41b-4161-a52f-618e67c3fa25 state=PENDING elapsed=5s — waiting …
2026-06-03 15:15:27 | DEBUG    | Task d4dbab27-a41b-4161-a52f-618e67c3fa25 state=PENDING elapsed=10s — waiting …
2026-06-03 15:15:39 | DEBUG    | Task d4dbab27-a41b-4161-a52f-618e67c3fa25 state=PENDING elapsed=22s — waiting …
2026-06-03 15:15:58 | DEBUG    | Task d4dbab27-a41b-4161-a52f-618e67c3fa25 state=PENDING elapsed=41s — waiting …
2026-06-03 15:16:03 | DEBUG    | Task d4dbab27-a41b-4161-a52f-618e67c3fa25 state=PENDING elapsed=46s — waiting …
2026-06-03 15:16:08 | DEBUG    | Task d4dbab27-a41b-4161-a52f-618e67c3fa25 state=PENDING elapsed=51s — waiting …
2026-06-03 15:16:13 | DEBUG    | Task d4dbab27-a41b-4161-a52f-618e67c3fa25 state=PENDING elapsed=56s — waiting …
2026-06-03 15:16:18 | DEBUG    | Task d4dbab27-a41b-4161-a52f-618e67c3fa25 state=PENDING elapsed=61s — waiting …
2026-06-03 15:16:23 | DEBUG    | Task d4dbab27-a41b-4161-a52f-618e67c3fa25 state=PENDING elapsed=66s — waiting …
2026-06-03 15:16:28 | DEBUG    | Task d4dbab27-a41b-4161-a52f-618e67c3fa25 state=PENDING elapsed=71s — waiting …
2026-06-03 15:16:33 | DEBUG    | Task d4dbab27-a41b-4161-a52f-618e67c3fa25 state=PENDING elapsed=76s — waiting …
2026-06-03 15:16:38 | DEBUG    | Task d4dbab27-a41b-4161-a52f-618e67c3fa25 state=PENDING elapsed=81s — waiting …
2026-06-03 15:16:43 | DEBUG    | Task d4dbab27-a41b-4161-a52f-618e67c3fa25 state=PENDING elapsed=86s — waiting …
2026-06-03 15:16:48 | DEBUG    | Task d4dbab27-a41b-4161-a52f-618e67c3fa25 state=PENDING elapsed=91s — waiting …
2026-06-03 15:16:53 | DEBUG    | Task d4dbab27-a41b-4161-a52f-618e67c3fa25 state=PENDING elapsed=96s — waiting …
2026-06-03 15:16:58 | DEBUG    | Task d4dbab27-a41b-4161-a52f-618e67c3fa25 state=PENDING elapsed=101s — waiting …
2026-06-03 15:17:03 | DEBUG    | Task d4dbab27-a41b-4161-a52f-618e67c3fa25 state=PENDING elapsed=106s — waiting …
2026-06-03 15:17:08 | DEBUG    | Task d4dbab27-a41b-4161-a52f-618e67c3fa25 state=PENDING elapsed=111s — waiting …
2026-06-03 15:17:13 | DEBUG    | Task d4dbab27-a41b-4161-a52f-618e67c3fa25 state=PENDING elapsed=116s — waiting …
2026-06-03 15:17:18 | DEBUG    | Task d4dbab27-a41b-4161-a52f-618e67c3fa25 state=PENDING elapsed=121s — waiting …
2026-06-03 15:17:23 | DEBUG    | Task d4dbab27-a41b-4161-a52f-618e67c3fa25 state=PENDING elapsed=126s — waiting …
2026-06-03 15:17:28 | DEBUG    | Task d4dbab27-a41b-4161-a52f-618e67c3fa25 state=PENDING elapsed=131s — waiting …
2026-06-03 15:17:33 | DEBUG    | Task d4dbab27-a41b-4161-a52f-618e67c3fa25 state=PENDING elapsed=136s — waiting …
2026-06-03 15:17:38 | DEBUG    | Task d4dbab27-a41b-4161-a52f-618e67c3fa25 state=PENDING elapsed=141s — waiting …
2026-06-03 15:17:43 | DEBUG    | Task d4dbab27-a41b-4161-a52f-618e67c3fa25 state=PENDING elapsed=146s — waiting …
2026-06-03 15:17:48 | DEBUG    | Task d4dbab27-a41b-4161-a52f-618e67c3fa25 state=PENDING elapsed=151s — waiting …
2026-06-03 15:17:54 | DEBUG    | Task d4dbab27-a41b-4161-a52f-618e67c3fa25 state=PENDING elapsed=157s — waiting …
2026-06-03 15:17:59 | DEBUG    | Task d4dbab27-a41b-4161-a52f-618e67c3fa25 state=PENDING elapsed=162s — waiting …
2026-06-03 15:18:04 | DEBUG    | Task d4dbab27-a41b-4161-a52f-618e67c3fa25 state=PENDING elapsed=167s — waiting …
2026-06-03 15:18:09 | DEBUG    | Task d4dbab27-a41b-4161-a52f-618e67c3fa25 state=PENDING elapsed=172s — waiting …
2026-06-03 15:18:14 | DEBUG    | Task d4dbab27-a41b-4161-a52f-618e67c3fa25 state=PENDING elapsed=177s — waiting …
2026-06-03 15:18:19 | DEBUG    | Task d4dbab27-a41b-4161-a52f-618e67c3fa25 state=PENDING elapsed=182s — waiting …
2026-06-03 15:18:24 | DEBUG    | Task d4dbab27-a41b-4161-a52f-618e67c3fa25 state=PENDING elapsed=187s — waiting …
2026-06-03 15:18:29 | DEBUG    | Task d4dbab27-a41b-4161-a52f-618e67c3fa25 state=PENDING elapsed=192s — waiting …
2026-06-03 15:18:34 | DEBUG    | Task d4dbab27-a41b-4161-a52f-618e67c3fa25 state=PENDING elapsed=197s — waiting …
2026-06-03 15:18:39 | DEBUG    | Task d4dbab27-a41b-4161-a52f-618e67c3fa25 state=PENDING elapsed=202s — waiting …
2026-06-03 15:18:44 | DEBUG    | Task d4dbab27-a41b-4161-a52f-618e67c3fa25 state=PENDING elapsed=207s — waiting …
2026-06-03 15:18:49 | DEBUG    | Task d4dbab27-a41b-4161-a52f-618e67c3fa25 state=PENDING elapsed=212s — waiting …
2026-06-03 15:18:54 | DEBUG    | Task d4dbab27-a41b-4161-a52f-618e67c3fa25 state=PENDING elapsed=217s — waiting …
2026-06-03 15:18:59 | DEBUG    | Task d4dbab27-a41b-4161-a52f-618e67c3fa25 state=PENDING elapsed=222s — waiting …
2026-06-03 15:19:04 | DEBUG    | Task d4dbab27-a41b-4161-a52f-618e67c3fa25 state=PENDING elapsed=227s — waiting …
2026-06-03 15:19:09 | DEBUG    | Task d4dbab27-a41b-4161-a52f-618e67c3fa25 state=PENDING elapsed=232s — waiting …
2026-06-03 15:19:14 | DEBUG    | Task d4dbab27-a41b-4161-a52f-618e67c3fa25 state=PENDING elapsed=237s — waiting …
2026-06-03 15:19:19 | DEBUG    | Task d4dbab27-a41b-4161-a52f-618e67c3fa25 state=PENDING elapsed=242s — waiting …
2026-06-03 15:19:24 | DEBUG    | Task d4dbab27-a41b-4161-a52f-618e67c3fa25 state=PENDING elapsed=247s — waiting …
2026-06-03 15:19:29 | DEBUG    | Task d4dbab27-a41b-4161-a52f-618e67c3fa25 state=PENDING elapsed=252s — waiting …
2026-06-03 15:19:34 | DEBUG    | Task d4dbab27-a41b-4161-a52f-618e67c3fa25 state=PENDING elapsed=257s — waiting …
2026-06-03 15:19:39 | DEBUG    | Task d4dbab27-a41b-4161-a52f-618e67c3fa25 state=PENDING elapsed=262s — waiting …
2026-06-03 15:19:44 | DEBUG    | Task d4dbab27-a41b-4161-a52f-618e67c3fa25 state=PENDING elapsed=267s — waiting …
2026-06-03 15:19:49 | DEBUG    | Task d4dbab27-a41b-4161-a52f-618e67c3fa25 state=PENDING elapsed=272s — waiting …
2026-06-03 15:19:54 | DEBUG    | Task d4dbab27-a41b-4161-a52f-618e67c3fa25 state=PENDING elapsed=277s — waiting …
2026-06-03 15:19:59 | DEBUG    | Task d4dbab27-a41b-4161-a52f-618e67c3fa25 state=PENDING elapsed=282s — waiting …
2026-06-03 15:20:04 | DEBUG    | Task d4dbab27-a41b-4161-a52f-618e67c3fa25 state=PENDING elapsed=287s — waiting …
2026-06-03 15:20:09 | DEBUG    | Task d4dbab27-a41b-4161-a52f-618e67c3fa25 state=PENDING elapsed=292s — waiting …
2026-06-03 15:20:14 | DEBUG    | Task d4dbab27-a41b-4161-a52f-618e67c3fa25 state=PENDING elapsed=297s — waiting …
2026-06-03 15:20:19 | DEBUG    | Task d4dbab27-a41b-4161-a52f-618e67c3fa25 state=PENDING elapsed=302s — waiting …
2026-06-03 15:20:24 | DEBUG    | Task d4dbab27-a41b-4161-a52f-618e67c3fa25 state=PENDING elapsed=307s — waiting …
2026-06-03 15:20:29 | DEBUG    | Task d4dbab27-a41b-4161-a52f-618e67c3fa25 state=PENDING elapsed=312s — waiting …
2026-06-03 15:20:34 | DEBUG    | Task d4dbab27-a41b-4161-a52f-618e67c3fa25 state=PENDING elapsed=317s — waiting …
2026-06-03 15:20:39 | DEBUG    | Task d4dbab27-a41b-4161-a52f-618e67c3fa25 state=PENDING elapsed=322s — waiting …
2026-06-03 15:20:44 | DEBUG    | Task d4dbab27-a41b-4161-a52f-618e67c3fa25 state=PENDING elapsed=327s — waiting …
2026-06-03 15:20:49 | DEBUG    | Task d4dbab27-a41b-4161-a52f-618e67c3fa25 state=PENDING elapsed=332s — waiting …
2026-06-03 15:20:54 | DEBUG    | Task d4dbab27-a41b-4161-a52f-618e67c3fa25 state=PENDING elapsed=337s — waiting …
2026-06-03 15:20:59 | DEBUG    | Task d4dbab27-a41b-4161-a52f-618e67c3fa25 state=PENDING elapsed=342s — waiting …
2026-06-03 15:21:04 | DEBUG    | Task d4dbab27-a41b-4161-a52f-618e67c3fa25 state=PENDING elapsed=347s — waiting …
2026-06-03 15:21:09 | DEBUG    | Task d4dbab27-a41b-4161-a52f-618e67c3fa25 state=PENDING elapsed=352s — waiting …
2026-06-03 15:21:14 | DEBUG    | Task d4dbab27-a41b-4161-a52f-618e67c3fa25 state=PENDING elapsed=357s — waiting …
2026-06-03 15:21:19 | DEBUG    | Task d4dbab27-a41b-4161-a52f-618e67c3fa25 state=PENDING elapsed=362s — waiting …
2026-06-03 15:21:24 | DEBUG    | Task d4dbab27-a41b-4161-a52f-618e67c3fa25 state=PENDING elapsed=367s — waiting …
2026-06-03 15:21:29 | DEBUG    | Task d4dbab27-a41b-4161-a52f-618e67c3fa25 state=PENDING elapsed=372s — waiting …
2026-06-03 15:21:34 | DEBUG    | Task d4dbab27-a41b-4161-a52f-618e67c3fa25 state=PENDING elapsed=377s — waiting …
2026-06-03 15:21:39 | DEBUG    | Task d4dbab27-a41b-4161-a52f-618e67c3fa25 state=PENDING elapsed=382s — waiting …
2026-06-03 15:21:44 | DEBUG    | Task d4dbab27-a41b-4161-a52f-618e67c3fa25 state=PENDING elapsed=387s — waiting …
2026-06-03 15:21:49 | DEBUG    | Task d4dbab27-a41b-4161-a52f-618e67c3fa25 state=PENDING elapsed=392s — waiting …
2026-06-03 15:21:54 | DEBUG    | Task d4dbab27-a41b-4161-a52f-618e67c3fa25 state=PENDING elapsed=397s — waiting …
2026-06-03 15:21:59 | DEBUG    | Task d4dbab27-a41b-4161-a52f-618e67c3fa25 state=PENDING elapsed=402s — waiting …
2026-06-03 15:22:04 | DEBUG    | Task d4dbab27-a41b-4161-a52f-618e67c3fa25 state=PENDING elapsed=407s — waiting …
2026-06-03 15:22:09 | DEBUG    | Task d4dbab27-a41b-4161-a52f-618e67c3fa25 state=PENDING elapsed=412s — waiting …
2026-06-03 15:22:14 | DEBUG    | Task d4dbab27-a41b-4161-a52f-618e67c3fa25 state=PENDING elapsed=417s — waiting …
2026-06-03 15:22:19 | DEBUG    | Task d4dbab27-a41b-4161-a52f-618e67c3fa25 state=PENDING elapsed=422s — waiting …
2026-06-03 15:22:24 | DEBUG    | Task d4dbab27-a41b-4161-a52f-618e67c3fa25 state=PENDING elapsed=427s — waiting …
2026-06-03 15:22:29 | DEBUG    | Task d4dbab27-a41b-4161-a52f-618e67c3fa25 state=PENDING elapsed=432s — waiting …
2026-06-03 15:22:34 | DEBUG    | Task d4dbab27-a41b-4161-a52f-618e67c3fa25 state=PENDING elapsed=437s — waiting …
2026-06-03 15:22:39 | DEBUG    | Task d4dbab27-a41b-4161-a52f-618e67c3fa25 state=PENDING elapsed=442s — waiting …
2026-06-03 15:22:45 | DEBUG    | Task d4dbab27-a41b-4161-a52f-618e67c3fa25 state=PENDING elapsed=448s — waiting …
2026-06-03 15:22:50 | DEBUG    | Task d4dbab27-a41b-4161-a52f-618e67c3fa25 state=PENDING elapsed=453s — waiting …
2026-06-03 15:22:55 | DEBUG    | Task d4dbab27-a41b-4161-a52f-618e67c3fa25 state=PENDING elapsed=458s — waiting …
2026-06-03 15:23:00 | DEBUG    | Task d4dbab27-a41b-4161-a52f-618e67c3fa25 state=PENDING elapsed=463s — waiting …
2026-06-03 15:23:05 | DEBUG    | Task d4dbab27-a41b-4161-a52f-618e67c3fa25 state=PENDING elapsed=468s — waiting …
2026-06-03 15:23:10 | DEBUG    | Task d4dbab27-a41b-4161-a52f-618e67c3fa25 state=PENDING elapsed=473s — waiting …
2026-06-03 15:23:15 | DEBUG    | Task d4dbab27-a41b-4161-a52f-618e67c3fa25 state=PENDING elapsed=478s — waiting …
2026-06-03 15:23:20 | DEBUG    | Task d4dbab27-a41b-4161-a52f-618e67c3fa25 state=PENDING elapsed=483s — waiting …
2026-06-03 15:23:25 | DEBUG    | Task d4dbab27-a41b-4161-a52f-618e67c3fa25 state=PENDING elapsed=488s — waiting …
2026-06-03 15:23:32 | DEBUG    | Task d4dbab27-a41b-4161-a52f-618e67c3fa25 state=PENDING elapsed=495s — waiting …
2026-06-03 15:23:37 | DEBUG    | Task d4dbab27-a41b-4161-a52f-618e67c3fa25 state=PENDING elapsed=500s — waiting …
2026-06-03 15:23:42 | DEBUG    | Task d4dbab27-a41b-4161-a52f-618e67c3fa25 state=PENDING elapsed=505s — waiting …
2026-06-03 15:23:47 | DEBUG    | Task d4dbab27-a41b-4161-a52f-618e67c3fa25 state=PENDING elapsed=510s — waiting …
2026-06-03 15:23:52 | DEBUG    | Task d4dbab27-a41b-4161-a52f-618e67c3fa25 state=PENDING elapsed=515s — waiting …
2026-06-03 15:23:57 | DEBUG    | Task d4dbab27-a41b-4161-a52f-618e67c3fa25 state=PENDING elapsed=520s — waiting …
2026-06-03 15:24:02 | DEBUG    | Task d4dbab27-a41b-4161-a52f-618e67c3fa25 state=PENDING elapsed=525s — waiting …
2026-06-03 15:24:07 | DEBUG    | Task d4dbab27-a41b-4161-a52f-618e67c3fa25 state=PENDING elapsed=530s — waiting …
2026-06-03 15:24:12 | DEBUG    | Task d4dbab27-a41b-4161-a52f-618e67c3fa25 state=PENDING elapsed=535s — waiting …
2026-06-03 15:24:17 | DEBUG    | Task d4dbab27-a41b-4161-a52f-618e67c3fa25 state=PENDING elapsed=540s — waiting …
2026-06-03 15:24:22 | DEBUG    | Task d4dbab27-a41b-4161-a52f-618e67c3fa25 state=PENDING elapsed=545s — waiting …
2026-06-03 15:24:27 | DEBUG    | Task d4dbab27-a41b-4161-a52f-618e67c3fa25 state=PENDING elapsed=550s — waiting …
2026-06-03 15:24:32 | DEBUG    | Task d4dbab27-a41b-4161-a52f-618e67c3fa25 state=PENDING elapsed=555s — waiting …
2026-06-03 15:24:37 | DEBUG    | Task d4dbab27-a41b-4161-a52f-618e67c3fa25 state=PENDING elapsed=560s — waiting …
2026-06-03 15:24:42 | DEBUG    | Task d4dbab27-a41b-4161-a52f-618e67c3fa25 state=PENDING elapsed=565s — waiting …
2026-06-03 15:24:47 | DEBUG    | Task d4dbab27-a41b-4161-a52f-618e67c3fa25 state=PENDING elapsed=570s — waiting …
2026-06-03 15:24:52 | DEBUG    | Task d4dbab27-a41b-4161-a52f-618e67c3fa25 state=PENDING elapsed=575s — waiting …
2026-06-03 15:24:57 | DEBUG    | Task d4dbab27-a41b-4161-a52f-618e67c3fa25 state=PENDING elapsed=580s — waiting …
2026-06-03 15:25:02 | DEBUG    | Task d4dbab27-a41b-4161-a52f-618e67c3fa25 state=PENDING elapsed=585s — waiting …
2026-06-03 15:25:07 | DEBUG    | Task d4dbab27-a41b-4161-a52f-618e67c3fa25 state=PENDING elapsed=590s — waiting …
2026-06-03 15:25:12 | DEBUG    | Task d4dbab27-a41b-4161-a52f-618e67c3fa25 state=PENDING elapsed=595s — waiting …
2026-06-03 15:25:17 | DEBUG    | Task d4dbab27-a41b-4161-a52f-618e67c3fa25 state=PENDING elapsed=600s — waiting …
2026-06-03 15:25:22 | DEBUG    | Task d4dbab27-a41b-4161-a52f-618e67c3fa25 state=PENDING elapsed=605s — waiting …
2026-06-03 15:25:27 | DEBUG    | Task d4dbab27-a41b-4161-a52f-618e67c3fa25 state=PENDING elapsed=610s — waiting …
2026-06-03 15:25:32 | DEBUG    | Task d4dbab27-a41b-4161-a52f-618e67c3fa25 state=PENDING elapsed=615s — waiting …
2026-06-03 15:25:37 | DEBUG    | Task d4dbab27-a41b-4161-a52f-618e67c3fa25 state=PENDING elapsed=620s — waiting …
2026-06-03 15:25:44 | DEBUG    | Task d4dbab27-a41b-4161-a52f-618e67c3fa25 state=PENDING elapsed=627s — waiting …
2026-06-03 15:25:49 | DEBUG    | Task d4dbab27-a41b-4161-a52f-618e67c3fa25 state=PENDING elapsed=632s — waiting …
2026-06-03 15:25:54 | DEBUG    | Task d4dbab27-a41b-4161-a52f-618e67c3fa25 state=PENDING elapsed=637s — waiting …
2026-06-03 15:25:59 | DEBUG    | Task d4dbab27-a41b-4161-a52f-618e67c3fa25 state=PENDING elapsed=642s — waiting …
2026-06-03 15:26:04 | DEBUG    | Task d4dbab27-a41b-4161-a52f-618e67c3fa25 state=PENDING elapsed=647s — waiting …
2026-06-03 15:26:09 | DEBUG    | Task d4dbab27-a41b-4161-a52f-618e67c3fa25 state=PENDING elapsed=652s — waiting …
2026-06-03 15:26:14 | DEBUG    | Task d4dbab27-a41b-4161-a52f-618e67c3fa25 state=PENDING elapsed=657s — waiting …
2026-06-03 15:26:19 | DEBUG    | Task d4dbab27-a41b-4161-a52f-618e67c3fa25 state=PENDING elapsed=662s — waiting …
2026-06-03 15:26:24 | DEBUG    | Task d4dbab27-a41b-4161-a52f-618e67c3fa25 state=PENDING elapsed=667s — waiting …
2026-06-03 15:26:29 | DEBUG    | Task d4dbab27-a41b-4161-a52f-618e67c3fa25 state=PENDING elapsed=672s — waiting …
2026-06-03 15:26:34 | DEBUG    | Task d4dbab27-a41b-4161-a52f-618e67c3fa25 state=PENDING elapsed=677s — waiting …
2026-06-03 15:26:39 | DEBUG    | Task d4dbab27-a41b-4161-a52f-618e67c3fa25 state=PENDING elapsed=682s — waiting …
2026-06-03 15:26:44 | DEBUG    | Task d4dbab27-a41b-4161-a52f-618e67c3fa25 state=PENDING elapsed=687s — waiting …
2026-06-03 15:26:49 | DEBUG    | Task d4dbab27-a41b-4161-a52f-618e67c3fa25 state=PENDING elapsed=692s — waiting …
2026-06-03 15:26:54 | DEBUG    | Task d4dbab27-a41b-4161-a52f-618e67c3fa25 state=PENDING elapsed=697s — waiting …
2026-06-03 15:26:59 | DEBUG    | Task d4dbab27-a41b-4161-a52f-618e67c3fa25 state=PENDING elapsed=702s — waiting …
2026-06-03 15:27:04 | DEBUG    | Task d4dbab27-a41b-4161-a52f-618e67c3fa25 state=PENDING elapsed=707s — waiting …
2026-06-03 15:27:09 | DEBUG    | Task d4dbab27-a41b-4161-a52f-618e67c3fa25 state=PENDING elapsed=712s — waiting …
2026-06-03 15:27:14 | DEBUG    | Task d4dbab27-a41b-4161-a52f-618e67c3fa25 state=PENDING elapsed=717s — waiting …
2026-06-03 15:27:19 | DEBUG    | Task d4dbab27-a41b-4161-a52f-618e67c3fa25 state=PENDING elapsed=722s — waiting …
2026-06-03 15:27:24 | DEBUG    | Task d4dbab27-a41b-4161-a52f-618e67c3fa25 state=PENDING elapsed=727s — waiting …
2026-06-03 15:27:29 | DEBUG    | Task d4dbab27-a41b-4161-a52f-618e67c3fa25 state=PENDING elapsed=732s — waiting …
2026-06-03 15:27:34 | DEBUG    | Task d4dbab27-a41b-4161-a52f-618e67c3fa25 state=PENDING elapsed=737s — waiting …
2026-06-03 15:27:39 | DEBUG    | Task d4dbab27-a41b-4161-a52f-618e67c3fa25 state=PENDING elapsed=742s — waiting …
2026-06-03 15:27:44 | DEBUG    | Task d4dbab27-a41b-4161-a52f-618e67c3fa25 state=PENDING elapsed=747s — waiting …
2026-06-03 15:27:49 | DEBUG    | Task d4dbab27-a41b-4161-a52f-618e67c3fa25 state=PENDING elapsed=752s — waiting …
2026-06-03 15:27:54 | DEBUG    | Task d4dbab27-a41b-4161-a52f-618e67c3fa25 state=PENDING elapsed=757s — waiting …
2026-06-03 15:27:59 | DEBUG    | Task d4dbab27-a41b-4161-a52f-618e67c3fa25 state=PENDING elapsed=762s — waiting …
2026-06-03 15:28:04 | DEBUG    | Task d4dbab27-a41b-4161-a52f-618e67c3fa25 state=PENDING elapsed=767s — waiting …
2026-06-03 15:28:09 | DEBUG    | Task d4dbab27-a41b-4161-a52f-618e67c3fa25 state=PENDING elapsed=772s — waiting …
2026-06-03 15:28:14 | DEBUG    | Task d4dbab27-a41b-4161-a52f-618e67c3fa25 state=PENDING elapsed=777s — waiting …
2026-06-03 15:28:19 | DEBUG    | Task d4dbab27-a41b-4161-a52f-618e67c3fa25 state=PENDING elapsed=782s — waiting …
2026-06-03 15:28:24 | DEBUG    | Task d4dbab27-a41b-4161-a52f-618e67c3fa25 state=PENDING elapsed=787s — waiting …
2026-06-03 15:28:29 | DEBUG    | Task d4dbab27-a41b-4161-a52f-618e67c3fa25 state=PENDING elapsed=792s — waiting …
2026-06-03 15:28:34 | DEBUG    | Task d4dbab27-a41b-4161-a52f-618e67c3fa25 state=PENDING elapsed=797s — waiting …
2026-06-03 15:28:39 | DEBUG    | Task d4dbab27-a41b-4161-a52f-618e67c3fa25 state=PENDING elapsed=802s — waiting …
2026-06-03 15:28:44 | DEBUG    | Task d4dbab27-a41b-4161-a52f-618e67c3fa25 state=PENDING elapsed=807s — waiting …
2026-06-03 15:28:49 | DEBUG    | Task d4dbab27-a41b-4161-a52f-618e67c3fa25 state=PENDING elapsed=812s — waiting …
2026-06-03 15:28:54 | DEBUG    | Task d4dbab27-a41b-4161-a52f-618e67c3fa25 state=PENDING elapsed=817s — waiting …
2026-06-03 15:28:59 | DEBUG    | Task d4dbab27-a41b-4161-a52f-618e67c3fa25 state=PENDING elapsed=822s — waiting …
2026-06-03 15:29:04 | DEBUG    | Task d4dbab27-a41b-4161-a52f-618e67c3fa25 state=PENDING elapsed=827s — waiting …
2026-06-03 15:29:09 | DEBUG    | Task d4dbab27-a41b-4161-a52f-618e67c3fa25 state=PENDING elapsed=832s — waiting …
2026-06-03 15:29:14 | DEBUG    | Task d4dbab27-a41b-4161-a52f-618e67c3fa25 state=PENDING elapsed=837s — waiting …
2026-06-03 15:29:19 | DEBUG    | Task d4dbab27-a41b-4161-a52f-618e67c3fa25 state=PENDING elapsed=842s — waiting …
2026-06-03 15:29:24 | DEBUG    | Task d4dbab27-a41b-4161-a52f-618e67c3fa25 state=PENDING elapsed=847s — waiting …
2026-06-03 15:29:29 | DEBUG    | Task d4dbab27-a41b-4161-a52f-618e67c3fa25 state=PENDING elapsed=852s — waiting …
2026-06-03 15:29:34 | DEBUG    | Task d4dbab27-a41b-4161-a52f-618e67c3fa25 state=PENDING elapsed=857s — waiting …
2026-06-03 15:29:39 | DEBUG    | Task d4dbab27-a41b-4161-a52f-618e67c3fa25 state=PENDING elapsed=862s — waiting …
2026-06-03 15:29:44 | DEBUG    | Task d4dbab27-a41b-4161-a52f-618e67c3fa25 state=PENDING elapsed=867s — waiting …
2026-06-03 15:29:49 | DEBUG    | Task d4dbab27-a41b-4161-a52f-618e67c3fa25 state=PENDING elapsed=872s — waiting …
2026-06-03 15:29:54 | DEBUG    | Task d4dbab27-a41b-4161-a52f-618e67c3fa25 state=PENDING elapsed=877s — waiting …
2026-06-03 15:29:59 | DEBUG    | Task d4dbab27-a41b-4161-a52f-618e67c3fa25 state=PENDING elapsed=882s — waiting …
2026-06-03 15:30:04 | DEBUG    | Task d4dbab27-a41b-4161-a52f-618e67c3fa25 state=PENDING elapsed=887s — waiting …
2026-06-03 15:30:09 | DEBUG    | Task d4dbab27-a41b-4161-a52f-618e67c3fa25 state=PENDING elapsed=892s — waiting …
2026-06-03 15:30:14 | DEBUG    | Task d4dbab27-a41b-4161-a52f-618e67c3fa25 state=PENDING elapsed=897s — waiting …
2026-06-03 15:30:19 | DEBUG    | Task d4dbab27-a41b-4161-a52f-618e67c3fa25 state=PENDING elapsed=902s — waiting …
2026-06-03 15:30:24 | DEBUG    | Task d4dbab27-a41b-4161-a52f-618e67c3fa25 state=PENDING elapsed=907s — waiting …
2026-06-03 15:30:29 | DEBUG    | Task d4dbab27-a41b-4161-a52f-618e67c3fa25 state=PENDING elapsed=912s — waiting …
2026-06-03 15:30:34 | DEBUG    | Task d4dbab27-a41b-4161-a52f-618e67c3fa25 state=PENDING elapsed=917s — waiting …
2026-06-03 15:30:39 | DEBUG    | Task d4dbab27-a41b-4161-a52f-618e67c3fa25 state=PENDING elapsed=922s — waiting …
2026-06-03 15:30:44 | DEBUG    | Task d4dbab27-a41b-4161-a52f-618e67c3fa25 state=PENDING elapsed=927s — waiting …
2026-06-03 15:30:49 | DEBUG    | Task d4dbab27-a41b-4161-a52f-618e67c3fa25 state=PENDING elapsed=932s — waiting …
2026-06-03 15:30:54 | DEBUG    | Task d4dbab27-a41b-4161-a52f-618e67c3fa25 state=PENDING elapsed=937s — waiting …
2026-06-03 15:30:59 | DEBUG    | Task d4dbab27-a41b-4161-a52f-618e67c3fa25 state=PENDING elapsed=942s — waiting …
2026-06-03 15:31:04 | DEBUG    | Task d4dbab27-a41b-4161-a52f-618e67c3fa25 state=PENDING elapsed=947s — waiting …
2026-06-03 15:31:09 | DEBUG    | Task d4dbab27-a41b-4161-a52f-618e67c3fa25 state=PENDING elapsed=952s — waiting …
2026-06-03 15:31:14 | DEBUG    | Task d4dbab27-a41b-4161-a52f-618e67c3fa25 state=PENDING elapsed=957s — waiting …
2026-06-03 15:31:19 | DEBUG    | Task d4dbab27-a41b-4161-a52f-618e67c3fa25 state=PENDING elapsed=962s — waiting …
2026-06-03 15:31:24 | DEBUG    | Task d4dbab27-a41b-4161-a52f-618e67c3fa25 state=PENDING elapsed=967s — waiting …
2026-06-03 15:31:29 | DEBUG    | Task d4dbab27-a41b-4161-a52f-618e67c3fa25 state=PENDING elapsed=972s — waiting …
2026-06-03 15:31:34 | DEBUG    | Task d4dbab27-a41b-4161-a52f-618e67c3fa25 state=PENDING elapsed=977s — waiting …
2026-06-03 15:31:39 | DEBUG    | Task d4dbab27-a41b-4161-a52f-618e67c3fa25 state=PENDING elapsed=982s — waiting …
2026-06-03 15:31:44 | DEBUG    | Task d4dbab27-a41b-4161-a52f-618e67c3fa25 state=PENDING elapsed=987s — waiting …
2026-06-03 15:31:49 | DEBUG    | Task d4dbab27-a41b-4161-a52f-618e67c3fa25 state=PENDING elapsed=992s — waiting …
2026-06-03 15:31:54 | DEBUG    | Task d4dbab27-a41b-4161-a52f-618e67c3fa25 state=PENDING elapsed=997s — waiting …
2026-06-03 15:31:59 | DEBUG    | Task d4dbab27-a41b-4161-a52f-618e67c3fa25 state=PENDING elapsed=1002s — waiting …
2026-06-03 15:32:04 | DEBUG    | Task d4dbab27-a41b-4161-a52f-618e67c3fa25 state=PENDING elapsed=1007s — waiting …
2026-06-03 15:32:09 | DEBUG    | Task d4dbab27-a41b-4161-a52f-618e67c3fa25 state=PENDING elapsed=1012s — waiting …
2026-06-03 15:32:14 | DEBUG    | Task d4dbab27-a41b-4161-a52f-618e67c3fa25 state=PENDING elapsed=1017s — waiting …
2026-06-03 15:32:19 | DEBUG    | Task d4dbab27-a41b-4161-a52f-618e67c3fa25 state=PENDING elapsed=1022s — waiting …
2026-06-03 15:32:24 | DEBUG    | Task d4dbab27-a41b-4161-a52f-618e67c3fa25 state=PENDING elapsed=1027s — waiting …
2026-06-03 15:32:29 | DEBUG    | Task d4dbab27-a41b-4161-a52f-618e67c3fa25 state=PENDING elapsed=1032s — waiting …
2026-06-03 15:32:34 | DEBUG    | Task d4dbab27-a41b-4161-a52f-618e67c3fa25 state=PENDING elapsed=1037s — waiting …
2026-06-03 15:32:39 | DEBUG    | Task d4dbab27-a41b-4161-a52f-618e67c3fa25 state=PENDING elapsed=1042s — waiting …
2026-06-03 15:32:44 | DEBUG    | Task d4dbab27-a41b-4161-a52f-618e67c3fa25 state=PENDING elapsed=1047s — waiting …
2026-06-03 15:32:49 | DEBUG    | Task d4dbab27-a41b-4161-a52f-618e67c3fa25 state=PENDING elapsed=1052s — waiting …
2026-06-03 15:32:54 | DEBUG    | Task d4dbab27-a41b-4161-a52f-618e67c3fa25 state=PENDING elapsed=1057s — waiting …
2026-06-03 15:32:59 | DEBUG    | Task d4dbab27-a41b-4161-a52f-618e67c3fa25 state=PENDING elapsed=1062s — waiting …
2026-06-03 15:33:04 | DEBUG    | Task d4dbab27-a41b-4161-a52f-618e67c3fa25 state=PENDING elapsed=1067s — waiting …
2026-06-03 15:33:09 | DEBUG    | Task d4dbab27-a41b-4161-a52f-618e67c3fa25 state=PENDING elapsed=1072s — waiting …
2026-06-03 15:33:14 | DEBUG    | Task d4dbab27-a41b-4161-a52f-618e67c3fa25 state=PENDING elapsed=1077s — waiting …
2026-06-03 15:33:19 | DEBUG    | Task d4dbab27-a41b-4161-a52f-618e67c3fa25 state=PENDING elapsed=1082s — waiting …
2026-06-03 15:33:24 | DEBUG    | Task d4dbab27-a41b-4161-a52f-618e67c3fa25 state=PENDING elapsed=1087s — waiting …
2026-06-03 15:33:29 | DEBUG    | Task d4dbab27-a41b-4161-a52f-618e67c3fa25 state=PENDING elapsed=1092s — waiting …
2026-06-03 15:33:34 | DEBUG    | Task d4dbab27-a41b-4161-a52f-618e67c3fa25 state=PENDING elapsed=1097s — waiting …
2026-06-03 15:33:39 | DEBUG    | Task d4dbab27-a41b-4161-a52f-618e67c3fa25 state=PENDING elapsed=1102s — waiting …
2026-06-03 15:33:44 | DEBUG    | Task d4dbab27-a41b-4161-a52f-618e67c3fa25 state=PENDING elapsed=1107s — waiting …
2026-06-03 15:33:49 | DEBUG    | Task d4dbab27-a41b-4161-a52f-618e67c3fa25 state=PENDING elapsed=1112s — waiting …
2026-06-03 15:33:54 | DEBUG    | Task d4dbab27-a41b-4161-a52f-618e67c3fa25 state=PENDING elapsed=1117s — waiting …
2026-06-03 15:33:59 | DEBUG    | Task d4dbab27-a41b-4161-a52f-618e67c3fa25 state=PENDING elapsed=1122s — waiting …
2026-06-03 15:34:04 | DEBUG    | Task d4dbab27-a41b-4161-a52f-618e67c3fa25 state=PENDING elapsed=1127s — waiting …
2026-06-03 15:34:09 | DEBUG    | Task d4dbab27-a41b-4161-a52f-618e67c3fa25 state=PENDING elapsed=1132s — waiting …
2026-06-03 15:34:14 | DEBUG    | Task d4dbab27-a41b-4161-a52f-618e67c3fa25 state=PENDING elapsed=1137s — waiting …
2026-06-03 15:34:19 | DEBUG    | Task d4dbab27-a41b-4161-a52f-618e67c3fa25 state=PENDING elapsed=1142s — waiting …
2026-06-03 15:34:24 | DEBUG    | Task d4dbab27-a41b-4161-a52f-618e67c3fa25 state=PENDING elapsed=1147s — waiting …
2026-06-03 15:34:29 | DEBUG    | Task d4dbab27-a41b-4161-a52f-618e67c3fa25 state=PENDING elapsed=1152s — waiting …
2026-06-03 15:34:34 | DEBUG    | Task d4dbab27-a41b-4161-a52f-618e67c3fa25 state=PENDING elapsed=1157s — waiting …
2026-06-03 15:34:39 | DEBUG    | Task d4dbab27-a41b-4161-a52f-618e67c3fa25 state=PENDING elapsed=1162s — waiting …
2026-06-03 15:34:44 | DEBUG    | Task d4dbab27-a41b-4161-a52f-618e67c3fa25 state=PENDING elapsed=1167s — waiting …
2026-06-03 15:34:49 | DEBUG    | Task d4dbab27-a41b-4161-a52f-618e67c3fa25 state=PENDING elapsed=1172s — waiting …
2026-06-03 15:34:54 | DEBUG    | Task d4dbab27-a41b-4161-a52f-618e67c3fa25 state=PENDING elapsed=1177s — waiting …
2026-06-03 15:34:59 | DEBUG    | Task d4dbab27-a41b-4161-a52f-618e67c3fa25 state=PENDING elapsed=1182s — waiting …
2026-06-03 15:35:04 | DEBUG    | Task d4dbab27-a41b-4161-a52f-618e67c3fa25 state=PENDING elapsed=1187s — waiting …
2026-06-03 15:35:09 | DEBUG    | Task d4dbab27-a41b-4161-a52f-618e67c3fa25 state=PENDING elapsed=1193s — waiting …
2026-06-03 15:35:14 | DEBUG    | Task d4dbab27-a41b-4161-a52f-618e67c3fa25 state=PENDING elapsed=1198s — waiting …
2026-06-03 15:35:19 | DEBUG    | Task d4dbab27-a41b-4161-a52f-618e67c3fa25 state=PENDING elapsed=1203s — waiting …
2026-06-03 15:35:24 | DEBUG    | Task d4dbab27-a41b-4161-a52f-618e67c3fa25 state=PENDING elapsed=1208s — waiting …
2026-06-03 15:35:29 | DEBUG    | Task d4dbab27-a41b-4161-a52f-618e67c3fa25 state=PENDING elapsed=1213s — waiting …
2026-06-03 15:35:45 | INFO     | Task d4dbab27-a41b-4161-a52f-618e67c3fa25 FINISHED in 1228s
2026-06-03 15:35:45 | INFO     | ✅ batch 1/1 (13 files) complete
2026-06-03 15:35:45 | INFO     | === SUCCESS  ingested=13  skipped=0 ===
