2026-06-03 15:14:56 | INFO     | === START  dir='/gaia/b04s/CONSORCIOS/SEISCOPE'  collection='SEISCOPE' ===
2026-06-03 15:14:56 | INFO     | Discovered 36 supported file(s)
2026-06-03 15:15:02 | INFO     | Collection 'SEISCOPE' created: {"message":"Collection SEISCOPE created successfully.","collection_name":"SEISCOPE"}
2026-06-03 15:15:07 | INFO     | list_documents: 0 existing doc(s) in 'SEISCOPE' (total reported: 0)
2026-06-03 15:15:07 | INFO     | Classification: 36 new, 0 already present
2026-06-03 15:15:07 | INFO     | Uploading 3 batch(es) of up to 16 file(s) each
2026-06-03 15:15:07 | INFO     | --- batch 1/3 (16 files) ---
2026-06-03 15:15:07 | DEBUG    |   Files: -ABSTRACT-new-107-.html, -LECTURES-88-.html, -PhD-THESIS-.html, 2013_seiscope_annual_report.pdf, 2014_seiscope_annual_report_final.pdf, 2015_seiscope_annual_report_final-2.pdf, 2016_seiscope_annual_report_lr-2.pdf, 2017_seiscope_annual_report-2.pdf, 2018_seiscope_annual_report-2.pdf, 2019_seiscope_annual_report_lr-2.pdf, 2020_seiscope_annual_report_lr-2.pdf, 2021_seiscope_annual_report.pdf, 2022_nouibat_phd_lithospheric_imaging.pdf, 2022_seiscope_annual_report.pdf, 2023_seiscope_annual_report_lr.pdf, 2024_seiscope_annual_report.pdf
2026-06-03 15:15:22 | INFO     | Upload accepted → task_id=930aeeb1-607e-4caa-8cf3-ebd1658efb21
2026-06-03 15:15:22 | DEBUG    | Task 930aeeb1-607e-4caa-8cf3-ebd1658efb21 state=PENDING elapsed=0s — waiting …
2026-06-03 15:15:27 | DEBUG    | Task 930aeeb1-607e-4caa-8cf3-ebd1658efb21 state=PENDING elapsed=5s — waiting …
2026-06-03 15:15:39 | DEBUG    | Task 930aeeb1-607e-4caa-8cf3-ebd1658efb21 state=PENDING elapsed=17s — waiting …
2026-06-03 15:15:58 | DEBUG    | Task 930aeeb1-607e-4caa-8cf3-ebd1658efb21 state=PENDING elapsed=36s — waiting …
2026-06-03 15:16:03 | DEBUG    | Task 930aeeb1-607e-4caa-8cf3-ebd1658efb21 state=PENDING elapsed=41s — waiting …
2026-06-03 15:16:08 | DEBUG    | Task 930aeeb1-607e-4caa-8cf3-ebd1658efb21 state=PENDING elapsed=46s — waiting …
2026-06-03 15:16:13 | DEBUG    | Task 930aeeb1-607e-4caa-8cf3-ebd1658efb21 state=PENDING elapsed=51s — waiting …
2026-06-03 15:16:18 | DEBUG    | Task 930aeeb1-607e-4caa-8cf3-ebd1658efb21 state=PENDING elapsed=56s — waiting …
2026-06-03 15:16:23 | DEBUG    | Task 930aeeb1-607e-4caa-8cf3-ebd1658efb21 state=PENDING elapsed=61s — waiting …
2026-06-03 15:16:28 | DEBUG    | Task 930aeeb1-607e-4caa-8cf3-ebd1658efb21 state=PENDING elapsed=66s — waiting …
2026-06-03 15:16:33 | DEBUG    | Task 930aeeb1-607e-4caa-8cf3-ebd1658efb21 state=PENDING elapsed=71s — waiting …
2026-06-03 15:16:38 | DEBUG    | Task 930aeeb1-607e-4caa-8cf3-ebd1658efb21 state=PENDING elapsed=76s — waiting …
2026-06-03 15:16:43 | DEBUG    | Task 930aeeb1-607e-4caa-8cf3-ebd1658efb21 state=PENDING elapsed=81s — waiting …
2026-06-03 15:16:48 | DEBUG    | Task 930aeeb1-607e-4caa-8cf3-ebd1658efb21 state=PENDING elapsed=86s — waiting …
2026-06-03 15:16:53 | DEBUG    | Task 930aeeb1-607e-4caa-8cf3-ebd1658efb21 state=PENDING elapsed=91s — waiting …
2026-06-03 15:16:58 | DEBUG    | Task 930aeeb1-607e-4caa-8cf3-ebd1658efb21 state=PENDING elapsed=96s — waiting …
2026-06-03 15:17:03 | DEBUG    | Task 930aeeb1-607e-4caa-8cf3-ebd1658efb21 state=PENDING elapsed=101s — waiting …
2026-06-03 15:17:08 | DEBUG    | Task 930aeeb1-607e-4caa-8cf3-ebd1658efb21 state=PENDING elapsed=106s — waiting …
2026-06-03 15:17:13 | DEBUG    | Task 930aeeb1-607e-4caa-8cf3-ebd1658efb21 state=PENDING elapsed=111s — waiting …
2026-06-03 15:17:18 | DEBUG    | Task 930aeeb1-607e-4caa-8cf3-ebd1658efb21 state=PENDING elapsed=116s — waiting …
2026-06-03 15:17:23 | DEBUG    | Task 930aeeb1-607e-4caa-8cf3-ebd1658efb21 state=PENDING elapsed=121s — waiting …
2026-06-03 15:17:28 | DEBUG    | Task 930aeeb1-607e-4caa-8cf3-ebd1658efb21 state=PENDING elapsed=126s — waiting …
2026-06-03 15:17:33 | DEBUG    | Task 930aeeb1-607e-4caa-8cf3-ebd1658efb21 state=PENDING elapsed=131s — waiting …
2026-06-03 15:17:38 | DEBUG    | Task 930aeeb1-607e-4caa-8cf3-ebd1658efb21 state=PENDING elapsed=136s — waiting …
2026-06-03 15:17:43 | DEBUG    | Task 930aeeb1-607e-4caa-8cf3-ebd1658efb21 state=PENDING elapsed=141s — waiting …
2026-06-03 15:17:48 | DEBUG    | Task 930aeeb1-607e-4caa-8cf3-ebd1658efb21 state=PENDING elapsed=146s — waiting …
2026-06-03 15:17:54 | DEBUG    | Task 930aeeb1-607e-4caa-8cf3-ebd1658efb21 state=PENDING elapsed=152s — waiting …
2026-06-03 15:17:59 | DEBUG    | Task 930aeeb1-607e-4caa-8cf3-ebd1658efb21 state=PENDING elapsed=157s — waiting …
2026-06-03 15:18:04 | DEBUG    | Task 930aeeb1-607e-4caa-8cf3-ebd1658efb21 state=PENDING elapsed=162s — waiting …
2026-06-03 15:18:09 | DEBUG    | Task 930aeeb1-607e-4caa-8cf3-ebd1658efb21 state=PENDING elapsed=167s — waiting …
2026-06-03 15:18:14 | DEBUG    | Task 930aeeb1-607e-4caa-8cf3-ebd1658efb21 state=PENDING elapsed=172s — waiting …
2026-06-03 15:18:19 | DEBUG    | Task 930aeeb1-607e-4caa-8cf3-ebd1658efb21 state=PENDING elapsed=177s — waiting …
2026-06-03 15:18:24 | DEBUG    | Task 930aeeb1-607e-4caa-8cf3-ebd1658efb21 state=PENDING elapsed=182s — waiting …
2026-06-03 15:18:29 | DEBUG    | Task 930aeeb1-607e-4caa-8cf3-ebd1658efb21 state=PENDING elapsed=187s — waiting …
2026-06-03 15:18:34 | DEBUG    | Task 930aeeb1-607e-4caa-8cf3-ebd1658efb21 state=PENDING elapsed=192s — waiting …
2026-06-03 15:18:39 | DEBUG    | Task 930aeeb1-607e-4caa-8cf3-ebd1658efb21 state=PENDING elapsed=197s — waiting …
2026-06-03 15:18:44 | DEBUG    | Task 930aeeb1-607e-4caa-8cf3-ebd1658efb21 state=PENDING elapsed=202s — waiting …
2026-06-03 15:18:49 | DEBUG    | Task 930aeeb1-607e-4caa-8cf3-ebd1658efb21 state=PENDING elapsed=207s — waiting …
2026-06-03 15:18:54 | DEBUG    | Task 930aeeb1-607e-4caa-8cf3-ebd1658efb21 state=PENDING elapsed=212s — waiting …
2026-06-03 15:18:59 | DEBUG    | Task 930aeeb1-607e-4caa-8cf3-ebd1658efb21 state=PENDING elapsed=217s — waiting …
2026-06-03 15:19:04 | DEBUG    | Task 930aeeb1-607e-4caa-8cf3-ebd1658efb21 state=PENDING elapsed=222s — waiting …
2026-06-03 15:19:09 | DEBUG    | Task 930aeeb1-607e-4caa-8cf3-ebd1658efb21 state=PENDING elapsed=227s — waiting …
2026-06-03 15:19:14 | DEBUG    | Task 930aeeb1-607e-4caa-8cf3-ebd1658efb21 state=PENDING elapsed=232s — waiting …
2026-06-03 15:19:19 | DEBUG    | Task 930aeeb1-607e-4caa-8cf3-ebd1658efb21 state=PENDING elapsed=237s — waiting …
2026-06-03 15:19:24 | DEBUG    | Task 930aeeb1-607e-4caa-8cf3-ebd1658efb21 state=PENDING elapsed=242s — waiting …
2026-06-03 15:19:29 | DEBUG    | Task 930aeeb1-607e-4caa-8cf3-ebd1658efb21 state=PENDING elapsed=247s — waiting …
2026-06-03 15:19:34 | DEBUG    | Task 930aeeb1-607e-4caa-8cf3-ebd1658efb21 state=PENDING elapsed=252s — waiting …
2026-06-03 15:19:39 | DEBUG    | Task 930aeeb1-607e-4caa-8cf3-ebd1658efb21 state=PENDING elapsed=257s — waiting …
2026-06-03 15:19:44 | DEBUG    | Task 930aeeb1-607e-4caa-8cf3-ebd1658efb21 state=PENDING elapsed=262s — waiting …
2026-06-03 15:19:49 | DEBUG    | Task 930aeeb1-607e-4caa-8cf3-ebd1658efb21 state=PENDING elapsed=267s — waiting …
2026-06-03 15:19:54 | DEBUG    | Task 930aeeb1-607e-4caa-8cf3-ebd1658efb21 state=PENDING elapsed=272s — waiting …
2026-06-03 15:19:59 | DEBUG    | Task 930aeeb1-607e-4caa-8cf3-ebd1658efb21 state=PENDING elapsed=277s — waiting …
2026-06-03 15:20:04 | DEBUG    | Task 930aeeb1-607e-4caa-8cf3-ebd1658efb21 state=PENDING elapsed=282s — waiting …
2026-06-03 15:20:09 | DEBUG    | Task 930aeeb1-607e-4caa-8cf3-ebd1658efb21 state=PENDING elapsed=287s — waiting …
2026-06-03 15:20:14 | DEBUG    | Task 930aeeb1-607e-4caa-8cf3-ebd1658efb21 state=PENDING elapsed=292s — waiting …
2026-06-03 15:20:19 | DEBUG    | Task 930aeeb1-607e-4caa-8cf3-ebd1658efb21 state=PENDING elapsed=297s — waiting …
2026-06-03 15:20:24 | DEBUG    | Task 930aeeb1-607e-4caa-8cf3-ebd1658efb21 state=PENDING elapsed=302s — waiting …
2026-06-03 15:20:29 | DEBUG    | Task 930aeeb1-607e-4caa-8cf3-ebd1658efb21 state=PENDING elapsed=307s — waiting …
2026-06-03 15:20:34 | DEBUG    | Task 930aeeb1-607e-4caa-8cf3-ebd1658efb21 state=PENDING elapsed=312s — waiting …
2026-06-03 15:20:39 | DEBUG    | Task 930aeeb1-607e-4caa-8cf3-ebd1658efb21 state=PENDING elapsed=317s — waiting …
2026-06-03 15:20:44 | DEBUG    | Task 930aeeb1-607e-4caa-8cf3-ebd1658efb21 state=PENDING elapsed=322s — waiting …
2026-06-03 15:20:49 | DEBUG    | Task 930aeeb1-607e-4caa-8cf3-ebd1658efb21 state=PENDING elapsed=327s — waiting …
2026-06-03 15:20:54 | DEBUG    | Task 930aeeb1-607e-4caa-8cf3-ebd1658efb21 state=PENDING elapsed=332s — waiting …
2026-06-03 15:20:59 | DEBUG    | Task 930aeeb1-607e-4caa-8cf3-ebd1658efb21 state=PENDING elapsed=337s — waiting …
2026-06-03 15:21:04 | DEBUG    | Task 930aeeb1-607e-4caa-8cf3-ebd1658efb21 state=PENDING elapsed=342s — waiting …
2026-06-03 15:21:09 | DEBUG    | Task 930aeeb1-607e-4caa-8cf3-ebd1658efb21 state=PENDING elapsed=347s — waiting …
2026-06-03 15:21:14 | DEBUG    | Task 930aeeb1-607e-4caa-8cf3-ebd1658efb21 state=PENDING elapsed=352s — waiting …
2026-06-03 15:21:19 | DEBUG    | Task 930aeeb1-607e-4caa-8cf3-ebd1658efb21 state=PENDING elapsed=357s — waiting …
2026-06-03 15:21:24 | DEBUG    | Task 930aeeb1-607e-4caa-8cf3-ebd1658efb21 state=PENDING elapsed=362s — waiting …
2026-06-03 15:21:29 | DEBUG    | Task 930aeeb1-607e-4caa-8cf3-ebd1658efb21 state=PENDING elapsed=367s — waiting …
2026-06-03 15:21:34 | DEBUG    | Task 930aeeb1-607e-4caa-8cf3-ebd1658efb21 state=PENDING elapsed=372s — waiting …
2026-06-03 15:21:39 | DEBUG    | Task 930aeeb1-607e-4caa-8cf3-ebd1658efb21 state=PENDING elapsed=377s — waiting …
2026-06-03 15:21:44 | DEBUG    | Task 930aeeb1-607e-4caa-8cf3-ebd1658efb21 state=PENDING elapsed=382s — waiting …
2026-06-03 15:21:49 | DEBUG    | Task 930aeeb1-607e-4caa-8cf3-ebd1658efb21 state=PENDING elapsed=387s — waiting …
2026-06-03 15:21:54 | DEBUG    | Task 930aeeb1-607e-4caa-8cf3-ebd1658efb21 state=PENDING elapsed=392s — waiting …
2026-06-03 15:21:59 | DEBUG    | Task 930aeeb1-607e-4caa-8cf3-ebd1658efb21 state=PENDING elapsed=397s — waiting …
2026-06-03 15:22:04 | DEBUG    | Task 930aeeb1-607e-4caa-8cf3-ebd1658efb21 state=PENDING elapsed=402s — waiting …
2026-06-03 15:22:09 | DEBUG    | Task 930aeeb1-607e-4caa-8cf3-ebd1658efb21 state=PENDING elapsed=407s — waiting …
2026-06-03 15:22:14 | DEBUG    | Task 930aeeb1-607e-4caa-8cf3-ebd1658efb21 state=PENDING elapsed=412s — waiting …
2026-06-03 15:22:19 | DEBUG    | Task 930aeeb1-607e-4caa-8cf3-ebd1658efb21 state=PENDING elapsed=417s — waiting …
2026-06-03 15:22:24 | DEBUG    | Task 930aeeb1-607e-4caa-8cf3-ebd1658efb21 state=PENDING elapsed=422s — waiting …
2026-06-03 15:22:29 | DEBUG    | Task 930aeeb1-607e-4caa-8cf3-ebd1658efb21 state=PENDING elapsed=427s — waiting …
2026-06-03 15:22:34 | DEBUG    | Task 930aeeb1-607e-4caa-8cf3-ebd1658efb21 state=PENDING elapsed=432s — waiting …
2026-06-03 15:22:39 | DEBUG    | Task 930aeeb1-607e-4caa-8cf3-ebd1658efb21 state=PENDING elapsed=437s — waiting …
2026-06-03 15:22:45 | DEBUG    | Task 930aeeb1-607e-4caa-8cf3-ebd1658efb21 state=PENDING elapsed=443s — waiting …
2026-06-03 15:22:50 | DEBUG    | Task 930aeeb1-607e-4caa-8cf3-ebd1658efb21 state=PENDING elapsed=448s — waiting …
2026-06-03 15:22:55 | DEBUG    | Task 930aeeb1-607e-4caa-8cf3-ebd1658efb21 state=PENDING elapsed=453s — waiting …
2026-06-03 15:23:00 | DEBUG    | Task 930aeeb1-607e-4caa-8cf3-ebd1658efb21 state=PENDING elapsed=458s — waiting …
2026-06-03 15:23:05 | DEBUG    | Task 930aeeb1-607e-4caa-8cf3-ebd1658efb21 state=PENDING elapsed=463s — waiting …
2026-06-03 15:23:10 | DEBUG    | Task 930aeeb1-607e-4caa-8cf3-ebd1658efb21 state=PENDING elapsed=468s — waiting …
2026-06-03 15:23:15 | DEBUG    | Task 930aeeb1-607e-4caa-8cf3-ebd1658efb21 state=PENDING elapsed=473s — waiting …
2026-06-03 15:23:20 | DEBUG    | Task 930aeeb1-607e-4caa-8cf3-ebd1658efb21 state=PENDING elapsed=478s — waiting …
2026-06-03 15:23:25 | DEBUG    | Task 930aeeb1-607e-4caa-8cf3-ebd1658efb21 state=PENDING elapsed=483s — waiting …
2026-06-03 15:23:32 | DEBUG    | Task 930aeeb1-607e-4caa-8cf3-ebd1658efb21 state=PENDING elapsed=490s — waiting …
2026-06-03 15:23:37 | DEBUG    | Task 930aeeb1-607e-4caa-8cf3-ebd1658efb21 state=PENDING elapsed=495s — waiting …
2026-06-03 15:23:42 | DEBUG    | Task 930aeeb1-607e-4caa-8cf3-ebd1658efb21 state=PENDING elapsed=500s — waiting …
2026-06-03 15:23:47 | DEBUG    | Task 930aeeb1-607e-4caa-8cf3-ebd1658efb21 state=PENDING elapsed=505s — waiting …
2026-06-03 15:23:52 | DEBUG    | Task 930aeeb1-607e-4caa-8cf3-ebd1658efb21 state=PENDING elapsed=510s — waiting …
2026-06-03 15:23:57 | DEBUG    | Task 930aeeb1-607e-4caa-8cf3-ebd1658efb21 state=PENDING elapsed=515s — waiting …
2026-06-03 15:24:02 | DEBUG    | Task 930aeeb1-607e-4caa-8cf3-ebd1658efb21 state=PENDING elapsed=520s — waiting …
2026-06-03 15:24:07 | DEBUG    | Task 930aeeb1-607e-4caa-8cf3-ebd1658efb21 state=PENDING elapsed=525s — waiting …
2026-06-03 15:24:12 | DEBUG    | Task 930aeeb1-607e-4caa-8cf3-ebd1658efb21 state=PENDING elapsed=530s — waiting …
2026-06-03 15:24:17 | DEBUG    | Task 930aeeb1-607e-4caa-8cf3-ebd1658efb21 state=PENDING elapsed=535s — waiting …
2026-06-03 15:24:22 | DEBUG    | Task 930aeeb1-607e-4caa-8cf3-ebd1658efb21 state=PENDING elapsed=540s — waiting …
2026-06-03 15:24:27 | DEBUG    | Task 930aeeb1-607e-4caa-8cf3-ebd1658efb21 state=PENDING elapsed=545s — waiting …
2026-06-03 15:24:32 | DEBUG    | Task 930aeeb1-607e-4caa-8cf3-ebd1658efb21 state=PENDING elapsed=550s — waiting …
2026-06-03 15:24:37 | DEBUG    | Task 930aeeb1-607e-4caa-8cf3-ebd1658efb21 state=PENDING elapsed=555s — waiting …
2026-06-03 15:24:42 | DEBUG    | Task 930aeeb1-607e-4caa-8cf3-ebd1658efb21 state=PENDING elapsed=560s — waiting …
2026-06-03 15:24:47 | DEBUG    | Task 930aeeb1-607e-4caa-8cf3-ebd1658efb21 state=PENDING elapsed=565s — waiting …
2026-06-03 15:24:52 | DEBUG    | Task 930aeeb1-607e-4caa-8cf3-ebd1658efb21 state=PENDING elapsed=570s — waiting …
2026-06-03 15:24:57 | DEBUG    | Task 930aeeb1-607e-4caa-8cf3-ebd1658efb21 state=PENDING elapsed=575s — waiting …
2026-06-03 15:25:02 | DEBUG    | Task 930aeeb1-607e-4caa-8cf3-ebd1658efb21 state=PENDING elapsed=580s — waiting …
2026-06-03 15:25:07 | DEBUG    | Task 930aeeb1-607e-4caa-8cf3-ebd1658efb21 state=PENDING elapsed=585s — waiting …
2026-06-03 15:25:12 | DEBUG    | Task 930aeeb1-607e-4caa-8cf3-ebd1658efb21 state=PENDING elapsed=590s — waiting …
2026-06-03 15:25:17 | DEBUG    | Task 930aeeb1-607e-4caa-8cf3-ebd1658efb21 state=PENDING elapsed=595s — waiting …
2026-06-03 15:25:22 | DEBUG    | Task 930aeeb1-607e-4caa-8cf3-ebd1658efb21 state=PENDING elapsed=600s — waiting …
2026-06-03 15:25:27 | DEBUG    | Task 930aeeb1-607e-4caa-8cf3-ebd1658efb21 state=PENDING elapsed=605s — waiting …
2026-06-03 15:25:32 | DEBUG    | Task 930aeeb1-607e-4caa-8cf3-ebd1658efb21 state=PENDING elapsed=610s — waiting …
2026-06-03 15:25:37 | DEBUG    | Task 930aeeb1-607e-4caa-8cf3-ebd1658efb21 state=PENDING elapsed=615s — waiting …
2026-06-03 15:25:44 | DEBUG    | Task 930aeeb1-607e-4caa-8cf3-ebd1658efb21 state=PENDING elapsed=622s — waiting …
2026-06-03 15:25:49 | DEBUG    | Task 930aeeb1-607e-4caa-8cf3-ebd1658efb21 state=PENDING elapsed=627s — waiting …
2026-06-03 15:25:54 | DEBUG    | Task 930aeeb1-607e-4caa-8cf3-ebd1658efb21 state=PENDING elapsed=632s — waiting …
2026-06-03 15:25:59 | DEBUG    | Task 930aeeb1-607e-4caa-8cf3-ebd1658efb21 state=PENDING elapsed=637s — waiting …
2026-06-03 15:26:04 | DEBUG    | Task 930aeeb1-607e-4caa-8cf3-ebd1658efb21 state=PENDING elapsed=642s — waiting …
2026-06-03 15:26:09 | DEBUG    | Task 930aeeb1-607e-4caa-8cf3-ebd1658efb21 state=PENDING elapsed=647s — waiting …
2026-06-03 15:26:14 | DEBUG    | Task 930aeeb1-607e-4caa-8cf3-ebd1658efb21 state=PENDING elapsed=652s — waiting …
2026-06-03 15:26:19 | DEBUG    | Task 930aeeb1-607e-4caa-8cf3-ebd1658efb21 state=PENDING elapsed=657s — waiting …
2026-06-03 15:26:24 | DEBUG    | Task 930aeeb1-607e-4caa-8cf3-ebd1658efb21 state=PENDING elapsed=662s — waiting …
2026-06-03 15:26:29 | DEBUG    | Task 930aeeb1-607e-4caa-8cf3-ebd1658efb21 state=PENDING elapsed=667s — waiting …
2026-06-03 15:26:34 | DEBUG    | Task 930aeeb1-607e-4caa-8cf3-ebd1658efb21 state=PENDING elapsed=672s — waiting …
2026-06-03 15:26:39 | DEBUG    | Task 930aeeb1-607e-4caa-8cf3-ebd1658efb21 state=PENDING elapsed=677s — waiting …
2026-06-03 15:26:44 | DEBUG    | Task 930aeeb1-607e-4caa-8cf3-ebd1658efb21 state=PENDING elapsed=682s — waiting …
2026-06-03 15:26:49 | DEBUG    | Task 930aeeb1-607e-4caa-8cf3-ebd1658efb21 state=PENDING elapsed=687s — waiting …
2026-06-03 15:26:54 | DEBUG    | Task 930aeeb1-607e-4caa-8cf3-ebd1658efb21 state=PENDING elapsed=692s — waiting …
2026-06-03 15:26:59 | DEBUG    | Task 930aeeb1-607e-4caa-8cf3-ebd1658efb21 state=PENDING elapsed=697s — waiting …
2026-06-03 15:27:04 | DEBUG    | Task 930aeeb1-607e-4caa-8cf3-ebd1658efb21 state=PENDING elapsed=702s — waiting …
2026-06-03 15:27:09 | DEBUG    | Task 930aeeb1-607e-4caa-8cf3-ebd1658efb21 state=PENDING elapsed=707s — waiting …
2026-06-03 15:27:14 | DEBUG    | Task 930aeeb1-607e-4caa-8cf3-ebd1658efb21 state=PENDING elapsed=712s — waiting …
2026-06-03 15:27:19 | DEBUG    | Task 930aeeb1-607e-4caa-8cf3-ebd1658efb21 state=PENDING elapsed=717s — waiting …
2026-06-03 15:27:24 | DEBUG    | Task 930aeeb1-607e-4caa-8cf3-ebd1658efb21 state=PENDING elapsed=722s — waiting …
2026-06-03 15:27:29 | DEBUG    | Task 930aeeb1-607e-4caa-8cf3-ebd1658efb21 state=PENDING elapsed=727s — waiting …
2026-06-03 15:27:34 | DEBUG    | Task 930aeeb1-607e-4caa-8cf3-ebd1658efb21 state=PENDING elapsed=732s — waiting …
2026-06-03 15:27:39 | DEBUG    | Task 930aeeb1-607e-4caa-8cf3-ebd1658efb21 state=PENDING elapsed=737s — waiting …
2026-06-03 15:27:44 | DEBUG    | Task 930aeeb1-607e-4caa-8cf3-ebd1658efb21 state=PENDING elapsed=742s — waiting …
2026-06-03 15:27:49 | DEBUG    | Task 930aeeb1-607e-4caa-8cf3-ebd1658efb21 state=PENDING elapsed=747s — waiting …
2026-06-03 15:27:54 | DEBUG    | Task 930aeeb1-607e-4caa-8cf3-ebd1658efb21 state=PENDING elapsed=752s — waiting …
2026-06-03 15:27:59 | DEBUG    | Task 930aeeb1-607e-4caa-8cf3-ebd1658efb21 state=PENDING elapsed=757s — waiting …
2026-06-03 15:28:04 | DEBUG    | Task 930aeeb1-607e-4caa-8cf3-ebd1658efb21 state=PENDING elapsed=762s — waiting …
2026-06-03 15:28:09 | DEBUG    | Task 930aeeb1-607e-4caa-8cf3-ebd1658efb21 state=PENDING elapsed=767s — waiting …
2026-06-03 15:28:14 | DEBUG    | Task 930aeeb1-607e-4caa-8cf3-ebd1658efb21 state=PENDING elapsed=772s — waiting …
2026-06-03 15:28:19 | DEBUG    | Task 930aeeb1-607e-4caa-8cf3-ebd1658efb21 state=PENDING elapsed=777s — waiting …
2026-06-03 15:28:24 | DEBUG    | Task 930aeeb1-607e-4caa-8cf3-ebd1658efb21 state=PENDING elapsed=782s — waiting …
2026-06-03 15:28:29 | DEBUG    | Task 930aeeb1-607e-4caa-8cf3-ebd1658efb21 state=PENDING elapsed=787s — waiting …
2026-06-03 15:28:34 | DEBUG    | Task 930aeeb1-607e-4caa-8cf3-ebd1658efb21 state=PENDING elapsed=792s — waiting …
2026-06-03 15:28:39 | DEBUG    | Task 930aeeb1-607e-4caa-8cf3-ebd1658efb21 state=PENDING elapsed=797s — waiting …
2026-06-03 15:28:44 | DEBUG    | Task 930aeeb1-607e-4caa-8cf3-ebd1658efb21 state=PENDING elapsed=802s — waiting …
2026-06-03 15:28:49 | DEBUG    | Task 930aeeb1-607e-4caa-8cf3-ebd1658efb21 state=PENDING elapsed=807s — waiting …
2026-06-03 15:28:54 | DEBUG    | Task 930aeeb1-607e-4caa-8cf3-ebd1658efb21 state=PENDING elapsed=812s — waiting …
2026-06-03 15:28:59 | DEBUG    | Task 930aeeb1-607e-4caa-8cf3-ebd1658efb21 state=PENDING elapsed=817s — waiting …
2026-06-03 15:29:04 | DEBUG    | Task 930aeeb1-607e-4caa-8cf3-ebd1658efb21 state=PENDING elapsed=822s — waiting …
2026-06-03 15:29:09 | DEBUG    | Task 930aeeb1-607e-4caa-8cf3-ebd1658efb21 state=PENDING elapsed=827s — waiting …
2026-06-03 15:29:14 | DEBUG    | Task 930aeeb1-607e-4caa-8cf3-ebd1658efb21 state=PENDING elapsed=832s — waiting …
2026-06-03 15:29:19 | DEBUG    | Task 930aeeb1-607e-4caa-8cf3-ebd1658efb21 state=PENDING elapsed=837s — waiting …
2026-06-03 15:29:24 | DEBUG    | Task 930aeeb1-607e-4caa-8cf3-ebd1658efb21 state=PENDING elapsed=842s — waiting …
2026-06-03 15:29:29 | DEBUG    | Task 930aeeb1-607e-4caa-8cf3-ebd1658efb21 state=PENDING elapsed=847s — waiting …
2026-06-03 15:29:34 | DEBUG    | Task 930aeeb1-607e-4caa-8cf3-ebd1658efb21 state=PENDING elapsed=852s — waiting …
2026-06-03 15:29:39 | DEBUG    | Task 930aeeb1-607e-4caa-8cf3-ebd1658efb21 state=PENDING elapsed=857s — waiting …
2026-06-03 15:29:44 | DEBUG    | Task 930aeeb1-607e-4caa-8cf3-ebd1658efb21 state=PENDING elapsed=862s — waiting …
2026-06-03 15:29:49 | DEBUG    | Task 930aeeb1-607e-4caa-8cf3-ebd1658efb21 state=PENDING elapsed=867s — waiting …
2026-06-03 15:29:54 | DEBUG    | Task 930aeeb1-607e-4caa-8cf3-ebd1658efb21 state=PENDING elapsed=872s — waiting …
2026-06-03 15:29:59 | DEBUG    | Task 930aeeb1-607e-4caa-8cf3-ebd1658efb21 state=PENDING elapsed=877s — waiting …
2026-06-03 15:30:04 | DEBUG    | Task 930aeeb1-607e-4caa-8cf3-ebd1658efb21 state=PENDING elapsed=882s — waiting …
2026-06-03 15:30:09 | DEBUG    | Task 930aeeb1-607e-4caa-8cf3-ebd1658efb21 state=PENDING elapsed=887s — waiting …
2026-06-03 15:30:14 | DEBUG    | Task 930aeeb1-607e-4caa-8cf3-ebd1658efb21 state=PENDING elapsed=892s — waiting …
2026-06-03 15:30:19 | DEBUG    | Task 930aeeb1-607e-4caa-8cf3-ebd1658efb21 state=PENDING elapsed=897s — waiting …
2026-06-03 15:30:24 | DEBUG    | Task 930aeeb1-607e-4caa-8cf3-ebd1658efb21 state=PENDING elapsed=902s — waiting …
2026-06-03 15:30:29 | DEBUG    | Task 930aeeb1-607e-4caa-8cf3-ebd1658efb21 state=PENDING elapsed=907s — waiting …
2026-06-03 15:30:34 | DEBUG    | Task 930aeeb1-607e-4caa-8cf3-ebd1658efb21 state=PENDING elapsed=912s — waiting …
2026-06-03 15:30:39 | DEBUG    | Task 930aeeb1-607e-4caa-8cf3-ebd1658efb21 state=PENDING elapsed=917s — waiting …
2026-06-03 15:30:44 | DEBUG    | Task 930aeeb1-607e-4caa-8cf3-ebd1658efb21 state=PENDING elapsed=922s — waiting …
2026-06-03 15:30:49 | DEBUG    | Task 930aeeb1-607e-4caa-8cf3-ebd1658efb21 state=PENDING elapsed=927s — waiting …
2026-06-03 15:30:54 | DEBUG    | Task 930aeeb1-607e-4caa-8cf3-ebd1658efb21 state=PENDING elapsed=932s — waiting …
2026-06-03 15:30:59 | DEBUG    | Task 930aeeb1-607e-4caa-8cf3-ebd1658efb21 state=PENDING elapsed=937s — waiting …
2026-06-03 15:31:04 | DEBUG    | Task 930aeeb1-607e-4caa-8cf3-ebd1658efb21 state=PENDING elapsed=942s — waiting …
2026-06-03 15:31:09 | DEBUG    | Task 930aeeb1-607e-4caa-8cf3-ebd1658efb21 state=PENDING elapsed=947s — waiting …
2026-06-03 15:31:14 | DEBUG    | Task 930aeeb1-607e-4caa-8cf3-ebd1658efb21 state=PENDING elapsed=952s — waiting …
2026-06-03 15:31:19 | DEBUG    | Task 930aeeb1-607e-4caa-8cf3-ebd1658efb21 state=PENDING elapsed=957s — waiting …
2026-06-03 15:31:24 | DEBUG    | Task 930aeeb1-607e-4caa-8cf3-ebd1658efb21 state=PENDING elapsed=962s — waiting …
2026-06-03 15:31:29 | DEBUG    | Task 930aeeb1-607e-4caa-8cf3-ebd1658efb21 state=PENDING elapsed=967s — waiting …
2026-06-03 15:31:34 | DEBUG    | Task 930aeeb1-607e-4caa-8cf3-ebd1658efb21 state=PENDING elapsed=972s — waiting …
2026-06-03 15:31:39 | DEBUG    | Task 930aeeb1-607e-4caa-8cf3-ebd1658efb21 state=PENDING elapsed=977s — waiting …
2026-06-03 15:31:44 | DEBUG    | Task 930aeeb1-607e-4caa-8cf3-ebd1658efb21 state=PENDING elapsed=982s — waiting …
2026-06-03 15:31:49 | DEBUG    | Task 930aeeb1-607e-4caa-8cf3-ebd1658efb21 state=PENDING elapsed=987s — waiting …
2026-06-03 15:31:54 | DEBUG    | Task 930aeeb1-607e-4caa-8cf3-ebd1658efb21 state=PENDING elapsed=992s — waiting …
2026-06-03 15:31:59 | DEBUG    | Task 930aeeb1-607e-4caa-8cf3-ebd1658efb21 state=PENDING elapsed=997s — waiting …
2026-06-03 15:32:04 | DEBUG    | Task 930aeeb1-607e-4caa-8cf3-ebd1658efb21 state=PENDING elapsed=1002s — waiting …
2026-06-03 15:32:09 | DEBUG    | Task 930aeeb1-607e-4caa-8cf3-ebd1658efb21 state=PENDING elapsed=1007s — waiting …
2026-06-03 15:32:14 | DEBUG    | Task 930aeeb1-607e-4caa-8cf3-ebd1658efb21 state=PENDING elapsed=1012s — waiting …
2026-06-03 15:32:19 | DEBUG    | Task 930aeeb1-607e-4caa-8cf3-ebd1658efb21 state=PENDING elapsed=1017s — waiting …
2026-06-03 15:32:24 | DEBUG    | Task 930aeeb1-607e-4caa-8cf3-ebd1658efb21 state=PENDING elapsed=1022s — waiting …
2026-06-03 15:32:29 | DEBUG    | Task 930aeeb1-607e-4caa-8cf3-ebd1658efb21 state=PENDING elapsed=1027s — waiting …
2026-06-03 15:32:34 | DEBUG    | Task 930aeeb1-607e-4caa-8cf3-ebd1658efb21 state=PENDING elapsed=1032s — waiting …
2026-06-03 15:32:39 | DEBUG    | Task 930aeeb1-607e-4caa-8cf3-ebd1658efb21 state=PENDING elapsed=1037s — waiting …
2026-06-03 15:32:44 | DEBUG    | Task 930aeeb1-607e-4caa-8cf3-ebd1658efb21 state=PENDING elapsed=1042s — waiting …
2026-06-03 15:32:49 | DEBUG    | Task 930aeeb1-607e-4caa-8cf3-ebd1658efb21 state=PENDING elapsed=1047s — waiting …
2026-06-03 15:32:54 | DEBUG    | Task 930aeeb1-607e-4caa-8cf3-ebd1658efb21 state=PENDING elapsed=1052s — waiting …
2026-06-03 15:32:59 | DEBUG    | Task 930aeeb1-607e-4caa-8cf3-ebd1658efb21 state=PENDING elapsed=1057s — waiting …
2026-06-03 15:33:04 | DEBUG    | Task 930aeeb1-607e-4caa-8cf3-ebd1658efb21 state=PENDING elapsed=1062s — waiting …
2026-06-03 15:33:09 | DEBUG    | Task 930aeeb1-607e-4caa-8cf3-ebd1658efb21 state=PENDING elapsed=1067s — waiting …
2026-06-03 15:33:14 | DEBUG    | Task 930aeeb1-607e-4caa-8cf3-ebd1658efb21 state=PENDING elapsed=1072s — waiting …
2026-06-03 15:33:19 | DEBUG    | Task 930aeeb1-607e-4caa-8cf3-ebd1658efb21 state=PENDING elapsed=1077s — waiting …
2026-06-03 15:33:24 | DEBUG    | Task 930aeeb1-607e-4caa-8cf3-ebd1658efb21 state=PENDING elapsed=1082s — waiting …
2026-06-03 15:33:29 | DEBUG    | Task 930aeeb1-607e-4caa-8cf3-ebd1658efb21 state=PENDING elapsed=1087s — waiting …
2026-06-03 15:33:34 | DEBUG    | Task 930aeeb1-607e-4caa-8cf3-ebd1658efb21 state=PENDING elapsed=1092s — waiting …
2026-06-03 15:33:39 | DEBUG    | Task 930aeeb1-607e-4caa-8cf3-ebd1658efb21 state=PENDING elapsed=1097s — waiting …
2026-06-03 15:33:44 | DEBUG    | Task 930aeeb1-607e-4caa-8cf3-ebd1658efb21 state=PENDING elapsed=1102s — waiting …
2026-06-03 15:33:49 | DEBUG    | Task 930aeeb1-607e-4caa-8cf3-ebd1658efb21 state=PENDING elapsed=1107s — waiting …
2026-06-03 15:33:54 | DEBUG    | Task 930aeeb1-607e-4caa-8cf3-ebd1658efb21 state=PENDING elapsed=1112s — waiting …
2026-06-03 15:33:59 | DEBUG    | Task 930aeeb1-607e-4caa-8cf3-ebd1658efb21 state=PENDING elapsed=1117s — waiting …
2026-06-03 15:34:04 | DEBUG    | Task 930aeeb1-607e-4caa-8cf3-ebd1658efb21 state=PENDING elapsed=1122s — waiting …
2026-06-03 15:34:09 | DEBUG    | Task 930aeeb1-607e-4caa-8cf3-ebd1658efb21 state=PENDING elapsed=1127s — waiting …
2026-06-03 15:34:14 | DEBUG    | Task 930aeeb1-607e-4caa-8cf3-ebd1658efb21 state=PENDING elapsed=1132s — waiting …
2026-06-03 15:34:19 | DEBUG    | Task 930aeeb1-607e-4caa-8cf3-ebd1658efb21 state=PENDING elapsed=1137s — waiting …
2026-06-03 15:34:24 | DEBUG    | Task 930aeeb1-607e-4caa-8cf3-ebd1658efb21 state=PENDING elapsed=1142s — waiting …
2026-06-03 15:34:29 | DEBUG    | Task 930aeeb1-607e-4caa-8cf3-ebd1658efb21 state=PENDING elapsed=1147s — waiting …
2026-06-03 15:34:34 | DEBUG    | Task 930aeeb1-607e-4caa-8cf3-ebd1658efb21 state=PENDING elapsed=1152s — waiting …
2026-06-03 15:34:39 | DEBUG    | Task 930aeeb1-607e-4caa-8cf3-ebd1658efb21 state=PENDING elapsed=1157s — waiting …
2026-06-03 15:34:44 | DEBUG    | Task 930aeeb1-607e-4caa-8cf3-ebd1658efb21 state=PENDING elapsed=1162s — waiting …
2026-06-03 15:34:49 | DEBUG    | Task 930aeeb1-607e-4caa-8cf3-ebd1658efb21 state=PENDING elapsed=1167s — waiting …
2026-06-03 15:34:54 | DEBUG    | Task 930aeeb1-607e-4caa-8cf3-ebd1658efb21 state=PENDING elapsed=1172s — waiting …
2026-06-03 15:34:59 | DEBUG    | Task 930aeeb1-607e-4caa-8cf3-ebd1658efb21 state=PENDING elapsed=1177s — waiting …
2026-06-03 15:35:04 | DEBUG    | Task 930aeeb1-607e-4caa-8cf3-ebd1658efb21 state=PENDING elapsed=1182s — waiting …
2026-06-03 15:35:09 | DEBUG    | Task 930aeeb1-607e-4caa-8cf3-ebd1658efb21 state=PENDING elapsed=1187s — waiting …
2026-06-03 15:35:14 | DEBUG    | Task 930aeeb1-607e-4caa-8cf3-ebd1658efb21 state=PENDING elapsed=1192s — waiting …
2026-06-03 15:35:19 | DEBUG    | Task 930aeeb1-607e-4caa-8cf3-ebd1658efb21 state=PENDING elapsed=1197s — waiting …
2026-06-03 15:35:24 | DEBUG    | Task 930aeeb1-607e-4caa-8cf3-ebd1658efb21 state=PENDING elapsed=1202s — waiting …
2026-06-03 15:35:29 | DEBUG    | Task 930aeeb1-607e-4caa-8cf3-ebd1658efb21 state=PENDING elapsed=1207s — waiting …
2026-06-03 15:35:45 | DEBUG    | Task 930aeeb1-607e-4caa-8cf3-ebd1658efb21 state=PENDING elapsed=1223s — waiting …
2026-06-03 15:35:50 | DEBUG    | Task 930aeeb1-607e-4caa-8cf3-ebd1658efb21 state=PENDING elapsed=1228s — waiting …
2026-06-03 15:35:55 | DEBUG    | Task 930aeeb1-607e-4caa-8cf3-ebd1658efb21 state=PENDING elapsed=1233s — waiting …
2026-06-03 15:36:00 | DEBUG    | Task 930aeeb1-607e-4caa-8cf3-ebd1658efb21 state=PENDING elapsed=1238s — waiting …
2026-06-03 15:36:05 | DEBUG    | Task 930aeeb1-607e-4caa-8cf3-ebd1658efb21 state=PENDING elapsed=1243s — waiting …
2026-06-03 15:36:10 | DEBUG    | Task 930aeeb1-607e-4caa-8cf3-ebd1658efb21 state=PENDING elapsed=1248s — waiting …
2026-06-03 15:36:15 | DEBUG    | Task 930aeeb1-607e-4caa-8cf3-ebd1658efb21 state=PENDING elapsed=1253s — waiting …
2026-06-03 15:36:20 | DEBUG    | Task 930aeeb1-607e-4caa-8cf3-ebd1658efb21 state=PENDING elapsed=1258s — waiting …
2026-06-03 15:36:25 | DEBUG    | Task 930aeeb1-607e-4caa-8cf3-ebd1658efb21 state=PENDING elapsed=1263s — waiting …
2026-06-03 15:36:30 | DEBUG    | Task 930aeeb1-607e-4caa-8cf3-ebd1658efb21 state=PENDING elapsed=1268s — waiting …
2026-06-03 15:36:35 | DEBUG    | Task 930aeeb1-607e-4caa-8cf3-ebd1658efb21 state=PENDING elapsed=1273s — waiting …
2026-06-03 15:36:40 | DEBUG    | Task 930aeeb1-607e-4caa-8cf3-ebd1658efb21 state=PENDING elapsed=1278s — waiting …
2026-06-03 15:36:45 | DEBUG    | Task 930aeeb1-607e-4caa-8cf3-ebd1658efb21 state=PENDING elapsed=1283s — waiting …
2026-06-03 15:36:50 | DEBUG    | Task 930aeeb1-607e-4caa-8cf3-ebd1658efb21 state=PENDING elapsed=1288s — waiting …
2026-06-03 15:36:55 | DEBUG    | Task 930aeeb1-607e-4caa-8cf3-ebd1658efb21 state=PENDING elapsed=1293s — waiting …
2026-06-03 15:37:00 | DEBUG    | Task 930aeeb1-607e-4caa-8cf3-ebd1658efb21 state=PENDING elapsed=1298s — waiting …
2026-06-03 15:37:05 | DEBUG    | Task 930aeeb1-607e-4caa-8cf3-ebd1658efb21 state=PENDING elapsed=1303s — waiting …
2026-06-03 15:37:10 | DEBUG    | Task 930aeeb1-607e-4caa-8cf3-ebd1658efb21 state=PENDING elapsed=1308s — waiting …
2026-06-03 15:37:15 | DEBUG    | Task 930aeeb1-607e-4caa-8cf3-ebd1658efb21 state=PENDING elapsed=1313s — waiting …
2026-06-03 15:37:20 | DEBUG    | Task 930aeeb1-607e-4caa-8cf3-ebd1658efb21 state=PENDING elapsed=1318s — waiting …
2026-06-03 15:37:25 | DEBUG    | Task 930aeeb1-607e-4caa-8cf3-ebd1658efb21 state=PENDING elapsed=1323s — waiting …
2026-06-03 15:37:30 | DEBUG    | Task 930aeeb1-607e-4caa-8cf3-ebd1658efb21 state=PENDING elapsed=1328s — waiting …
2026-06-03 15:37:35 | DEBUG    | Task 930aeeb1-607e-4caa-8cf3-ebd1658efb21 state=PENDING elapsed=1333s — waiting …
2026-06-03 15:37:40 | DEBUG    | Task 930aeeb1-607e-4caa-8cf3-ebd1658efb21 state=PENDING elapsed=1338s — waiting …
2026-06-03 15:37:45 | DEBUG    | Task 930aeeb1-607e-4caa-8cf3-ebd1658efb21 state=PENDING elapsed=1343s — waiting …
2026-06-03 15:37:50 | DEBUG    | Task 930aeeb1-607e-4caa-8cf3-ebd1658efb21 state=PENDING elapsed=1348s — waiting …
2026-06-03 15:37:55 | DEBUG    | Task 930aeeb1-607e-4caa-8cf3-ebd1658efb21 state=PENDING elapsed=1353s — waiting …
2026-06-03 15:38:00 | DEBUG    | Task 930aeeb1-607e-4caa-8cf3-ebd1658efb21 state=PENDING elapsed=1358s — waiting …
2026-06-03 15:38:05 | DEBUG    | Task 930aeeb1-607e-4caa-8cf3-ebd1658efb21 state=PENDING elapsed=1363s — waiting …
2026-06-03 15:38:10 | DEBUG    | Task 930aeeb1-607e-4caa-8cf3-ebd1658efb21 state=PENDING elapsed=1368s — waiting …
2026-06-03 15:38:15 | DEBUG    | Task 930aeeb1-607e-4caa-8cf3-ebd1658efb21 state=PENDING elapsed=1373s — waiting …
2026-06-03 15:38:20 | DEBUG    | Task 930aeeb1-607e-4caa-8cf3-ebd1658efb21 state=PENDING elapsed=1378s — waiting …
2026-06-03 15:38:25 | DEBUG    | Task 930aeeb1-607e-4caa-8cf3-ebd1658efb21 state=PENDING elapsed=1383s — waiting …
2026-06-03 15:38:30 | DEBUG    | Task 930aeeb1-607e-4caa-8cf3-ebd1658efb21 state=PENDING elapsed=1388s — waiting …
2026-06-03 15:38:35 | DEBUG    | Task 930aeeb1-607e-4caa-8cf3-ebd1658efb21 state=PENDING elapsed=1393s — waiting …
2026-06-03 15:38:40 | DEBUG    | Task 930aeeb1-607e-4caa-8cf3-ebd1658efb21 state=PENDING elapsed=1398s — waiting …
2026-06-03 15:38:45 | DEBUG    | Task 930aeeb1-607e-4caa-8cf3-ebd1658efb21 state=PENDING elapsed=1403s — waiting …
2026-06-03 15:38:50 | DEBUG    | Task 930aeeb1-607e-4caa-8cf3-ebd1658efb21 state=PENDING elapsed=1408s — waiting …
2026-06-03 15:38:55 | DEBUG    | Task 930aeeb1-607e-4caa-8cf3-ebd1658efb21 state=PENDING elapsed=1413s — waiting …
2026-06-03 15:39:00 | DEBUG    | Task 930aeeb1-607e-4caa-8cf3-ebd1658efb21 state=PENDING elapsed=1418s — waiting …
2026-06-03 15:39:05 | DEBUG    | Task 930aeeb1-607e-4caa-8cf3-ebd1658efb21 state=PENDING elapsed=1423s — waiting …
2026-06-03 15:39:10 | DEBUG    | Task 930aeeb1-607e-4caa-8cf3-ebd1658efb21 state=PENDING elapsed=1428s — waiting …
2026-06-03 15:39:15 | DEBUG    | Task 930aeeb1-607e-4caa-8cf3-ebd1658efb21 state=PENDING elapsed=1433s — waiting …
2026-06-03 15:39:20 | DEBUG    | Task 930aeeb1-607e-4caa-8cf3-ebd1658efb21 state=PENDING elapsed=1438s — waiting …
2026-06-03 15:39:25 | DEBUG    | Task 930aeeb1-607e-4caa-8cf3-ebd1658efb21 state=PENDING elapsed=1443s — waiting …
2026-06-03 15:39:30 | DEBUG    | Task 930aeeb1-607e-4caa-8cf3-ebd1658efb21 state=PENDING elapsed=1448s — waiting …
2026-06-03 15:39:35 | DEBUG    | Task 930aeeb1-607e-4caa-8cf3-ebd1658efb21 state=PENDING elapsed=1453s — waiting …
2026-06-03 15:39:40 | DEBUG    | Task 930aeeb1-607e-4caa-8cf3-ebd1658efb21 state=PENDING elapsed=1458s — waiting …
2026-06-03 15:39:45 | DEBUG    | Task 930aeeb1-607e-4caa-8cf3-ebd1658efb21 state=PENDING elapsed=1463s — waiting …
2026-06-03 15:39:50 | DEBUG    | Task 930aeeb1-607e-4caa-8cf3-ebd1658efb21 state=PENDING elapsed=1468s — waiting …
2026-06-03 15:39:55 | DEBUG    | Task 930aeeb1-607e-4caa-8cf3-ebd1658efb21 state=PENDING elapsed=1473s — waiting …
2026-06-03 15:40:00 | DEBUG    | Task 930aeeb1-607e-4caa-8cf3-ebd1658efb21 state=PENDING elapsed=1478s — waiting …
2026-06-03 15:40:05 | DEBUG    | Task 930aeeb1-607e-4caa-8cf3-ebd1658efb21 state=PENDING elapsed=1483s — waiting …
2026-06-03 15:40:10 | DEBUG    | Task 930aeeb1-607e-4caa-8cf3-ebd1658efb21 state=PENDING elapsed=1488s — waiting …
2026-06-03 15:40:15 | DEBUG    | Task 930aeeb1-607e-4caa-8cf3-ebd1658efb21 state=PENDING elapsed=1493s — waiting …
2026-06-03 15:40:21 | DEBUG    | Task 930aeeb1-607e-4caa-8cf3-ebd1658efb21 state=PENDING elapsed=1498s — waiting …
2026-06-03 15:40:26 | DEBUG    | Task 930aeeb1-607e-4caa-8cf3-ebd1658efb21 state=PENDING elapsed=1503s — waiting …
2026-06-03 15:40:31 | DEBUG    | Task 930aeeb1-607e-4caa-8cf3-ebd1658efb21 state=PENDING elapsed=1508s — waiting …
2026-06-03 15:40:36 | DEBUG    | Task 930aeeb1-607e-4caa-8cf3-ebd1658efb21 state=PENDING elapsed=1513s — waiting …
2026-06-03 15:40:41 | DEBUG    | Task 930aeeb1-607e-4caa-8cf3-ebd1658efb21 state=PENDING elapsed=1518s — waiting …
2026-06-03 15:40:46 | DEBUG    | Task 930aeeb1-607e-4caa-8cf3-ebd1658efb21 state=PENDING elapsed=1523s — waiting …
2026-06-03 15:40:51 | DEBUG    | Task 930aeeb1-607e-4caa-8cf3-ebd1658efb21 state=PENDING elapsed=1528s — waiting …
2026-06-03 15:40:56 | DEBUG    | Task 930aeeb1-607e-4caa-8cf3-ebd1658efb21 state=PENDING elapsed=1533s — waiting …
2026-06-03 15:41:01 | DEBUG    | Task 930aeeb1-607e-4caa-8cf3-ebd1658efb21 state=PENDING elapsed=1538s — waiting …
2026-06-03 15:41:06 | DEBUG    | Task 930aeeb1-607e-4caa-8cf3-ebd1658efb21 state=PENDING elapsed=1543s — waiting …
2026-06-03 15:41:11 | DEBUG    | Task 930aeeb1-607e-4caa-8cf3-ebd1658efb21 state=PENDING elapsed=1549s — waiting …
2026-06-03 15:41:16 | DEBUG    | Task 930aeeb1-607e-4caa-8cf3-ebd1658efb21 state=PENDING elapsed=1554s — waiting …
2026-06-03 15:41:21 | DEBUG    | Task 930aeeb1-607e-4caa-8cf3-ebd1658efb21 state=PENDING elapsed=1559s — waiting …
2026-06-03 15:41:26 | DEBUG    | Task 930aeeb1-607e-4caa-8cf3-ebd1658efb21 state=PENDING elapsed=1564s — waiting …
2026-06-03 15:41:31 | DEBUG    | Task 930aeeb1-607e-4caa-8cf3-ebd1658efb21 state=PENDING elapsed=1569s — waiting …
2026-06-03 15:41:36 | DEBUG    | Task 930aeeb1-607e-4caa-8cf3-ebd1658efb21 state=PENDING elapsed=1574s — waiting …
2026-06-03 15:41:41 | DEBUG    | Task 930aeeb1-607e-4caa-8cf3-ebd1658efb21 state=PENDING elapsed=1579s — waiting …
2026-06-03 15:41:46 | DEBUG    | Task 930aeeb1-607e-4caa-8cf3-ebd1658efb21 state=PENDING elapsed=1584s — waiting …
2026-06-03 15:41:51 | DEBUG    | Task 930aeeb1-607e-4caa-8cf3-ebd1658efb21 state=PENDING elapsed=1589s — waiting …
2026-06-03 15:42:20 | INFO     | Task 930aeeb1-607e-4caa-8cf3-ebd1658efb21 FINISHED in 1618s
2026-06-03 15:42:20 | INFO     | ✅ batch 1/3 (16 files) complete
2026-06-03 15:42:20 | INFO     | --- batch 2/3 (16 files) ---
2026-06-03 15:42:20 | DEBUG    |   Files: hamitou_these_final.pdf, le_bouteiller_thesis_final-2.pdf, phd_asnaashari_2013.pdf, phd_ben-hadj-ali_2009-3.pdf, phd_brossier_2009-2.pdf, phd_castellanos_2014.pdf, phd_dupuy_2011-2.pdf, phd_etienne_2011.pdf, phd_gholami_2012.pdf, phd_hu_2012-2.pdf, phd_pageot_2012-2.pdf, phd_prieux_2012-2.pdf, phd_roques_2012.pdf, phd_thesis_tavakoli_2017.pdf, pladys_thesis_main.pdf, thesis_sanchez_reyes_2019_final-2.pdf
2026-06-03 15:42:27 | INFO     | Upload accepted → task_id=23862e54-6d60-4409-b6c9-e8055a3dae9c
2026-06-03 15:42:27 | DEBUG    | Task 23862e54-6d60-4409-b6c9-e8055a3dae9c state=PENDING elapsed=0s — waiting …
2026-06-03 15:42:32 | DEBUG    | Task 23862e54-6d60-4409-b6c9-e8055a3dae9c state=PENDING elapsed=5s — waiting …
2026-06-03 15:42:37 | DEBUG    | Task 23862e54-6d60-4409-b6c9-e8055a3dae9c state=PENDING elapsed=10s — waiting …
2026-06-03 15:42:42 | DEBUG    | Task 23862e54-6d60-4409-b6c9-e8055a3dae9c state=PENDING elapsed=15s — waiting …
2026-06-03 15:42:48 | DEBUG    | Task 23862e54-6d60-4409-b6c9-e8055a3dae9c state=PENDING elapsed=20s — waiting …
2026-06-03 15:42:55 | DEBUG    | Task 23862e54-6d60-4409-b6c9-e8055a3dae9c state=PENDING elapsed=28s — waiting …
2026-06-03 15:43:01 | DEBUG    | Task 23862e54-6d60-4409-b6c9-e8055a3dae9c state=PENDING elapsed=34s — waiting …
2026-06-03 15:43:06 | DEBUG    | Task 23862e54-6d60-4409-b6c9-e8055a3dae9c state=PENDING elapsed=39s — waiting …
2026-06-03 15:43:16 | DEBUG    | Task 23862e54-6d60-4409-b6c9-e8055a3dae9c state=PENDING elapsed=49s — waiting …
2026-06-03 15:43:21 | DEBUG    | Task 23862e54-6d60-4409-b6c9-e8055a3dae9c state=PENDING elapsed=54s — waiting …
2026-06-03 15:43:26 | DEBUG    | Task 23862e54-6d60-4409-b6c9-e8055a3dae9c state=PENDING elapsed=59s — waiting …
2026-06-03 15:43:31 | DEBUG    | Task 23862e54-6d60-4409-b6c9-e8055a3dae9c state=PENDING elapsed=64s — waiting …
2026-06-03 15:43:36 | DEBUG    | Task 23862e54-6d60-4409-b6c9-e8055a3dae9c state=PENDING elapsed=69s — waiting …
2026-06-03 15:43:41 | DEBUG    | Task 23862e54-6d60-4409-b6c9-e8055a3dae9c state=PENDING elapsed=74s — waiting …
2026-06-03 15:43:46 | DEBUG    | Task 23862e54-6d60-4409-b6c9-e8055a3dae9c state=PENDING elapsed=79s — waiting …
2026-06-03 15:43:51 | DEBUG    | Task 23862e54-6d60-4409-b6c9-e8055a3dae9c state=PENDING elapsed=84s — waiting …
2026-06-03 15:43:56 | DEBUG    | Task 23862e54-6d60-4409-b6c9-e8055a3dae9c state=PENDING elapsed=89s — waiting …
2026-06-03 15:44:01 | DEBUG    | Task 23862e54-6d60-4409-b6c9-e8055a3dae9c state=PENDING elapsed=94s — waiting …
2026-06-03 15:44:06 | DEBUG    | Task 23862e54-6d60-4409-b6c9-e8055a3dae9c state=PENDING elapsed=99s — waiting …
2026-06-03 15:44:11 | DEBUG    | Task 23862e54-6d60-4409-b6c9-e8055a3dae9c state=PENDING elapsed=104s — waiting …
2026-06-03 15:44:16 | DEBUG    | Task 23862e54-6d60-4409-b6c9-e8055a3dae9c state=PENDING elapsed=109s — waiting …
2026-06-03 15:44:21 | DEBUG    | Task 23862e54-6d60-4409-b6c9-e8055a3dae9c state=PENDING elapsed=114s — waiting …
2026-06-03 15:44:26 | DEBUG    | Task 23862e54-6d60-4409-b6c9-e8055a3dae9c state=PENDING elapsed=119s — waiting …
2026-06-03 15:44:31 | DEBUG    | Task 23862e54-6d60-4409-b6c9-e8055a3dae9c state=PENDING elapsed=124s — waiting …
2026-06-03 15:44:36 | DEBUG    | Task 23862e54-6d60-4409-b6c9-e8055a3dae9c state=PENDING elapsed=129s — waiting …
2026-06-03 15:44:41 | DEBUG    | Task 23862e54-6d60-4409-b6c9-e8055a3dae9c state=PENDING elapsed=134s — waiting …
2026-06-03 15:44:46 | DEBUG    | Task 23862e54-6d60-4409-b6c9-e8055a3dae9c state=PENDING elapsed=139s — waiting …
2026-06-03 15:44:51 | DEBUG    | Task 23862e54-6d60-4409-b6c9-e8055a3dae9c state=PENDING elapsed=144s — waiting …
2026-06-03 15:44:56 | DEBUG    | Task 23862e54-6d60-4409-b6c9-e8055a3dae9c state=PENDING elapsed=149s — waiting …
2026-06-03 15:45:01 | DEBUG    | Task 23862e54-6d60-4409-b6c9-e8055a3dae9c state=PENDING elapsed=154s — waiting …
2026-06-03 15:45:06 | DEBUG    | Task 23862e54-6d60-4409-b6c9-e8055a3dae9c state=PENDING elapsed=159s — waiting …
2026-06-03 15:45:11 | DEBUG    | Task 23862e54-6d60-4409-b6c9-e8055a3dae9c state=PENDING elapsed=164s — waiting …
2026-06-03 15:45:16 | DEBUG    | Task 23862e54-6d60-4409-b6c9-e8055a3dae9c state=PENDING elapsed=169s — waiting …
2026-06-03 15:45:21 | DEBUG    | Task 23862e54-6d60-4409-b6c9-e8055a3dae9c state=PENDING elapsed=174s — waiting …
2026-06-03 15:45:26 | DEBUG    | Task 23862e54-6d60-4409-b6c9-e8055a3dae9c state=PENDING elapsed=179s — waiting …
2026-06-03 15:45:31 | DEBUG    | Task 23862e54-6d60-4409-b6c9-e8055a3dae9c state=PENDING elapsed=184s — waiting …
2026-06-03 15:45:36 | DEBUG    | Task 23862e54-6d60-4409-b6c9-e8055a3dae9c state=PENDING elapsed=189s — waiting …
2026-06-03 15:45:41 | DEBUG    | Task 23862e54-6d60-4409-b6c9-e8055a3dae9c state=PENDING elapsed=194s — waiting …
2026-06-03 15:45:46 | DEBUG    | Task 23862e54-6d60-4409-b6c9-e8055a3dae9c state=PENDING elapsed=199s — waiting …
2026-06-03 15:45:51 | DEBUG    | Task 23862e54-6d60-4409-b6c9-e8055a3dae9c state=PENDING elapsed=204s — waiting …
2026-06-03 15:45:56 | DEBUG    | Task 23862e54-6d60-4409-b6c9-e8055a3dae9c state=PENDING elapsed=209s — waiting …
2026-06-03 15:46:01 | DEBUG    | Task 23862e54-6d60-4409-b6c9-e8055a3dae9c state=PENDING elapsed=214s — waiting …
2026-06-03 15:46:06 | DEBUG    | Task 23862e54-6d60-4409-b6c9-e8055a3dae9c state=PENDING elapsed=219s — waiting …
2026-06-03 15:46:11 | DEBUG    | Task 23862e54-6d60-4409-b6c9-e8055a3dae9c state=PENDING elapsed=224s — waiting …
2026-06-03 15:46:16 | DEBUG    | Task 23862e54-6d60-4409-b6c9-e8055a3dae9c state=PENDING elapsed=229s — waiting …
2026-06-03 15:46:24 | DEBUG    | Task 23862e54-6d60-4409-b6c9-e8055a3dae9c state=PENDING elapsed=237s — waiting …
2026-06-03 15:46:29 | DEBUG    | Task 23862e54-6d60-4409-b6c9-e8055a3dae9c state=PENDING elapsed=242s — waiting …
2026-06-03 15:46:34 | DEBUG    | Task 23862e54-6d60-4409-b6c9-e8055a3dae9c state=PENDING elapsed=247s — waiting …
2026-06-03 15:46:39 | DEBUG    | Task 23862e54-6d60-4409-b6c9-e8055a3dae9c state=PENDING elapsed=252s — waiting …
2026-06-03 15:46:44 | DEBUG    | Task 23862e54-6d60-4409-b6c9-e8055a3dae9c state=PENDING elapsed=257s — waiting …
2026-06-03 15:46:49 | DEBUG    | Task 23862e54-6d60-4409-b6c9-e8055a3dae9c state=PENDING elapsed=262s — waiting …
2026-06-03 15:46:54 | DEBUG    | Task 23862e54-6d60-4409-b6c9-e8055a3dae9c state=PENDING elapsed=267s — waiting …
2026-06-03 15:46:59 | DEBUG    | Task 23862e54-6d60-4409-b6c9-e8055a3dae9c state=PENDING elapsed=272s — waiting …
2026-06-03 15:47:04 | DEBUG    | Task 23862e54-6d60-4409-b6c9-e8055a3dae9c state=PENDING elapsed=277s — waiting …
2026-06-03 15:47:09 | DEBUG    | Task 23862e54-6d60-4409-b6c9-e8055a3dae9c state=PENDING elapsed=282s — waiting …
2026-06-03 15:47:14 | DEBUG    | Task 23862e54-6d60-4409-b6c9-e8055a3dae9c state=PENDING elapsed=287s — waiting …
2026-06-03 15:47:19 | DEBUG    | Task 23862e54-6d60-4409-b6c9-e8055a3dae9c state=PENDING elapsed=292s — waiting …
2026-06-03 15:47:24 | DEBUG    | Task 23862e54-6d60-4409-b6c9-e8055a3dae9c state=PENDING elapsed=297s — waiting …
2026-06-03 15:47:29 | DEBUG    | Task 23862e54-6d60-4409-b6c9-e8055a3dae9c state=PENDING elapsed=302s — waiting …
2026-06-03 15:47:34 | DEBUG    | Task 23862e54-6d60-4409-b6c9-e8055a3dae9c state=PENDING elapsed=307s — waiting …
2026-06-03 15:47:39 | DEBUG    | Task 23862e54-6d60-4409-b6c9-e8055a3dae9c state=PENDING elapsed=312s — waiting …
2026-06-03 15:47:44 | DEBUG    | Task 23862e54-6d60-4409-b6c9-e8055a3dae9c state=PENDING elapsed=317s — waiting …
2026-06-03 15:47:49 | DEBUG    | Task 23862e54-6d60-4409-b6c9-e8055a3dae9c state=PENDING elapsed=322s — waiting …
2026-06-03 15:47:54 | DEBUG    | Task 23862e54-6d60-4409-b6c9-e8055a3dae9c state=PENDING elapsed=327s — waiting …
2026-06-03 15:47:59 | DEBUG    | Task 23862e54-6d60-4409-b6c9-e8055a3dae9c state=PENDING elapsed=332s — waiting …
2026-06-03 15:48:04 | DEBUG    | Task 23862e54-6d60-4409-b6c9-e8055a3dae9c state=PENDING elapsed=337s — waiting …
2026-06-03 15:48:09 | DEBUG    | Task 23862e54-6d60-4409-b6c9-e8055a3dae9c state=PENDING elapsed=342s — waiting …
2026-06-03 15:48:14 | DEBUG    | Task 23862e54-6d60-4409-b6c9-e8055a3dae9c state=PENDING elapsed=347s — waiting …
2026-06-03 15:48:19 | DEBUG    | Task 23862e54-6d60-4409-b6c9-e8055a3dae9c state=PENDING elapsed=352s — waiting …
2026-06-03 15:48:24 | DEBUG    | Task 23862e54-6d60-4409-b6c9-e8055a3dae9c state=PENDING elapsed=357s — waiting …
2026-06-03 15:48:29 | DEBUG    | Task 23862e54-6d60-4409-b6c9-e8055a3dae9c state=PENDING elapsed=362s — waiting …
2026-06-03 15:48:34 | DEBUG    | Task 23862e54-6d60-4409-b6c9-e8055a3dae9c state=PENDING elapsed=367s — waiting …
2026-06-03 15:48:39 | DEBUG    | Task 23862e54-6d60-4409-b6c9-e8055a3dae9c state=PENDING elapsed=372s — waiting …
2026-06-03 15:48:44 | DEBUG    | Task 23862e54-6d60-4409-b6c9-e8055a3dae9c state=PENDING elapsed=377s — waiting …
2026-06-03 15:48:49 | DEBUG    | Task 23862e54-6d60-4409-b6c9-e8055a3dae9c state=PENDING elapsed=382s — waiting …
2026-06-03 15:48:54 | DEBUG    | Task 23862e54-6d60-4409-b6c9-e8055a3dae9c state=PENDING elapsed=387s — waiting …
2026-06-03 15:48:59 | DEBUG    | Task 23862e54-6d60-4409-b6c9-e8055a3dae9c state=PENDING elapsed=392s — waiting …
2026-06-03 15:49:04 | DEBUG    | Task 23862e54-6d60-4409-b6c9-e8055a3dae9c state=PENDING elapsed=397s — waiting …
2026-06-03 15:49:09 | DEBUG    | Task 23862e54-6d60-4409-b6c9-e8055a3dae9c state=PENDING elapsed=402s — waiting …
2026-06-03 15:49:14 | DEBUG    | Task 23862e54-6d60-4409-b6c9-e8055a3dae9c state=PENDING elapsed=407s — waiting …
2026-06-03 15:49:19 | DEBUG    | Task 23862e54-6d60-4409-b6c9-e8055a3dae9c state=PENDING elapsed=412s — waiting …
2026-06-03 15:49:24 | DEBUG    | Task 23862e54-6d60-4409-b6c9-e8055a3dae9c state=PENDING elapsed=417s — waiting …
2026-06-03 15:49:29 | DEBUG    | Task 23862e54-6d60-4409-b6c9-e8055a3dae9c state=PENDING elapsed=422s — waiting …
2026-06-03 15:49:34 | DEBUG    | Task 23862e54-6d60-4409-b6c9-e8055a3dae9c state=PENDING elapsed=427s — waiting …
2026-06-03 15:49:39 | DEBUG    | Task 23862e54-6d60-4409-b6c9-e8055a3dae9c state=PENDING elapsed=432s — waiting …
2026-06-03 15:49:44 | DEBUG    | Task 23862e54-6d60-4409-b6c9-e8055a3dae9c state=PENDING elapsed=437s — waiting …
2026-06-03 15:49:49 | DEBUG    | Task 23862e54-6d60-4409-b6c9-e8055a3dae9c state=PENDING elapsed=442s — waiting …
2026-06-03 15:49:54 | DEBUG    | Task 23862e54-6d60-4409-b6c9-e8055a3dae9c state=PENDING elapsed=447s — waiting …
2026-06-03 15:49:59 | DEBUG    | Task 23862e54-6d60-4409-b6c9-e8055a3dae9c state=PENDING elapsed=452s — waiting …
2026-06-03 15:50:04 | DEBUG    | Task 23862e54-6d60-4409-b6c9-e8055a3dae9c state=PENDING elapsed=457s — waiting …
2026-06-03 15:50:09 | DEBUG    | Task 23862e54-6d60-4409-b6c9-e8055a3dae9c state=PENDING elapsed=462s — waiting …
2026-06-03 15:50:14 | DEBUG    | Task 23862e54-6d60-4409-b6c9-e8055a3dae9c state=PENDING elapsed=467s — waiting …
2026-06-03 15:50:19 | DEBUG    | Task 23862e54-6d60-4409-b6c9-e8055a3dae9c state=PENDING elapsed=472s — waiting …
2026-06-03 15:50:24 | DEBUG    | Task 23862e54-6d60-4409-b6c9-e8055a3dae9c state=PENDING elapsed=477s — waiting …
2026-06-03 15:50:29 | DEBUG    | Task 23862e54-6d60-4409-b6c9-e8055a3dae9c state=PENDING elapsed=482s — waiting …
2026-06-03 15:50:34 | DEBUG    | Task 23862e54-6d60-4409-b6c9-e8055a3dae9c state=PENDING elapsed=487s — waiting …
2026-06-03 15:50:39 | DEBUG    | Task 23862e54-6d60-4409-b6c9-e8055a3dae9c state=PENDING elapsed=492s — waiting …
2026-06-03 15:50:44 | DEBUG    | Task 23862e54-6d60-4409-b6c9-e8055a3dae9c state=PENDING elapsed=497s — waiting …
2026-06-03 15:50:49 | DEBUG    | Task 23862e54-6d60-4409-b6c9-e8055a3dae9c state=PENDING elapsed=502s — waiting …
2026-06-03 15:50:54 | DEBUG    | Task 23862e54-6d60-4409-b6c9-e8055a3dae9c state=PENDING elapsed=507s — waiting …
2026-06-03 15:50:59 | DEBUG    | Task 23862e54-6d60-4409-b6c9-e8055a3dae9c state=PENDING elapsed=512s — waiting …
2026-06-03 15:51:04 | DEBUG    | Task 23862e54-6d60-4409-b6c9-e8055a3dae9c state=PENDING elapsed=517s — waiting …
2026-06-03 15:51:09 | DEBUG    | Task 23862e54-6d60-4409-b6c9-e8055a3dae9c state=PENDING elapsed=522s — waiting …
2026-06-03 15:51:14 | DEBUG    | Task 23862e54-6d60-4409-b6c9-e8055a3dae9c state=PENDING elapsed=527s — waiting …
2026-06-03 15:51:19 | DEBUG    | Task 23862e54-6d60-4409-b6c9-e8055a3dae9c state=PENDING elapsed=532s — waiting …
2026-06-03 15:51:24 | DEBUG    | Task 23862e54-6d60-4409-b6c9-e8055a3dae9c state=PENDING elapsed=537s — waiting …
2026-06-03 15:51:29 | DEBUG    | Task 23862e54-6d60-4409-b6c9-e8055a3dae9c state=PENDING elapsed=542s — waiting …
2026-06-03 15:51:34 | DEBUG    | Task 23862e54-6d60-4409-b6c9-e8055a3dae9c state=PENDING elapsed=547s — waiting …
2026-06-03 15:51:39 | DEBUG    | Task 23862e54-6d60-4409-b6c9-e8055a3dae9c state=PENDING elapsed=552s — waiting …
2026-06-03 15:51:44 | DEBUG    | Task 23862e54-6d60-4409-b6c9-e8055a3dae9c state=PENDING elapsed=557s — waiting …
2026-06-03 15:51:49 | DEBUG    | Task 23862e54-6d60-4409-b6c9-e8055a3dae9c state=PENDING elapsed=562s — waiting …
2026-06-03 15:51:54 | DEBUG    | Task 23862e54-6d60-4409-b6c9-e8055a3dae9c state=PENDING elapsed=567s — waiting …
2026-06-03 15:51:59 | DEBUG    | Task 23862e54-6d60-4409-b6c9-e8055a3dae9c state=PENDING elapsed=572s — waiting …
2026-06-03 15:52:04 | DEBUG    | Task 23862e54-6d60-4409-b6c9-e8055a3dae9c state=PENDING elapsed=577s — waiting …
2026-06-03 15:52:09 | DEBUG    | Task 23862e54-6d60-4409-b6c9-e8055a3dae9c state=PENDING elapsed=582s — waiting …
2026-06-03 15:52:14 | DEBUG    | Task 23862e54-6d60-4409-b6c9-e8055a3dae9c state=PENDING elapsed=587s — waiting …
2026-06-03 15:52:19 | DEBUG    | Task 23862e54-6d60-4409-b6c9-e8055a3dae9c state=PENDING elapsed=592s — waiting …
2026-06-03 15:52:24 | DEBUG    | Task 23862e54-6d60-4409-b6c9-e8055a3dae9c state=PENDING elapsed=597s — waiting …
2026-06-03 15:52:29 | DEBUG    | Task 23862e54-6d60-4409-b6c9-e8055a3dae9c state=PENDING elapsed=602s — waiting …
2026-06-03 15:52:34 | DEBUG    | Task 23862e54-6d60-4409-b6c9-e8055a3dae9c state=PENDING elapsed=607s — waiting …
2026-06-03 15:52:39 | DEBUG    | Task 23862e54-6d60-4409-b6c9-e8055a3dae9c state=PENDING elapsed=612s — waiting …
2026-06-03 15:52:44 | DEBUG    | Task 23862e54-6d60-4409-b6c9-e8055a3dae9c state=PENDING elapsed=617s — waiting …
2026-06-03 15:52:49 | DEBUG    | Task 23862e54-6d60-4409-b6c9-e8055a3dae9c state=PENDING elapsed=622s — waiting …
2026-06-03 15:52:54 | DEBUG    | Task 23862e54-6d60-4409-b6c9-e8055a3dae9c state=PENDING elapsed=627s — waiting …
2026-06-03 15:52:59 | DEBUG    | Task 23862e54-6d60-4409-b6c9-e8055a3dae9c state=PENDING elapsed=632s — waiting …
2026-06-03 15:53:04 | DEBUG    | Task 23862e54-6d60-4409-b6c9-e8055a3dae9c state=PENDING elapsed=637s — waiting …
2026-06-03 15:53:09 | DEBUG    | Task 23862e54-6d60-4409-b6c9-e8055a3dae9c state=PENDING elapsed=642s — waiting …
2026-06-03 15:53:14 | DEBUG    | Task 23862e54-6d60-4409-b6c9-e8055a3dae9c state=PENDING elapsed=647s — waiting …
2026-06-03 15:53:19 | DEBUG    | Task 23862e54-6d60-4409-b6c9-e8055a3dae9c state=PENDING elapsed=652s — waiting …
2026-06-03 15:53:24 | DEBUG    | Task 23862e54-6d60-4409-b6c9-e8055a3dae9c state=PENDING elapsed=657s — waiting …
2026-06-03 15:53:29 | DEBUG    | Task 23862e54-6d60-4409-b6c9-e8055a3dae9c state=PENDING elapsed=662s — waiting …
2026-06-03 15:53:34 | DEBUG    | Task 23862e54-6d60-4409-b6c9-e8055a3dae9c state=PENDING elapsed=667s — waiting …
2026-06-03 15:53:39 | DEBUG    | Task 23862e54-6d60-4409-b6c9-e8055a3dae9c state=PENDING elapsed=672s — waiting …
2026-06-03 15:53:44 | DEBUG    | Task 23862e54-6d60-4409-b6c9-e8055a3dae9c state=PENDING elapsed=677s — waiting …
2026-06-03 15:53:49 | DEBUG    | Task 23862e54-6d60-4409-b6c9-e8055a3dae9c state=PENDING elapsed=682s — waiting …
2026-06-03 15:53:54 | DEBUG    | Task 23862e54-6d60-4409-b6c9-e8055a3dae9c state=PENDING elapsed=687s — waiting …
2026-06-03 15:53:59 | DEBUG    | Task 23862e54-6d60-4409-b6c9-e8055a3dae9c state=PENDING elapsed=692s — waiting …
2026-06-03 15:54:04 | DEBUG    | Task 23862e54-6d60-4409-b6c9-e8055a3dae9c state=PENDING elapsed=697s — waiting …
2026-06-03 15:54:09 | DEBUG    | Task 23862e54-6d60-4409-b6c9-e8055a3dae9c state=PENDING elapsed=702s — waiting …
2026-06-03 15:54:14 | DEBUG    | Task 23862e54-6d60-4409-b6c9-e8055a3dae9c state=PENDING elapsed=707s — waiting …
2026-06-03 15:54:19 | DEBUG    | Task 23862e54-6d60-4409-b6c9-e8055a3dae9c state=PENDING elapsed=712s — waiting …
2026-06-03 15:54:24 | DEBUG    | Task 23862e54-6d60-4409-b6c9-e8055a3dae9c state=PENDING elapsed=717s — waiting …
2026-06-03 15:54:29 | DEBUG    | Task 23862e54-6d60-4409-b6c9-e8055a3dae9c state=PENDING elapsed=722s — waiting …
2026-06-03 15:54:34 | DEBUG    | Task 23862e54-6d60-4409-b6c9-e8055a3dae9c state=PENDING elapsed=727s — waiting …
2026-06-03 15:54:39 | DEBUG    | Task 23862e54-6d60-4409-b6c9-e8055a3dae9c state=PENDING elapsed=732s — waiting …
2026-06-03 15:54:44 | DEBUG    | Task 23862e54-6d60-4409-b6c9-e8055a3dae9c state=PENDING elapsed=737s — waiting …
2026-06-03 15:54:49 | DEBUG    | Task 23862e54-6d60-4409-b6c9-e8055a3dae9c state=PENDING elapsed=742s — waiting …
2026-06-03 15:54:54 | DEBUG    | Task 23862e54-6d60-4409-b6c9-e8055a3dae9c state=PENDING elapsed=747s — waiting …
2026-06-03 15:54:59 | DEBUG    | Task 23862e54-6d60-4409-b6c9-e8055a3dae9c state=PENDING elapsed=752s — waiting …
2026-06-03 15:55:04 | DEBUG    | Task 23862e54-6d60-4409-b6c9-e8055a3dae9c state=PENDING elapsed=757s — waiting …
2026-06-03 15:55:09 | DEBUG    | Task 23862e54-6d60-4409-b6c9-e8055a3dae9c state=PENDING elapsed=762s — waiting …
2026-06-03 15:55:14 | DEBUG    | Task 23862e54-6d60-4409-b6c9-e8055a3dae9c state=PENDING elapsed=767s — waiting …
2026-06-03 15:55:19 | DEBUG    | Task 23862e54-6d60-4409-b6c9-e8055a3dae9c state=PENDING elapsed=772s — waiting …
2026-06-03 15:55:24 | DEBUG    | Task 23862e54-6d60-4409-b6c9-e8055a3dae9c state=PENDING elapsed=777s — waiting …
2026-06-03 15:55:29 | DEBUG    | Task 23862e54-6d60-4409-b6c9-e8055a3dae9c state=PENDING elapsed=782s — waiting …
2026-06-03 15:55:34 | DEBUG    | Task 23862e54-6d60-4409-b6c9-e8055a3dae9c state=PENDING elapsed=787s — waiting …
2026-06-03 15:55:39 | DEBUG    | Task 23862e54-6d60-4409-b6c9-e8055a3dae9c state=PENDING elapsed=792s — waiting …
2026-06-03 15:55:44 | DEBUG    | Task 23862e54-6d60-4409-b6c9-e8055a3dae9c state=PENDING elapsed=797s — waiting …
2026-06-03 15:55:49 | DEBUG    | Task 23862e54-6d60-4409-b6c9-e8055a3dae9c state=PENDING elapsed=802s — waiting …
2026-06-03 15:55:54 | DEBUG    | Task 23862e54-6d60-4409-b6c9-e8055a3dae9c state=PENDING elapsed=807s — waiting …
2026-06-03 15:55:59 | DEBUG    | Task 23862e54-6d60-4409-b6c9-e8055a3dae9c state=PENDING elapsed=812s — waiting …
2026-06-03 15:56:04 | DEBUG    | Task 23862e54-6d60-4409-b6c9-e8055a3dae9c state=PENDING elapsed=817s — waiting …
2026-06-03 15:56:09 | DEBUG    | Task 23862e54-6d60-4409-b6c9-e8055a3dae9c state=PENDING elapsed=822s — waiting …
2026-06-03 15:56:14 | DEBUG    | Task 23862e54-6d60-4409-b6c9-e8055a3dae9c state=PENDING elapsed=827s — waiting …
2026-06-03 15:56:19 | DEBUG    | Task 23862e54-6d60-4409-b6c9-e8055a3dae9c state=PENDING elapsed=832s — waiting …
2026-06-03 15:56:25 | DEBUG    | Task 23862e54-6d60-4409-b6c9-e8055a3dae9c state=PENDING elapsed=838s — waiting …
2026-06-03 15:56:30 | DEBUG    | Task 23862e54-6d60-4409-b6c9-e8055a3dae9c state=PENDING elapsed=843s — waiting …
2026-06-03 15:56:35 | DEBUG    | Task 23862e54-6d60-4409-b6c9-e8055a3dae9c state=PENDING elapsed=848s — waiting …
2026-06-03 15:56:40 | DEBUG    | Task 23862e54-6d60-4409-b6c9-e8055a3dae9c state=PENDING elapsed=853s — waiting …
2026-06-03 15:56:45 | DEBUG    | Task 23862e54-6d60-4409-b6c9-e8055a3dae9c state=PENDING elapsed=858s — waiting …
2026-06-03 15:56:50 | DEBUG    | Task 23862e54-6d60-4409-b6c9-e8055a3dae9c state=PENDING elapsed=863s — waiting …
2026-06-03 15:56:55 | DEBUG    | Task 23862e54-6d60-4409-b6c9-e8055a3dae9c state=PENDING elapsed=868s — waiting …
2026-06-03 15:57:00 | DEBUG    | Task 23862e54-6d60-4409-b6c9-e8055a3dae9c state=PENDING elapsed=873s — waiting …
2026-06-03 15:57:16 | INFO     | Task 23862e54-6d60-4409-b6c9-e8055a3dae9c FINISHED in 889s
2026-06-03 15:57:16 | INFO     | ✅ batch 2/3 (16 files) complete
2026-06-03 15:57:16 | INFO     | --- batch 3/3 (4 files) ---
2026-06-03 15:57:16 | DEBUG    |   Files: thesis_thurinj_phd_definitive.pdf, trinh_thesis_sem46-2.pdf, wellington_2016_thesis-2.pdf, zhou_thesis.pdf
2026-06-03 15:57:18 | INFO     | Upload accepted → task_id=00386285-08f0-4a43-8b4b-1639113da45c
2026-06-03 15:57:18 | DEBUG    | Task 00386285-08f0-4a43-8b4b-1639113da45c state=PENDING elapsed=0s — waiting …
2026-06-03 15:57:23 | DEBUG    | Task 00386285-08f0-4a43-8b4b-1639113da45c state=PENDING elapsed=5s — waiting …
2026-06-03 15:57:28 | DEBUG    | Task 00386285-08f0-4a43-8b4b-1639113da45c state=PENDING elapsed=10s — waiting …
2026-06-03 15:57:33 | DEBUG    | Task 00386285-08f0-4a43-8b4b-1639113da45c state=PENDING elapsed=15s — waiting …
2026-06-03 15:57:38 | DEBUG    | Task 00386285-08f0-4a43-8b4b-1639113da45c state=PENDING elapsed=20s — waiting …
2026-06-03 15:57:44 | DEBUG    | Task 00386285-08f0-4a43-8b4b-1639113da45c state=PENDING elapsed=25s — waiting …
2026-06-03 15:57:51 | DEBUG    | Task 00386285-08f0-4a43-8b4b-1639113da45c state=PENDING elapsed=32s — waiting …
2026-06-03 15:57:56 | DEBUG    | Task 00386285-08f0-4a43-8b4b-1639113da45c state=PENDING elapsed=37s — waiting …
2026-06-03 15:58:01 | DEBUG    | Task 00386285-08f0-4a43-8b4b-1639113da45c state=PENDING elapsed=42s — waiting …
2026-06-03 15:58:07 | DEBUG    | Task 00386285-08f0-4a43-8b4b-1639113da45c state=PENDING elapsed=48s — waiting …
2026-06-03 15:58:12 | DEBUG    | Task 00386285-08f0-4a43-8b4b-1639113da45c state=PENDING elapsed=53s — waiting …
2026-06-03 15:58:17 | DEBUG    | Task 00386285-08f0-4a43-8b4b-1639113da45c state=PENDING elapsed=58s — waiting …
2026-06-03 15:58:22 | DEBUG    | Task 00386285-08f0-4a43-8b4b-1639113da45c state=PENDING elapsed=63s — waiting …
2026-06-03 15:58:27 | DEBUG    | Task 00386285-08f0-4a43-8b4b-1639113da45c state=PENDING elapsed=68s — waiting …
2026-06-03 15:58:32 | DEBUG    | Task 00386285-08f0-4a43-8b4b-1639113da45c state=PENDING elapsed=73s — waiting …
2026-06-03 15:58:37 | DEBUG    | Task 00386285-08f0-4a43-8b4b-1639113da45c state=PENDING elapsed=78s — waiting …
2026-06-03 15:58:42 | DEBUG    | Task 00386285-08f0-4a43-8b4b-1639113da45c state=PENDING elapsed=83s — waiting …
2026-06-03 15:58:47 | DEBUG    | Task 00386285-08f0-4a43-8b4b-1639113da45c state=PENDING elapsed=88s — waiting …
2026-06-03 15:58:52 | DEBUG    | Task 00386285-08f0-4a43-8b4b-1639113da45c state=PENDING elapsed=93s — waiting …
2026-06-03 15:58:57 | DEBUG    | Task 00386285-08f0-4a43-8b4b-1639113da45c state=PENDING elapsed=98s — waiting …
2026-06-03 15:59:02 | DEBUG    | Task 00386285-08f0-4a43-8b4b-1639113da45c state=PENDING elapsed=103s — waiting …
2026-06-03 15:59:07 | DEBUG    | Task 00386285-08f0-4a43-8b4b-1639113da45c state=PENDING elapsed=108s — waiting …
2026-06-03 15:59:12 | DEBUG    | Task 00386285-08f0-4a43-8b4b-1639113da45c state=PENDING elapsed=113s — waiting …
2026-06-03 15:59:17 | DEBUG    | Task 00386285-08f0-4a43-8b4b-1639113da45c state=PENDING elapsed=118s — waiting …
2026-06-03 15:59:22 | DEBUG    | Task 00386285-08f0-4a43-8b4b-1639113da45c state=PENDING elapsed=123s — waiting …
2026-06-03 15:59:27 | DEBUG    | Task 00386285-08f0-4a43-8b4b-1639113da45c state=PENDING elapsed=128s — waiting …
2026-06-03 15:59:32 | DEBUG    | Task 00386285-08f0-4a43-8b4b-1639113da45c state=PENDING elapsed=133s — waiting …
2026-06-03 15:59:37 | DEBUG    | Task 00386285-08f0-4a43-8b4b-1639113da45c state=PENDING elapsed=138s — waiting …
2026-06-03 15:59:42 | DEBUG    | Task 00386285-08f0-4a43-8b4b-1639113da45c state=PENDING elapsed=143s — waiting …
2026-06-03 15:59:47 | DEBUG    | Task 00386285-08f0-4a43-8b4b-1639113da45c state=PENDING elapsed=148s — waiting …
2026-06-03 15:59:52 | DEBUG    | Task 00386285-08f0-4a43-8b4b-1639113da45c state=PENDING elapsed=153s — waiting …
2026-06-03 15:59:57 | DEBUG    | Task 00386285-08f0-4a43-8b4b-1639113da45c state=PENDING elapsed=158s — waiting …
2026-06-03 16:00:02 | DEBUG    | Task 00386285-08f0-4a43-8b4b-1639113da45c state=PENDING elapsed=163s — waiting …
2026-06-03 16:00:07 | DEBUG    | Task 00386285-08f0-4a43-8b4b-1639113da45c state=PENDING elapsed=168s — waiting …
2026-06-03 16:00:12 | DEBUG    | Task 00386285-08f0-4a43-8b4b-1639113da45c state=PENDING elapsed=173s — waiting …
2026-06-03 16:00:17 | DEBUG    | Task 00386285-08f0-4a43-8b4b-1639113da45c state=PENDING elapsed=178s — waiting …
2026-06-03 16:00:22 | DEBUG    | Task 00386285-08f0-4a43-8b4b-1639113da45c state=PENDING elapsed=183s — waiting …
2026-06-03 16:00:27 | DEBUG    | Task 00386285-08f0-4a43-8b4b-1639113da45c state=PENDING elapsed=188s — waiting …
2026-06-03 16:00:32 | DEBUG    | Task 00386285-08f0-4a43-8b4b-1639113da45c state=PENDING elapsed=193s — waiting …
2026-06-03 16:00:37 | DEBUG    | Task 00386285-08f0-4a43-8b4b-1639113da45c state=PENDING elapsed=198s — waiting …
2026-06-03 16:00:42 | DEBUG    | Task 00386285-08f0-4a43-8b4b-1639113da45c state=PENDING elapsed=203s — waiting …
2026-06-03 16:00:47 | DEBUG    | Task 00386285-08f0-4a43-8b4b-1639113da45c state=PENDING elapsed=208s — waiting …
2026-06-03 16:00:52 | DEBUG    | Task 00386285-08f0-4a43-8b4b-1639113da45c state=PENDING elapsed=213s — waiting …
2026-06-03 16:00:58 | DEBUG    | Task 00386285-08f0-4a43-8b4b-1639113da45c state=PENDING elapsed=219s — waiting …
2026-06-03 16:01:03 | DEBUG    | Task 00386285-08f0-4a43-8b4b-1639113da45c state=PENDING elapsed=224s — waiting …
2026-06-03 16:01:08 | DEBUG    | Task 00386285-08f0-4a43-8b4b-1639113da45c state=PENDING elapsed=229s — waiting …
2026-06-03 16:01:13 | DEBUG    | Task 00386285-08f0-4a43-8b4b-1639113da45c state=PENDING elapsed=235s — waiting …
2026-06-03 16:01:18 | DEBUG    | Task 00386285-08f0-4a43-8b4b-1639113da45c state=PENDING elapsed=240s — waiting …
2026-06-03 16:01:23 | DEBUG    | Task 00386285-08f0-4a43-8b4b-1639113da45c state=PENDING elapsed=245s — waiting …
2026-06-03 16:01:28 | DEBUG    | Task 00386285-08f0-4a43-8b4b-1639113da45c state=PENDING elapsed=250s — waiting …
2026-06-03 16:01:34 | DEBUG    | Task 00386285-08f0-4a43-8b4b-1639113da45c state=PENDING elapsed=255s — waiting …
2026-06-03 16:01:39 | DEBUG    | Task 00386285-08f0-4a43-8b4b-1639113da45c state=PENDING elapsed=260s — waiting …
2026-06-03 16:01:48 | DEBUG    | Task 00386285-08f0-4a43-8b4b-1639113da45c state=PENDING elapsed=269s — waiting …
2026-06-03 16:01:53 | DEBUG    | Task 00386285-08f0-4a43-8b4b-1639113da45c state=PENDING elapsed=274s — waiting …
2026-06-03 16:01:58 | DEBUG    | Task 00386285-08f0-4a43-8b4b-1639113da45c state=PENDING elapsed=279s — waiting …
2026-06-03 16:02:03 | DEBUG    | Task 00386285-08f0-4a43-8b4b-1639113da45c state=PENDING elapsed=284s — waiting …
2026-06-03 16:02:08 | DEBUG    | Task 00386285-08f0-4a43-8b4b-1639113da45c state=PENDING elapsed=289s — waiting …
2026-06-03 16:02:13 | DEBUG    | Task 00386285-08f0-4a43-8b4b-1639113da45c state=PENDING elapsed=294s — waiting …
2026-06-03 16:02:18 | DEBUG    | Task 00386285-08f0-4a43-8b4b-1639113da45c state=PENDING elapsed=299s — waiting …
2026-06-03 16:02:23 | DEBUG    | Task 00386285-08f0-4a43-8b4b-1639113da45c state=PENDING elapsed=304s — waiting …
2026-06-03 16:02:28 | DEBUG    | Task 00386285-08f0-4a43-8b4b-1639113da45c state=PENDING elapsed=309s — waiting …
2026-06-03 16:02:33 | DEBUG    | Task 00386285-08f0-4a43-8b4b-1639113da45c state=PENDING elapsed=314s — waiting …
2026-06-03 16:02:38 | DEBUG    | Task 00386285-08f0-4a43-8b4b-1639113da45c state=PENDING elapsed=319s — waiting …
2026-06-03 16:02:43 | DEBUG    | Task 00386285-08f0-4a43-8b4b-1639113da45c state=PENDING elapsed=324s — waiting …
2026-06-03 16:02:48 | DEBUG    | Task 00386285-08f0-4a43-8b4b-1639113da45c state=PENDING elapsed=329s — waiting …
2026-06-03 16:02:53 | DEBUG    | Task 00386285-08f0-4a43-8b4b-1639113da45c state=PENDING elapsed=334s — waiting …
2026-06-03 16:02:58 | DEBUG    | Task 00386285-08f0-4a43-8b4b-1639113da45c state=PENDING elapsed=339s — waiting …
2026-06-03 16:03:03 | DEBUG    | Task 00386285-08f0-4a43-8b4b-1639113da45c state=PENDING elapsed=345s — waiting …
2026-06-03 16:03:08 | DEBUG    | Task 00386285-08f0-4a43-8b4b-1639113da45c state=PENDING elapsed=350s — waiting …
2026-06-03 16:03:13 | DEBUG    | Task 00386285-08f0-4a43-8b4b-1639113da45c state=PENDING elapsed=355s — waiting …
2026-06-03 16:03:18 | DEBUG    | Task 00386285-08f0-4a43-8b4b-1639113da45c state=PENDING elapsed=360s — waiting …
2026-06-03 16:03:23 | DEBUG    | Task 00386285-08f0-4a43-8b4b-1639113da45c state=PENDING elapsed=365s — waiting …
2026-06-03 16:03:28 | DEBUG    | Task 00386285-08f0-4a43-8b4b-1639113da45c state=PENDING elapsed=370s — waiting …
2026-06-03 16:03:33 | DEBUG    | Task 00386285-08f0-4a43-8b4b-1639113da45c state=PENDING elapsed=375s — waiting …
2026-06-03 16:03:38 | DEBUG    | Task 00386285-08f0-4a43-8b4b-1639113da45c state=PENDING elapsed=380s — waiting …
2026-06-03 16:03:43 | DEBUG    | Task 00386285-08f0-4a43-8b4b-1639113da45c state=PENDING elapsed=385s — waiting …
2026-06-03 16:03:48 | DEBUG    | Task 00386285-08f0-4a43-8b4b-1639113da45c state=PENDING elapsed=390s — waiting …
2026-06-03 16:03:53 | DEBUG    | Task 00386285-08f0-4a43-8b4b-1639113da45c state=PENDING elapsed=395s — waiting …
2026-06-03 16:03:58 | DEBUG    | Task 00386285-08f0-4a43-8b4b-1639113da45c state=PENDING elapsed=400s — waiting …
2026-06-03 16:04:03 | DEBUG    | Task 00386285-08f0-4a43-8b4b-1639113da45c state=PENDING elapsed=405s — waiting …
2026-06-03 16:04:08 | DEBUG    | Task 00386285-08f0-4a43-8b4b-1639113da45c state=PENDING elapsed=410s — waiting …
2026-06-03 16:04:13 | DEBUG    | Task 00386285-08f0-4a43-8b4b-1639113da45c state=PENDING elapsed=415s — waiting …
2026-06-03 16:04:18 | DEBUG    | Task 00386285-08f0-4a43-8b4b-1639113da45c state=PENDING elapsed=420s — waiting …
2026-06-03 16:04:23 | DEBUG    | Task 00386285-08f0-4a43-8b4b-1639113da45c state=PENDING elapsed=425s — waiting …
2026-06-03 16:04:28 | DEBUG    | Task 00386285-08f0-4a43-8b4b-1639113da45c state=PENDING elapsed=430s — waiting …
2026-06-03 16:04:33 | DEBUG    | Task 00386285-08f0-4a43-8b4b-1639113da45c state=PENDING elapsed=435s — waiting …
2026-06-03 16:04:38 | DEBUG    | Task 00386285-08f0-4a43-8b4b-1639113da45c state=PENDING elapsed=440s — waiting …
2026-06-03 16:04:43 | DEBUG    | Task 00386285-08f0-4a43-8b4b-1639113da45c state=PENDING elapsed=445s — waiting …
2026-06-03 16:04:48 | DEBUG    | Task 00386285-08f0-4a43-8b4b-1639113da45c state=PENDING elapsed=450s — waiting …
2026-06-03 16:04:53 | DEBUG    | Task 00386285-08f0-4a43-8b4b-1639113da45c state=PENDING elapsed=455s — waiting …
2026-06-03 16:04:58 | DEBUG    | Task 00386285-08f0-4a43-8b4b-1639113da45c state=PENDING elapsed=460s — waiting …
2026-06-03 16:05:03 | DEBUG    | Task 00386285-08f0-4a43-8b4b-1639113da45c state=PENDING elapsed=465s — waiting …
2026-06-03 16:05:08 | DEBUG    | Task 00386285-08f0-4a43-8b4b-1639113da45c state=PENDING elapsed=470s — waiting …
2026-06-03 16:05:15 | INFO     | Task 00386285-08f0-4a43-8b4b-1639113da45c FINISHED in 476s
2026-06-03 16:05:15 | INFO     | ✅ batch 3/3 (4 files) complete
2026-06-03 16:05:15 | INFO     | === SUCCESS  ingested=36  skipped=0 ===
