2026-06-03 15:14:56 | INFO     | === START  dir='/gaia/b04s/CONSORCIOS/SEP'  collection='SEP' ===
2026-06-03 15:14:56 | INFO     | Discovered 93 supported file(s)
2026-06-03 15:15:01 | INFO     | Collection 'SEP' created: {"message":"Collection SEP created successfully.","collection_name":"SEP"}
2026-06-03 15:15:07 | INFO     | list_documents: 0 existing doc(s) in 'SEP' (total reported: 0)
2026-06-03 15:15:07 | INFO     | Classification: 93 new, 0 already present
2026-06-03 15:15:07 | INFO     | Uploading 6 batch(es) of up to 16 file(s) each
2026-06-03 15:15:07 | INFO     | --- batch 1/6 (16 files) ---
2026-06-03 15:15:07 | DEBUG    |   Files: 57_00.pdf, 57_01.pdf, 57_02.pdf, 57_03.pdf, 57_04.pdf, 57_05.pdf, 57_06.pdf, 57_07.pdf, 57_08.pdf, 57_09.pdf, 57_10.pdf, 57_11.pdf, 57_12.pdf, 57_13.pdf, 57_14.pdf, 57_15.pdf
2026-06-03 15:15:09 | INFO     | Upload accepted → task_id=7a600746-c73c-4898-963b-6cba457da9b0
2026-06-03 15:15:09 | DEBUG    | Task 7a600746-c73c-4898-963b-6cba457da9b0 state=PENDING elapsed=0s — waiting …
2026-06-03 15:15:17 | DEBUG    | Task 7a600746-c73c-4898-963b-6cba457da9b0 state=PENDING elapsed=8s — waiting …
2026-06-03 15:15:22 | DEBUG    | Task 7a600746-c73c-4898-963b-6cba457da9b0 state=PENDING elapsed=13s — waiting …
2026-06-03 15:15:27 | DEBUG    | Task 7a600746-c73c-4898-963b-6cba457da9b0 state=PENDING elapsed=18s — waiting …
2026-06-03 15:15:37 | DEBUG    | Task 7a600746-c73c-4898-963b-6cba457da9b0 state=PENDING elapsed=29s — waiting …
2026-06-03 15:15:58 | DEBUG    | Task 7a600746-c73c-4898-963b-6cba457da9b0 state=PENDING elapsed=49s — waiting …
2026-06-03 15:16:03 | DEBUG    | Task 7a600746-c73c-4898-963b-6cba457da9b0 state=PENDING elapsed=54s — waiting …
2026-06-03 15:16:08 | DEBUG    | Task 7a600746-c73c-4898-963b-6cba457da9b0 state=PENDING elapsed=59s — waiting …
2026-06-03 15:16:13 | DEBUG    | Task 7a600746-c73c-4898-963b-6cba457da9b0 state=PENDING elapsed=64s — waiting …
2026-06-03 15:16:18 | DEBUG    | Task 7a600746-c73c-4898-963b-6cba457da9b0 state=PENDING elapsed=69s — waiting …
2026-06-03 15:16:23 | DEBUG    | Task 7a600746-c73c-4898-963b-6cba457da9b0 state=PENDING elapsed=74s — waiting …
2026-06-03 15:16:28 | DEBUG    | Task 7a600746-c73c-4898-963b-6cba457da9b0 state=PENDING elapsed=79s — waiting …
2026-06-03 15:16:33 | DEBUG    | Task 7a600746-c73c-4898-963b-6cba457da9b0 state=PENDING elapsed=84s — waiting …
2026-06-03 15:16:38 | DEBUG    | Task 7a600746-c73c-4898-963b-6cba457da9b0 state=PENDING elapsed=89s — waiting …
2026-06-03 15:16:43 | DEBUG    | Task 7a600746-c73c-4898-963b-6cba457da9b0 state=PENDING elapsed=94s — waiting …
2026-06-03 15:16:48 | DEBUG    | Task 7a600746-c73c-4898-963b-6cba457da9b0 state=PENDING elapsed=99s — waiting …
2026-06-03 15:16:53 | DEBUG    | Task 7a600746-c73c-4898-963b-6cba457da9b0 state=PENDING elapsed=104s — waiting …
2026-06-03 15:16:58 | DEBUG    | Task 7a600746-c73c-4898-963b-6cba457da9b0 state=PENDING elapsed=109s — waiting …
2026-06-03 15:17:03 | DEBUG    | Task 7a600746-c73c-4898-963b-6cba457da9b0 state=PENDING elapsed=114s — waiting …
2026-06-03 15:17:08 | DEBUG    | Task 7a600746-c73c-4898-963b-6cba457da9b0 state=PENDING elapsed=119s — waiting …
2026-06-03 15:17:13 | DEBUG    | Task 7a600746-c73c-4898-963b-6cba457da9b0 state=PENDING elapsed=124s — waiting …
2026-06-03 15:17:18 | DEBUG    | Task 7a600746-c73c-4898-963b-6cba457da9b0 state=PENDING elapsed=129s — waiting …
2026-06-03 15:17:23 | DEBUG    | Task 7a600746-c73c-4898-963b-6cba457da9b0 state=PENDING elapsed=134s — waiting …
2026-06-03 15:17:28 | DEBUG    | Task 7a600746-c73c-4898-963b-6cba457da9b0 state=PENDING elapsed=139s — waiting …
2026-06-03 15:17:33 | DEBUG    | Task 7a600746-c73c-4898-963b-6cba457da9b0 state=PENDING elapsed=144s — waiting …
2026-06-03 15:17:38 | DEBUG    | Task 7a600746-c73c-4898-963b-6cba457da9b0 state=PENDING elapsed=149s — waiting …
2026-06-03 15:17:43 | WARNING  | Task 7a600746-c73c-4898-963b-6cba457da9b0: 1 document(s) failed — ["57_00.pdf"]
2026-06-03 15:17:43 | INFO     | Task 7a600746-c73c-4898-963b-6cba457da9b0 FINISHED in 154s
2026-06-03 15:17:43 | WARNING  | ⚠ batch 1/6 (16 files) partial: 1 doc(s) failed — ['57_00.pdf']
2026-06-03 15:17:43 | INFO     | --- batch 2/6 (16 files) ---
2026-06-03 15:17:43 | DEBUG    |   Files: 57_16.pdf, 57_17.pdf, 57_18.pdf, 57_19.pdf, 57_20.pdf, 57_21.pdf, 57_22.pdf, 57_23.pdf, 57_24.pdf, 57_25.pdf, 57_26.pdf, 57_27.pdf, 57_28.pdf, 57_29.pdf, 57_30.pdf, 57_31.pdf
2026-06-03 15:17:44 | INFO     | Upload accepted → task_id=c6be1098-3636-4556-9620-10731f941d8c
2026-06-03 15:17:44 | DEBUG    | Task c6be1098-3636-4556-9620-10731f941d8c state=PENDING elapsed=0s — waiting …
2026-06-03 15:17:49 | DEBUG    | Task c6be1098-3636-4556-9620-10731f941d8c state=PENDING elapsed=5s — waiting …
2026-06-03 15:17:54 | DEBUG    | Task c6be1098-3636-4556-9620-10731f941d8c state=PENDING elapsed=10s — waiting …
2026-06-03 15:17:59 | DEBUG    | Task c6be1098-3636-4556-9620-10731f941d8c state=PENDING elapsed=15s — waiting …
2026-06-03 15:18:04 | DEBUG    | Task c6be1098-3636-4556-9620-10731f941d8c state=PENDING elapsed=20s — waiting …
2026-06-03 15:18:09 | DEBUG    | Task c6be1098-3636-4556-9620-10731f941d8c state=PENDING elapsed=25s — waiting …
2026-06-03 15:18:14 | DEBUG    | Task c6be1098-3636-4556-9620-10731f941d8c state=PENDING elapsed=30s — waiting …
2026-06-03 15:18:19 | DEBUG    | Task c6be1098-3636-4556-9620-10731f941d8c state=PENDING elapsed=35s — waiting …
2026-06-03 15:18:24 | DEBUG    | Task c6be1098-3636-4556-9620-10731f941d8c state=PENDING elapsed=40s — waiting …
2026-06-03 15:18:29 | DEBUG    | Task c6be1098-3636-4556-9620-10731f941d8c state=PENDING elapsed=45s — waiting …
2026-06-03 15:18:34 | DEBUG    | Task c6be1098-3636-4556-9620-10731f941d8c state=PENDING elapsed=50s — waiting …
2026-06-03 15:18:39 | DEBUG    | Task c6be1098-3636-4556-9620-10731f941d8c state=PENDING elapsed=55s — waiting …
2026-06-03 15:18:44 | DEBUG    | Task c6be1098-3636-4556-9620-10731f941d8c state=PENDING elapsed=60s — waiting …
2026-06-03 15:18:49 | DEBUG    | Task c6be1098-3636-4556-9620-10731f941d8c state=PENDING elapsed=65s — waiting …
2026-06-03 15:18:54 | DEBUG    | Task c6be1098-3636-4556-9620-10731f941d8c state=PENDING elapsed=70s — waiting …
2026-06-03 15:18:59 | DEBUG    | Task c6be1098-3636-4556-9620-10731f941d8c state=PENDING elapsed=75s — waiting …
2026-06-03 15:19:04 | DEBUG    | Task c6be1098-3636-4556-9620-10731f941d8c state=PENDING elapsed=80s — waiting …
2026-06-03 15:19:09 | DEBUG    | Task c6be1098-3636-4556-9620-10731f941d8c state=PENDING elapsed=85s — waiting …
2026-06-03 15:19:14 | DEBUG    | Task c6be1098-3636-4556-9620-10731f941d8c state=PENDING elapsed=90s — waiting …
2026-06-03 15:19:19 | DEBUG    | Task c6be1098-3636-4556-9620-10731f941d8c state=PENDING elapsed=95s — waiting …
2026-06-03 15:19:24 | DEBUG    | Task c6be1098-3636-4556-9620-10731f941d8c state=PENDING elapsed=100s — waiting …
2026-06-03 15:19:29 | DEBUG    | Task c6be1098-3636-4556-9620-10731f941d8c state=PENDING elapsed=105s — waiting …
2026-06-03 15:19:34 | DEBUG    | Task c6be1098-3636-4556-9620-10731f941d8c state=PENDING elapsed=110s — waiting …
2026-06-03 15:19:39 | DEBUG    | Task c6be1098-3636-4556-9620-10731f941d8c state=PENDING elapsed=115s — waiting …
2026-06-03 15:19:44 | DEBUG    | Task c6be1098-3636-4556-9620-10731f941d8c state=PENDING elapsed=120s — waiting …
2026-06-03 15:19:49 | DEBUG    | Task c6be1098-3636-4556-9620-10731f941d8c state=PENDING elapsed=125s — waiting …
2026-06-03 15:19:54 | DEBUG    | Task c6be1098-3636-4556-9620-10731f941d8c state=PENDING elapsed=130s — waiting …
2026-06-03 15:19:59 | DEBUG    | Task c6be1098-3636-4556-9620-10731f941d8c state=PENDING elapsed=135s — waiting …
2026-06-03 15:20:04 | DEBUG    | Task c6be1098-3636-4556-9620-10731f941d8c state=PENDING elapsed=140s — waiting …
2026-06-03 15:20:09 | DEBUG    | Task c6be1098-3636-4556-9620-10731f941d8c state=PENDING elapsed=145s — waiting …
2026-06-03 15:20:14 | WARNING  | Task c6be1098-3636-4556-9620-10731f941d8c: 1 document(s) failed — ["57_30.pdf"]
2026-06-03 15:20:14 | INFO     | Task c6be1098-3636-4556-9620-10731f941d8c FINISHED in 150s
2026-06-03 15:20:14 | WARNING  | ⚠ batch 2/6 (16 files) partial: 1 doc(s) failed — ['57_30.pdf']
2026-06-03 15:20:14 | INFO     | --- batch 3/6 (16 files) ---
2026-06-03 15:20:14 | DEBUG    |   Files: 57_32.pdf, 57_33.pdf, 57_34.pdf, 57_35.pdf, 57_36.pdf, 57_37.pdf, 57_38.pdf, 59_00.pdf, 59_01.pdf, 59_02.pdf, 59_03.pdf, 59_04.pdf, 59_05.pdf, 59_06.pdf, 59_07.pdf, 59_08.pdf
2026-06-03 15:20:15 | INFO     | Upload accepted → task_id=346e978c-64ee-4ae0-932e-476e7f1797d9
2026-06-03 15:20:15 | DEBUG    | Task 346e978c-64ee-4ae0-932e-476e7f1797d9 state=PENDING elapsed=0s — waiting …
2026-06-03 15:20:20 | DEBUG    | Task 346e978c-64ee-4ae0-932e-476e7f1797d9 state=PENDING elapsed=5s — waiting …
2026-06-03 15:20:25 | DEBUG    | Task 346e978c-64ee-4ae0-932e-476e7f1797d9 state=PENDING elapsed=10s — waiting …
2026-06-03 15:20:30 | DEBUG    | Task 346e978c-64ee-4ae0-932e-476e7f1797d9 state=PENDING elapsed=15s — waiting …
2026-06-03 15:20:35 | DEBUG    | Task 346e978c-64ee-4ae0-932e-476e7f1797d9 state=PENDING elapsed=20s — waiting …
2026-06-03 15:20:40 | DEBUG    | Task 346e978c-64ee-4ae0-932e-476e7f1797d9 state=PENDING elapsed=25s — waiting …
2026-06-03 15:20:45 | DEBUG    | Task 346e978c-64ee-4ae0-932e-476e7f1797d9 state=PENDING elapsed=30s — waiting …
2026-06-03 15:20:50 | DEBUG    | Task 346e978c-64ee-4ae0-932e-476e7f1797d9 state=PENDING elapsed=35s — waiting …
2026-06-03 15:20:55 | DEBUG    | Task 346e978c-64ee-4ae0-932e-476e7f1797d9 state=PENDING elapsed=40s — waiting …
2026-06-03 15:21:00 | DEBUG    | Task 346e978c-64ee-4ae0-932e-476e7f1797d9 state=PENDING elapsed=45s — waiting …
2026-06-03 15:21:05 | DEBUG    | Task 346e978c-64ee-4ae0-932e-476e7f1797d9 state=PENDING elapsed=50s — waiting …
2026-06-03 15:21:10 | DEBUG    | Task 346e978c-64ee-4ae0-932e-476e7f1797d9 state=PENDING elapsed=55s — waiting …
2026-06-03 15:21:15 | DEBUG    | Task 346e978c-64ee-4ae0-932e-476e7f1797d9 state=PENDING elapsed=60s — waiting …
2026-06-03 15:21:20 | DEBUG    | Task 346e978c-64ee-4ae0-932e-476e7f1797d9 state=PENDING elapsed=65s — waiting …
2026-06-03 15:21:25 | DEBUG    | Task 346e978c-64ee-4ae0-932e-476e7f1797d9 state=PENDING elapsed=70s — waiting …
2026-06-03 15:21:30 | DEBUG    | Task 346e978c-64ee-4ae0-932e-476e7f1797d9 state=PENDING elapsed=75s — waiting …
2026-06-03 15:21:35 | DEBUG    | Task 346e978c-64ee-4ae0-932e-476e7f1797d9 state=PENDING elapsed=80s — waiting …
2026-06-03 15:21:40 | DEBUG    | Task 346e978c-64ee-4ae0-932e-476e7f1797d9 state=PENDING elapsed=85s — waiting …
2026-06-03 15:21:45 | DEBUG    | Task 346e978c-64ee-4ae0-932e-476e7f1797d9 state=PENDING elapsed=90s — waiting …
2026-06-03 15:21:50 | DEBUG    | Task 346e978c-64ee-4ae0-932e-476e7f1797d9 state=PENDING elapsed=95s — waiting …
2026-06-03 15:21:55 | DEBUG    | Task 346e978c-64ee-4ae0-932e-476e7f1797d9 state=PENDING elapsed=100s — waiting …
2026-06-03 15:22:00 | DEBUG    | Task 346e978c-64ee-4ae0-932e-476e7f1797d9 state=PENDING elapsed=105s — waiting …
2026-06-03 15:22:05 | DEBUG    | Task 346e978c-64ee-4ae0-932e-476e7f1797d9 state=PENDING elapsed=110s — waiting …
2026-06-03 15:22:10 | DEBUG    | Task 346e978c-64ee-4ae0-932e-476e7f1797d9 state=PENDING elapsed=115s — waiting …
2026-06-03 15:22:15 | DEBUG    | Task 346e978c-64ee-4ae0-932e-476e7f1797d9 state=PENDING elapsed=120s — waiting …
2026-06-03 15:22:20 | DEBUG    | Task 346e978c-64ee-4ae0-932e-476e7f1797d9 state=PENDING elapsed=125s — waiting …
2026-06-03 15:22:25 | DEBUG    | Task 346e978c-64ee-4ae0-932e-476e7f1797d9 state=PENDING elapsed=130s — waiting …
2026-06-03 15:22:30 | DEBUG    | Task 346e978c-64ee-4ae0-932e-476e7f1797d9 state=PENDING elapsed=135s — waiting …
2026-06-03 15:22:35 | DEBUG    | Task 346e978c-64ee-4ae0-932e-476e7f1797d9 state=PENDING elapsed=140s — waiting …
2026-06-03 15:22:41 | DEBUG    | Task 346e978c-64ee-4ae0-932e-476e7f1797d9 state=PENDING elapsed=146s — waiting …
2026-06-03 15:22:46 | DEBUG    | Task 346e978c-64ee-4ae0-932e-476e7f1797d9 state=PENDING elapsed=151s — waiting …
2026-06-03 15:22:51 | DEBUG    | Task 346e978c-64ee-4ae0-932e-476e7f1797d9 state=PENDING elapsed=156s — waiting …
2026-06-03 15:22:56 | DEBUG    | Task 346e978c-64ee-4ae0-932e-476e7f1797d9 state=PENDING elapsed=161s — waiting …
2026-06-03 15:23:01 | DEBUG    | Task 346e978c-64ee-4ae0-932e-476e7f1797d9 state=PENDING elapsed=166s — waiting …
2026-06-03 15:23:06 | DEBUG    | Task 346e978c-64ee-4ae0-932e-476e7f1797d9 state=PENDING elapsed=171s — waiting …
2026-06-03 15:23:11 | DEBUG    | Task 346e978c-64ee-4ae0-932e-476e7f1797d9 state=PENDING elapsed=176s — waiting …
2026-06-03 15:23:16 | DEBUG    | Task 346e978c-64ee-4ae0-932e-476e7f1797d9 state=PENDING elapsed=181s — waiting …
2026-06-03 15:23:21 | DEBUG    | Task 346e978c-64ee-4ae0-932e-476e7f1797d9 state=PENDING elapsed=186s — waiting …
2026-06-03 15:23:26 | DEBUG    | Task 346e978c-64ee-4ae0-932e-476e7f1797d9 state=PENDING elapsed=191s — waiting …
2026-06-03 15:23:32 | DEBUG    | Task 346e978c-64ee-4ae0-932e-476e7f1797d9 state=PENDING elapsed=197s — waiting …
2026-06-03 15:23:37 | DEBUG    | Task 346e978c-64ee-4ae0-932e-476e7f1797d9 state=PENDING elapsed=202s — waiting …
2026-06-03 15:23:42 | DEBUG    | Task 346e978c-64ee-4ae0-932e-476e7f1797d9 state=PENDING elapsed=207s — waiting …
2026-06-03 15:23:47 | DEBUG    | Task 346e978c-64ee-4ae0-932e-476e7f1797d9 state=PENDING elapsed=212s — waiting …
2026-06-03 15:23:52 | DEBUG    | Task 346e978c-64ee-4ae0-932e-476e7f1797d9 state=PENDING elapsed=217s — waiting …
2026-06-03 15:23:57 | DEBUG    | Task 346e978c-64ee-4ae0-932e-476e7f1797d9 state=PENDING elapsed=222s — waiting …
2026-06-03 15:24:02 | DEBUG    | Task 346e978c-64ee-4ae0-932e-476e7f1797d9 state=PENDING elapsed=227s — waiting …
2026-06-03 15:24:07 | DEBUG    | Task 346e978c-64ee-4ae0-932e-476e7f1797d9 state=PENDING elapsed=232s — waiting …
2026-06-03 15:24:12 | DEBUG    | Task 346e978c-64ee-4ae0-932e-476e7f1797d9 state=PENDING elapsed=237s — waiting …
2026-06-03 15:24:17 | DEBUG    | Task 346e978c-64ee-4ae0-932e-476e7f1797d9 state=PENDING elapsed=242s — waiting …
2026-06-03 15:24:22 | DEBUG    | Task 346e978c-64ee-4ae0-932e-476e7f1797d9 state=PENDING elapsed=247s — waiting …
2026-06-03 15:24:27 | DEBUG    | Task 346e978c-64ee-4ae0-932e-476e7f1797d9 state=PENDING elapsed=252s — waiting …
2026-06-03 15:24:32 | DEBUG    | Task 346e978c-64ee-4ae0-932e-476e7f1797d9 state=PENDING elapsed=257s — waiting …
2026-06-03 15:24:37 | DEBUG    | Task 346e978c-64ee-4ae0-932e-476e7f1797d9 state=PENDING elapsed=262s — waiting …
2026-06-03 15:24:42 | DEBUG    | Task 346e978c-64ee-4ae0-932e-476e7f1797d9 state=PENDING elapsed=267s — waiting …
2026-06-03 15:24:47 | WARNING  | Task 346e978c-64ee-4ae0-932e-476e7f1797d9: 2 document(s) failed — ["57_36.pdf", "59_05.pdf"]
2026-06-03 15:24:47 | INFO     | Task 346e978c-64ee-4ae0-932e-476e7f1797d9 FINISHED in 272s
2026-06-03 15:24:47 | WARNING  | ⚠ batch 3/6 (16 files) partial: 2 doc(s) failed — ['57_36.pdf', '59_05.pdf']
2026-06-03 15:24:47 | INFO     | --- batch 4/6 (16 files) ---
2026-06-03 15:24:47 | DEBUG    |   Files: 59_09.pdf, 59_10.pdf, 59_11.pdf, 59_12.pdf, 59_13.pdf, 59_14.pdf, 59_15.pdf, 59_16.pdf, 59_17.pdf, 59_18.pdf, 59_19.pdf, 59_20.pdf, 59_21.pdf, 59_22.pdf, 60_00.pdf, 60_01.pdf
2026-06-03 15:24:48 | INFO     | Upload accepted → task_id=55717f01-b7d6-4c5d-a84f-27c71ab3bc77
2026-06-03 15:24:48 | DEBUG    | Task 55717f01-b7d6-4c5d-a84f-27c71ab3bc77 state=PENDING elapsed=0s — waiting …
2026-06-03 15:24:53 | DEBUG    | Task 55717f01-b7d6-4c5d-a84f-27c71ab3bc77 state=PENDING elapsed=5s — waiting …
2026-06-03 15:24:58 | DEBUG    | Task 55717f01-b7d6-4c5d-a84f-27c71ab3bc77 state=PENDING elapsed=10s — waiting …
2026-06-03 15:25:03 | DEBUG    | Task 55717f01-b7d6-4c5d-a84f-27c71ab3bc77 state=PENDING elapsed=15s — waiting …
2026-06-03 15:25:08 | DEBUG    | Task 55717f01-b7d6-4c5d-a84f-27c71ab3bc77 state=PENDING elapsed=20s — waiting …
2026-06-03 15:25:13 | DEBUG    | Task 55717f01-b7d6-4c5d-a84f-27c71ab3bc77 state=PENDING elapsed=25s — waiting …
2026-06-03 15:25:18 | DEBUG    | Task 55717f01-b7d6-4c5d-a84f-27c71ab3bc77 state=PENDING elapsed=30s — waiting …
2026-06-03 15:25:23 | DEBUG    | Task 55717f01-b7d6-4c5d-a84f-27c71ab3bc77 state=PENDING elapsed=35s — waiting …
2026-06-03 15:25:28 | DEBUG    | Task 55717f01-b7d6-4c5d-a84f-27c71ab3bc77 state=PENDING elapsed=40s — waiting …
2026-06-03 15:25:33 | DEBUG    | Task 55717f01-b7d6-4c5d-a84f-27c71ab3bc77 state=PENDING elapsed=45s — waiting …
2026-06-03 15:25:38 | DEBUG    | Task 55717f01-b7d6-4c5d-a84f-27c71ab3bc77 state=PENDING elapsed=50s — waiting …
2026-06-03 15:25:44 | DEBUG    | Task 55717f01-b7d6-4c5d-a84f-27c71ab3bc77 state=PENDING elapsed=55s — waiting …
2026-06-03 15:25:49 | DEBUG    | Task 55717f01-b7d6-4c5d-a84f-27c71ab3bc77 state=PENDING elapsed=60s — waiting …
2026-06-03 15:25:54 | DEBUG    | Task 55717f01-b7d6-4c5d-a84f-27c71ab3bc77 state=PENDING elapsed=65s — waiting …
2026-06-03 15:25:59 | DEBUG    | Task 55717f01-b7d6-4c5d-a84f-27c71ab3bc77 state=PENDING elapsed=70s — waiting …
2026-06-03 15:26:04 | DEBUG    | Task 55717f01-b7d6-4c5d-a84f-27c71ab3bc77 state=PENDING elapsed=75s — waiting …
2026-06-03 15:26:09 | DEBUG    | Task 55717f01-b7d6-4c5d-a84f-27c71ab3bc77 state=PENDING elapsed=80s — waiting …
2026-06-03 15:26:14 | DEBUG    | Task 55717f01-b7d6-4c5d-a84f-27c71ab3bc77 state=PENDING elapsed=85s — waiting …
2026-06-03 15:26:19 | DEBUG    | Task 55717f01-b7d6-4c5d-a84f-27c71ab3bc77 state=PENDING elapsed=90s — waiting …
2026-06-03 15:26:24 | DEBUG    | Task 55717f01-b7d6-4c5d-a84f-27c71ab3bc77 state=PENDING elapsed=95s — waiting …
2026-06-03 15:26:29 | DEBUG    | Task 55717f01-b7d6-4c5d-a84f-27c71ab3bc77 state=PENDING elapsed=100s — waiting …
2026-06-03 15:26:34 | DEBUG    | Task 55717f01-b7d6-4c5d-a84f-27c71ab3bc77 state=PENDING elapsed=105s — waiting …
2026-06-03 15:26:39 | DEBUG    | Task 55717f01-b7d6-4c5d-a84f-27c71ab3bc77 state=PENDING elapsed=110s — waiting …
2026-06-03 15:26:44 | DEBUG    | Task 55717f01-b7d6-4c5d-a84f-27c71ab3bc77 state=PENDING elapsed=115s — waiting …
2026-06-03 15:26:49 | DEBUG    | Task 55717f01-b7d6-4c5d-a84f-27c71ab3bc77 state=PENDING elapsed=121s — waiting …
2026-06-03 15:26:54 | DEBUG    | Task 55717f01-b7d6-4c5d-a84f-27c71ab3bc77 state=PENDING elapsed=126s — waiting …
2026-06-03 15:26:59 | DEBUG    | Task 55717f01-b7d6-4c5d-a84f-27c71ab3bc77 state=PENDING elapsed=131s — waiting …
2026-06-03 15:27:04 | DEBUG    | Task 55717f01-b7d6-4c5d-a84f-27c71ab3bc77 state=PENDING elapsed=136s — waiting …
2026-06-03 15:27:09 | DEBUG    | Task 55717f01-b7d6-4c5d-a84f-27c71ab3bc77 state=PENDING elapsed=141s — waiting …
2026-06-03 15:27:14 | DEBUG    | Task 55717f01-b7d6-4c5d-a84f-27c71ab3bc77 state=PENDING elapsed=146s — waiting …
2026-06-03 15:27:19 | DEBUG    | Task 55717f01-b7d6-4c5d-a84f-27c71ab3bc77 state=PENDING elapsed=151s — waiting …
2026-06-03 15:27:24 | DEBUG    | Task 55717f01-b7d6-4c5d-a84f-27c71ab3bc77 state=PENDING elapsed=156s — waiting …
2026-06-03 15:27:29 | DEBUG    | Task 55717f01-b7d6-4c5d-a84f-27c71ab3bc77 state=PENDING elapsed=161s — waiting …
2026-06-03 15:27:34 | DEBUG    | Task 55717f01-b7d6-4c5d-a84f-27c71ab3bc77 state=PENDING elapsed=166s — waiting …
2026-06-03 15:27:39 | DEBUG    | Task 55717f01-b7d6-4c5d-a84f-27c71ab3bc77 state=PENDING elapsed=171s — waiting …
2026-06-03 15:27:44 | DEBUG    | Task 55717f01-b7d6-4c5d-a84f-27c71ab3bc77 state=PENDING elapsed=176s — waiting …
2026-06-03 15:27:49 | DEBUG    | Task 55717f01-b7d6-4c5d-a84f-27c71ab3bc77 state=PENDING elapsed=181s — waiting …
2026-06-03 15:27:54 | DEBUG    | Task 55717f01-b7d6-4c5d-a84f-27c71ab3bc77 state=PENDING elapsed=186s — waiting …
2026-06-03 15:27:59 | DEBUG    | Task 55717f01-b7d6-4c5d-a84f-27c71ab3bc77 state=PENDING elapsed=191s — waiting …
2026-06-03 15:28:04 | DEBUG    | Task 55717f01-b7d6-4c5d-a84f-27c71ab3bc77 state=PENDING elapsed=196s — waiting …
2026-06-03 15:28:09 | DEBUG    | Task 55717f01-b7d6-4c5d-a84f-27c71ab3bc77 state=PENDING elapsed=201s — waiting …
2026-06-03 15:28:14 | DEBUG    | Task 55717f01-b7d6-4c5d-a84f-27c71ab3bc77 state=PENDING elapsed=206s — waiting …
2026-06-03 15:28:19 | DEBUG    | Task 55717f01-b7d6-4c5d-a84f-27c71ab3bc77 state=PENDING elapsed=211s — waiting …
2026-06-03 15:28:24 | DEBUG    | Task 55717f01-b7d6-4c5d-a84f-27c71ab3bc77 state=PENDING elapsed=216s — waiting …
2026-06-03 15:28:29 | DEBUG    | Task 55717f01-b7d6-4c5d-a84f-27c71ab3bc77 state=PENDING elapsed=221s — waiting …
2026-06-03 15:28:34 | DEBUG    | Task 55717f01-b7d6-4c5d-a84f-27c71ab3bc77 state=PENDING elapsed=226s — waiting …
2026-06-03 15:28:39 | DEBUG    | Task 55717f01-b7d6-4c5d-a84f-27c71ab3bc77 state=PENDING elapsed=231s — waiting …
2026-06-03 15:28:44 | DEBUG    | Task 55717f01-b7d6-4c5d-a84f-27c71ab3bc77 state=PENDING elapsed=236s — waiting …
2026-06-03 15:28:49 | DEBUG    | Task 55717f01-b7d6-4c5d-a84f-27c71ab3bc77 state=PENDING elapsed=241s — waiting …
2026-06-03 15:28:54 | DEBUG    | Task 55717f01-b7d6-4c5d-a84f-27c71ab3bc77 state=PENDING elapsed=246s — waiting …
2026-06-03 15:28:59 | DEBUG    | Task 55717f01-b7d6-4c5d-a84f-27c71ab3bc77 state=PENDING elapsed=251s — waiting …
2026-06-03 15:29:04 | DEBUG    | Task 55717f01-b7d6-4c5d-a84f-27c71ab3bc77 state=PENDING elapsed=256s — waiting …
2026-06-03 15:29:09 | DEBUG    | Task 55717f01-b7d6-4c5d-a84f-27c71ab3bc77 state=PENDING elapsed=261s — waiting …
2026-06-03 15:29:14 | DEBUG    | Task 55717f01-b7d6-4c5d-a84f-27c71ab3bc77 state=PENDING elapsed=266s — waiting …
2026-06-03 15:29:19 | DEBUG    | Task 55717f01-b7d6-4c5d-a84f-27c71ab3bc77 state=PENDING elapsed=271s — waiting …
2026-06-03 15:29:24 | DEBUG    | Task 55717f01-b7d6-4c5d-a84f-27c71ab3bc77 state=PENDING elapsed=276s — waiting …
2026-06-03 15:29:29 | DEBUG    | Task 55717f01-b7d6-4c5d-a84f-27c71ab3bc77 state=PENDING elapsed=281s — waiting …
2026-06-03 15:29:34 | DEBUG    | Task 55717f01-b7d6-4c5d-a84f-27c71ab3bc77 state=PENDING elapsed=286s — waiting …
2026-06-03 15:29:39 | DEBUG    | Task 55717f01-b7d6-4c5d-a84f-27c71ab3bc77 state=PENDING elapsed=291s — waiting …
2026-06-03 15:29:44 | DEBUG    | Task 55717f01-b7d6-4c5d-a84f-27c71ab3bc77 state=PENDING elapsed=296s — waiting …
2026-06-03 15:29:49 | DEBUG    | Task 55717f01-b7d6-4c5d-a84f-27c71ab3bc77 state=PENDING elapsed=301s — waiting …
2026-06-03 15:29:54 | DEBUG    | Task 55717f01-b7d6-4c5d-a84f-27c71ab3bc77 state=PENDING elapsed=306s — waiting …
2026-06-03 15:29:59 | DEBUG    | Task 55717f01-b7d6-4c5d-a84f-27c71ab3bc77 state=PENDING elapsed=311s — waiting …
2026-06-03 15:30:04 | DEBUG    | Task 55717f01-b7d6-4c5d-a84f-27c71ab3bc77 state=PENDING elapsed=316s — waiting …
2026-06-03 15:30:09 | DEBUG    | Task 55717f01-b7d6-4c5d-a84f-27c71ab3bc77 state=PENDING elapsed=321s — waiting …
2026-06-03 15:30:14 | DEBUG    | Task 55717f01-b7d6-4c5d-a84f-27c71ab3bc77 state=PENDING elapsed=326s — waiting …
2026-06-03 15:30:19 | DEBUG    | Task 55717f01-b7d6-4c5d-a84f-27c71ab3bc77 state=PENDING elapsed=331s — waiting …
2026-06-03 15:30:24 | DEBUG    | Task 55717f01-b7d6-4c5d-a84f-27c71ab3bc77 state=PENDING elapsed=336s — waiting …
2026-06-03 15:30:29 | DEBUG    | Task 55717f01-b7d6-4c5d-a84f-27c71ab3bc77 state=PENDING elapsed=341s — waiting …
2026-06-03 15:30:34 | DEBUG    | Task 55717f01-b7d6-4c5d-a84f-27c71ab3bc77 state=PENDING elapsed=346s — waiting …
2026-06-03 15:30:39 | DEBUG    | Task 55717f01-b7d6-4c5d-a84f-27c71ab3bc77 state=PENDING elapsed=351s — waiting …
2026-06-03 15:30:44 | DEBUG    | Task 55717f01-b7d6-4c5d-a84f-27c71ab3bc77 state=PENDING elapsed=356s — waiting …
2026-06-03 15:30:49 | INFO     | Task 55717f01-b7d6-4c5d-a84f-27c71ab3bc77 FINISHED in 361s
2026-06-03 15:30:49 | INFO     | ✅ batch 4/6 (16 files) complete
2026-06-03 15:30:49 | INFO     | --- batch 5/6 (16 files) ---
2026-06-03 15:30:49 | DEBUG    |   Files: 60_02.pdf, 60_03.pdf, 60_04.pdf, 60_05.pdf, 60_06.pdf, 60_07.pdf, 60_08.pdf, 60_09.pdf, 60_10.pdf, 60_11.pdf, 60_12.pdf, 60_13.pdf, 60_14.pdf, 60_15.pdf, 60_16.pdf, 60_17.pdf
2026-06-03 15:30:50 | INFO     | Upload accepted → task_id=630f872e-62e5-497d-9631-da7b7a873802
2026-06-03 15:30:50 | DEBUG    | Task 630f872e-62e5-497d-9631-da7b7a873802 state=PENDING elapsed=0s — waiting …
2026-06-03 15:30:55 | DEBUG    | Task 630f872e-62e5-497d-9631-da7b7a873802 state=PENDING elapsed=5s — waiting …
2026-06-03 15:31:00 | DEBUG    | Task 630f872e-62e5-497d-9631-da7b7a873802 state=PENDING elapsed=10s — waiting …
2026-06-03 15:31:05 | DEBUG    | Task 630f872e-62e5-497d-9631-da7b7a873802 state=PENDING elapsed=15s — waiting …
2026-06-03 15:31:10 | DEBUG    | Task 630f872e-62e5-497d-9631-da7b7a873802 state=PENDING elapsed=20s — waiting …
2026-06-03 15:31:15 | DEBUG    | Task 630f872e-62e5-497d-9631-da7b7a873802 state=PENDING elapsed=25s — waiting …
2026-06-03 15:31:20 | DEBUG    | Task 630f872e-62e5-497d-9631-da7b7a873802 state=PENDING elapsed=30s — waiting …
2026-06-03 15:31:25 | DEBUG    | Task 630f872e-62e5-497d-9631-da7b7a873802 state=PENDING elapsed=35s — waiting …
2026-06-03 15:31:30 | DEBUG    | Task 630f872e-62e5-497d-9631-da7b7a873802 state=PENDING elapsed=40s — waiting …
2026-06-03 15:31:35 | DEBUG    | Task 630f872e-62e5-497d-9631-da7b7a873802 state=PENDING elapsed=45s — waiting …
2026-06-03 15:31:40 | DEBUG    | Task 630f872e-62e5-497d-9631-da7b7a873802 state=PENDING elapsed=50s — waiting …
2026-06-03 15:31:45 | DEBUG    | Task 630f872e-62e5-497d-9631-da7b7a873802 state=PENDING elapsed=55s — waiting …
2026-06-03 15:31:50 | DEBUG    | Task 630f872e-62e5-497d-9631-da7b7a873802 state=PENDING elapsed=60s — waiting …
2026-06-03 15:31:55 | DEBUG    | Task 630f872e-62e5-497d-9631-da7b7a873802 state=PENDING elapsed=65s — waiting …
2026-06-03 15:32:00 | DEBUG    | Task 630f872e-62e5-497d-9631-da7b7a873802 state=PENDING elapsed=70s — waiting …
2026-06-03 15:32:05 | DEBUG    | Task 630f872e-62e5-497d-9631-da7b7a873802 state=PENDING elapsed=75s — waiting …
2026-06-03 15:32:10 | DEBUG    | Task 630f872e-62e5-497d-9631-da7b7a873802 state=PENDING elapsed=80s — waiting …
2026-06-03 15:32:15 | DEBUG    | Task 630f872e-62e5-497d-9631-da7b7a873802 state=PENDING elapsed=85s — waiting …
2026-06-03 15:32:20 | DEBUG    | Task 630f872e-62e5-497d-9631-da7b7a873802 state=PENDING elapsed=90s — waiting …
2026-06-03 15:32:25 | DEBUG    | Task 630f872e-62e5-497d-9631-da7b7a873802 state=PENDING elapsed=95s — waiting …
2026-06-03 15:32:30 | DEBUG    | Task 630f872e-62e5-497d-9631-da7b7a873802 state=PENDING elapsed=100s — waiting …
2026-06-03 15:32:35 | DEBUG    | Task 630f872e-62e5-497d-9631-da7b7a873802 state=PENDING elapsed=105s — waiting …
2026-06-03 15:32:40 | DEBUG    | Task 630f872e-62e5-497d-9631-da7b7a873802 state=PENDING elapsed=110s — waiting …
2026-06-03 15:32:45 | DEBUG    | Task 630f872e-62e5-497d-9631-da7b7a873802 state=PENDING elapsed=115s — waiting …
2026-06-03 15:32:50 | DEBUG    | Task 630f872e-62e5-497d-9631-da7b7a873802 state=PENDING elapsed=120s — waiting …
2026-06-03 15:32:55 | DEBUG    | Task 630f872e-62e5-497d-9631-da7b7a873802 state=PENDING elapsed=125s — waiting …
2026-06-03 15:33:00 | DEBUG    | Task 630f872e-62e5-497d-9631-da7b7a873802 state=PENDING elapsed=130s — waiting …
2026-06-03 15:33:05 | DEBUG    | Task 630f872e-62e5-497d-9631-da7b7a873802 state=PENDING elapsed=135s — waiting …
2026-06-03 15:33:10 | DEBUG    | Task 630f872e-62e5-497d-9631-da7b7a873802 state=PENDING elapsed=140s — waiting …
2026-06-03 15:33:15 | DEBUG    | Task 630f872e-62e5-497d-9631-da7b7a873802 state=PENDING elapsed=145s — waiting …
2026-06-03 15:33:20 | DEBUG    | Task 630f872e-62e5-497d-9631-da7b7a873802 state=PENDING elapsed=150s — waiting …
2026-06-03 15:33:25 | DEBUG    | Task 630f872e-62e5-497d-9631-da7b7a873802 state=PENDING elapsed=155s — waiting …
2026-06-03 15:33:30 | DEBUG    | Task 630f872e-62e5-497d-9631-da7b7a873802 state=PENDING elapsed=160s — waiting …
2026-06-03 15:33:35 | DEBUG    | Task 630f872e-62e5-497d-9631-da7b7a873802 state=PENDING elapsed=165s — waiting …
2026-06-03 15:33:40 | DEBUG    | Task 630f872e-62e5-497d-9631-da7b7a873802 state=PENDING elapsed=170s — waiting …
2026-06-03 15:33:45 | DEBUG    | Task 630f872e-62e5-497d-9631-da7b7a873802 state=PENDING elapsed=175s — waiting …
2026-06-03 15:33:50 | DEBUG    | Task 630f872e-62e5-497d-9631-da7b7a873802 state=PENDING elapsed=180s — waiting …
2026-06-03 15:33:55 | DEBUG    | Task 630f872e-62e5-497d-9631-da7b7a873802 state=PENDING elapsed=185s — waiting …
2026-06-03 15:34:00 | DEBUG    | Task 630f872e-62e5-497d-9631-da7b7a873802 state=PENDING elapsed=190s — waiting …
2026-06-03 15:34:05 | DEBUG    | Task 630f872e-62e5-497d-9631-da7b7a873802 state=PENDING elapsed=195s — waiting …
2026-06-03 15:34:10 | DEBUG    | Task 630f872e-62e5-497d-9631-da7b7a873802 state=PENDING elapsed=200s — waiting …
2026-06-03 15:34:15 | DEBUG    | Task 630f872e-62e5-497d-9631-da7b7a873802 state=PENDING elapsed=205s — waiting …
2026-06-03 15:34:20 | DEBUG    | Task 630f872e-62e5-497d-9631-da7b7a873802 state=PENDING elapsed=210s — waiting …
2026-06-03 15:34:25 | DEBUG    | Task 630f872e-62e5-497d-9631-da7b7a873802 state=PENDING elapsed=215s — waiting …
2026-06-03 15:34:30 | DEBUG    | Task 630f872e-62e5-497d-9631-da7b7a873802 state=PENDING elapsed=220s — waiting …
2026-06-03 15:34:35 | DEBUG    | Task 630f872e-62e5-497d-9631-da7b7a873802 state=PENDING elapsed=225s — waiting …
2026-06-03 15:34:40 | DEBUG    | Task 630f872e-62e5-497d-9631-da7b7a873802 state=PENDING elapsed=230s — waiting …
2026-06-03 15:34:45 | DEBUG    | Task 630f872e-62e5-497d-9631-da7b7a873802 state=PENDING elapsed=235s — waiting …
2026-06-03 15:34:50 | DEBUG    | Task 630f872e-62e5-497d-9631-da7b7a873802 state=PENDING elapsed=240s — waiting …
2026-06-03 15:34:55 | DEBUG    | Task 630f872e-62e5-497d-9631-da7b7a873802 state=PENDING elapsed=245s — waiting …
2026-06-03 15:35:00 | DEBUG    | Task 630f872e-62e5-497d-9631-da7b7a873802 state=PENDING elapsed=250s — waiting …
2026-06-03 15:35:05 | DEBUG    | Task 630f872e-62e5-497d-9631-da7b7a873802 state=PENDING elapsed=255s — waiting …
2026-06-03 15:35:10 | DEBUG    | Task 630f872e-62e5-497d-9631-da7b7a873802 state=PENDING elapsed=260s — waiting …
2026-06-03 15:35:15 | DEBUG    | Task 630f872e-62e5-497d-9631-da7b7a873802 state=PENDING elapsed=265s — waiting …
2026-06-03 15:35:20 | DEBUG    | Task 630f872e-62e5-497d-9631-da7b7a873802 state=PENDING elapsed=270s — waiting …
2026-06-03 15:35:25 | DEBUG    | Task 630f872e-62e5-497d-9631-da7b7a873802 state=PENDING elapsed=275s — waiting …
2026-06-03 15:35:30 | DEBUG    | Task 630f872e-62e5-497d-9631-da7b7a873802 state=PENDING elapsed=280s — waiting …
2026-06-03 15:35:45 | DEBUG    | Task 630f872e-62e5-497d-9631-da7b7a873802 state=PENDING elapsed=295s — waiting …
2026-06-03 15:35:50 | DEBUG    | Task 630f872e-62e5-497d-9631-da7b7a873802 state=PENDING elapsed=300s — waiting …
2026-06-03 15:35:55 | DEBUG    | Task 630f872e-62e5-497d-9631-da7b7a873802 state=PENDING elapsed=305s — waiting …
2026-06-03 15:36:00 | DEBUG    | Task 630f872e-62e5-497d-9631-da7b7a873802 state=PENDING elapsed=310s — waiting …
2026-06-03 15:36:05 | DEBUG    | Task 630f872e-62e5-497d-9631-da7b7a873802 state=PENDING elapsed=315s — waiting …
2026-06-03 15:36:10 | DEBUG    | Task 630f872e-62e5-497d-9631-da7b7a873802 state=PENDING elapsed=320s — waiting …
2026-06-03 15:36:15 | DEBUG    | Task 630f872e-62e5-497d-9631-da7b7a873802 state=PENDING elapsed=325s — waiting …
2026-06-03 15:36:20 | DEBUG    | Task 630f872e-62e5-497d-9631-da7b7a873802 state=PENDING elapsed=330s — waiting …
2026-06-03 15:36:25 | DEBUG    | Task 630f872e-62e5-497d-9631-da7b7a873802 state=PENDING elapsed=335s — waiting …
2026-06-03 15:36:30 | DEBUG    | Task 630f872e-62e5-497d-9631-da7b7a873802 state=PENDING elapsed=340s — waiting …
2026-06-03 15:36:35 | DEBUG    | Task 630f872e-62e5-497d-9631-da7b7a873802 state=PENDING elapsed=345s — waiting …
2026-06-03 15:36:40 | DEBUG    | Task 630f872e-62e5-497d-9631-da7b7a873802 state=PENDING elapsed=350s — waiting …
2026-06-03 15:36:45 | DEBUG    | Task 630f872e-62e5-497d-9631-da7b7a873802 state=PENDING elapsed=355s — waiting …
2026-06-03 15:36:50 | DEBUG    | Task 630f872e-62e5-497d-9631-da7b7a873802 state=PENDING elapsed=360s — waiting …
2026-06-03 15:36:55 | DEBUG    | Task 630f872e-62e5-497d-9631-da7b7a873802 state=PENDING elapsed=365s — waiting …
2026-06-03 15:37:00 | DEBUG    | Task 630f872e-62e5-497d-9631-da7b7a873802 state=PENDING elapsed=370s — waiting …
2026-06-03 15:37:05 | DEBUG    | Task 630f872e-62e5-497d-9631-da7b7a873802 state=PENDING elapsed=375s — waiting …
2026-06-03 15:37:10 | DEBUG    | Task 630f872e-62e5-497d-9631-da7b7a873802 state=PENDING elapsed=380s — waiting …
2026-06-03 15:37:15 | DEBUG    | Task 630f872e-62e5-497d-9631-da7b7a873802 state=PENDING elapsed=385s — waiting …
2026-06-03 15:37:20 | DEBUG    | Task 630f872e-62e5-497d-9631-da7b7a873802 state=PENDING elapsed=390s — waiting …
2026-06-03 15:37:25 | DEBUG    | Task 630f872e-62e5-497d-9631-da7b7a873802 state=PENDING elapsed=395s — waiting …
2026-06-03 15:37:30 | DEBUG    | Task 630f872e-62e5-497d-9631-da7b7a873802 state=PENDING elapsed=400s — waiting …
2026-06-03 15:37:35 | DEBUG    | Task 630f872e-62e5-497d-9631-da7b7a873802 state=PENDING elapsed=406s — waiting …
2026-06-03 15:37:40 | DEBUG    | Task 630f872e-62e5-497d-9631-da7b7a873802 state=PENDING elapsed=411s — waiting …
2026-06-03 15:37:45 | DEBUG    | Task 630f872e-62e5-497d-9631-da7b7a873802 state=PENDING elapsed=416s — waiting …
2026-06-03 15:37:50 | DEBUG    | Task 630f872e-62e5-497d-9631-da7b7a873802 state=PENDING elapsed=421s — waiting …
2026-06-03 15:37:55 | DEBUG    | Task 630f872e-62e5-497d-9631-da7b7a873802 state=PENDING elapsed=426s — waiting …
2026-06-03 15:38:00 | DEBUG    | Task 630f872e-62e5-497d-9631-da7b7a873802 state=PENDING elapsed=431s — waiting …
2026-06-03 15:38:05 | DEBUG    | Task 630f872e-62e5-497d-9631-da7b7a873802 state=PENDING elapsed=436s — waiting …
2026-06-03 15:38:10 | DEBUG    | Task 630f872e-62e5-497d-9631-da7b7a873802 state=PENDING elapsed=441s — waiting …
2026-06-03 15:38:15 | DEBUG    | Task 630f872e-62e5-497d-9631-da7b7a873802 state=PENDING elapsed=446s — waiting …
2026-06-03 15:38:20 | DEBUG    | Task 630f872e-62e5-497d-9631-da7b7a873802 state=PENDING elapsed=451s — waiting …
2026-06-03 15:38:25 | DEBUG    | Task 630f872e-62e5-497d-9631-da7b7a873802 state=PENDING elapsed=456s — waiting …
2026-06-03 15:38:30 | DEBUG    | Task 630f872e-62e5-497d-9631-da7b7a873802 state=PENDING elapsed=461s — waiting …
2026-06-03 15:38:35 | DEBUG    | Task 630f872e-62e5-497d-9631-da7b7a873802 state=PENDING elapsed=466s — waiting …
2026-06-03 15:38:40 | DEBUG    | Task 630f872e-62e5-497d-9631-da7b7a873802 state=PENDING elapsed=471s — waiting …
2026-06-03 15:38:45 | DEBUG    | Task 630f872e-62e5-497d-9631-da7b7a873802 state=PENDING elapsed=476s — waiting …
2026-06-03 15:38:50 | DEBUG    | Task 630f872e-62e5-497d-9631-da7b7a873802 state=PENDING elapsed=481s — waiting …
2026-06-03 15:38:55 | DEBUG    | Task 630f872e-62e5-497d-9631-da7b7a873802 state=PENDING elapsed=486s — waiting …
2026-06-03 15:39:00 | DEBUG    | Task 630f872e-62e5-497d-9631-da7b7a873802 state=PENDING elapsed=491s — waiting …
2026-06-03 15:39:05 | DEBUG    | Task 630f872e-62e5-497d-9631-da7b7a873802 state=PENDING elapsed=496s — waiting …
2026-06-03 15:39:10 | DEBUG    | Task 630f872e-62e5-497d-9631-da7b7a873802 state=PENDING elapsed=501s — waiting …
2026-06-03 15:39:15 | DEBUG    | Task 630f872e-62e5-497d-9631-da7b7a873802 state=PENDING elapsed=506s — waiting …
2026-06-03 15:39:20 | DEBUG    | Task 630f872e-62e5-497d-9631-da7b7a873802 state=PENDING elapsed=511s — waiting …
2026-06-03 15:39:25 | DEBUG    | Task 630f872e-62e5-497d-9631-da7b7a873802 state=PENDING elapsed=516s — waiting …
2026-06-03 15:39:30 | DEBUG    | Task 630f872e-62e5-497d-9631-da7b7a873802 state=PENDING elapsed=521s — waiting …
2026-06-03 15:39:35 | DEBUG    | Task 630f872e-62e5-497d-9631-da7b7a873802 state=PENDING elapsed=526s — waiting …
2026-06-03 15:39:40 | DEBUG    | Task 630f872e-62e5-497d-9631-da7b7a873802 state=PENDING elapsed=531s — waiting …
2026-06-03 15:39:45 | DEBUG    | Task 630f872e-62e5-497d-9631-da7b7a873802 state=PENDING elapsed=536s — waiting …
2026-06-03 15:39:50 | DEBUG    | Task 630f872e-62e5-497d-9631-da7b7a873802 state=PENDING elapsed=541s — waiting …
2026-06-03 15:39:55 | DEBUG    | Task 630f872e-62e5-497d-9631-da7b7a873802 state=PENDING elapsed=546s — waiting …
2026-06-03 15:40:00 | DEBUG    | Task 630f872e-62e5-497d-9631-da7b7a873802 state=PENDING elapsed=551s — waiting …
2026-06-03 15:40:05 | DEBUG    | Task 630f872e-62e5-497d-9631-da7b7a873802 state=PENDING elapsed=556s — waiting …
2026-06-03 15:40:11 | DEBUG    | Task 630f872e-62e5-497d-9631-da7b7a873802 state=PENDING elapsed=561s — waiting …
2026-06-03 15:40:16 | DEBUG    | Task 630f872e-62e5-497d-9631-da7b7a873802 state=PENDING elapsed=566s — waiting …
2026-06-03 15:40:21 | DEBUG    | Task 630f872e-62e5-497d-9631-da7b7a873802 state=PENDING elapsed=571s — waiting …
2026-06-03 15:40:26 | DEBUG    | Task 630f872e-62e5-497d-9631-da7b7a873802 state=PENDING elapsed=576s — waiting …
2026-06-03 15:40:31 | DEBUG    | Task 630f872e-62e5-497d-9631-da7b7a873802 state=PENDING elapsed=581s — waiting …
2026-06-03 15:40:36 | DEBUG    | Task 630f872e-62e5-497d-9631-da7b7a873802 state=PENDING elapsed=586s — waiting …
2026-06-03 15:40:41 | DEBUG    | Task 630f872e-62e5-497d-9631-da7b7a873802 state=PENDING elapsed=591s — waiting …
2026-06-03 15:40:46 | DEBUG    | Task 630f872e-62e5-497d-9631-da7b7a873802 state=PENDING elapsed=596s — waiting …
2026-06-03 15:40:51 | DEBUG    | Task 630f872e-62e5-497d-9631-da7b7a873802 state=PENDING elapsed=601s — waiting …
2026-06-03 15:40:56 | DEBUG    | Task 630f872e-62e5-497d-9631-da7b7a873802 state=PENDING elapsed=606s — waiting …
2026-06-03 15:41:01 | DEBUG    | Task 630f872e-62e5-497d-9631-da7b7a873802 state=PENDING elapsed=611s — waiting …
2026-06-03 15:41:06 | WARNING  | Task 630f872e-62e5-497d-9631-da7b7a873802: 1 document(s) failed — ["60_15.pdf"]
2026-06-03 15:41:06 | INFO     | Task 630f872e-62e5-497d-9631-da7b7a873802 FINISHED in 616s
2026-06-03 15:41:06 | WARNING  | ⚠ batch 5/6 (16 files) partial: 1 doc(s) failed — ['60_15.pdf']
2026-06-03 15:41:06 | INFO     | --- batch 6/6 (13 files) ---
2026-06-03 15:41:06 | DEBUG    |   Files: 60_18.pdf, 60_19.pdf, 60_20.pdf, 60_21.pdf, 60_22.pdf, 60_23.pdf, 60_24.pdf, 60_25.pdf, 60_26.pdf, 60_27.pdf, 60_28.pdf, 60_29.pdf, 60_30.pdf
2026-06-03 15:41:07 | INFO     | Upload accepted → task_id=16bf87a1-59fe-4215-bc7b-93a0595e8c37
2026-06-03 15:41:07 | DEBUG    | Task 16bf87a1-59fe-4215-bc7b-93a0595e8c37 state=PENDING elapsed=0s — waiting …
2026-06-03 15:41:12 | DEBUG    | Task 16bf87a1-59fe-4215-bc7b-93a0595e8c37 state=PENDING elapsed=5s — waiting …
2026-06-03 15:41:17 | DEBUG    | Task 16bf87a1-59fe-4215-bc7b-93a0595e8c37 state=PENDING elapsed=10s — waiting …
2026-06-03 15:41:22 | DEBUG    | Task 16bf87a1-59fe-4215-bc7b-93a0595e8c37 state=PENDING elapsed=15s — waiting …
2026-06-03 15:41:27 | DEBUG    | Task 16bf87a1-59fe-4215-bc7b-93a0595e8c37 state=PENDING elapsed=20s — waiting …
2026-06-03 15:41:32 | DEBUG    | Task 16bf87a1-59fe-4215-bc7b-93a0595e8c37 state=PENDING elapsed=25s — waiting …
2026-06-03 15:41:37 | DEBUG    | Task 16bf87a1-59fe-4215-bc7b-93a0595e8c37 state=PENDING elapsed=30s — waiting …
2026-06-03 15:41:42 | DEBUG    | Task 16bf87a1-59fe-4215-bc7b-93a0595e8c37 state=PENDING elapsed=35s — waiting …
2026-06-03 15:41:47 | DEBUG    | Task 16bf87a1-59fe-4215-bc7b-93a0595e8c37 state=PENDING elapsed=40s — waiting …
2026-06-03 15:42:20 | DEBUG    | Task 16bf87a1-59fe-4215-bc7b-93a0595e8c37 state=PENDING elapsed=73s — waiting …
2026-06-03 15:42:27 | DEBUG    | Task 16bf87a1-59fe-4215-bc7b-93a0595e8c37 state=PENDING elapsed=80s — waiting …
2026-06-03 15:42:32 | DEBUG    | Task 16bf87a1-59fe-4215-bc7b-93a0595e8c37 state=PENDING elapsed=85s — waiting …
2026-06-03 15:42:37 | DEBUG    | Task 16bf87a1-59fe-4215-bc7b-93a0595e8c37 state=PENDING elapsed=90s — waiting …
2026-06-03 15:42:42 | DEBUG    | Task 16bf87a1-59fe-4215-bc7b-93a0595e8c37 state=PENDING elapsed=95s — waiting …
2026-06-03 15:42:48 | DEBUG    | Task 16bf87a1-59fe-4215-bc7b-93a0595e8c37 state=PENDING elapsed=101s — waiting …
2026-06-03 15:42:54 | DEBUG    | Task 16bf87a1-59fe-4215-bc7b-93a0595e8c37 state=PENDING elapsed=108s — waiting …
2026-06-03 15:43:01 | WARNING  | Task 16bf87a1-59fe-4215-bc7b-93a0595e8c37: 1 document(s) failed — ["60_23.pdf"]
2026-06-03 15:43:01 | INFO     | Task 16bf87a1-59fe-4215-bc7b-93a0595e8c37 FINISHED in 115s
2026-06-03 15:43:01 | WARNING  | ⚠ batch 6/6 (13 files) partial: 1 doc(s) failed — ['60_23.pdf']
2026-06-03 15:43:01 | ERROR    | === PARTIAL FAILURE  ok=87  failed=6  skipped=0 ===
