INFO:    Environment variable SINGULARITY_TMPDIR is set, but APPTAINER_TMPDIR is preferred
[WARN  tini (3724070)] Tini is not running as PID 1 .
Zombie processes will not be re-parented to Tini, so zombie reaping won't work.
To fix the problem, run Tini as PID 1.
[2026-06-05 11:06:05 -0300] [3724130] [INFO] Starting gunicorn 23.0.0
[2026-06-05 11:06:05 -0300] [3724130] [INFO] Listening at: http://0.0.0.0:7670 (3724130)
[2026-06-05 11:06:05 -0300] [3724130] [INFO] Using worker: uvicorn.workers.UvicornWorker
[2026-06-05 11:06:05 -0300] [3724141] [INFO] Booting worker with pid: 3724141
[2026-06-05 11:06:05 -0300] [3724142] [INFO] Booting worker with pid: 3724142
[2026-06-05 11:06:05 -0300] [3724143] [INFO] Booting worker with pid: 3724143
[2026-06-05 11:06:05 -0300] [3724144] [INFO] Booting worker with pid: 3724144
[2026-06-05 11:06:05 -0300] [3724145] [INFO] Booting worker with pid: 3724145
[2026-06-05 11:06:05 -0300] [3724146] [INFO] Booting worker with pid: 3724146
[2026-06-05 11:06:05 -0300] [3724148] [INFO] Booting worker with pid: 3724148
[2026-06-05 11:06:05 -0300] [3724162] [INFO] Booting worker with pid: 3724162
[2026-06-05 11:06:06 -0300] [3724163] [INFO] Booting worker with pid: 3724163
[2026-06-05 11:06:06 -0300] [3724164] [INFO] Booting worker with pid: 3724164
[2026-06-05 11:06:06 -0300] [3724169] [INFO] Booting worker with pid: 3724169
[2026-06-05 11:06:06 -0300] [3724170] [INFO] Booting worker with pid: 3724170
[2026-06-05 11:06:06 -0300] [3724175] [INFO] Booting worker with pid: 3724175
[2026-06-05 11:06:06 -0300] [3724184] [INFO] Booting worker with pid: 3724184
[2026-06-05 11:06:06 -0300] [3724666] [INFO] Booting worker with pid: 3724666
[2026-06-05 11:06:06 -0300] [3724667] [INFO] Booting worker with pid: 3724667
[2026-06-05 11:06:06 -0300] [3724717] [INFO] Booting worker with pid: 3724717
[2026-06-05 11:06:06 -0300] [3724718] [INFO] Booting worker with pid: 3724718
[2026-06-05 11:06:06 -0300] [3724741] [INFO] Booting worker with pid: 3724741
[2026-06-05 11:06:06 -0300] [3724767] [INFO] Booting worker with pid: 3724767
[2026-06-05 11:06:06 -0300] [3724768] [INFO] Booting worker with pid: 3724768
[2026-06-05 11:06:06 -0300] [3724822] [INFO] Booting worker with pid: 3724822
[2026-06-05 11:06:06 -0300] [3724837] [INFO] Booting worker with pid: 3724837
[2026-06-05 11:06:07 -0300] [3724933] [INFO] Booting worker with pid: 3724933
[2026-06-05 11:06:07 -0300] [3724989] [INFO] Booting worker with pid: 3724989
[2026-06-05 11:06:07 -0300] [3725053] [INFO] Booting worker with pid: 3725053
[2026-06-05 11:06:07 -0300] [3725118] [INFO] Booting worker with pid: 3725118
[2026-06-05 11:06:07 -0300] [3725251] [INFO] Booting worker with pid: 3725251
[2026-06-05 11:06:07 -0300] [3725278] [INFO] Booting worker with pid: 3725278
[2026-06-05 11:06:07 -0300] [3725318] [INFO] Booting worker with pid: 3725318
[2026-06-05 11:06:07 -0300] [3725413] [INFO] Booting worker with pid: 3725413
[2026-06-05 11:06:07 -0300] [3725478] [INFO] Booting worker with pid: 3725478
[2026-06-05 11:06:07 -0300] [3724144] [INFO] Started server process [3724144]
[2026-06-05 11:06:07 -0300] [3724170] [INFO] Started server process [3724170]
[2026-06-05 11:06:07 -0300] [3724143] [INFO] Started server process [3724143]
[2026-06-05 11:06:07 -0300] [3724144] [INFO] Waiting for application startup.
[2026-06-05 11:06:07 -0300] [3724170] [INFO] Waiting for application startup.
[2026-06-05 11:06:07 -0300] [3724143] [INFO] Waiting for application startup.
[2026-06-05 11:06:07 -0300] [3724146] [INFO] Started server process [3724146]
[2026-06-05 11:06:07 -0300] [3724146] [INFO] Waiting for application startup.
[2026-06-05 11:06:07 -0300] [3724163] [INFO] Started server process [3724163]
[2026-06-05 11:06:07 -0300] [3724163] [INFO] Waiting for application startup.
[2026-06-05 11:06:07 -0300] [3724148] [INFO] Started server process [3724148]
[2026-06-05 11:06:07 -0300] [3724148] [INFO] Waiting for application startup.
[2026-06-05 11:06:07 -0300] [3724145] [INFO] Started server process [3724145]
[2026-06-05 11:06:07 -0300] [3724145] [INFO] Waiting for application startup.
[2026-06-05 11:06:07 -0300] [3724184] [INFO] Started server process [3724184]
[2026-06-05 11:06:07 -0300] [3724184] [INFO] Waiting for application startup.
[2026-06-05 11:06:07 -0300] [3724170] [INFO] Application startup complete.
[2026-06-05 11:06:07 -0300] [3724144] [INFO] Application startup complete.
[2026-06-05 11:06:07 -0300] [3724146] [INFO] Application startup complete.
[2026-06-05 11:06:07 -0300] [3724145] [INFO] Application startup complete.
[2026-06-05 11:06:07 -0300] [3724163] [INFO] Application startup complete.
[2026-06-05 11:06:07 -0300] [3724148] [INFO] Application startup complete.
[2026-06-05 11:06:07 -0300] [3724141] [INFO] Started server process [3724141]
[2026-06-05 11:06:07 -0300] [3724141] [INFO] Waiting for application startup.
[2026-06-05 11:06:07 -0300] [3724184] [INFO] Application startup complete.
[2026-06-05 11:06:07 -0300] [3724141] [INFO] Application startup complete.
[2026-06-05 11:06:07 -0300] [3724162] [INFO] Started server process [3724162]
[2026-06-05 11:06:07 -0300] [3724162] [INFO] Waiting for application startup.
[2026-06-05 11:06:07 -0300] [3724162] [INFO] Application startup complete.
[2026-06-05 11:06:07 -0300] [3724143] [INFO] Application startup complete.
[2026-06-05 11:06:07 -0300] [3724164] [INFO] Started server process [3724164]
[2026-06-05 11:06:07 -0300] [3724164] [INFO] Waiting for application startup.
[2026-06-05 11:06:07 -0300] [3724169] [INFO] Started server process [3724169]
[2026-06-05 11:06:07 -0300] [3724169] [INFO] Waiting for application startup.
[2026-06-05 11:06:07 -0300] [3724169] [INFO] Application startup complete.
[2026-06-05 11:06:07 -0300] [3724175] [INFO] Started server process [3724175]
[2026-06-05 11:06:07 -0300] [3724175] [INFO] Waiting for application startup.
[2026-06-05 11:06:07 -0300] [3724164] [INFO] Application startup complete.
[2026-06-05 11:06:07 -0300] [3724175] [INFO] Application startup complete.
[2026-06-05 11:06:07 -0300] [3724142] [INFO] Started server process [3724142]
[2026-06-05 11:06:07 -0300] [3724142] [INFO] Waiting for application startup.
[2026-06-05 11:06:07 -0300] [3724142] [INFO] Application startup complete.
[2026-06-05 11:06:07 -0300] [3724667] [INFO] Started server process [3724667]
[2026-06-05 11:06:07 -0300] [3724667] [INFO] Waiting for application startup.
[2026-06-05 11:06:07 -0300] [3724667] [INFO] Application startup complete.
[2026-06-05 11:06:07 -0300] [3724666] [INFO] Started server process [3724666]
[2026-06-05 11:06:07 -0300] [3724666] [INFO] Waiting for application startup.
[2026-06-05 11:06:07 -0300] [3724666] [INFO] Application startup complete.
[2026-06-05 11:06:07 -0300] [3724717] [INFO] Started server process [3724717]
[2026-06-05 11:06:07 -0300] [3724717] [INFO] Waiting for application startup.
[2026-06-05 11:06:07 -0300] [3724717] [INFO] Application startup complete.
[2026-06-05 11:06:07 -0300] [3724768] [INFO] Started server process [3724768]
[2026-06-05 11:06:07 -0300] [3724768] [INFO] Waiting for application startup.
[2026-06-05 11:06:07 -0300] [3724768] [INFO] Application startup complete.
[2026-06-05 11:06:08 -0300] [3724718] [INFO] Started server process [3724718]
[2026-06-05 11:06:08 -0300] [3724718] [INFO] Waiting for application startup.
[2026-06-05 11:06:08 -0300] [3724718] [INFO] Application startup complete.
[2026-06-05 11:06:08 -0300] [3724767] [INFO] Started server process [3724767]
[2026-06-05 11:06:08 -0300] [3724767] [INFO] Waiting for application startup.
[2026-06-05 11:06:08 -0300] [3724741] [INFO] Started server process [3724741]
[2026-06-05 11:06:08 -0300] [3724741] [INFO] Waiting for application startup.
[2026-06-05 11:06:08 -0300] [3724767] [INFO] Application startup complete.
[2026-06-05 11:06:08 -0300] [3724741] [INFO] Application startup complete.
[2026-06-05 11:06:08 -0300] [3724837] [INFO] Started server process [3724837]
[2026-06-05 11:06:08 -0300] [3724837] [INFO] Waiting for application startup.
[2026-06-05 11:06:08 -0300] [3724837] [INFO] Application startup complete.
[2026-06-05 11:06:08 -0300] [3724822] [INFO] Started server process [3724822]
[2026-06-05 11:06:08 -0300] [3724822] [INFO] Waiting for application startup.
[2026-06-05 11:06:08 -0300] [3724822] [INFO] Application startup complete.
[2026-06-05 11:06:08 -0300] [3724933] [INFO] Started server process [3724933]
[2026-06-05 11:06:08 -0300] [3724933] [INFO] Waiting for application startup.
[2026-06-05 11:06:08 -0300] [3724933] [INFO] Application startup complete.
[2026-06-05 11:06:08 -0300] [3725053] [INFO] Started server process [3725053]
[2026-06-05 11:06:08 -0300] [3725053] [INFO] Waiting for application startup.
[2026-06-05 11:06:08 -0300] [3725053] [INFO] Application startup complete.
[2026-06-05 11:06:08 -0300] [3724989] [INFO] Started server process [3724989]
[2026-06-05 11:06:08 -0300] [3724989] [INFO] Waiting for application startup.
[2026-06-05 11:06:08 -0300] [3724989] [INFO] Application startup complete.
[2026-06-05 11:06:08 -0300] [3725118] [INFO] Started server process [3725118]
[2026-06-05 11:06:08 -0300] [3725118] [INFO] Waiting for application startup.
[2026-06-05 11:06:08 -0300] [3725278] [INFO] Started server process [3725278]
[2026-06-05 11:06:08 -0300] [3725278] [INFO] Waiting for application startup.
[2026-06-05 11:06:08 -0300] [3725118] [INFO] Application startup complete.
[2026-06-05 11:06:08 -0300] [3725278] [INFO] Application startup complete.
[2026-06-05 11:06:08 -0300] [3725251] [INFO] Started server process [3725251]
[2026-06-05 11:06:08 -0300] [3725251] [INFO] Waiting for application startup.
[2026-06-05 11:06:08 -0300] [3725251] [INFO] Application startup complete.
[2026-06-05 11:06:08 -0300] [3725318] [INFO] Started server process [3725318]
[2026-06-05 11:06:08 -0300] [3725318] [INFO] Waiting for application startup.
[2026-06-05 11:06:08 -0300] [3725318] [INFO] Application startup complete.
[2026-06-05 11:06:08 -0300] [3725413] [INFO] Started server process [3725413]
[2026-06-05 11:06:08 -0300] [3725413] [INFO] Waiting for application startup.
[2026-06-05 11:06:08 -0300] [3725413] [INFO] Application startup complete.
[2026-06-05 11:06:08 -0300] [3725478] [INFO] Started server process [3725478]
[2026-06-05 11:06:08 -0300] [3725478] [INFO] Waiting for application startup.
[2026-06-05 11:06:08 -0300] [3725478] [INFO] Application startup complete.
None of PyTorch, TensorFlow >= 2.0, or Flax have been found. Models won't be available and only tokenizers, configuration and file/data utilities can be used.
INFO:nv_ingest_api.util.system.hardware_info:Detected 48 logical cores via psutil.
INFO:nv_ingest_api.util.system.hardware_info:Detected 48 physical cores via psutil.
INFO:nv_ingest_api.util.system.hardware_info:Detected 48 cores via os.sched_getaffinity.
INFO:nv_ingest_api.util.system.hardware_info:Raw CPU limit determined: 48.00 (Method: sched_affinity)
INFO:nv_ingest_api.util.system.hardware_info:Effective CPU core limit determined: 48.00 (Method: sched_affinity)
2026-06-05 11:06:14,519 - INFO - __main__ - Log level overridden by CLI to INFO
2026-06-05 11:06:14,519 - INFO - __main__ - Configuration loaded and validated.
2026-06-05 11:06:14,519 - INFO - nv_ingest.framework.orchestration.ray.util.pipeline.pipeline_runners - Starting pipeline setup
2026-06-05 11:06:14,519 - INFO - nv_ingest.framework.orchestration.ray.primitives.ray_pipeline - PIDController initialized using ScalingConfig.
2026-06-05 11:06:14,521 - INFO - nv_ingest_api.util.system.hardware_info - Detected 48 logical cores via psutil.
2026-06-05 11:06:14,521 - INFO - nv_ingest_api.util.system.hardware_info - Detected 48 physical cores via psutil.
2026-06-05 11:06:14,521 - INFO - nv_ingest_api.util.system.hardware_info - Detected 48 cores via os.sched_getaffinity.
2026-06-05 11:06:14,521 - INFO - nv_ingest_api.util.system.hardware_info - Raw CPU limit determined: 48.00 (Method: sched_affinity)
2026-06-05 11:06:14,521 - INFO - nv_ingest_api.util.system.hardware_info - Effective CPU core limit determined: 48.00 (Method: sched_affinity)
2026-06-05 11:06:14,521 - INFO - nv_ingest.framework.orchestration.ray.util.pipeline.pid_controller - [ConstraintMgr] Initialized. MaxReplicas=1, EffectiveCoreLimit=48.00 (Method: sched_affinity), CoreBasedReplicaLimit=48, MemThreshold=773371MB, EffectiveLimit=773371.0MB 
2026-06-05 11:06:14,521 - INFO - nv_ingest.framework.orchestration.ray.primitives.ray_pipeline - ResourceConstraintManager initialized using ScalingConfig.
2026-06-05 11:06:14,521 - INFO - nv_ingest.framework.orchestration.ray.primitives.ray_stat_collector - RayStatsCollector initialized (Interval: 10.0s, Actor Timeout: 5.0s, Queue Timeout: 2.0s, EMA Alpha: 0.1)
2026-06-05 11:06:14,521 - INFO - nv_ingest.framework.orchestration.ray.primitives.ray_pipeline - RayStatsCollector initialized using StatsConfig.
2026-06-05 11:06:14,521 - INFO - uvicorn - Applied Ray logging preset: PRODUCTION
2026-06-05 11:06:14,521 - INFO - uvicorn - Ray logging configured: preset=PRODUCTION, level=ERROR, encoding=TEXT, additional_attrs=[], dedup_logs=1, log_to_driver=0, rotate_bytes=1073741824, rotate_backup_count=9
None of PyTorch, TensorFlow >= 2.0, or Flax have been found. Models won't be available and only tokenizers, configuration and file/data utilities can be used.
