INFO:    Environment variable SINGULARITY_TMPDIR is set, but APPTAINER_TMPDIR is preferred
{"level":"warn","ts":"2026-06-03T12:14:23.952539-0300","caller":"flags/flag.go:94","msg":"unrecognized environment variable","environment-variable":"ETCD_HOST=localhost"}
{"level":"warn","ts":"2026-06-03T12:14:23.955209-0300","caller":"flags/flag.go:94","msg":"unrecognized environment variable","environment-variable":"ETCD_PORT=2379"}
{"level":"warn","ts":"2026-06-03T12:14:23.955418-0300","caller":"embed/config.go:1209","msg":"Running http and grpc server on single port. This is not recommended for production."}
{"level":"warn","ts":"2026-06-03T12:14:23.956261-0300","caller":"embed/config.go:1320","msg":"it isn't recommended to use default name, please set a value for --name. Note that etcd might run into issue when multiple members have the same default name","name":"default"}
{"level":"info","ts":"2026-06-03T12:14:23.956270-0300","caller":"etcdmain/etcd.go:64","msg":"Running: ","args":["/usr/local/bin/etcd","--data-dir=/etcd-data","--listen-client-urls=http://0.0.0.0:2379","--advertise-client-urls=http://localhost:2379"]}
{"level":"info","ts":"2026-06-03T12:14:23.956640-0300","caller":"etcdmain/etcd.go:85","msg":"detected default host for advertise","host":"10.28.170.3"}
{"level":"info","ts":"2026-06-03T12:14:23.956901-0300","caller":"etcdmain/etcd.go:107","msg":"server has already been initialized","data-dir":"/etcd-data","dir-type":"member"}
{"level":"warn","ts":"2026-06-03T12:14:23.956909-0300","caller":"embed/config.go:1209","msg":"Running http and grpc server on single port. This is not recommended for production."}
{"level":"warn","ts":"2026-06-03T12:14:23.956913-0300","caller":"embed/config.go:1320","msg":"it isn't recommended to use default name, please set a value for --name. Note that etcd might run into issue when multiple members have the same default name","name":"default"}
{"level":"info","ts":"2026-06-03T12:14:23.956919-0300","caller":"embed/etcd.go:138","msg":"configuring peer listeners","listen-peer-urls":["http://localhost:2380"]}
{"level":"info","ts":"2026-06-03T12:14:23.960644-0300","caller":"embed/etcd.go:146","msg":"configuring client listeners","listen-client-urls":["http://0.0.0.0:2379"]}
{"level":"info","ts":"2026-06-03T12:14:23.961319-0300","caller":"embed/etcd.go:323","msg":"starting an etcd server","etcd-version":"3.6.5","git-sha":"a061450","go-version":"go1.24.7","go-os":"linux","go-arch":"amd64","max-cpu-set":48,"max-cpu-available":48,"member-initialized":true,"name":"default","data-dir":"/etcd-data","wal-dir":"","wal-dir-dedicated":"","member-dir":"/etcd-data/member","force-new-cluster":false,"heartbeat-interval":"100ms","election-timeout":"1s","initial-election-tick-advance":true,"snapshot-count":10000,"max-wals":5,"max-snapshots":5,"snapshot-catchup-entries":5000,"initial-advertise-peer-urls":["http://localhost:2380"],"listen-peer-urls":["http://localhost:2380"],"advertise-client-urls":["http://10.28.170.3:2379"],"listen-client-urls":["http://0.0.0.0:2379"],"listen-metrics-urls":[],"experimental-local-address":"","cors":["*"],"host-whitelist":["*"],"initial-cluster":"","initial-cluster-state":"new","initial-cluster-token":"","quota-backend-bytes":2147483648,"max-request-bytes":1572864,"max-concurrent-streams":4294967295,"pre-vote":true,"feature-gates":"","initial-corrupt-check":false,"corrupt-check-time-interval":"0s","compact-check-time-interval":"1m0s","auto-compaction-mode":"periodic","auto-compaction-retention":"0s","auto-compaction-interval":"0s","discovery-url":"","discovery-proxy":"","discovery-token":"","discovery-endpoints":"","discovery-dial-timeout":"2s","discovery-request-timeout":"5s","discovery-keepalive-time":"2s","discovery-keepalive-timeout":"6s","discovery-insecure-transport":true,"discovery-insecure-skip-tls-verify":false,"discovery-cert":"","discovery-key":"","discovery-cacert":"","discovery-user":"","downgrade-check-interval":"5s","max-learners":1,"v2-deprecation":"write-only"}
{"level":"warn","ts":"2026-06-03T12:14:23.961361-0300","caller":"fileutil/fileutil.go:56","msg":"check file permission","error":"directory \"/etcd-data\" exist, but the permission is \"dgrwxr-xr-x\". The recommended permission is \"-rwx------\" to prevent possible unprivileged access to the data"}
{"level":"info","ts":"2026-06-03T12:14:23.969545-0300","logger":"bbolt","caller":"backend/backend.go:203","msg":"Opening db file (/etcd-data/member/snap/db) with mode -rw------- and with options: {Timeout: 0s, NoGrowSync: false, NoFreelistSync: true, PreLoadFreelist: false, FreelistType: hashmap, ReadOnly: false, MmapFlags: 8000, InitialMmapSize: 10737418240, PageSize: 0, NoSync: false, OpenFile: 0x0, Mlock: false, Logger: 0xc0001a62a8}"}
{"level":"info","ts":"2026-06-03T12:14:23.987434-0300","logger":"bbolt","caller":"bbolt@v1.4.3/db.go:321","msg":"Opening bbolt db (/etcd-data/member/snap/db) successfully"}
{"level":"info","ts":"2026-06-03T12:14:23.987470-0300","caller":"storage/backend.go:80","msg":"opened backend db","path":"/etcd-data/member/snap/db","took":"19.761481ms"}
{"level":"info","ts":"2026-06-03T12:14:23.987495-0300","caller":"etcdserver/bootstrap.go:220","msg":"restore consistentIndex","index":459}
{"level":"info","ts":"2026-06-03T12:14:24.010444-0300","caller":"etcdserver/bootstrap.go:441","msg":"No snapshot found. Recovering WAL from scratch!"}
{"level":"info","ts":"2026-06-03T12:14:24.010552-0300","caller":"etcdserver/bootstrap.go:232","msg":"recovered v3 backend","backend-size-bytes":86016,"backend-size":"86 kB","backend-size-in-use-bytes":73728,"backend-size-in-use":"74 kB"}
{"level":"info","ts":"2026-06-03T12:14:24.011076-0300","caller":"etcdserver/bootstrap.go:90","msg":"Bootstrapping WAL from snapshot"}
{"level":"info","ts":"2026-06-03T12:14:24.014225-0300","caller":"etcdserver/bootstrap.go:599","msg":"restarting local member","cluster-id":"cdf818194e3a8c32","local-member-id":"8e9e05c52164694d","commit-index":459}
{"level":"info","ts":"2026-06-03T12:14:24.015478-0300","caller":"etcdserver/bootstrap.go:94","msg":"bootstrapping cluster"}
{"level":"info","ts":"2026-06-03T12:14:24.016438-0300","caller":"etcdserver/bootstrap.go:101","msg":"bootstrapping storage"}
{"level":"info","ts":"2026-06-03T12:14:24.016681-0300","caller":"membership/cluster.go:605","msg":"Detected member only in v3store but missing in v2store","member":"{ID:8e9e05c52164694d RaftAttributes:{PeerURLs:[http://localhost:2380] IsLearner:false} Attributes:{Name:default ClientURLs:[http://10.28.170.3:2379]}}"}
{"level":"info","ts":"2026-06-03T12:14:24.016738-0300","caller":"api/capability.go:76","msg":"enabled capabilities for version","cluster-version":"3.6"}
{"level":"info","ts":"2026-06-03T12:14:24.016748-0300","caller":"membership/cluster.go:297","msg":"recovered/added member from store","cluster-id":"cdf818194e3a8c32","local-member-id":"8e9e05c52164694d","recovered-remote-peer-id":"8e9e05c52164694d","recovered-remote-peer-urls":["http://localhost:2380"],"recovered-remote-peer-is-learner":false}
{"level":"info","ts":"2026-06-03T12:14:24.017059-0300","caller":"membership/cluster.go:307","msg":"set cluster version from store","cluster-version":"3.6"}
{"level":"info","ts":"2026-06-03T12:14:24.017070-0300","caller":"etcdserver/bootstrap.go:109","msg":"bootstrapping raft"}
{"level":"info","ts":"2026-06-03T12:14:24.017118-0300","caller":"etcdserver/server.go:312","msg":"bootstrap successfully"}
{"level":"info","ts":"2026-06-03T12:14:24.017195-0300","logger":"raft","caller":"v3@v3.6.0/raft.go:1981","msg":"8e9e05c52164694d switched to configuration voters=()"}
{"level":"info","ts":"2026-06-03T12:14:24.017236-0300","logger":"raft","caller":"v3@v3.6.0/raft.go:897","msg":"8e9e05c52164694d became follower at term 2"}
{"level":"info","ts":"2026-06-03T12:14:24.017247-0300","logger":"raft","caller":"v3@v3.6.0/raft.go:493","msg":"newRaft 8e9e05c52164694d [peers: [], term: 2, commit: 459, applied: 0, lastindex: 459, lastterm: 2]"}
{"level":"warn","ts":"2026-06-03T12:14:24.022310-0300","caller":"auth/store.go:1135","msg":"simple token is not cryptographically signed"}
{"level":"info","ts":"2026-06-03T12:14:24.024275-0300","caller":"mvcc/kvstore.go:408","msg":"kvstore restored","current-rev":446}
{"level":"info","ts":"2026-06-03T12:14:24.026790-0300","caller":"storage/quota.go:93","msg":"enabled backend quota with default value","quota-name":"v3-applier","quota-size-bytes":2147483648,"quota-size":"2.1 GB"}
{"level":"info","ts":"2026-06-03T12:14:24.026877-0300","caller":"etcdserver/server.go:589","msg":"starting etcd server","local-member-id":"8e9e05c52164694d","local-server-version":"3.6.5","cluster-id":"cdf818194e3a8c32","cluster-version":"3.6"}
{"level":"info","ts":"2026-06-03T12:14:24.026953-0300","caller":"etcdserver/server.go:483","msg":"started as single-node; fast-forwarding election ticks","local-member-id":"8e9e05c52164694d","forward-ticks":9,"forward-duration":"900ms","election-ticks":10,"election-timeout":"1s"}
{"level":"info","ts":"2026-06-03T12:14:24.026968-0300","caller":"fileutil/purge.go:49","msg":"started to purge file","dir":"/etcd-data/member/snap","suffix":"snap.db","max":5,"interval":"30s"}
{"level":"info","ts":"2026-06-03T12:14:24.027104-0300","caller":"fileutil/purge.go:49","msg":"started to purge file","dir":"/etcd-data/member/snap","suffix":"snap","max":5,"interval":"30s"}
{"level":"info","ts":"2026-06-03T12:14:24.027118-0300","caller":"fileutil/purge.go:49","msg":"started to purge file","dir":"/etcd-data/member/wal","suffix":"wal","max":5,"interval":"30s"}
{"level":"info","ts":"2026-06-03T12:14:24.027505-0300","caller":"embed/etcd.go:640","msg":"serving peer traffic","address":"127.0.0.1:2380"}
{"level":"info","ts":"2026-06-03T12:14:24.027529-0300","caller":"embed/etcd.go:611","msg":"cmux::serve","address":"127.0.0.1:2380"}
{"level":"info","ts":"2026-06-03T12:14:24.027599-0300","caller":"embed/etcd.go:292","msg":"now serving peer/client/metrics","local-member-id":"8e9e05c52164694d","initial-advertise-peer-urls":["http://localhost:2380"],"listen-peer-urls":["http://localhost:2380"],"advertise-client-urls":["http://10.28.170.3:2379"],"listen-client-urls":["http://0.0.0.0:2379"],"listen-metrics-urls":[]}
{"level":"info","ts":"2026-06-03T12:14:24.028313-0300","logger":"raft","caller":"v3@v3.6.0/raft.go:1981","msg":"8e9e05c52164694d switched to configuration voters=(10276657743932975437)"}
{"level":"info","ts":"2026-06-03T12:14:24.028388-0300","caller":"membership/cluster.go:433","msg":"ignore already added member","cluster-id":"cdf818194e3a8c32","local-member-id":"8e9e05c52164694d","added-peer-id":"8e9e05c52164694d","added-peer-peer-urls":["http://localhost:2380"],"added-peer-is-learner":false}
{"level":"info","ts":"2026-06-03T12:14:24.028457-0300","caller":"membership/cluster.go:674","msg":"updated cluster version","cluster-id":"cdf818194e3a8c32","local-member-id":"8e9e05c52164694d","from":"3.6","to":"3.6"}
{"level":"info","ts":"2026-06-03T12:14:24.317839-0300","logger":"raft","caller":"v3@v3.6.0/raft.go:988","msg":"8e9e05c52164694d is starting a new election at term 2"}
{"level":"info","ts":"2026-06-03T12:14:24.317964-0300","logger":"raft","caller":"v3@v3.6.0/raft.go:930","msg":"8e9e05c52164694d became pre-candidate at term 2"}
{"level":"info","ts":"2026-06-03T12:14:24.318088-0300","logger":"raft","caller":"v3@v3.6.0/raft.go:1077","msg":"8e9e05c52164694d received MsgPreVoteResp from 8e9e05c52164694d at term 2"}
{"level":"info","ts":"2026-06-03T12:14:24.318111-0300","logger":"raft","caller":"v3@v3.6.0/raft.go:1693","msg":"8e9e05c52164694d has received 1 MsgPreVoteResp votes and 0 vote rejections"}
{"level":"info","ts":"2026-06-03T12:14:24.318154-0300","logger":"raft","caller":"v3@v3.6.0/raft.go:912","msg":"8e9e05c52164694d became candidate at term 3"}
{"level":"info","ts":"2026-06-03T12:14:24.318782-0300","logger":"raft","caller":"v3@v3.6.0/raft.go:1077","msg":"8e9e05c52164694d received MsgVoteResp from 8e9e05c52164694d at term 3"}
{"level":"info","ts":"2026-06-03T12:14:24.318794-0300","logger":"raft","caller":"v3@v3.6.0/raft.go:1693","msg":"8e9e05c52164694d has received 1 MsgVoteResp votes and 0 vote rejections"}
{"level":"info","ts":"2026-06-03T12:14:24.318805-0300","logger":"raft","caller":"v3@v3.6.0/raft.go:970","msg":"8e9e05c52164694d became leader at term 3"}
{"level":"info","ts":"2026-06-03T12:14:24.318811-0300","logger":"raft","caller":"v3@v3.6.0/node.go:370","msg":"raft.node: 8e9e05c52164694d elected leader 8e9e05c52164694d at term 3"}
{"level":"info","ts":"2026-06-03T12:14:24.319574-0300","caller":"etcdserver/server.go:1820","msg":"published local member to cluster through raft","local-member-id":"8e9e05c52164694d","local-member-attributes":"{Name:default ClientURLs:[http://10.28.170.3:2379]}","cluster-id":"cdf818194e3a8c32","publish-timeout":"7s"}
{"level":"info","ts":"2026-06-03T12:14:24.319630-0300","caller":"embed/serve.go:138","msg":"ready to serve client requests"}
{"level":"info","ts":"2026-06-03T12:14:24.319829-0300","caller":"etcdmain/main.go:44","msg":"notifying init daemon"}
{"level":"info","ts":"2026-06-03T12:14:24.319895-0300","caller":"etcdmain/main.go:50","msg":"successfully notified init daemon"}
{"level":"info","ts":"2026-06-03T12:14:24.323121-0300","caller":"v3rpc/health.go:63","msg":"grpc service status changed","service":"","status":"SERVING"}
{"level":"info","ts":"2026-06-03T12:14:24.324419-0300","caller":"embed/serve.go:220","msg":"serving client traffic insecurely; this is strongly discouraged!","traffic":"grpc+http","address":"[::]:2379"}
{"level":"info","ts":"2026-06-03T17:00:48.914215-0300","caller":"etcdserver/server.go:2201","msg":"triggering snapshot","local-member-id":"8e9e05c52164694d","local-member-applied-index":10001,"local-member-snapshot-index":0,"local-member-snapshot-count":10000,"snapshot-forced":false}
{"level":"info","ts":"2026-06-03T17:00:48.918707-0300","caller":"etcdserver/server.go:2246","msg":"saved snapshot to disk","snapshot-index":10001}
{"level":"info","ts":"2026-06-03T21:15:19.312950-0300","caller":"etcdserver/server.go:2201","msg":"triggering snapshot","local-member-id":"8e9e05c52164694d","local-member-applied-index":20002,"local-member-snapshot-index":10001,"local-member-snapshot-count":10000,"snapshot-forced":false}
{"level":"info","ts":"2026-06-03T21:15:19.319139-0300","caller":"etcdserver/server.go:2246","msg":"saved snapshot to disk","snapshot-index":20002}
{"level":"info","ts":"2026-06-04T03:00:07.512631-0300","caller":"etcdserver/server.go:2201","msg":"triggering snapshot","local-member-id":"8e9e05c52164694d","local-member-applied-index":30003,"local-member-snapshot-index":20002,"local-member-snapshot-count":10000,"snapshot-forced":false}
{"level":"info","ts":"2026-06-04T03:00:07.517947-0300","caller":"etcdserver/server.go:2246","msg":"saved snapshot to disk","snapshot-index":30003}
{"level":"info","ts":"2026-06-04T08:45:10.614209-0300","caller":"etcdserver/server.go:2201","msg":"triggering snapshot","local-member-id":"8e9e05c52164694d","local-member-applied-index":40004,"local-member-snapshot-index":30003,"local-member-snapshot-count":10000,"snapshot-forced":false}
{"level":"info","ts":"2026-06-04T08:45:10.619089-0300","caller":"etcdserver/server.go:2246","msg":"saved snapshot to disk","snapshot-index":40004}
{"level":"info","ts":"2026-06-04T14:30:11.513226-0300","caller":"etcdserver/server.go:2201","msg":"triggering snapshot","local-member-id":"8e9e05c52164694d","local-member-applied-index":50005,"local-member-snapshot-index":40004,"local-member-snapshot-count":10000,"snapshot-forced":false}
{"level":"info","ts":"2026-06-04T14:30:11.518228-0300","caller":"etcdserver/server.go:2246","msg":"saved snapshot to disk","snapshot-index":50005}
{"level":"info","ts":"2026-06-04T20:13:50.613412-0300","caller":"etcdserver/server.go:2201","msg":"triggering snapshot","local-member-id":"8e9e05c52164694d","local-member-applied-index":60006,"local-member-snapshot-index":50005,"local-member-snapshot-count":10000,"snapshot-forced":false}
{"level":"info","ts":"2026-06-04T20:13:50.618010-0300","caller":"etcdserver/server.go:2246","msg":"saved snapshot to disk","snapshot-index":60006}
{"level":"info","ts":"2026-06-04T20:13:59.742933-0300","caller":"fileutil/purge.go:88","msg":"purged","path":"/etcd-data/member/snap/0000000000000003-0000000000002711.snap"}
{"level":"info","ts":"2026-06-05T01:58:45.663169-0300","caller":"etcdserver/server.go:2201","msg":"triggering snapshot","local-member-id":"8e9e05c52164694d","local-member-applied-index":70007,"local-member-snapshot-index":60006,"local-member-snapshot-count":10000,"snapshot-forced":false}
{"level":"info","ts":"2026-06-05T01:58:45.668221-0300","caller":"etcdserver/server.go:2246","msg":"saved snapshot to disk","snapshot-index":70007}
{"level":"info","ts":"2026-06-05T01:59:00.648364-0300","caller":"fileutil/purge.go:88","msg":"purged","path":"/etcd-data/member/snap/0000000000000003-0000000000004e22.snap"}
{"level":"info","ts":"2026-06-05T07:43:37.012559-0300","caller":"etcdserver/server.go:2201","msg":"triggering snapshot","local-member-id":"8e9e05c52164694d","local-member-applied-index":80008,"local-member-snapshot-index":70007,"local-member-snapshot-count":10000,"snapshot-forced":false}
{"level":"info","ts":"2026-06-05T07:43:37.017303-0300","caller":"etcdserver/server.go:2246","msg":"saved snapshot to disk","snapshot-index":80008}
{"level":"info","ts":"2026-06-05T07:44:01.662237-0300","caller":"fileutil/purge.go:88","msg":"purged","path":"/etcd-data/member/snap/0000000000000003-0000000000007533.snap"}
{"level":"warn","ts":"2026-06-05T08:04:41.214678-0300","caller":"txn/util.go:93","msg":"apply request took too long","took":"180.110386ms","expected-duration":"100ms","prefix":"read-only range ","request":"key:\"by-dev/meta/datacoord-meta/channel-removal/by-dev-rootcoord-dml_1_466747304963790083v0\" ","response":"range_response_count:1 size:119"}
{"level":"info","ts":"2026-06-05T08:04:41.214774-0300","caller":"traceutil/trace.go:172","msg":"trace[9100577] range","detail":"{range_begin:by-dev/meta/datacoord-meta/channel-removal/by-dev-rootcoord-dml_1_466747304963790083v0; range_end:; response_count:1; response_revision:80585; }","duration":"180.243125ms","start":"2026-06-05T08:04:41.034516-0300","end":"2026-06-05T08:04:41.214759-0300","steps":["trace[9100577] 'range keys from in-memory index tree'  (duration: 179.724901ms)"],"step_count":1}
