INFO:    Environment variable SINGULARITY_TMPDIR is set, but APPTAINER_TMPDIR is preferred

=====================================
== NVIDIA NIM for Object Detection ==
=====================================

NVIDIA Release 1.5.0
Model: nvidia/nemoretriever-graphic-elements-v1

Container image Copyright (c) 2016-2025, NVIDIA CORPORATION & AFFILIATES. All rights reserved.
The NIM container is governed by the NVIDIA Software License Agreement (found at https://www.nvidia.com/en-us/agreements/enterprise-software/nvidia-software-license-agreement/) and Product-Specific Terms for AI Products (found at https://www.nvidia.com/en-us/agreements/enterprise-software/product-specific-terms-for-ai-products/); and the use of this model is governed by the NVIDIA Community Model License (found at https://www.nvidia.com/en-us/agreements/enterprise-software/nvidia-community-models-license/).

A copy of this license can be found under /opt/nim/LICENSE.
Third Party Software Attributions and Licenses can be found under /opt/nim/acknowledgements.txt.

NOTE: CUDA Forward Compatibility mode ENABLED.
  Using CUDA 13.0 driver version 580.65.06 with kernel driver version 550.90.07.
  See https://docs.nvidia.com/deploy/cuda-compatibility/ for details.

Overriding NIM_LOG_LEVEL: replacing NIM_LOG_LEVEL=unset with NIM_LOG_LEVEL=INFO
HF_HOME is set to /opt/nim/.cache/huggingface
INFO 2026-06-03 12:14:44.918 __init__.py:413] Appending: /opt/nim to PYTHONPATH: ['/opt/nim/start_server.d', '/usr/lib/python312.zip', '/usr/lib/python3.12', '/usr/lib/python3.12/lib-dynload', '/usr/local/lib/python3.12/dist-packages', '/usr/lib/python3/dist-packages']
NIM_MODEL_PROFILE is set to 495980e0b97395173bd2ddce9f7dec2851c654643e3bdb91c4d8fc24047c4d6a
INFO 2026-06-03 12:14:45.566 __init__.py:413] Appending: /opt/nim to PYTHONPATH: ['/opt/nim/start_server.d', '/usr/lib/python312.zip', '/usr/lib/python3.12', '/usr/lib/python3.12/lib-dynload', '/usr/local/lib/python3.12/dist-packages', '/usr/lib/python3/dist-packages']
INFO 2026-06-03 12:14:52.669 profiles.py:98] Registered custom profile selectors: []
INFO 2026-06-03 12:14:52.670 profiles.py:208] Matched profile_id in manifest from env NIM_MODEL_PROFILE to: 495980e0b97395173bd2ddce9f7dec2851c654643e3bdb91c4d8fc24047c4d6a
INFO 2026-06-03 12:14:52.670 nim_sdk.py:299] Using the profile selected by the profile selector: 495980e0b97395173bd2ddce9f7dec2851c654643e3bdb91c4d8fc24047c4d6a
INFO 2026-06-03 12:14:52.671 nim_sdk.py:308] Downloading manifest profile: 495980e0b97395173bd2ddce9f7dec2851c654643e3bdb91c4d8fc24047c4d6a
INFO 2026-06-03 12:14:52.718 lib.rs:203] File: checksums.blake3 found in cache: "/opt/nim/.cache/ngc/hub/models--nim--nvidia--nemoretriever-graphic-elements-v1/snapshots/a100x1-trt-fp16-jb2edlbkxw/checksums.blake3"
INFO 2026-06-03 12:14:52.718 public.rs:52] Skipping download, using cached copy of file: checksums.blake3 at path: "/opt/nim/.cache/ngc/hub/models--nim--nvidia--nemoretriever-graphic-elements-v1/snapshots/a100x1-trt-fp16-jb2edlbkxw/checksums.blake3"
INFO 2026-06-03 12:14:52.728 lib.rs:203] File: metadata.json found in cache: "/opt/nim/.cache/ngc/hub/models--nim--nvidia--nemoretriever-graphic-elements-v1/snapshots/a100x1-trt-fp16-jb2edlbkxw/metadata.json"
INFO 2026-06-03 12:14:52.728 public.rs:52] Skipping download, using cached copy of file: metadata.json at path: "/opt/nim/.cache/ngc/hub/models--nim--nvidia--nemoretriever-graphic-elements-v1/snapshots/a100x1-trt-fp16-jb2edlbkxw/metadata.json"
INFO 2026-06-03 12:14:52.736 lib.rs:203] File: model.plan found in cache: "/opt/nim/.cache/ngc/hub/models--nim--nvidia--nemoretriever-graphic-elements-v1/snapshots/a100x1-trt-fp16-jb2edlbkxw/model.plan"
INFO 2026-06-03 12:14:52.736 public.rs:52] Skipping download, using cached copy of file: model.plan at path: "/opt/nim/.cache/ngc/hub/models--nim--nvidia--nemoretriever-graphic-elements-v1/snapshots/a100x1-trt-fp16-jb2edlbkxw/model.plan"
INFO 2026-06-03 12:14:52.738 nim_sdk.py:328] Using the workspace specified during init: /opt/nim/workspace
INFO 2026-06-03 12:14:52.739 nim_sdk.py:341] Materializing workspace to: /opt/nim/workspace
NIM_TRITON_EXTRA_ARGS is set to --cuda-memory-pool-byte-size=0:402663424.0 --backend-config=tensorrt,version-compatible=true --grpc-port=8004
INFO 2026-06-03 12:14:56.669 __init__.py:413] Appending: /opt/nim to PYTHONPATH: ['/usr/local/bin', '/usr/lib/python312.zip', '/usr/lib/python3.12', '/usr/lib/python3.12/lib-dynload', '/usr/local/lib/python3.12/dist-packages', '/usr/lib/python3/dist-packages']
INFO 2026-06-03 12:14:56.747 start_server.py:45] Starting nimlib 0.9.16 nim_sdk 0.8.6
INFO 2026-06-03 12:14:56.748 standard_files.py:95] NIM VERSION:
1.5.0
INFO 2026-06-03 12:14:56.749 standard_files.py:95] NIM banner.txt:
The NIM container is governed by the NVIDIA Software License Agreement (found at https://www.nvidia.com/en-us/agreements/enterprise-software/nvidia-software-license-agreement/) and Product-Specific Terms for AI Products (found at https://www.nvidia.com/en-us/agreements/enterprise-software/product-specific-terms-for-ai-products/); and the use of this model is governed by the NVIDIA Community Model License (found at https://www.nvidia.com/en-us/agreements/enterprise-software/nvidia-community-models-license/).

A copy of this license can be found under /opt/nim/LICENSE.
INFO 2026-06-03 12:14:56.750 standard_files.py:95] NIM NOTICE:
Copyright (c) 2025 NVIDIA CORPORATION & AFFILIATES. All rights reserved.
LicenseRef-NvidiaProprietary

NVIDIA CORPORATION, its affiliates and licensors retain all intellectual property and proprietary rights in and to this material, related documentation and any modifications thereto. Any use, reproduction, disclosure or distribution of this material and related documentation without an express license agreement from NVIDIA CORPORATION or its affiliates are strictly prohibited.
This NIM container is governed by the NVIDIA AI Product Agreement here:
https://www.nvidia.com/en-us/data-center/products/nvidia-ai-enterprise/eula/.
A copy of this license can be found under /opt/nim/LICENSE.

The use of this model is governed by the AI Foundation Models Community License
here: https://docs.nvidia.com/ai-foundation-models-community-license.pdf.


INFO 2026-06-03 12:14:57.313 profiles.py:98] Registered custom profile selectors: []
INFO 2026-06-03 12:14:57.314 profiles.py:208] Matched profile_id in manifest from env NIM_MODEL_PROFILE to: 495980e0b97395173bd2ddce9f7dec2851c654643e3bdb91c4d8fc24047c4d6a
INFO 2026-06-03 12:14:57.315 nim_sdk.py:299] Using the profile selected by the profile selector: 495980e0b97395173bd2ddce9f7dec2851c654643e3bdb91c4d8fc24047c4d6a
INFO 2026-06-03 12:14:57.315 nim_sdk.py:308] Downloading manifest profile: 495980e0b97395173bd2ddce9f7dec2851c654643e3bdb91c4d8fc24047c4d6a
INFO 2026-06-03 12:14:57.327 lib.rs:203] File: model.plan found in cache: "/opt/nim/.cache/ngc/hub/models--nim--nvidia--nemoretriever-graphic-elements-v1/snapshots/a100x1-trt-fp16-jb2edlbkxw/model.plan"
INFO 2026-06-03 12:14:57.328 public.rs:52] Skipping download, using cached copy of file: model.plan at path: "/opt/nim/.cache/ngc/hub/models--nim--nvidia--nemoretriever-graphic-elements-v1/snapshots/a100x1-trt-fp16-jb2edlbkxw/model.plan"
INFO 2026-06-03 12:14:57.334 lib.rs:203] File: metadata.json found in cache: "/opt/nim/.cache/ngc/hub/models--nim--nvidia--nemoretriever-graphic-elements-v1/snapshots/a100x1-trt-fp16-jb2edlbkxw/metadata.json"
INFO 2026-06-03 12:14:57.335 public.rs:52] Skipping download, using cached copy of file: metadata.json at path: "/opt/nim/.cache/ngc/hub/models--nim--nvidia--nemoretriever-graphic-elements-v1/snapshots/a100x1-trt-fp16-jb2edlbkxw/metadata.json"
INFO 2026-06-03 12:14:57.341 lib.rs:203] File: checksums.blake3 found in cache: "/opt/nim/.cache/ngc/hub/models--nim--nvidia--nemoretriever-graphic-elements-v1/snapshots/a100x1-trt-fp16-jb2edlbkxw/checksums.blake3"
INFO 2026-06-03 12:14:57.341 public.rs:52] Skipping download, using cached copy of file: checksums.blake3 at path: "/opt/nim/.cache/ngc/hub/models--nim--nvidia--nemoretriever-graphic-elements-v1/snapshots/a100x1-trt-fp16-jb2edlbkxw/checksums.blake3"
INFO 2026-06-03 12:14:57.342 nim_sdk.py:328] Using the workspace specified during init: /opt/nim/workspace
INFO 2026-06-03 12:14:57.458 nimutils.py:197] Starting Triton server: /usr/local/lib/python3.12/dist-packages/nimlib/triton_start.sh -m /opt/nim/workspace -d - -h 8030 -p 8031 -l 0 -x --cuda-memory-pool-byte-size=0:402663424.0 --backend-config=tensorrt,version-compatible=true --grpc-port=8004
INFO 2026-06-03 12:14:57.460 nimutils.py:224] Starting NIM inference server
INFO 2026-06-03 12:14:57.550 profiles.py:98] Registered custom profile selectors: []
INFO 2026-06-03 12:14:57.552 profiles.py:208] Matched profile_id in manifest from env NIM_MODEL_PROFILE to: 495980e0b97395173bd2ddce9f7dec2851c654643e3bdb91c4d8fc24047c4d6a
INFO 2026-06-03 12:14:57.553 http_api.py:52] Serving endpoints:
  0.0.0.0:8003/v1/triton-inference-statistics (GET)
  0.0.0.0:8003/v1/infer (POST)
  0.0.0.0:8003/v1/health/live (GET)
  0.0.0.0:8003/v1/health/ready (GET)
  0.0.0.0:8003/v1/metrics (GET)
  0.0.0.0:8003/v1/license (GET)
  0.0.0.0:8003/v1/metadata (GET)
  0.0.0.0:8003/v1/manifest (GET)
INFO 2026-06-03 12:14:57.554 http_api.py:73] {'message': 'Starting HTTP Inference server', 'port': 8003, 'workers_count': 16, 'host': '0.0.0.0', 'log_level': 'info', 'SSL': 'disabled'}
INFO 2026-06-03 12:14:58.152 nimutils.py:74] Running: tritonserver --model-repository /opt/nim/workspace --http-port 8030 --metrics-port 8031  --log-verbose 0  --cuda-memory-pool-byte-size=0:402663424.0 --backend-config=tensorrt,version-compatible=true --grpc-port=8004
INFO 2026-06-03 12:14:58.510 profiles.py:98] Registered custom profile selectors: []
INFO 2026-06-03 12:14:58.510 profiles.py:98] Registered custom profile selectors: []
INFO 2026-06-03 12:14:58.511 profiles.py:208] Matched profile_id in manifest from env NIM_MODEL_PROFILE to: 495980e0b97395173bd2ddce9f7dec2851c654643e3bdb91c4d8fc24047c4d6a
INFO 2026-06-03 12:14:58.511 profiles.py:208] Matched profile_id in manifest from env NIM_MODEL_PROFILE to: 495980e0b97395173bd2ddce9f7dec2851c654643e3bdb91c4d8fc24047c4d6a
INFO 2026-06-03 12:14:58.523 profiles.py:98] Registered custom profile selectors: []
INFO 2026-06-03 12:14:58.524 profiles.py:208] Matched profile_id in manifest from env NIM_MODEL_PROFILE to: 495980e0b97395173bd2ddce9f7dec2851c654643e3bdb91c4d8fc24047c4d6a
INFO 2026-06-03 12:14:58.562 profiles.py:98] Registered custom profile selectors: []
INFO 2026-06-03 12:14:58.562 profiles.py:208] Matched profile_id in manifest from env NIM_MODEL_PROFILE to: 495980e0b97395173bd2ddce9f7dec2851c654643e3bdb91c4d8fc24047c4d6a
INFO 2026-06-03 12:14:58.572 profiles.py:98] Registered custom profile selectors: []
INFO 2026-06-03 12:14:58.572 profiles.py:208] Matched profile_id in manifest from env NIM_MODEL_PROFILE to: 495980e0b97395173bd2ddce9f7dec2851c654643e3bdb91c4d8fc24047c4d6a
INFO 2026-06-03 12:14:58.577 profiles.py:98] Registered custom profile selectors: []
INFO 2026-06-03 12:14:58.577 profiles.py:208] Matched profile_id in manifest from env NIM_MODEL_PROFILE to: 495980e0b97395173bd2ddce9f7dec2851c654643e3bdb91c4d8fc24047c4d6a
INFO 2026-06-03 12:14:58.579 profiles.py:98] Registered custom profile selectors: []
INFO 2026-06-03 12:14:58.580 profiles.py:208] Matched profile_id in manifest from env NIM_MODEL_PROFILE to: 495980e0b97395173bd2ddce9f7dec2851c654643e3bdb91c4d8fc24047c4d6a
INFO 2026-06-03 12:14:58.586 profiles.py:98] Registered custom profile selectors: []
INFO 2026-06-03 12:14:58.586 profiles.py:208] Matched profile_id in manifest from env NIM_MODEL_PROFILE to: 495980e0b97395173bd2ddce9f7dec2851c654643e3bdb91c4d8fc24047c4d6a
INFO 2026-06-03 12:14:58.587 profiles.py:98] Registered custom profile selectors: []
INFO 2026-06-03 12:14:58.587 profiles.py:208] Matched profile_id in manifest from env NIM_MODEL_PROFILE to: 495980e0b97395173bd2ddce9f7dec2851c654643e3bdb91c4d8fc24047c4d6a
INFO 2026-06-03 12:14:58.587 profiles.py:98] Registered custom profile selectors: []
INFO 2026-06-03 12:14:58.588 profiles.py:208] Matched profile_id in manifest from env NIM_MODEL_PROFILE to: 495980e0b97395173bd2ddce9f7dec2851c654643e3bdb91c4d8fc24047c4d6a
INFO 2026-06-03 12:14:58.591 profiles.py:98] Registered custom profile selectors: []
INFO 2026-06-03 12:14:58.591 profiles.py:208] Matched profile_id in manifest from env NIM_MODEL_PROFILE to: 495980e0b97395173bd2ddce9f7dec2851c654643e3bdb91c4d8fc24047c4d6a
INFO 2026-06-03 12:14:58.592 profiles.py:98] Registered custom profile selectors: []
INFO 2026-06-03 12:14:58.592 profiles.py:208] Matched profile_id in manifest from env NIM_MODEL_PROFILE to: 495980e0b97395173bd2ddce9f7dec2851c654643e3bdb91c4d8fc24047c4d6a
INFO 2026-06-03 12:14:58.594 profiles.py:98] Registered custom profile selectors: []
INFO 2026-06-03 12:14:58.595 profiles.py:208] Matched profile_id in manifest from env NIM_MODEL_PROFILE to: 495980e0b97395173bd2ddce9f7dec2851c654643e3bdb91c4d8fc24047c4d6a
INFO 2026-06-03 12:14:58.600 profiles.py:98] Registered custom profile selectors: []
INFO 2026-06-03 12:14:58.600 profiles.py:208] Matched profile_id in manifest from env NIM_MODEL_PROFILE to: 495980e0b97395173bd2ddce9f7dec2851c654643e3bdb91c4d8fc24047c4d6a
INFO 2026-06-03 12:14:58.601 profiles.py:98] Registered custom profile selectors: []
INFO 2026-06-03 12:14:58.602 profiles.py:208] Matched profile_id in manifest from env NIM_MODEL_PROFILE to: 495980e0b97395173bd2ddce9f7dec2851c654643e3bdb91c4d8fc24047c4d6a
INFO 2026-06-03 12:14:58.607 profiles.py:98] Registered custom profile selectors: []
INFO 2026-06-03 12:14:58.608 profiles.py:208] Matched profile_id in manifest from env NIM_MODEL_PROFILE to: 495980e0b97395173bd2ddce9f7dec2851c654643e3bdb91c4d8fc24047c4d6a
INFO 2026-06-03 12:14:58.770 nimutils.py:74] I0603 15:14:58.770477 1273356 pinned_memory_manager.cc:277] "Pinned memory pool is created at '0x152d30000000' with size 268435456"
INFO 2026-06-03 12:14:58.771 nimutils.py:74] I0603 15:14:58.770605 1273356 cuda_memory_manager.cc:107] "CUDA memory pool is created on device 0 with size 402663424"
INFO 2026-06-03 12:14:58.793 nimutils.py:74] I0603 15:14:58.793208 1273356 model_lifecycle.cc:473] "loading: yolox_pre:1"
INFO 2026-06-03 12:14:58.793 nimutils.py:74] I0603 15:14:58.793434 1273356 model_lifecycle.cc:473] "loading: yolox_post:1"
INFO 2026-06-03 12:14:58.794 nimutils.py:74] I0603 15:14:58.793588 1273356 model_lifecycle.cc:473] "loading: yolox:1"
INFO 2026-06-03 12:14:58.872 nimutils.py:74] I0603 15:14:58.872279 1273356 tensorrt.cc:65] "TRITONBACKEND_Initialize: tensorrt"
INFO 2026-06-03 12:14:58.873 nimutils.py:74] I0603 15:14:58.872335 1273356 tensorrt.cc:75] "Triton TRITONBACKEND API version: 1.19"
INFO 2026-06-03 12:14:58.873 nimutils.py:74] I0603 15:14:58.872339 1273356 tensorrt.cc:81] "'tensorrt' TRITONBACKEND API version: 1.19"
INFO 2026-06-03 12:14:58.873 nimutils.py:74] I0603 15:14:58.872351 1273356 tensorrt.cc:105] "backend configuration:\n{\"cmdline\":{\"auto-complete-config\":\"true\",\"backend-directory\":\"/opt/tritonserver/backends\",\"min-compute-capability\":\"6.000000\",\"version-compatible\":\"true\",\"default-max-batch-size\":\"4\"}}"
INFO 2026-06-03 12:14:58.873 nimutils.py:74] I0603 15:14:58.873929 1273356 tensorrt.cc:231] "TRITONBACKEND_ModelInitialize: yolox (version 1)"
INFO 2026-06-03 12:14:59.027 nimutils.py:74] I0603 15:14:59.027062 1273356 logging.cc:46] "Loaded engine size: 239 MiB"
INFO 2026-06-03 12:14:59.130 nimutils.py:74] I0603 15:14:59.130090 1273356 logging.cc:46] "Loaded engine size: 239 MiB"
INFO 2026-06-03 12:14:59.298 nimutils.py:74] I0603 15:14:59.298830 1273356 model_state.cc:322] "'execution_context_allocation_strategy' set to 'ON_PROFILE_CHANGE' for model instance 'yolox'"
INFO 2026-06-03 12:14:59.299 nimutils.py:74] I0603 15:14:59.299868 1273356 tensorrt.cc:297] "TRITONBACKEND_ModelInstanceInitialize: yolox_0_0 (GPU device 0)"
INFO 2026-06-03 12:14:59.436 nimutils.py:74] I0603 15:14:59.436132 1273356 logging.cc:46] "Loaded engine size: 239 MiB"
INFO 2026-06-03 12:14:59.542 nimutils.py:74] I0603 15:14:59.542238 1273356 logging.cc:46] "Loaded engine size: 239 MiB"
INFO 2026-06-03 12:14:59.738 nimutils.py:74] I0603 15:14:59.737737 1273356 logging.cc:46] "[MemUsageChange] TensorRT-managed allocation in IExecutionContext creation: CPU +1, GPU +66, now: CPU 3, GPU 175 (MiB)"
INFO 2026-06-03 12:14:59.738 nimutils.py:74] I0603 15:14:59.737796 1273356 logging.cc:46] "Switching optimization profile from: 0 to 7. Please ensure there are no enqueued operations pending in this context prior to switching profiles"
INFO 2026-06-03 12:14:59.837 nimutils.py:74] I0603 15:14:59.837647 1273356 instance_state.cc:186] "Created instance yolox_0_0 on GPU 0 with stream priority 0 and optimization profile 7[7];"
INFO 2026-06-03 12:14:59.840 nimutils.py:74] I0603 15:14:59.840032 1273356 model_lifecycle.cc:849] "successfully loaded 'yolox'"
INFO 2026-06-03 12:15:04.040 nimutils.py:74] I0603 15:15:04.040285 1273356 python_be.cc:2289] "TRITONBACKEND_ModelInstanceInitialize: yolox_pre_0_0 (GPU device 0)"
INFO 2026-06-03 12:15:04.227 nimutils.py:74] I0603 15:15:04.227221 1273356 python_be.cc:2289] "TRITONBACKEND_ModelInstanceInitialize: yolox_post_0_0 (GPU device 0)"
INFO 2026-06-03 12:15:07.781 nimutils.py:74] I0603 15:15:07.781250 1273356 model_lifecycle.cc:849] "successfully loaded 'yolox_pre'"
INFO 2026-06-03 12:15:08.676 nimutils.py:74] I0603 15:15:08.676808 1273356 model_lifecycle.cc:849] "successfully loaded 'yolox_post'"
INFO 2026-06-03 12:15:08.678 nimutils.py:74] I0603 15:15:08.678261 1273356 model_lifecycle.cc:473] "loading: yolox_ensemble:1"
INFO 2026-06-03 12:15:08.679 nimutils.py:74] I0603 15:15:08.678695 1273356 model_lifecycle.cc:849] "successfully loaded 'yolox_ensemble'"
INFO 2026-06-03 12:15:08.679 nimutils.py:74] I0603 15:15:08.678810 1273356 server.cc:611]
INFO 2026-06-03 12:15:08.679 nimutils.py:74] +------------------+------+
INFO 2026-06-03 12:15:08.680 nimutils.py:74] | Repository Agent | Path |
INFO 2026-06-03 12:15:08.680 nimutils.py:74] +------------------+------+
INFO 2026-06-03 12:15:08.680 nimutils.py:74] +------------------+------+
INFO 2026-06-03 12:15:08.680 nimutils.py:74] 
INFO 2026-06-03 12:15:08.681 nimutils.py:74] I0603 15:15:08.678864 1273356 server.cc:638]
INFO 2026-06-03 12:15:08.682 nimutils.py:74] +----------+-----------------------------------------------------------+-------------------------------------------------------------------------------------------------------------------------------------------------------------------------------------------+
INFO 2026-06-03 12:15:08.682 nimutils.py:74] | Backend  | Path                                                      | Config                                                                                                                                                                                    |
INFO 2026-06-03 12:15:08.682 nimutils.py:74] +----------+-----------------------------------------------------------+-------------------------------------------------------------------------------------------------------------------------------------------------------------------------------------------+
INFO 2026-06-03 12:15:08.682 nimutils.py:74] | python   | /opt/tritonserver/backends/python/libtriton_python.so     | {"cmdline":{"auto-complete-config":"true","backend-directory":"/opt/tritonserver/backends","min-compute-capability":"6.000000","default-max-batch-size":"4"}}                             |
INFO 2026-06-03 12:15:08.683 nimutils.py:74] | tensorrt | /opt/tritonserver/backends/tensorrt/libtriton_tensorrt.so | {"cmdline":{"auto-complete-config":"true","backend-directory":"/opt/tritonserver/backends","min-compute-capability":"6.000000","version-compatible":"true","default-max-batch-size":"4"}} |
INFO 2026-06-03 12:15:08.683 nimutils.py:74] +----------+-----------------------------------------------------------+-------------------------------------------------------------------------------------------------------------------------------------------------------------------------------------------+
INFO 2026-06-03 12:15:08.683 nimutils.py:74] 
INFO 2026-06-03 12:15:08.684 nimutils.py:74] I0603 15:15:08.678907 1273356 server.cc:681]
INFO 2026-06-03 12:15:08.684 nimutils.py:74] +----------------+---------+--------+
INFO 2026-06-03 12:15:08.684 nimutils.py:74] | Model          | Version | Status |
INFO 2026-06-03 12:15:08.684 nimutils.py:74] +----------------+---------+--------+
INFO 2026-06-03 12:15:08.684 nimutils.py:74] | yolox          | 1       | READY  |
INFO 2026-06-03 12:15:08.685 nimutils.py:74] | yolox_ensemble | 1       | READY  |
INFO 2026-06-03 12:15:08.685 nimutils.py:74] | yolox_post     | 1       | READY  |
INFO 2026-06-03 12:15:08.685 nimutils.py:74] | yolox_pre      | 1       | READY  |
INFO 2026-06-03 12:15:08.685 nimutils.py:74] +----------------+---------+--------+
INFO 2026-06-03 12:15:08.686 nimutils.py:74] 
INFO 2026-06-03 12:15:08.872 nimutils.py:74] I0603 15:15:08.872585 1273356 metrics.cc:889] "Collecting metrics for GPU 0: NVIDIA A100-SXM4-80GB"
INFO 2026-06-03 12:15:08.884 nimutils.py:74] I0603 15:15:08.884701 1273356 metrics.cc:782] "Collecting CPU metrics"
INFO 2026-06-03 12:15:08.885 nimutils.py:74] I0603 15:15:08.884846 1273356 tritonserver.cc:2598]
INFO 2026-06-03 12:15:08.885 nimutils.py:74] +----------------------------------+-----------------------------------------------------------------------------------------------------------------------------------------------------------------------------------------------------------------+
INFO 2026-06-03 12:15:08.885 nimutils.py:74] | Option                           | Value                                                                                                                                                                                                           |
INFO 2026-06-03 12:15:08.885 nimutils.py:74] +----------------------------------+-----------------------------------------------------------------------------------------------------------------------------------------------------------------------------------------------------------------+
INFO 2026-06-03 12:15:08.886 nimutils.py:74] | server_id                        | triton                                                                                                                                                                                                          |
INFO 2026-06-03 12:15:08.886 nimutils.py:74] | server_version                   | 2.60.0                                                                                                                                                                                                          |
INFO 2026-06-03 12:15:08.886 nimutils.py:74] | server_extensions                | classification sequence model_repository model_repository(unload_dependents) schedule_policy model_configuration system_shared_memory cuda_shared_memory binary_tensor_data parameters statistics trace logging |
INFO 2026-06-03 12:15:08.886 nimutils.py:74] | model_repository_path[0]         | /opt/nim/workspace                                                                                                                                                                                              |
INFO 2026-06-03 12:15:08.886 nimutils.py:74] | model_control_mode               | MODE_NONE                                                                                                                                                                                                       |
INFO 2026-06-03 12:15:08.887 nimutils.py:74] | strict_model_config              | 0                                                                                                                                                                                                               |
INFO 2026-06-03 12:15:08.887 nimutils.py:74] | model_config_name                |                                                                                                                                                                                                                 |
INFO 2026-06-03 12:15:08.887 nimutils.py:74] | rate_limit                       | OFF                                                                                                                                                                                                             |
INFO 2026-06-03 12:15:08.887 nimutils.py:74] | pinned_memory_pool_byte_size     | 268435456                                                                                                                                                                                                       |
INFO 2026-06-03 12:15:08.887 nimutils.py:74] | cuda_memory_pool_byte_size{0}    | 402663424                                                                                                                                                                                                       |
INFO 2026-06-03 12:15:08.888 nimutils.py:74] | min_supported_compute_capability | 6.0                                                                                                                                                                                                             |
INFO 2026-06-03 12:15:08.888 nimutils.py:74] | strict_readiness                 | 1                                                                                                                                                                                                               |
INFO 2026-06-03 12:15:08.888 nimutils.py:74] | exit_timeout                     | 30                                                                                                                                                                                                              |
INFO 2026-06-03 12:15:08.888 nimutils.py:74] | cache_enabled                    | 0                                                                                                                                                                                                               |
INFO 2026-06-03 12:15:08.888 nimutils.py:74] +----------------------------------+-----------------------------------------------------------------------------------------------------------------------------------------------------------------------------------------------------------------+
INFO 2026-06-03 12:15:08.888 nimutils.py:74] 
INFO 2026-06-03 12:15:08.925 nimutils.py:74] I0603 15:15:08.925435 1273356 grpc_server.cc:2562] "Started GRPCInferenceService at 0.0.0.0:8004"
INFO 2026-06-03 12:15:08.926 nimutils.py:74] I0603 15:15:08.925673 1273356 http_server.cc:4789] "Started HTTPService at 0.0.0.0:8030"
INFO 2026-06-03 12:15:08.967 nimutils.py:74] I0603 15:15:08.967858 1273356 http_server.cc:358] "Started Metrics Service at 0.0.0.0:8031"
