INFO:    Environment variable SINGULARITY_TMPDIR is set, but APPTAINER_TMPDIR is preferred

==============================
== NVIDIA NIM for Image OCR ==
==============================

NVIDIA Release 1.5.0
Model: baidu/paddleocr

Container image Copyright (c) 2016-2025, NVIDIA CORPORATION & AFFILIATES. All rights reserved.
The NIM container is governed by the NVIDIA Software License Agreement (found at https://www.nvidia.com/en-us/agreements/enterprise-software/nvidia-software-license-agreement/) and Product-Specific Terms for AI Products (found at https://www.nvidia.com/en-us/agreements/enterprise-software/product-specific-terms-for-ai-products/); and the use of this model is governed by the NVIDIA Community Model License (found at https://www.nvidia.com/en-us/agreements/enterprise-software/nvidia-community-models-license/).

A copy of this license can be found under /opt/nim/LICENSE.
Third Party Software Attributions and Licenses can be found under /opt/nim/acknowledgements.txt.

NOTE: CUDA Forward Compatibility mode ENABLED.
  Using CUDA 12.9 driver version 575.57.08 with kernel driver version 550.90.07.
  See https://docs.nvidia.com/deploy/cuda-compatibility/ for details.

Overriding NIM_LOG_LEVEL: replacing NIM_LOG_LEVEL=unset with NIM_LOG_LEVEL=INFO
HF_HOME is set to /opt/nim/.cache/huggingface
INFO 2026-06-03 12:14:55.285 __init__.py:413] Appending: /opt/nim to PYTHONPATH: ['/opt/nim/start_server.d', '/usr/lib/python312.zip', '/usr/lib/python3.12', '/usr/lib/python3.12/lib-dynload', '/usr/local/lib/python3.12/dist-packages', '/usr/lib/python3/dist-packages']
NIM_MODEL_PROFILE is set to 495980e0b97395173bd2ddce9f7dec2851c654643e3bdb91c4d8fc24047c4d6a
INFO 2026-06-03 12:14:55.927 __init__.py:413] Appending: /opt/nim to PYTHONPATH: ['/opt/nim/start_server.d', '/usr/lib/python312.zip', '/usr/lib/python3.12', '/usr/lib/python3.12/lib-dynload', '/usr/local/lib/python3.12/dist-packages', '/usr/lib/python3/dist-packages']
INFO 2026-06-03 12:14:58.792 profiles.py:98] Registered custom profile selectors: []
INFO 2026-06-03 12:14:58.793 profiles.py:208] Matched profile_id in manifest from env NIM_MODEL_PROFILE to: 495980e0b97395173bd2ddce9f7dec2851c654643e3bdb91c4d8fc24047c4d6a
INFO 2026-06-03 12:14:58.793 nim_sdk.py:299] Using the profile selected by the profile selector: 495980e0b97395173bd2ddce9f7dec2851c654643e3bdb91c4d8fc24047c4d6a
INFO 2026-06-03 12:14:58.793 nim_sdk.py:308] Downloading manifest profile: 495980e0b97395173bd2ddce9f7dec2851c654643e3bdb91c4d8fc24047c4d6a
INFO 2026-06-03 12:14:58.846 lib.rs:203] File: checksums.blake3 found in cache: "/opt/nim/.cache/ngc/hub/models--nim--baidu--paddleocr/snapshots/a100x1-trt-fp16-ebu61zavqq/checksums.blake3"
INFO 2026-06-03 12:14:58.847 public.rs:52] Skipping download, using cached copy of file: checksums.blake3 at path: "/opt/nim/.cache/ngc/hub/models--nim--baidu--paddleocr/snapshots/a100x1-trt-fp16-ebu61zavqq/checksums.blake3"
INFO 2026-06-03 12:14:58.858 lib.rs:203] File: metadata.json found in cache: "/opt/nim/.cache/ngc/hub/models--nim--baidu--paddleocr/snapshots/a100x1-trt-fp16-pmwetdrjua/metadata.json"
INFO 2026-06-03 12:14:58.858 public.rs:52] Skipping download, using cached copy of file: metadata.json at path: "/opt/nim/.cache/ngc/hub/models--nim--baidu--paddleocr/snapshots/a100x1-trt-fp16-pmwetdrjua/metadata.json"
INFO 2026-06-03 12:14:58.865 lib.rs:203] File: metadata.json found in cache: "/opt/nim/.cache/ngc/hub/models--nim--baidu--paddleocr/snapshots/a100x1-trt-fp16-ebu61zavqq/metadata.json"
INFO 2026-06-03 12:14:58.865 public.rs:52] Skipping download, using cached copy of file: metadata.json at path: "/opt/nim/.cache/ngc/hub/models--nim--baidu--paddleocr/snapshots/a100x1-trt-fp16-ebu61zavqq/metadata.json"
INFO 2026-06-03 12:14:58.872 lib.rs:203] File: checksums.blake3 found in cache: "/opt/nim/.cache/ngc/hub/models--nim--baidu--paddleocr/snapshots/2_TRT_python_2/checksums.blake3"
INFO 2026-06-03 12:14:58.872 public.rs:52] Skipping download, using cached copy of file: checksums.blake3 at path: "/opt/nim/.cache/ngc/hub/models--nim--baidu--paddleocr/snapshots/2_TRT_python_2/checksums.blake3"
INFO 2026-06-03 12:14:58.879 lib.rs:203] File: model.py found in cache: "/opt/nim/.cache/ngc/hub/models--nim--baidu--paddleocr/snapshots/2_TRT_python_2/model.py"
INFO 2026-06-03 12:14:58.879 public.rs:52] Skipping download, using cached copy of file: model.py at path: "/opt/nim/.cache/ngc/hub/models--nim--baidu--paddleocr/snapshots/2_TRT_python_2/model.py"
INFO 2026-06-03 12:14:58.886 lib.rs:203] File: model.plan found in cache: "/opt/nim/.cache/ngc/hub/models--nim--baidu--paddleocr/snapshots/a100x1-trt-fp16-ebu61zavqq/model.plan"
INFO 2026-06-03 12:14:58.886 public.rs:52] Skipping download, using cached copy of file: model.plan at path: "/opt/nim/.cache/ngc/hub/models--nim--baidu--paddleocr/snapshots/a100x1-trt-fp16-ebu61zavqq/model.plan"
INFO 2026-06-03 12:14:58.892 lib.rs:203] File: model.plan found in cache: "/opt/nim/.cache/ngc/hub/models--nim--baidu--paddleocr/snapshots/a100x1-trt-fp16-pmwetdrjua/model.plan"
INFO 2026-06-03 12:14:58.893 public.rs:52] Skipping download, using cached copy of file: model.plan at path: "/opt/nim/.cache/ngc/hub/models--nim--baidu--paddleocr/snapshots/a100x1-trt-fp16-pmwetdrjua/model.plan"
INFO 2026-06-03 12:14:58.899 lib.rs:203] File: checksums.blake3 found in cache: "/opt/nim/.cache/ngc/hub/models--nim--baidu--paddleocr/snapshots/a100x1-trt-fp16-pmwetdrjua/checksums.blake3"
INFO 2026-06-03 12:14:58.900 public.rs:52] Skipping download, using cached copy of file: checksums.blake3 at path: "/opt/nim/.cache/ngc/hub/models--nim--baidu--paddleocr/snapshots/a100x1-trt-fp16-pmwetdrjua/checksums.blake3"
INFO 2026-06-03 12:14:58.900 nim_sdk.py:328] Using the workspace specified during init: /opt/nim/workspace
INFO 2026-06-03 12:14:58.901 nim_sdk.py:341] Materializing workspace to: /opt/nim/workspace
NIM_TRITON_EXTRA_ARGS is set to --cuda-memory-pool-byte-size=0:402663424.0 --backend-config=tensorrt,version-compatible=true --grpc-port=8010
INFO 2026-06-03 12:15:01.444 __init__.py:413] Appending: /opt/nim to PYTHONPATH: ['/usr/local/bin', '/usr/lib/python312.zip', '/usr/lib/python3.12', '/usr/lib/python3.12/lib-dynload', '/usr/local/lib/python3.12/dist-packages', '/usr/lib/python3/dist-packages']
INFO 2026-06-03 12:15:01.522 start_server.py:45] Starting nimlib 0.9.16 nim_sdk 0.8.6
INFO 2026-06-03 12:15:01.523 standard_files.py:95] NIM VERSION:
1.5.0
INFO 2026-06-03 12:15:01.524 standard_files.py:95] NIM banner.txt:
The NIM container is governed by the NVIDIA Software License Agreement (found at https://www.nvidia.com/en-us/agreements/enterprise-software/nvidia-software-license-agreement/) and Product-Specific Terms for AI Products (found at https://www.nvidia.com/en-us/agreements/enterprise-software/product-specific-terms-for-ai-products/); and the use of this model is governed by the NVIDIA Community Model License (found at https://www.nvidia.com/en-us/agreements/enterprise-software/nvidia-community-models-license/).

A copy of this license can be found under /opt/nim/LICENSE.
INFO 2026-06-03 12:15:01.524 standard_files.py:95] NIM NOTICE:
Copyright (c) 2025 NVIDIA CORPORATION & AFFILIATES. All rights reserved.
LicenseRef-NvidiaProprietary

NVIDIA CORPORATION, its affiliates and licensors retain all intellectual property and proprietary rights in and to this material, related documentation and any modifications thereto. Any use, reproduction, disclosure or distribution of this material and related documentation without an express license agreement from NVIDIA CORPORATION or its affiliates are strictly prohibited.
This NIM container is governed by the NVIDIA AI Product Agreement here:
https://www.nvidia.com/en-us/data-center/products/nvidia-ai-enterprise/eula/.
A copy of this license can be found under /opt/nim/LICENSE.

The use of this model is governed by the AI Foundation Models Community License
here: https://docs.nvidia.com/ai-foundation-models-community-license.pdf.


INFO 2026-06-03 12:15:02.155 profiles.py:98] Registered custom profile selectors: []
INFO 2026-06-03 12:15:02.156 profiles.py:208] Matched profile_id in manifest from env NIM_MODEL_PROFILE to: 495980e0b97395173bd2ddce9f7dec2851c654643e3bdb91c4d8fc24047c4d6a
INFO 2026-06-03 12:15:02.156 nim_sdk.py:299] Using the profile selected by the profile selector: 495980e0b97395173bd2ddce9f7dec2851c654643e3bdb91c4d8fc24047c4d6a
INFO 2026-06-03 12:15:02.157 nim_sdk.py:308] Downloading manifest profile: 495980e0b97395173bd2ddce9f7dec2851c654643e3bdb91c4d8fc24047c4d6a
INFO 2026-06-03 12:15:02.170 lib.rs:203] File: checksums.blake3 found in cache: "/opt/nim/.cache/ngc/hub/models--nim--baidu--paddleocr/snapshots/2_TRT_python_2/checksums.blake3"
INFO 2026-06-03 12:15:02.171 public.rs:52] Skipping download, using cached copy of file: checksums.blake3 at path: "/opt/nim/.cache/ngc/hub/models--nim--baidu--paddleocr/snapshots/2_TRT_python_2/checksums.blake3"
INFO 2026-06-03 12:15:02.178 lib.rs:203] File: metadata.json found in cache: "/opt/nim/.cache/ngc/hub/models--nim--baidu--paddleocr/snapshots/a100x1-trt-fp16-ebu61zavqq/metadata.json"
INFO 2026-06-03 12:15:02.178 public.rs:52] Skipping download, using cached copy of file: metadata.json at path: "/opt/nim/.cache/ngc/hub/models--nim--baidu--paddleocr/snapshots/a100x1-trt-fp16-ebu61zavqq/metadata.json"
INFO 2026-06-03 12:15:02.185 lib.rs:203] File: checksums.blake3 found in cache: "/opt/nim/.cache/ngc/hub/models--nim--baidu--paddleocr/snapshots/a100x1-trt-fp16-pmwetdrjua/checksums.blake3"
INFO 2026-06-03 12:15:02.185 public.rs:52] Skipping download, using cached copy of file: checksums.blake3 at path: "/opt/nim/.cache/ngc/hub/models--nim--baidu--paddleocr/snapshots/a100x1-trt-fp16-pmwetdrjua/checksums.blake3"
INFO 2026-06-03 12:15:02.192 lib.rs:203] File: model.py found in cache: "/opt/nim/.cache/ngc/hub/models--nim--baidu--paddleocr/snapshots/2_TRT_python_2/model.py"
INFO 2026-06-03 12:15:02.192 public.rs:52] Skipping download, using cached copy of file: model.py at path: "/opt/nim/.cache/ngc/hub/models--nim--baidu--paddleocr/snapshots/2_TRT_python_2/model.py"
INFO 2026-06-03 12:15:02.199 lib.rs:203] File: model.plan found in cache: "/opt/nim/.cache/ngc/hub/models--nim--baidu--paddleocr/snapshots/a100x1-trt-fp16-ebu61zavqq/model.plan"
INFO 2026-06-03 12:15:02.199 public.rs:52] Skipping download, using cached copy of file: model.plan at path: "/opt/nim/.cache/ngc/hub/models--nim--baidu--paddleocr/snapshots/a100x1-trt-fp16-ebu61zavqq/model.plan"
INFO 2026-06-03 12:15:02.206 lib.rs:203] File: model.plan found in cache: "/opt/nim/.cache/ngc/hub/models--nim--baidu--paddleocr/snapshots/a100x1-trt-fp16-pmwetdrjua/model.plan"
INFO 2026-06-03 12:15:02.206 public.rs:52] Skipping download, using cached copy of file: model.plan at path: "/opt/nim/.cache/ngc/hub/models--nim--baidu--paddleocr/snapshots/a100x1-trt-fp16-pmwetdrjua/model.plan"
INFO 2026-06-03 12:15:02.212 lib.rs:203] File: checksums.blake3 found in cache: "/opt/nim/.cache/ngc/hub/models--nim--baidu--paddleocr/snapshots/a100x1-trt-fp16-ebu61zavqq/checksums.blake3"
INFO 2026-06-03 12:15:02.212 public.rs:52] Skipping download, using cached copy of file: checksums.blake3 at path: "/opt/nim/.cache/ngc/hub/models--nim--baidu--paddleocr/snapshots/a100x1-trt-fp16-ebu61zavqq/checksums.blake3"
INFO 2026-06-03 12:15:02.219 lib.rs:203] File: metadata.json found in cache: "/opt/nim/.cache/ngc/hub/models--nim--baidu--paddleocr/snapshots/a100x1-trt-fp16-pmwetdrjua/metadata.json"
INFO 2026-06-03 12:15:02.219 public.rs:52] Skipping download, using cached copy of file: metadata.json at path: "/opt/nim/.cache/ngc/hub/models--nim--baidu--paddleocr/snapshots/a100x1-trt-fp16-pmwetdrjua/metadata.json"
INFO 2026-06-03 12:15:02.220 nim_sdk.py:328] Using the workspace specified during init: /opt/nim/workspace
INFO 2026-06-03 12:15:02.308 nimutils.py:197] Starting Triton server: /usr/local/lib/python3.12/dist-packages/nimlib/triton_start.sh -m /opt/nim/workspace -d - -h 8050 -p 8051 -l 0 -x --cuda-memory-pool-byte-size=0:402663424.0 --backend-config=tensorrt,version-compatible=true --grpc-port=8010
INFO 2026-06-03 12:15:02.311 nimutils.py:224] Starting NIM inference server
INFO 2026-06-03 12:15:02.363 profiles.py:98] Registered custom profile selectors: []
INFO 2026-06-03 12:15:02.364 profiles.py:208] Matched profile_id in manifest from env NIM_MODEL_PROFILE to: 495980e0b97395173bd2ddce9f7dec2851c654643e3bdb91c4d8fc24047c4d6a
INFO 2026-06-03 12:15:02.366 http_api.py:52] Serving endpoints:
  0.0.0.0:8009/v1/triton-inference-statistics (GET)
  0.0.0.0:8009/v1/infer (POST)
  0.0.0.0:8009/v1/health/live (GET)
  0.0.0.0:8009/v1/health/ready (GET)
  0.0.0.0:8009/v1/metrics (GET)
  0.0.0.0:8009/v1/license (GET)
  0.0.0.0:8009/v1/metadata (GET)
  0.0.0.0:8009/v1/manifest (GET)
INFO 2026-06-03 12:15:02.366 http_api.py:73] {'message': 'Starting HTTP Inference server', 'port': 8009, 'workers_count': 16, 'host': '0.0.0.0', 'log_level': 'info', 'SSL': 'disabled'}
INFO 2026-06-03 12:15:03.263 nimutils.py:74] Running: tritonserver --model-repository /opt/nim/workspace --http-port 8050 --metrics-port 8051  --log-verbose 0  --cuda-memory-pool-byte-size=0:402663424.0 --backend-config=tensorrt,version-compatible=true --grpc-port=8010
INFO 2026-06-03 12:15:03.303 profiles.py:98] Registered custom profile selectors: []
INFO 2026-06-03 12:15:03.303 profiles.py:208] Matched profile_id in manifest from env NIM_MODEL_PROFILE to: 495980e0b97395173bd2ddce9f7dec2851c654643e3bdb91c4d8fc24047c4d6a
INFO 2026-06-03 12:15:03.311 profiles.py:98] Registered custom profile selectors: []
INFO 2026-06-03 12:15:03.311 profiles.py:98] Registered custom profile selectors: []
INFO 2026-06-03 12:15:03.311 profiles.py:208] Matched profile_id in manifest from env NIM_MODEL_PROFILE to: 495980e0b97395173bd2ddce9f7dec2851c654643e3bdb91c4d8fc24047c4d6a
INFO 2026-06-03 12:15:03.311 profiles.py:208] Matched profile_id in manifest from env NIM_MODEL_PROFILE to: 495980e0b97395173bd2ddce9f7dec2851c654643e3bdb91c4d8fc24047c4d6a
INFO 2026-06-03 12:15:03.313 profiles.py:98] Registered custom profile selectors: []
INFO 2026-06-03 12:15:03.313 profiles.py:208] Matched profile_id in manifest from env NIM_MODEL_PROFILE to: 495980e0b97395173bd2ddce9f7dec2851c654643e3bdb91c4d8fc24047c4d6a
INFO 2026-06-03 12:15:03.348 profiles.py:98] Registered custom profile selectors: []
INFO 2026-06-03 12:15:03.348 profiles.py:208] Matched profile_id in manifest from env NIM_MODEL_PROFILE to: 495980e0b97395173bd2ddce9f7dec2851c654643e3bdb91c4d8fc24047c4d6a
INFO 2026-06-03 12:15:03.351 profiles.py:98] Registered custom profile selectors: []
INFO 2026-06-03 12:15:03.351 profiles.py:208] Matched profile_id in manifest from env NIM_MODEL_PROFILE to: 495980e0b97395173bd2ddce9f7dec2851c654643e3bdb91c4d8fc24047c4d6a
INFO 2026-06-03 12:15:03.443 profiles.py:98] Registered custom profile selectors: []
INFO 2026-06-03 12:15:03.444 profiles.py:208] Matched profile_id in manifest from env NIM_MODEL_PROFILE to: 495980e0b97395173bd2ddce9f7dec2851c654643e3bdb91c4d8fc24047c4d6a
INFO 2026-06-03 12:15:03.450 profiles.py:98] Registered custom profile selectors: []
INFO 2026-06-03 12:15:03.450 profiles.py:208] Matched profile_id in manifest from env NIM_MODEL_PROFILE to: 495980e0b97395173bd2ddce9f7dec2851c654643e3bdb91c4d8fc24047c4d6a
INFO 2026-06-03 12:15:03.452 profiles.py:98] Registered custom profile selectors: []
INFO 2026-06-03 12:15:03.453 profiles.py:208] Matched profile_id in manifest from env NIM_MODEL_PROFILE to: 495980e0b97395173bd2ddce9f7dec2851c654643e3bdb91c4d8fc24047c4d6a
INFO 2026-06-03 12:15:03.454 profiles.py:98] Registered custom profile selectors: []
INFO 2026-06-03 12:15:03.454 profiles.py:208] Matched profile_id in manifest from env NIM_MODEL_PROFILE to: 495980e0b97395173bd2ddce9f7dec2851c654643e3bdb91c4d8fc24047c4d6a
INFO 2026-06-03 12:15:03.463 profiles.py:98] Registered custom profile selectors: []
INFO 2026-06-03 12:15:03.463 profiles.py:208] Matched profile_id in manifest from env NIM_MODEL_PROFILE to: 495980e0b97395173bd2ddce9f7dec2851c654643e3bdb91c4d8fc24047c4d6a
INFO 2026-06-03 12:15:03.465 profiles.py:98] Registered custom profile selectors: []
INFO 2026-06-03 12:15:03.466 profiles.py:208] Matched profile_id in manifest from env NIM_MODEL_PROFILE to: 495980e0b97395173bd2ddce9f7dec2851c654643e3bdb91c4d8fc24047c4d6a
INFO 2026-06-03 12:15:03.469 profiles.py:98] Registered custom profile selectors: []
INFO 2026-06-03 12:15:03.469 profiles.py:98] Registered custom profile selectors: []
INFO 2026-06-03 12:15:03.469 profiles.py:208] Matched profile_id in manifest from env NIM_MODEL_PROFILE to: 495980e0b97395173bd2ddce9f7dec2851c654643e3bdb91c4d8fc24047c4d6a
INFO 2026-06-03 12:15:03.470 profiles.py:208] Matched profile_id in manifest from env NIM_MODEL_PROFILE to: 495980e0b97395173bd2ddce9f7dec2851c654643e3bdb91c4d8fc24047c4d6a
INFO 2026-06-03 12:15:03.470 profiles.py:98] Registered custom profile selectors: []
INFO 2026-06-03 12:15:03.471 profiles.py:208] Matched profile_id in manifest from env NIM_MODEL_PROFILE to: 495980e0b97395173bd2ddce9f7dec2851c654643e3bdb91c4d8fc24047c4d6a
INFO 2026-06-03 12:15:03.473 profiles.py:98] Registered custom profile selectors: []
INFO 2026-06-03 12:15:03.473 profiles.py:208] Matched profile_id in manifest from env NIM_MODEL_PROFILE to: 495980e0b97395173bd2ddce9f7dec2851c654643e3bdb91c4d8fc24047c4d6a
INFO 2026-06-03 12:15:04.031 nimutils.py:74] I0603 15:15:04.031047 1274832 pinned_memory_manager.cc:277] "Pinned memory pool is created at '0x150b92000000' with size 268435456"
INFO 2026-06-03 12:15:04.033 nimutils.py:74] I0603 15:15:04.033469 1274832 cuda_memory_manager.cc:107] "CUDA memory pool is created on device 0 with size 402663424"
INFO 2026-06-03 12:15:04.064 nimutils.py:74] I0603 15:15:04.064323 1274832 model_lifecycle.cc:473] "loading: paddle_det:1"
INFO 2026-06-03 12:15:04.064 nimutils.py:74] I0603 15:15:04.064658 1274832 model_lifecycle.cc:473] "loading: paddle:1"
INFO 2026-06-03 12:15:04.065 nimutils.py:74] I0603 15:15:04.064908 1274832 model_lifecycle.cc:473] "loading: paddle_rec:1"
INFO 2026-06-03 12:15:04.122 nimutils.py:74] I0603 15:15:04.122447 1274832 tensorrt.cc:65] "TRITONBACKEND_Initialize: tensorrt"
INFO 2026-06-03 12:15:04.123 nimutils.py:74] I0603 15:15:04.122469 1274832 tensorrt.cc:75] "Triton TRITONBACKEND API version: 1.19"
INFO 2026-06-03 12:15:04.123 nimutils.py:74] I0603 15:15:04.122472 1274832 tensorrt.cc:81] "'tensorrt' TRITONBACKEND API version: 1.19"
INFO 2026-06-03 12:15:04.123 nimutils.py:74] I0603 15:15:04.122479 1274832 tensorrt.cc:105] "backend configuration:\n{\"cmdline\":{\"auto-complete-config\":\"true\",\"backend-directory\":\"/opt/tritonserver/backends\",\"min-compute-capability\":\"6.000000\",\"version-compatible\":\"true\",\"default-max-batch-size\":\"4\"}}"
INFO 2026-06-03 12:15:04.129 nimutils.py:74] I0603 15:15:04.129033 1274832 tensorrt.cc:231] "TRITONBACKEND_ModelInitialize: paddle_rec (version 1)"
INFO 2026-06-03 12:15:04.129 nimutils.py:74] I0603 15:15:04.129178 1274832 tensorrt.cc:231] "TRITONBACKEND_ModelInitialize: paddle_det (version 1)"
INFO 2026-06-03 12:15:04.132 nimutils.py:74] I0603 15:15:04.132319 1274832 logging.cc:46] "The logger passed into createInferRuntime differs from one already provided for an existing builder, runtime, or refitter. Uses of the global logger, returned by nvinfer1::getLogger(), will return the existing value."
INFO 2026-06-03 12:15:04.220 nimutils.py:74] I0603 15:15:04.220218 1274832 logging.cc:46] "Loaded engine size: 122 MiB"
INFO 2026-06-03 12:15:04.235 nimutils.py:74] I0603 15:15:04.235046 1274832 logging.cc:46] "Loaded engine size: 137 MiB"
INFO 2026-06-03 12:15:04.325 nimutils.py:74] I0603 15:15:04.325648 1274832 logging.cc:46] "Loaded engine size: 122 MiB"
INFO 2026-06-03 12:15:04.351 nimutils.py:74] I0603 15:15:04.351561 1274832 logging.cc:46] "Loaded engine size: 137 MiB"
INFO 2026-06-03 12:15:04.471 nimutils.py:74] I0603 15:15:04.471327 1274832 tensorrt.cc:297] "TRITONBACKEND_ModelInstanceInitialize: paddle_rec_0_0 (GPU device 0)"
INFO 2026-06-03 12:15:04.518 nimutils.py:74] I0603 15:15:04.518479 1274832 model_state.cc:322] "'execution_context_allocation_strategy' set to 'ON_PROFILE_CHANGE' for model instance 'paddle_det'"
INFO 2026-06-03 12:15:04.519 nimutils.py:74] I0603 15:15:04.518934 1274832 tensorrt.cc:297] "TRITONBACKEND_ModelInstanceInitialize: paddle_det_0_0 (GPU device 0)"
INFO 2026-06-03 12:15:04.572 nimutils.py:74] I0603 15:15:04.572551 1274832 logging.cc:46] "Loaded engine size: 122 MiB"
INFO 2026-06-03 12:15:04.800 nimutils.py:74] I0603 15:15:04.800069 1274832 logging.cc:46] "Loaded engine size: 122 MiB"
INFO 2026-06-03 12:15:04.917 nimutils.py:74] I0603 15:15:04.916895 1274832 logging.cc:46] "The logger passed into createInferRuntime differs from one already provided for an existing builder, runtime, or refitter. Uses of the global logger, returned by nvinfer1::getLogger(), will return the existing value."
INFO 2026-06-03 12:15:04.984 nimutils.py:74] I0603 15:15:04.984874 1274832 logging.cc:46] "Loaded engine size: 137 MiB"
INFO 2026-06-03 12:15:04.998 nimutils.py:74] I0603 15:15:04.998881 1274832 logging.cc:46] "[MemUsageChange] TensorRT-managed allocation in IExecutionContext creation: CPU +0, GPU +90, now: CPU 0, GPU 93 (MiB)"
INFO 2026-06-03 12:15:05.004 nimutils.py:74] I0603 15:15:05.004064 1274832 instance_state.cc:186] "Created instance paddle_rec_0_0 on GPU 0 with stream priority 0 and optimization profile default[0];"
INFO 2026-06-03 12:15:05.008 nimutils.py:74] I0603 15:15:05.008505 1274832 model_lifecycle.cc:849] "successfully loaded 'paddle_rec'"
INFO 2026-06-03 12:15:05.150 nimutils.py:74] I0603 15:15:05.149338 1274832 logging.cc:46] "Loaded engine size: 137 MiB"
INFO 2026-06-03 12:15:05.373 nimutils.py:74] I0603 15:15:05.373205 1274832 logging.cc:46] "[MemUsageChange] TensorRT-managed allocation in IExecutionContext creation: CPU +1, GPU +48, now: CPU 2, GPU 52 (MiB)"
INFO 2026-06-03 12:15:05.374 nimutils.py:74] I0603 15:15:05.373254 1274832 logging.cc:46] "Switching optimization profile from: 0 to 7. Please ensure there are no enqueued operations pending in this context prior to switching profiles"
INFO 2026-06-03 12:15:05.756 nimutils.py:74] I0603 15:15:05.755911 1274832 instance_state.cc:186] "Created instance paddle_det_0_0 on GPU 0 with stream priority 0 and optimization profile 7[7];"
INFO 2026-06-03 12:15:05.757 nimutils.py:74] I0603 15:15:05.757899 1274832 model_lifecycle.cc:849] "successfully loaded 'paddle_det'"
INFO 2026-06-03 12:15:12.702 nimutils.py:74] I0603 15:15:12.702494 1274832 python_be.cc:2289] "TRITONBACKEND_ModelInstanceInitialize: paddle_0_0 (GPU device 0)"
INFO 2026-06-03 12:15:16.682 nimutils.py:74] I0603 15:15:16.682305 1274832 model_lifecycle.cc:849] "successfully loaded 'paddle'"
INFO 2026-06-03 12:15:16.683 nimutils.py:74] I0603 15:15:16.682491 1274832 server.cc:611]
INFO 2026-06-03 12:15:16.683 nimutils.py:74] +------------------+------+
INFO 2026-06-03 12:15:16.683 nimutils.py:74] | Repository Agent | Path |
INFO 2026-06-03 12:15:16.684 nimutils.py:74] +------------------+------+
INFO 2026-06-03 12:15:16.684 nimutils.py:74] +------------------+------+
INFO 2026-06-03 12:15:16.684 nimutils.py:74] 
INFO 2026-06-03 12:15:16.684 nimutils.py:74] I0603 15:15:16.682568 1274832 server.cc:638]
INFO 2026-06-03 12:15:16.685 nimutils.py:74] +----------+-----------------------------------------------------------+-------------------------------------------------------------------------------------------------------------------------------------------------------------------------------------------+
INFO 2026-06-03 12:15:16.685 nimutils.py:74] | Backend  | Path                                                      | Config                                                                                                                                                                                    |
INFO 2026-06-03 12:15:16.685 nimutils.py:74] +----------+-----------------------------------------------------------+-------------------------------------------------------------------------------------------------------------------------------------------------------------------------------------------+
INFO 2026-06-03 12:15:16.685 nimutils.py:74] | python   | /opt/tritonserver/backends/python/libtriton_python.so     | {"cmdline":{"auto-complete-config":"true","backend-directory":"/opt/tritonserver/backends","min-compute-capability":"6.000000","default-max-batch-size":"4"}}                             |
INFO 2026-06-03 12:15:16.685 nimutils.py:74] | tensorrt | /opt/tritonserver/backends/tensorrt/libtriton_tensorrt.so | {"cmdline":{"auto-complete-config":"true","backend-directory":"/opt/tritonserver/backends","min-compute-capability":"6.000000","version-compatible":"true","default-max-batch-size":"4"}} |
INFO 2026-06-03 12:15:16.685 nimutils.py:74] +----------+-----------------------------------------------------------+-------------------------------------------------------------------------------------------------------------------------------------------------------------------------------------------+
INFO 2026-06-03 12:15:16.686 nimutils.py:74] 
INFO 2026-06-03 12:15:16.686 nimutils.py:74] I0603 15:15:16.682639 1274832 server.cc:681]
INFO 2026-06-03 12:15:16.686 nimutils.py:74] +------------+---------+--------+
INFO 2026-06-03 12:15:16.686 nimutils.py:74] | Model      | Version | Status |
INFO 2026-06-03 12:15:16.686 nimutils.py:74] +------------+---------+--------+
INFO 2026-06-03 12:15:16.686 nimutils.py:74] | paddle     | 1       | READY  |
INFO 2026-06-03 12:15:16.687 nimutils.py:74] | paddle_det | 1       | READY  |
INFO 2026-06-03 12:15:16.687 nimutils.py:74] | paddle_rec | 1       | READY  |
INFO 2026-06-03 12:15:16.687 nimutils.py:74] +------------+---------+--------+
INFO 2026-06-03 12:15:16.687 nimutils.py:74] 
INFO 2026-06-03 12:15:16.824 nimutils.py:74] I0603 15:15:16.823959 1274832 metrics.cc:890] "Collecting metrics for GPU 0: NVIDIA A100-SXM4-80GB"
INFO 2026-06-03 12:15:16.838 nimutils.py:74] I0603 15:15:16.838630 1274832 metrics.cc:783] "Collecting CPU metrics"
INFO 2026-06-03 12:15:16.839 nimutils.py:74] I0603 15:15:16.838824 1274832 tritonserver.cc:2598]
INFO 2026-06-03 12:15:16.839 nimutils.py:74] +----------------------------------+-----------------------------------------------------------------------------------------------------------------------------------------------------------------------------------------------------------------+
INFO 2026-06-03 12:15:16.839 nimutils.py:74] | Option                           | Value                                                                                                                                                                                                           |
INFO 2026-06-03 12:15:16.840 nimutils.py:74] +----------------------------------+-----------------------------------------------------------------------------------------------------------------------------------------------------------------------------------------------------------------+
INFO 2026-06-03 12:15:16.840 nimutils.py:74] | server_id                        | triton                                                                                                                                                                                                          |
INFO 2026-06-03 12:15:16.840 nimutils.py:74] | server_version                   | 2.59.1                                                                                                                                                                                                          |
INFO 2026-06-03 12:15:16.840 nimutils.py:74] | server_extensions                | classification sequence model_repository model_repository(unload_dependents) schedule_policy model_configuration system_shared_memory cuda_shared_memory binary_tensor_data parameters statistics trace logging |
INFO 2026-06-03 12:15:16.841 nimutils.py:74] | model_repository_path[0]         | /opt/nim/workspace                                                                                                                                                                                              |
INFO 2026-06-03 12:15:16.841 nimutils.py:74] | model_control_mode               | MODE_NONE                                                                                                                                                                                                       |
INFO 2026-06-03 12:15:16.841 nimutils.py:74] | strict_model_config              | 0                                                                                                                                                                                                               |
INFO 2026-06-03 12:15:16.841 nimutils.py:74] | model_config_name                |                                                                                                                                                                                                                 |
INFO 2026-06-03 12:15:16.841 nimutils.py:74] | rate_limit                       | OFF                                                                                                                                                                                                             |
INFO 2026-06-03 12:15:16.841 nimutils.py:74] | pinned_memory_pool_byte_size     | 268435456                                                                                                                                                                                                       |
INFO 2026-06-03 12:15:16.842 nimutils.py:74] | cuda_memory_pool_byte_size{0}    | 402663424                                                                                                                                                                                                       |
INFO 2026-06-03 12:15:16.842 nimutils.py:74] | min_supported_compute_capability | 6.0                                                                                                                                                                                                             |
INFO 2026-06-03 12:15:16.842 nimutils.py:74] | strict_readiness                 | 1                                                                                                                                                                                                               |
INFO 2026-06-03 12:15:16.842 nimutils.py:74] | exit_timeout                     | 30                                                                                                                                                                                                              |
INFO 2026-06-03 12:15:16.842 nimutils.py:74] | cache_enabled                    | 0                                                                                                                                                                                                               |
INFO 2026-06-03 12:15:16.843 nimutils.py:74] +----------------------------------+-----------------------------------------------------------------------------------------------------------------------------------------------------------------------------------------------------------------+
INFO 2026-06-03 12:15:16.843 nimutils.py:74] 
INFO 2026-06-03 12:15:16.874 nimutils.py:74] I0603 15:15:16.874877 1274832 grpc_server.cc:2562] "Started GRPCInferenceService at 0.0.0.0:8010"
INFO 2026-06-03 12:15:16.875 nimutils.py:74] I0603 15:15:16.875020 1274832 http_server.cc:4789] "Started HTTPService at 0.0.0.0:8050"
INFO 2026-06-03 12:15:16.917 nimutils.py:74] I0603 15:15:16.917122 1274832 http_server.cc:358] "Started Metrics Service at 0.0.0.0:8051"
