INFO:    Environment variable SINGULARITY_TMPDIR is set, but APPTAINER_TMPDIR is preferred

=====================================
== NVIDIA NIM for Object Detection ==
=====================================

NVIDIA Release 1.5.0
Model: nvidia/nemoretriever-page-elements-v2

Container image Copyright (c) 2016-2025, NVIDIA CORPORATION & AFFILIATES. All rights reserved.
The NIM container is governed by the NVIDIA Software License Agreement (found at https://www.nvidia.com/en-us/agreements/enterprise-software/nvidia-software-license-agreement/) and Product-Specific Terms for AI Products (found at https://www.nvidia.com/en-us/agreements/enterprise-software/product-specific-terms-for-ai-products/); and the use of this model is governed by the NVIDIA Community Model License (found at https://www.nvidia.com/en-us/agreements/enterprise-software/nvidia-community-models-license/).

A copy of this license can be found under /opt/nim/LICENSE.
Third Party Software Attributions and Licenses can be found under /opt/nim/acknowledgements.txt.

NOTE: CUDA Forward Compatibility mode ENABLED.
  Using CUDA 13.0 driver version 580.65.06 with kernel driver version 550.90.07.
  See https://docs.nvidia.com/deploy/cuda-compatibility/ for details.

Overriding NIM_LOG_LEVEL: replacing NIM_LOG_LEVEL=unset with NIM_LOG_LEVEL=INFO
HF_HOME is set to /opt/nim/.cache/huggingface
INFO 2026-06-03 12:14:41.858 __init__.py:413] Appending: /opt/nim to PYTHONPATH: ['/opt/nim/start_server.d', '/usr/lib/python312.zip', '/usr/lib/python3.12', '/usr/lib/python3.12/lib-dynload', '/usr/local/lib/python3.12/dist-packages', '/usr/lib/python3/dist-packages']
NIM_MODEL_PROFILE is set to 495980e0b97395173bd2ddce9f7dec2851c654643e3bdb91c4d8fc24047c4d6a
INFO 2026-06-03 12:14:42.403 __init__.py:413] Appending: /opt/nim to PYTHONPATH: ['/opt/nim/start_server.d', '/usr/lib/python312.zip', '/usr/lib/python3.12', '/usr/lib/python3.12/lib-dynload', '/usr/local/lib/python3.12/dist-packages', '/usr/lib/python3/dist-packages']
INFO 2026-06-03 12:14:49.690 profiles.py:98] Registered custom profile selectors: []
INFO 2026-06-03 12:14:49.691 profiles.py:208] Matched profile_id in manifest from env NIM_MODEL_PROFILE to: 495980e0b97395173bd2ddce9f7dec2851c654643e3bdb91c4d8fc24047c4d6a
INFO 2026-06-03 12:14:49.691 nim_sdk.py:299] Using the profile selected by the profile selector: 495980e0b97395173bd2ddce9f7dec2851c654643e3bdb91c4d8fc24047c4d6a
INFO 2026-06-03 12:14:49.692 nim_sdk.py:308] Downloading manifest profile: 495980e0b97395173bd2ddce9f7dec2851c654643e3bdb91c4d8fc24047c4d6a
INFO 2026-06-03 12:14:49.742 lib.rs:203] File: checksums.blake3 found in cache: "/opt/nim/.cache/ngc/hub/models--nim--nvidia--nemoretriever-page-elements-v2/snapshots/a100x1-trt-fp16-vjxsdzjnog/checksums.blake3"
INFO 2026-06-03 12:14:49.743 public.rs:52] Skipping download, using cached copy of file: checksums.blake3 at path: "/opt/nim/.cache/ngc/hub/models--nim--nvidia--nemoretriever-page-elements-v2/snapshots/a100x1-trt-fp16-vjxsdzjnog/checksums.blake3"
INFO 2026-06-03 12:14:49.754 lib.rs:203] File: metadata.json found in cache: "/opt/nim/.cache/ngc/hub/models--nim--nvidia--nemoretriever-page-elements-v2/snapshots/a100x1-trt-fp16-vjxsdzjnog/metadata.json"
INFO 2026-06-03 12:14:49.754 public.rs:52] Skipping download, using cached copy of file: metadata.json at path: "/opt/nim/.cache/ngc/hub/models--nim--nvidia--nemoretriever-page-elements-v2/snapshots/a100x1-trt-fp16-vjxsdzjnog/metadata.json"
INFO 2026-06-03 12:14:49.761 lib.rs:203] File: model.plan found in cache: "/opt/nim/.cache/ngc/hub/models--nim--nvidia--nemoretriever-page-elements-v2/snapshots/a100x1-trt-fp16-vjxsdzjnog/model.plan"
INFO 2026-06-03 12:14:49.761 public.rs:52] Skipping download, using cached copy of file: model.plan at path: "/opt/nim/.cache/ngc/hub/models--nim--nvidia--nemoretriever-page-elements-v2/snapshots/a100x1-trt-fp16-vjxsdzjnog/model.plan"
INFO 2026-06-03 12:14:49.762 nim_sdk.py:328] Using the workspace specified during init: /opt/nim/workspace
INFO 2026-06-03 12:14:49.762 nim_sdk.py:341] Materializing workspace to: /opt/nim/workspace
NIM_TRITON_EXTRA_ARGS is set to --cuda-memory-pool-byte-size=0:402663424.0 --backend-config=tensorrt,version-compatible=true --grpc-port=8001
INFO 2026-06-03 12:14:54.331 __init__.py:413] Appending: /opt/nim to PYTHONPATH: ['/usr/local/bin', '/usr/lib/python312.zip', '/usr/lib/python3.12', '/usr/lib/python3.12/lib-dynload', '/usr/local/lib/python3.12/dist-packages', '/usr/lib/python3/dist-packages']
INFO 2026-06-03 12:14:54.410 start_server.py:45] Starting nimlib 0.9.16 nim_sdk 0.8.6
INFO 2026-06-03 12:14:54.411 standard_files.py:95] NIM VERSION:
1.5.0
INFO 2026-06-03 12:14:54.412 standard_files.py:95] NIM banner.txt:
The NIM container is governed by the NVIDIA Software License Agreement (found at https://www.nvidia.com/en-us/agreements/enterprise-software/nvidia-software-license-agreement/) and Product-Specific Terms for AI Products (found at https://www.nvidia.com/en-us/agreements/enterprise-software/product-specific-terms-for-ai-products/); and the use of this model is governed by the NVIDIA Community Model License (found at https://www.nvidia.com/en-us/agreements/enterprise-software/nvidia-community-models-license/).

A copy of this license can be found under /opt/nim/LICENSE.
INFO 2026-06-03 12:14:54.412 standard_files.py:95] NIM NOTICE:
Copyright (c) 2025 NVIDIA CORPORATION & AFFILIATES. All rights reserved.
LicenseRef-NvidiaProprietary

NVIDIA CORPORATION, its affiliates and licensors retain all intellectual property and proprietary rights in and to this material, related documentation and any modifications thereto. Any use, reproduction, disclosure or distribution of this material and related documentation without an express license agreement from NVIDIA CORPORATION or its affiliates are strictly prohibited.
This NIM container is governed by the NVIDIA AI Product Agreement here:
https://www.nvidia.com/en-us/data-center/products/nvidia-ai-enterprise/eula/.
A copy of this license can be found under /opt/nim/LICENSE.

The use of this model is governed by the AI Foundation Models Community License
here: https://docs.nvidia.com/ai-foundation-models-community-license.pdf.


INFO 2026-06-03 12:14:54.958 profiles.py:98] Registered custom profile selectors: []
INFO 2026-06-03 12:14:54.959 profiles.py:208] Matched profile_id in manifest from env NIM_MODEL_PROFILE to: 495980e0b97395173bd2ddce9f7dec2851c654643e3bdb91c4d8fc24047c4d6a
INFO 2026-06-03 12:14:54.959 nim_sdk.py:299] Using the profile selected by the profile selector: 495980e0b97395173bd2ddce9f7dec2851c654643e3bdb91c4d8fc24047c4d6a
INFO 2026-06-03 12:14:54.960 nim_sdk.py:308] Downloading manifest profile: 495980e0b97395173bd2ddce9f7dec2851c654643e3bdb91c4d8fc24047c4d6a
INFO 2026-06-03 12:14:54.972 lib.rs:203] File: checksums.blake3 found in cache: "/opt/nim/.cache/ngc/hub/models--nim--nvidia--nemoretriever-page-elements-v2/snapshots/a100x1-trt-fp16-vjxsdzjnog/checksums.blake3"
INFO 2026-06-03 12:14:54.972 public.rs:52] Skipping download, using cached copy of file: checksums.blake3 at path: "/opt/nim/.cache/ngc/hub/models--nim--nvidia--nemoretriever-page-elements-v2/snapshots/a100x1-trt-fp16-vjxsdzjnog/checksums.blake3"
INFO 2026-06-03 12:14:54.979 lib.rs:203] File: model.plan found in cache: "/opt/nim/.cache/ngc/hub/models--nim--nvidia--nemoretriever-page-elements-v2/snapshots/a100x1-trt-fp16-vjxsdzjnog/model.plan"
INFO 2026-06-03 12:14:54.979 public.rs:52] Skipping download, using cached copy of file: model.plan at path: "/opt/nim/.cache/ngc/hub/models--nim--nvidia--nemoretriever-page-elements-v2/snapshots/a100x1-trt-fp16-vjxsdzjnog/model.plan"
INFO 2026-06-03 12:14:54.986 lib.rs:203] File: metadata.json found in cache: "/opt/nim/.cache/ngc/hub/models--nim--nvidia--nemoretriever-page-elements-v2/snapshots/a100x1-trt-fp16-vjxsdzjnog/metadata.json"
INFO 2026-06-03 12:14:54.986 public.rs:52] Skipping download, using cached copy of file: metadata.json at path: "/opt/nim/.cache/ngc/hub/models--nim--nvidia--nemoretriever-page-elements-v2/snapshots/a100x1-trt-fp16-vjxsdzjnog/metadata.json"
INFO 2026-06-03 12:14:54.987 nim_sdk.py:328] Using the workspace specified during init: /opt/nim/workspace
INFO 2026-06-03 12:14:55.098 nimutils.py:197] Starting Triton server: /usr/local/lib/python3.12/dist-packages/nimlib/triton_start.sh -m /opt/nim/workspace -d - -h 8020 -p 8021 -l 0 -x --cuda-memory-pool-byte-size=0:402663424.0 --backend-config=tensorrt,version-compatible=true --grpc-port=8001
INFO 2026-06-03 12:14:55.101 nimutils.py:224] Starting NIM inference server
INFO 2026-06-03 12:14:55.121 profiles.py:98] Registered custom profile selectors: []
INFO 2026-06-03 12:14:55.121 profiles.py:208] Matched profile_id in manifest from env NIM_MODEL_PROFILE to: 495980e0b97395173bd2ddce9f7dec2851c654643e3bdb91c4d8fc24047c4d6a
INFO 2026-06-03 12:14:55.123 http_api.py:52] Serving endpoints:
  0.0.0.0:8000/v1/triton-inference-statistics (GET)
  0.0.0.0:8000/v1/infer (POST)
  0.0.0.0:8000/v1/health/live (GET)
  0.0.0.0:8000/v1/health/ready (GET)
  0.0.0.0:8000/v1/metrics (GET)
  0.0.0.0:8000/v1/license (GET)
  0.0.0.0:8000/v1/metadata (GET)
  0.0.0.0:8000/v1/manifest (GET)
INFO 2026-06-03 12:14:55.123 http_api.py:73] {'message': 'Starting HTTP Inference server', 'port': 8000, 'workers_count': 16, 'host': '0.0.0.0', 'log_level': 'info', 'SSL': 'disabled'}
INFO 2026-06-03 12:14:55.646 nimutils.py:74] Running: tritonserver --model-repository /opt/nim/workspace --http-port 8020 --metrics-port 8021  --log-verbose 0  --cuda-memory-pool-byte-size=0:402663424.0 --backend-config=tensorrt,version-compatible=true --grpc-port=8001
INFO 2026-06-03 12:14:55.963 profiles.py:98] Registered custom profile selectors: []
INFO 2026-06-03 12:14:55.964 profiles.py:208] Matched profile_id in manifest from env NIM_MODEL_PROFILE to: 495980e0b97395173bd2ddce9f7dec2851c654643e3bdb91c4d8fc24047c4d6a
INFO 2026-06-03 12:14:55.980 profiles.py:98] Registered custom profile selectors: []
INFO 2026-06-03 12:14:55.981 profiles.py:208] Matched profile_id in manifest from env NIM_MODEL_PROFILE to: 495980e0b97395173bd2ddce9f7dec2851c654643e3bdb91c4d8fc24047c4d6a
INFO 2026-06-03 12:14:55.988 profiles.py:98] Registered custom profile selectors: []
INFO 2026-06-03 12:14:55.988 profiles.py:208] Matched profile_id in manifest from env NIM_MODEL_PROFILE to: 495980e0b97395173bd2ddce9f7dec2851c654643e3bdb91c4d8fc24047c4d6a
INFO 2026-06-03 12:14:55.995 profiles.py:98] Registered custom profile selectors: []
INFO 2026-06-03 12:14:55.995 profiles.py:208] Matched profile_id in manifest from env NIM_MODEL_PROFILE to: 495980e0b97395173bd2ddce9f7dec2851c654643e3bdb91c4d8fc24047c4d6a
INFO 2026-06-03 12:14:56.000 profiles.py:98] Registered custom profile selectors: []
INFO 2026-06-03 12:14:56.000 profiles.py:208] Matched profile_id in manifest from env NIM_MODEL_PROFILE to: 495980e0b97395173bd2ddce9f7dec2851c654643e3bdb91c4d8fc24047c4d6a
INFO 2026-06-03 12:14:56.033 profiles.py:98] Registered custom profile selectors: []
INFO 2026-06-03 12:14:56.034 profiles.py:208] Matched profile_id in manifest from env NIM_MODEL_PROFILE to: 495980e0b97395173bd2ddce9f7dec2851c654643e3bdb91c4d8fc24047c4d6a
INFO 2026-06-03 12:14:56.035 profiles.py:98] Registered custom profile selectors: []
INFO 2026-06-03 12:14:56.035 profiles.py:208] Matched profile_id in manifest from env NIM_MODEL_PROFILE to: 495980e0b97395173bd2ddce9f7dec2851c654643e3bdb91c4d8fc24047c4d6a
INFO 2026-06-03 12:14:56.035 profiles.py:98] Registered custom profile selectors: []
INFO 2026-06-03 12:14:56.036 profiles.py:208] Matched profile_id in manifest from env NIM_MODEL_PROFILE to: 495980e0b97395173bd2ddce9f7dec2851c654643e3bdb91c4d8fc24047c4d6a
INFO 2026-06-03 12:14:56.039 profiles.py:98] Registered custom profile selectors: []
INFO 2026-06-03 12:14:56.040 profiles.py:208] Matched profile_id in manifest from env NIM_MODEL_PROFILE to: 495980e0b97395173bd2ddce9f7dec2851c654643e3bdb91c4d8fc24047c4d6a
INFO 2026-06-03 12:14:56.070 profiles.py:98] Registered custom profile selectors: []
INFO 2026-06-03 12:14:56.070 profiles.py:98] Registered custom profile selectors: []
INFO 2026-06-03 12:14:56.070 profiles.py:98] Registered custom profile selectors: []
INFO 2026-06-03 12:14:56.071 profiles.py:208] Matched profile_id in manifest from env NIM_MODEL_PROFILE to: 495980e0b97395173bd2ddce9f7dec2851c654643e3bdb91c4d8fc24047c4d6a
INFO 2026-06-03 12:14:56.071 profiles.py:208] Matched profile_id in manifest from env NIM_MODEL_PROFILE to: 495980e0b97395173bd2ddce9f7dec2851c654643e3bdb91c4d8fc24047c4d6a
INFO 2026-06-03 12:14:56.071 profiles.py:208] Matched profile_id in manifest from env NIM_MODEL_PROFILE to: 495980e0b97395173bd2ddce9f7dec2851c654643e3bdb91c4d8fc24047c4d6a
INFO 2026-06-03 12:14:56.077 profiles.py:98] Registered custom profile selectors: []
INFO 2026-06-03 12:14:56.077 profiles.py:208] Matched profile_id in manifest from env NIM_MODEL_PROFILE to: 495980e0b97395173bd2ddce9f7dec2851c654643e3bdb91c4d8fc24047c4d6a
INFO 2026-06-03 12:14:56.079 profiles.py:98] Registered custom profile selectors: []
INFO 2026-06-03 12:14:56.079 profiles.py:98] Registered custom profile selectors: []
INFO 2026-06-03 12:14:56.079 profiles.py:208] Matched profile_id in manifest from env NIM_MODEL_PROFILE to: 495980e0b97395173bd2ddce9f7dec2851c654643e3bdb91c4d8fc24047c4d6a
INFO 2026-06-03 12:14:56.080 profiles.py:208] Matched profile_id in manifest from env NIM_MODEL_PROFILE to: 495980e0b97395173bd2ddce9f7dec2851c654643e3bdb91c4d8fc24047c4d6a
INFO 2026-06-03 12:14:56.390 profiles.py:98] Registered custom profile selectors: []
INFO 2026-06-03 12:14:56.390 profiles.py:208] Matched profile_id in manifest from env NIM_MODEL_PROFILE to: 495980e0b97395173bd2ddce9f7dec2851c654643e3bdb91c4d8fc24047c4d6a
INFO 2026-06-03 12:14:56.395 nimutils.py:74] I0603 15:14:56.395012 1271958 pinned_memory_manager.cc:277] "Pinned memory pool is created at '0x152b84000000' with size 268435456"
INFO 2026-06-03 12:14:56.395 nimutils.py:74] I0603 15:14:56.395153 1271958 cuda_memory_manager.cc:107] "CUDA memory pool is created on device 0 with size 402663424"
INFO 2026-06-03 12:14:56.418 nimutils.py:74] I0603 15:14:56.418104 1271958 model_lifecycle.cc:473] "loading: yolox_post:1"
INFO 2026-06-03 12:14:56.418 nimutils.py:74] I0603 15:14:56.418305 1271958 model_lifecycle.cc:473] "loading: yolox_pre:1"
INFO 2026-06-03 12:14:56.418 nimutils.py:74] I0603 15:14:56.418455 1271958 model_lifecycle.cc:473] "loading: yolox:1"
INFO 2026-06-03 12:14:56.474 nimutils.py:74] I0603 15:14:56.474221 1271958 tensorrt.cc:65] "TRITONBACKEND_Initialize: tensorrt"
INFO 2026-06-03 12:14:56.474 nimutils.py:74] I0603 15:14:56.474255 1271958 tensorrt.cc:75] "Triton TRITONBACKEND API version: 1.19"
INFO 2026-06-03 12:14:56.475 nimutils.py:74] I0603 15:14:56.474258 1271958 tensorrt.cc:81] "'tensorrt' TRITONBACKEND API version: 1.19"
INFO 2026-06-03 12:14:56.475 nimutils.py:74] I0603 15:14:56.474264 1271958 tensorrt.cc:105] "backend configuration:\n{\"cmdline\":{\"auto-complete-config\":\"true\",\"backend-directory\":\"/opt/tritonserver/backends\",\"min-compute-capability\":\"6.000000\",\"version-compatible\":\"true\",\"default-max-batch-size\":\"4\"}}"
INFO 2026-06-03 12:14:56.475 nimutils.py:74] I0603 15:14:56.475548 1271958 tensorrt.cc:231] "TRITONBACKEND_ModelInitialize: yolox (version 1)"
INFO 2026-06-03 12:14:56.609 nimutils.py:74] I0603 15:14:56.609857 1271958 logging.cc:46] "Loaded engine size: 240 MiB"
INFO 2026-06-03 12:14:56.707 nimutils.py:74] I0603 15:14:56.707721 1271958 logging.cc:46] "Loaded engine size: 240 MiB"
INFO 2026-06-03 12:14:56.871 nimutils.py:74] I0603 15:14:56.871028 1271958 model_state.cc:322] "'execution_context_allocation_strategy' set to 'ON_PROFILE_CHANGE' for model instance 'yolox'"
INFO 2026-06-03 12:14:56.872 nimutils.py:74] I0603 15:14:56.871615 1271958 tensorrt.cc:297] "TRITONBACKEND_ModelInstanceInitialize: yolox_0_0 (GPU device 0)"
INFO 2026-06-03 12:14:56.979 nimutils.py:74] I0603 15:14:56.979215 1271958 logging.cc:46] "Loaded engine size: 240 MiB"
INFO 2026-06-03 12:14:57.096 nimutils.py:74] I0603 15:14:57.096583 1271958 logging.cc:46] "Loaded engine size: 240 MiB"
INFO 2026-06-03 12:14:57.230 nimutils.py:74] I0603 15:14:57.230595 1271958 logging.cc:46] "[MemUsageChange] TensorRT-managed allocation in IExecutionContext creation: CPU +1, GPU +66, now: CPU 3, GPU 175 (MiB)"
INFO 2026-06-03 12:14:57.231 nimutils.py:74] I0603 15:14:57.230628 1271958 logging.cc:46] "Switching optimization profile from: 0 to 7. Please ensure there are no enqueued operations pending in this context prior to switching profiles"
INFO 2026-06-03 12:14:57.315 nimutils.py:74] I0603 15:14:57.315770 1271958 instance_state.cc:186] "Created instance yolox_0_0 on GPU 0 with stream priority 0 and optimization profile 7[7];"
INFO 2026-06-03 12:14:57.317 nimutils.py:74] I0603 15:14:57.317844 1271958 model_lifecycle.cc:849] "successfully loaded 'yolox'"
INFO 2026-06-03 12:15:01.694 nimutils.py:74] I0603 15:15:01.694481 1271958 python_be.cc:2289] "TRITONBACKEND_ModelInstanceInitialize: yolox_pre_0_0 (GPU device 0)"
INFO 2026-06-03 12:15:01.695 nimutils.py:74] I0603 15:15:01.695481 1271958 python_be.cc:2289] "TRITONBACKEND_ModelInstanceInitialize: yolox_post_0_0 (GPU device 0)"
INFO 2026-06-03 12:15:05.931 nimutils.py:74] I0603 15:15:05.931489 1271958 model_lifecycle.cc:849] "successfully loaded 'yolox_post'"
INFO 2026-06-03 12:15:05.941 nimutils.py:74] I0603 15:15:05.941751 1271958 model_lifecycle.cc:849] "successfully loaded 'yolox_pre'"
INFO 2026-06-03 12:15:05.942 nimutils.py:74] I0603 15:15:05.942914 1271958 model_lifecycle.cc:473] "loading: yolox_ensemble:1"
INFO 2026-06-03 12:15:05.943 nimutils.py:74] I0603 15:15:05.943222 1271958 model_lifecycle.cc:849] "successfully loaded 'yolox_ensemble'"
INFO 2026-06-03 12:15:05.943 nimutils.py:74] I0603 15:15:05.943294 1271958 server.cc:611]
INFO 2026-06-03 12:15:05.944 nimutils.py:74] +------------------+------+
INFO 2026-06-03 12:15:05.944 nimutils.py:74] | Repository Agent | Path |
INFO 2026-06-03 12:15:05.944 nimutils.py:74] +------------------+------+
INFO 2026-06-03 12:15:05.944 nimutils.py:74] +------------------+------+
INFO 2026-06-03 12:15:05.944 nimutils.py:74] 
INFO 2026-06-03 12:15:05.945 nimutils.py:74] I0603 15:15:05.943328 1271958 server.cc:638]
INFO 2026-06-03 12:15:05.945 nimutils.py:74] +----------+-----------------------------------------------------------+-------------------------------------------------------------------------------------------------------------------------------------------------------------------------------------------+
INFO 2026-06-03 12:15:05.945 nimutils.py:74] | Backend  | Path                                                      | Config                                                                                                                                                                                    |
INFO 2026-06-03 12:15:05.945 nimutils.py:74] +----------+-----------------------------------------------------------+-------------------------------------------------------------------------------------------------------------------------------------------------------------------------------------------+
INFO 2026-06-03 12:15:05.945 nimutils.py:74] | python   | /opt/tritonserver/backends/python/libtriton_python.so     | {"cmdline":{"auto-complete-config":"true","backend-directory":"/opt/tritonserver/backends","min-compute-capability":"6.000000","default-max-batch-size":"4"}}                             |
INFO 2026-06-03 12:15:05.946 nimutils.py:74] | tensorrt | /opt/tritonserver/backends/tensorrt/libtriton_tensorrt.so | {"cmdline":{"auto-complete-config":"true","backend-directory":"/opt/tritonserver/backends","min-compute-capability":"6.000000","version-compatible":"true","default-max-batch-size":"4"}} |
INFO 2026-06-03 12:15:05.946 nimutils.py:74] +----------+-----------------------------------------------------------+-------------------------------------------------------------------------------------------------------------------------------------------------------------------------------------------+
INFO 2026-06-03 12:15:05.946 nimutils.py:74] 
INFO 2026-06-03 12:15:05.946 nimutils.py:74] I0603 15:15:05.943370 1271958 server.cc:681]
INFO 2026-06-03 12:15:05.946 nimutils.py:74] +----------------+---------+--------+
INFO 2026-06-03 12:15:05.946 nimutils.py:74] | Model          | Version | Status |
INFO 2026-06-03 12:15:05.947 nimutils.py:74] +----------------+---------+--------+
INFO 2026-06-03 12:15:05.947 nimutils.py:74] | yolox          | 1       | READY  |
INFO 2026-06-03 12:15:05.947 nimutils.py:74] | yolox_ensemble | 1       | READY  |
INFO 2026-06-03 12:15:05.947 nimutils.py:74] | yolox_post     | 1       | READY  |
INFO 2026-06-03 12:15:05.947 nimutils.py:74] | yolox_pre      | 1       | READY  |
INFO 2026-06-03 12:15:05.947 nimutils.py:74] +----------------+---------+--------+
INFO 2026-06-03 12:15:05.947 nimutils.py:74] 
INFO 2026-06-03 12:15:06.366 nimutils.py:74] I0603 15:15:06.366087 1271958 metrics.cc:889] "Collecting metrics for GPU 0: NVIDIA A100-SXM4-80GB"
INFO 2026-06-03 12:15:06.392 nimutils.py:74] I0603 15:15:06.392029 1271958 metrics.cc:782] "Collecting CPU metrics"
INFO 2026-06-03 12:15:06.392 nimutils.py:74] I0603 15:15:06.392283 1271958 tritonserver.cc:2598]
INFO 2026-06-03 12:15:06.392 nimutils.py:74] +----------------------------------+-----------------------------------------------------------------------------------------------------------------------------------------------------------------------------------------------------------------+
INFO 2026-06-03 12:15:06.393 nimutils.py:74] | Option                           | Value                                                                                                                                                                                                           |
INFO 2026-06-03 12:15:06.393 nimutils.py:74] +----------------------------------+-----------------------------------------------------------------------------------------------------------------------------------------------------------------------------------------------------------------+
INFO 2026-06-03 12:15:06.393 nimutils.py:74] | server_id                        | triton                                                                                                                                                                                                          |
INFO 2026-06-03 12:15:06.393 nimutils.py:74] | server_version                   | 2.60.0                                                                                                                                                                                                          |
INFO 2026-06-03 12:15:06.393 nimutils.py:74] | server_extensions                | classification sequence model_repository model_repository(unload_dependents) schedule_policy model_configuration system_shared_memory cuda_shared_memory binary_tensor_data parameters statistics trace logging |
INFO 2026-06-03 12:15:06.394 nimutils.py:74] | model_repository_path[0]         | /opt/nim/workspace                                                                                                                                                                                              |
INFO 2026-06-03 12:15:06.394 nimutils.py:74] | model_control_mode               | MODE_NONE                                                                                                                                                                                                       |
INFO 2026-06-03 12:15:06.394 nimutils.py:74] | strict_model_config              | 0                                                                                                                                                                                                               |
INFO 2026-06-03 12:15:06.394 nimutils.py:74] | model_config_name                |                                                                                                                                                                                                                 |
INFO 2026-06-03 12:15:06.394 nimutils.py:74] | rate_limit                       | OFF                                                                                                                                                                                                             |
INFO 2026-06-03 12:15:06.395 nimutils.py:74] | pinned_memory_pool_byte_size     | 268435456                                                                                                                                                                                                       |
INFO 2026-06-03 12:15:06.395 nimutils.py:74] | cuda_memory_pool_byte_size{0}    | 402663424                                                                                                                                                                                                       |
INFO 2026-06-03 12:15:06.395 nimutils.py:74] | min_supported_compute_capability | 6.0                                                                                                                                                                                                             |
INFO 2026-06-03 12:15:06.395 nimutils.py:74] | strict_readiness                 | 1                                                                                                                                                                                                               |
INFO 2026-06-03 12:15:06.395 nimutils.py:74] | exit_timeout                     | 30                                                                                                                                                                                                              |
INFO 2026-06-03 12:15:06.395 nimutils.py:74] | cache_enabled                    | 0                                                                                                                                                                                                               |
INFO 2026-06-03 12:15:06.396 nimutils.py:74] +----------------------------------+-----------------------------------------------------------------------------------------------------------------------------------------------------------------------------------------------------------------+
INFO 2026-06-03 12:15:06.396 nimutils.py:74] 
INFO 2026-06-03 12:15:06.437 nimutils.py:74] I0603 15:15:06.437324 1271958 grpc_server.cc:2562] "Started GRPCInferenceService at 0.0.0.0:8001"
INFO 2026-06-03 12:15:06.437 nimutils.py:74] I0603 15:15:06.437504 1271958 http_server.cc:4789] "Started HTTPService at 0.0.0.0:8020"
INFO 2026-06-03 12:15:06.480 nimutils.py:74] I0603 15:15:06.480440 1271958 http_server.cc:358] "Started Metrics Service at 0.0.0.0:8021"
