INFO:    Environment variable SINGULARITY_TMPDIR is set, but APPTAINER_TMPDIR is preferred

=====================================
== NVIDIA NIM for Object Detection ==
=====================================

NVIDIA Release 1.5.0
Model: nvidia/nemoretriever-table-structure-v1

Container image Copyright (c) 2016-2025, NVIDIA CORPORATION & AFFILIATES. All rights reserved.
The NIM container is governed by the NVIDIA Software License Agreement (found at https://www.nvidia.com/en-us/agreements/enterprise-software/nvidia-software-license-agreement/) and Product-Specific Terms for AI Products (found at https://www.nvidia.com/en-us/agreements/enterprise-software/product-specific-terms-for-ai-products/); and the use of this model is governed by the NVIDIA Community Model License (found at https://www.nvidia.com/en-us/agreements/enterprise-software/nvidia-community-models-license/).

A copy of this license can be found under /opt/nim/LICENSE.
Third Party Software Attributions and Licenses can be found under /opt/nim/acknowledgements.txt.

NOTE: CUDA Forward Compatibility mode ENABLED.
  Using CUDA 13.0 driver version 580.65.06 with kernel driver version 550.90.07.
  See https://docs.nvidia.com/deploy/cuda-compatibility/ for details.

Overriding NIM_LOG_LEVEL: replacing NIM_LOG_LEVEL=unset with NIM_LOG_LEVEL=INFO
HF_HOME is set to /opt/nim/.cache/huggingface
INFO 2026-06-03 12:14:51.814 __init__.py:413] Appending: /opt/nim to PYTHONPATH: ['/opt/nim/start_server.d', '/usr/lib/python312.zip', '/usr/lib/python3.12', '/usr/lib/python3.12/lib-dynload', '/usr/local/lib/python3.12/dist-packages', '/usr/lib/python3/dist-packages']
NIM_MODEL_PROFILE is set to 495980e0b97395173bd2ddce9f7dec2851c654643e3bdb91c4d8fc24047c4d6a
INFO 2026-06-03 12:14:52.909 __init__.py:413] Appending: /opt/nim to PYTHONPATH: ['/opt/nim/start_server.d', '/usr/lib/python312.zip', '/usr/lib/python3.12', '/usr/lib/python3.12/lib-dynload', '/usr/local/lib/python3.12/dist-packages', '/usr/lib/python3/dist-packages']
INFO 2026-06-03 12:15:00.525 profiles.py:98] Registered custom profile selectors: []
INFO 2026-06-03 12:15:00.525 profiles.py:208] Matched profile_id in manifest from env NIM_MODEL_PROFILE to: 495980e0b97395173bd2ddce9f7dec2851c654643e3bdb91c4d8fc24047c4d6a
INFO 2026-06-03 12:15:00.525 nim_sdk.py:299] Using the profile selected by the profile selector: 495980e0b97395173bd2ddce9f7dec2851c654643e3bdb91c4d8fc24047c4d6a
INFO 2026-06-03 12:15:00.526 nim_sdk.py:308] Downloading manifest profile: 495980e0b97395173bd2ddce9f7dec2851c654643e3bdb91c4d8fc24047c4d6a
INFO 2026-06-03 12:15:00.581 lib.rs:203] File: metadata.json found in cache: "/opt/nim/.cache/ngc/hub/models--nim--nvidia--nemoretriever-table-structure-v1/snapshots/a100x1-trt-fp16-xhthg4bgca/metadata.json"
INFO 2026-06-03 12:15:00.581 public.rs:52] Skipping download, using cached copy of file: metadata.json at path: "/opt/nim/.cache/ngc/hub/models--nim--nvidia--nemoretriever-table-structure-v1/snapshots/a100x1-trt-fp16-xhthg4bgca/metadata.json"
INFO 2026-06-03 12:15:00.592 lib.rs:203] File: checksums.blake3 found in cache: "/opt/nim/.cache/ngc/hub/models--nim--nvidia--nemoretriever-table-structure-v1/snapshots/a100x1-trt-fp16-xhthg4bgca/checksums.blake3"
INFO 2026-06-03 12:15:00.592 public.rs:52] Skipping download, using cached copy of file: checksums.blake3 at path: "/opt/nim/.cache/ngc/hub/models--nim--nvidia--nemoretriever-table-structure-v1/snapshots/a100x1-trt-fp16-xhthg4bgca/checksums.blake3"
INFO 2026-06-03 12:15:00.598 lib.rs:203] File: model.plan found in cache: "/opt/nim/.cache/ngc/hub/models--nim--nvidia--nemoretriever-table-structure-v1/snapshots/a100x1-trt-fp16-xhthg4bgca/model.plan"
INFO 2026-06-03 12:15:00.599 public.rs:52] Skipping download, using cached copy of file: model.plan at path: "/opt/nim/.cache/ngc/hub/models--nim--nvidia--nemoretriever-table-structure-v1/snapshots/a100x1-trt-fp16-xhthg4bgca/model.plan"
INFO 2026-06-03 12:15:00.599 nim_sdk.py:328] Using the workspace specified during init: /opt/nim/workspace
INFO 2026-06-03 12:15:00.600 nim_sdk.py:341] Materializing workspace to: /opt/nim/workspace
NIM_TRITON_EXTRA_ARGS is set to --cuda-memory-pool-byte-size=0:402663424.0 --backend-config=tensorrt,version-compatible=true --grpc-port=8017
INFO 2026-06-03 12:15:03.499 __init__.py:413] Appending: /opt/nim to PYTHONPATH: ['/usr/local/bin', '/usr/lib/python312.zip', '/usr/lib/python3.12', '/usr/lib/python3.12/lib-dynload', '/usr/local/lib/python3.12/dist-packages', '/usr/lib/python3/dist-packages']
INFO 2026-06-03 12:15:03.580 start_server.py:45] Starting nimlib 0.9.16 nim_sdk 0.8.6
INFO 2026-06-03 12:15:03.581 standard_files.py:95] NIM VERSION:
1.5.0
INFO 2026-06-03 12:15:03.581 standard_files.py:95] NIM banner.txt:
The NIM container is governed by the NVIDIA Software License Agreement (found at https://www.nvidia.com/en-us/agreements/enterprise-software/nvidia-software-license-agreement/) and Product-Specific Terms for AI Products (found at https://www.nvidia.com/en-us/agreements/enterprise-software/product-specific-terms-for-ai-products/); and the use of this model is governed by the NVIDIA Community Model License (found at https://www.nvidia.com/en-us/agreements/enterprise-software/nvidia-community-models-license/).

A copy of this license can be found under /opt/nim/LICENSE.
INFO 2026-06-03 12:15:03.582 standard_files.py:95] NIM NOTICE:
Copyright (c) 2025 NVIDIA CORPORATION & AFFILIATES. All rights reserved.
LicenseRef-NvidiaProprietary

NVIDIA CORPORATION, its affiliates and licensors retain all intellectual property and proprietary rights in and to this material, related documentation and any modifications thereto. Any use, reproduction, disclosure or distribution of this material and related documentation without an express license agreement from NVIDIA CORPORATION or its affiliates are strictly prohibited.
This NIM container is governed by the NVIDIA AI Product Agreement here:
https://www.nvidia.com/en-us/data-center/products/nvidia-ai-enterprise/eula/.
A copy of this license can be found under /opt/nim/LICENSE.

The use of this model is governed by the AI Foundation Models Community License
here: https://docs.nvidia.com/ai-foundation-models-community-license.pdf.


INFO 2026-06-03 12:15:04.184 profiles.py:98] Registered custom profile selectors: []
INFO 2026-06-03 12:15:04.184 profiles.py:208] Matched profile_id in manifest from env NIM_MODEL_PROFILE to: 495980e0b97395173bd2ddce9f7dec2851c654643e3bdb91c4d8fc24047c4d6a
INFO 2026-06-03 12:15:04.185 nim_sdk.py:299] Using the profile selected by the profile selector: 495980e0b97395173bd2ddce9f7dec2851c654643e3bdb91c4d8fc24047c4d6a
INFO 2026-06-03 12:15:04.185 nim_sdk.py:308] Downloading manifest profile: 495980e0b97395173bd2ddce9f7dec2851c654643e3bdb91c4d8fc24047c4d6a
INFO 2026-06-03 12:15:04.198 lib.rs:203] File: metadata.json found in cache: "/opt/nim/.cache/ngc/hub/models--nim--nvidia--nemoretriever-table-structure-v1/snapshots/a100x1-trt-fp16-xhthg4bgca/metadata.json"
INFO 2026-06-03 12:15:04.198 public.rs:52] Skipping download, using cached copy of file: metadata.json at path: "/opt/nim/.cache/ngc/hub/models--nim--nvidia--nemoretriever-table-structure-v1/snapshots/a100x1-trt-fp16-xhthg4bgca/metadata.json"
INFO 2026-06-03 12:15:04.206 lib.rs:203] File: model.plan found in cache: "/opt/nim/.cache/ngc/hub/models--nim--nvidia--nemoretriever-table-structure-v1/snapshots/a100x1-trt-fp16-xhthg4bgca/model.plan"
INFO 2026-06-03 12:15:04.207 public.rs:52] Skipping download, using cached copy of file: model.plan at path: "/opt/nim/.cache/ngc/hub/models--nim--nvidia--nemoretriever-table-structure-v1/snapshots/a100x1-trt-fp16-xhthg4bgca/model.plan"
INFO 2026-06-03 12:15:04.213 lib.rs:203] File: checksums.blake3 found in cache: "/opt/nim/.cache/ngc/hub/models--nim--nvidia--nemoretriever-table-structure-v1/snapshots/a100x1-trt-fp16-xhthg4bgca/checksums.blake3"
INFO 2026-06-03 12:15:04.214 public.rs:52] Skipping download, using cached copy of file: checksums.blake3 at path: "/opt/nim/.cache/ngc/hub/models--nim--nvidia--nemoretriever-table-structure-v1/snapshots/a100x1-trt-fp16-xhthg4bgca/checksums.blake3"
INFO 2026-06-03 12:15:04.214 nim_sdk.py:328] Using the workspace specified during init: /opt/nim/workspace
INFO 2026-06-03 12:15:04.310 nimutils.py:197] Starting Triton server: /usr/local/lib/python3.12/dist-packages/nimlib/triton_start.sh -m /opt/nim/workspace -d - -h 8040 -p 8041 -l 0 -x --cuda-memory-pool-byte-size=0:402663424.0 --backend-config=tensorrt,version-compatible=true --grpc-port=8017
INFO 2026-06-03 12:15:04.313 nimutils.py:224] Starting NIM inference server
INFO 2026-06-03 12:15:04.359 profiles.py:98] Registered custom profile selectors: []
INFO 2026-06-03 12:15:04.359 profiles.py:208] Matched profile_id in manifest from env NIM_MODEL_PROFILE to: 495980e0b97395173bd2ddce9f7dec2851c654643e3bdb91c4d8fc24047c4d6a
INFO 2026-06-03 12:15:04.361 http_api.py:52] Serving endpoints:
  0.0.0.0:8016/v1/triton-inference-statistics (GET)
  0.0.0.0:8016/v1/infer (POST)
  0.0.0.0:8016/v1/health/live (GET)
  0.0.0.0:8016/v1/health/ready (GET)
  0.0.0.0:8016/v1/metrics (GET)
  0.0.0.0:8016/v1/license (GET)
  0.0.0.0:8016/v1/metadata (GET)
  0.0.0.0:8016/v1/manifest (GET)
INFO 2026-06-03 12:15:04.361 http_api.py:73] {'message': 'Starting HTTP Inference server', 'port': 8016, 'workers_count': 16, 'host': '0.0.0.0', 'log_level': 'info', 'SSL': 'disabled'}
INFO 2026-06-03 12:15:05.388 profiles.py:98] Registered custom profile selectors: []
INFO 2026-06-03 12:15:05.388 profiles.py:208] Matched profile_id in manifest from env NIM_MODEL_PROFILE to: 495980e0b97395173bd2ddce9f7dec2851c654643e3bdb91c4d8fc24047c4d6a
INFO 2026-06-03 12:15:05.402 profiles.py:98] Registered custom profile selectors: []
INFO 2026-06-03 12:15:05.402 profiles.py:208] Matched profile_id in manifest from env NIM_MODEL_PROFILE to: 495980e0b97395173bd2ddce9f7dec2851c654643e3bdb91c4d8fc24047c4d6a
INFO 2026-06-03 12:15:05.411 profiles.py:98] Registered custom profile selectors: []
INFO 2026-06-03 12:15:05.411 profiles.py:208] Matched profile_id in manifest from env NIM_MODEL_PROFILE to: 495980e0b97395173bd2ddce9f7dec2851c654643e3bdb91c4d8fc24047c4d6a
INFO 2026-06-03 12:15:05.418 profiles.py:98] Registered custom profile selectors: []
INFO 2026-06-03 12:15:05.418 profiles.py:208] Matched profile_id in manifest from env NIM_MODEL_PROFILE to: 495980e0b97395173bd2ddce9f7dec2851c654643e3bdb91c4d8fc24047c4d6a
INFO 2026-06-03 12:15:05.418 profiles.py:98] Registered custom profile selectors: []
INFO 2026-06-03 12:15:05.419 profiles.py:208] Matched profile_id in manifest from env NIM_MODEL_PROFILE to: 495980e0b97395173bd2ddce9f7dec2851c654643e3bdb91c4d8fc24047c4d6a
INFO 2026-06-03 12:15:05.419 profiles.py:98] Registered custom profile selectors: []
INFO 2026-06-03 12:15:05.419 profiles.py:208] Matched profile_id in manifest from env NIM_MODEL_PROFILE to: 495980e0b97395173bd2ddce9f7dec2851c654643e3bdb91c4d8fc24047c4d6a
INFO 2026-06-03 12:15:05.426 profiles.py:98] Registered custom profile selectors: []
INFO 2026-06-03 12:15:05.426 profiles.py:208] Matched profile_id in manifest from env NIM_MODEL_PROFILE to: 495980e0b97395173bd2ddce9f7dec2851c654643e3bdb91c4d8fc24047c4d6a
INFO 2026-06-03 12:15:05.431 profiles.py:98] Registered custom profile selectors: []
INFO 2026-06-03 12:15:05.432 profiles.py:208] Matched profile_id in manifest from env NIM_MODEL_PROFILE to: 495980e0b97395173bd2ddce9f7dec2851c654643e3bdb91c4d8fc24047c4d6a
INFO 2026-06-03 12:15:05.439 profiles.py:98] Registered custom profile selectors: []
INFO 2026-06-03 12:15:05.439 profiles.py:208] Matched profile_id in manifest from env NIM_MODEL_PROFILE to: 495980e0b97395173bd2ddce9f7dec2851c654643e3bdb91c4d8fc24047c4d6a
INFO 2026-06-03 12:15:05.450 profiles.py:98] Registered custom profile selectors: []
INFO 2026-06-03 12:15:05.451 profiles.py:208] Matched profile_id in manifest from env NIM_MODEL_PROFILE to: 495980e0b97395173bd2ddce9f7dec2851c654643e3bdb91c4d8fc24047c4d6a
INFO 2026-06-03 12:15:05.464 profiles.py:98] Registered custom profile selectors: []
INFO 2026-06-03 12:15:05.465 profiles.py:208] Matched profile_id in manifest from env NIM_MODEL_PROFILE to: 495980e0b97395173bd2ddce9f7dec2851c654643e3bdb91c4d8fc24047c4d6a
INFO 2026-06-03 12:15:05.482 profiles.py:98] Registered custom profile selectors: []
INFO 2026-06-03 12:15:05.483 profiles.py:208] Matched profile_id in manifest from env NIM_MODEL_PROFILE to: 495980e0b97395173bd2ddce9f7dec2851c654643e3bdb91c4d8fc24047c4d6a
INFO 2026-06-03 12:15:05.485 profiles.py:98] Registered custom profile selectors: []
INFO 2026-06-03 12:15:05.486 profiles.py:208] Matched profile_id in manifest from env NIM_MODEL_PROFILE to: 495980e0b97395173bd2ddce9f7dec2851c654643e3bdb91c4d8fc24047c4d6a
INFO 2026-06-03 12:15:05.493 profiles.py:98] Registered custom profile selectors: []
INFO 2026-06-03 12:15:05.493 profiles.py:208] Matched profile_id in manifest from env NIM_MODEL_PROFILE to: 495980e0b97395173bd2ddce9f7dec2851c654643e3bdb91c4d8fc24047c4d6a
INFO 2026-06-03 12:15:05.505 profiles.py:98] Registered custom profile selectors: []
INFO 2026-06-03 12:15:05.506 profiles.py:208] Matched profile_id in manifest from env NIM_MODEL_PROFILE to: 495980e0b97395173bd2ddce9f7dec2851c654643e3bdb91c4d8fc24047c4d6a
INFO 2026-06-03 12:15:05.731 profiles.py:98] Registered custom profile selectors: []
INFO 2026-06-03 12:15:05.732 profiles.py:208] Matched profile_id in manifest from env NIM_MODEL_PROFILE to: 495980e0b97395173bd2ddce9f7dec2851c654643e3bdb91c4d8fc24047c4d6a
INFO 2026-06-03 12:15:06.585 nimutils.py:74] Running: tritonserver --model-repository /opt/nim/workspace --http-port 8040 --metrics-port 8041  --log-verbose 0  --cuda-memory-pool-byte-size=0:402663424.0 --backend-config=tensorrt,version-compatible=true --grpc-port=8017
INFO 2026-06-03 12:15:07.369 nimutils.py:74] I0603 15:15:07.369195 1276205 pinned_memory_manager.cc:277] "Pinned memory pool is created at '0x14edea000000' with size 268435456"
INFO 2026-06-03 12:15:07.370 nimutils.py:74] I0603 15:15:07.369295 1276205 cuda_memory_manager.cc:107] "CUDA memory pool is created on device 0 with size 402663424"
INFO 2026-06-03 12:15:07.390 nimutils.py:74] I0603 15:15:07.390922 1276205 model_lifecycle.cc:473] "loading: yolox_post:1"
INFO 2026-06-03 12:15:07.391 nimutils.py:74] I0603 15:15:07.391168 1276205 model_lifecycle.cc:473] "loading: yolox_pre:1"
INFO 2026-06-03 12:15:07.391 nimutils.py:74] I0603 15:15:07.391304 1276205 model_lifecycle.cc:473] "loading: yolox:1"
INFO 2026-06-03 12:15:07.455 nimutils.py:74] I0603 15:15:07.454851 1276205 tensorrt.cc:65] "TRITONBACKEND_Initialize: tensorrt"
INFO 2026-06-03 12:15:07.455 nimutils.py:74] I0603 15:15:07.454896 1276205 tensorrt.cc:75] "Triton TRITONBACKEND API version: 1.19"
INFO 2026-06-03 12:15:07.455 nimutils.py:74] I0603 15:15:07.454901 1276205 tensorrt.cc:81] "'tensorrt' TRITONBACKEND API version: 1.19"
INFO 2026-06-03 12:15:07.456 nimutils.py:74] I0603 15:15:07.454906 1276205 tensorrt.cc:105] "backend configuration:\n{\"cmdline\":{\"auto-complete-config\":\"true\",\"backend-directory\":\"/opt/tritonserver/backends\",\"min-compute-capability\":\"6.000000\",\"version-compatible\":\"true\",\"default-max-batch-size\":\"4\"}}"
INFO 2026-06-03 12:15:07.456 nimutils.py:74] I0603 15:15:07.456572 1276205 tensorrt.cc:231] "TRITONBACKEND_ModelInitialize: yolox (version 1)"
INFO 2026-06-03 12:15:07.594 nimutils.py:74] I0603 15:15:07.594304 1276205 logging.cc:46] "Loaded engine size: 240 MiB"
INFO 2026-06-03 12:15:07.741 nimutils.py:74] I0603 15:15:07.741307 1276205 logging.cc:46] "Loaded engine size: 240 MiB"
INFO 2026-06-03 12:15:07.922 nimutils.py:74] I0603 15:15:07.921811 1276205 model_state.cc:322] "'execution_context_allocation_strategy' set to 'ON_PROFILE_CHANGE' for model instance 'yolox'"
INFO 2026-06-03 12:15:07.922 nimutils.py:74] I0603 15:15:07.922505 1276205 tensorrt.cc:297] "TRITONBACKEND_ModelInstanceInitialize: yolox_0_0 (GPU device 0)"
INFO 2026-06-03 12:15:08.053 nimutils.py:74] I0603 15:15:08.053183 1276205 logging.cc:46] "Loaded engine size: 240 MiB"
INFO 2026-06-03 12:15:08.154 nimutils.py:74] I0603 15:15:08.154801 1276205 logging.cc:46] "Loaded engine size: 240 MiB"
INFO 2026-06-03 12:15:08.346 nimutils.py:74] I0603 15:15:08.346646 1276205 logging.cc:46] "[MemUsageChange] TensorRT-managed allocation in IExecutionContext creation: CPU +1, GPU +66, now: CPU 3, GPU 175 (MiB)"
INFO 2026-06-03 12:15:08.347 nimutils.py:74] I0603 15:15:08.346678 1276205 logging.cc:46] "Switching optimization profile from: 0 to 7. Please ensure there are no enqueued operations pending in this context prior to switching profiles"
INFO 2026-06-03 12:15:08.532 nimutils.py:74] I0603 15:15:08.532293 1276205 instance_state.cc:186] "Created instance yolox_0_0 on GPU 0 with stream priority 0 and optimization profile 7[7];"
INFO 2026-06-03 12:15:08.611 nimutils.py:74] I0603 15:15:08.610979 1276205 model_lifecycle.cc:849] "successfully loaded 'yolox'"
INFO 2026-06-03 12:15:12.374 nimutils.py:74] I0603 15:15:12.374820 1276205 python_be.cc:2289] "TRITONBACKEND_ModelInstanceInitialize: yolox_post_0_0 (GPU device 0)"
INFO 2026-06-03 12:15:12.498 nimutils.py:74] I0603 15:15:12.498460 1276205 python_be.cc:2289] "TRITONBACKEND_ModelInstanceInitialize: yolox_pre_0_0 (GPU device 0)"
INFO 2026-06-03 12:15:15.500 nimutils.py:74] I0603 15:15:15.500336 1276205 model_lifecycle.cc:849] "successfully loaded 'yolox_post'"
INFO 2026-06-03 12:15:16.164 nimutils.py:74] I0603 15:15:16.164672 1276205 model_lifecycle.cc:849] "successfully loaded 'yolox_pre'"
INFO 2026-06-03 12:15:16.166 nimutils.py:74] I0603 15:15:16.165860 1276205 model_lifecycle.cc:473] "loading: yolox_ensemble:1"
INFO 2026-06-03 12:15:16.166 nimutils.py:74] I0603 15:15:16.166138 1276205 model_lifecycle.cc:849] "successfully loaded 'yolox_ensemble'"
INFO 2026-06-03 12:15:16.167 nimutils.py:74] I0603 15:15:16.166191 1276205 server.cc:611]
INFO 2026-06-03 12:15:16.167 nimutils.py:74] +------------------+------+
INFO 2026-06-03 12:15:16.167 nimutils.py:74] | Repository Agent | Path |
INFO 2026-06-03 12:15:16.167 nimutils.py:74] +------------------+------+
INFO 2026-06-03 12:15:16.168 nimutils.py:74] +------------------+------+
INFO 2026-06-03 12:15:16.168 nimutils.py:74] 
INFO 2026-06-03 12:15:16.168 nimutils.py:74] I0603 15:15:16.166231 1276205 server.cc:638]
INFO 2026-06-03 12:15:16.168 nimutils.py:74] +----------+-----------------------------------------------------------+-------------------------------------------------------------------------------------------------------------------------------------------------------------------------------------------+
INFO 2026-06-03 12:15:16.168 nimutils.py:74] | Backend  | Path                                                      | Config                                                                                                                                                                                    |
INFO 2026-06-03 12:15:16.169 nimutils.py:74] +----------+-----------------------------------------------------------+-------------------------------------------------------------------------------------------------------------------------------------------------------------------------------------------+
INFO 2026-06-03 12:15:16.169 nimutils.py:74] | python   | /opt/tritonserver/backends/python/libtriton_python.so     | {"cmdline":{"auto-complete-config":"true","backend-directory":"/opt/tritonserver/backends","min-compute-capability":"6.000000","default-max-batch-size":"4"}}                             |
INFO 2026-06-03 12:15:16.169 nimutils.py:74] | tensorrt | /opt/tritonserver/backends/tensorrt/libtriton_tensorrt.so | {"cmdline":{"auto-complete-config":"true","backend-directory":"/opt/tritonserver/backends","min-compute-capability":"6.000000","version-compatible":"true","default-max-batch-size":"4"}} |
INFO 2026-06-03 12:15:16.169 nimutils.py:74] +----------+-----------------------------------------------------------+-------------------------------------------------------------------------------------------------------------------------------------------------------------------------------------------+
INFO 2026-06-03 12:15:16.169 nimutils.py:74] 
INFO 2026-06-03 12:15:16.169 nimutils.py:74] I0603 15:15:16.166266 1276205 server.cc:681]
INFO 2026-06-03 12:15:16.170 nimutils.py:74] +----------------+---------+--------+
INFO 2026-06-03 12:15:16.170 nimutils.py:74] | Model          | Version | Status |
INFO 2026-06-03 12:15:16.170 nimutils.py:74] +----------------+---------+--------+
INFO 2026-06-03 12:15:16.170 nimutils.py:74] | yolox          | 1       | READY  |
INFO 2026-06-03 12:15:16.170 nimutils.py:74] | yolox_ensemble | 1       | READY  |
INFO 2026-06-03 12:15:16.170 nimutils.py:74] | yolox_post     | 1       | READY  |
INFO 2026-06-03 12:15:16.171 nimutils.py:74] | yolox_pre      | 1       | READY  |
INFO 2026-06-03 12:15:16.171 nimutils.py:74] +----------------+---------+--------+
INFO 2026-06-03 12:15:16.171 nimutils.py:74] 
INFO 2026-06-03 12:15:16.322 nimutils.py:74] I0603 15:15:16.322022 1276205 metrics.cc:889] "Collecting metrics for GPU 0: NVIDIA A100-SXM4-80GB"
INFO 2026-06-03 12:15:16.337 nimutils.py:74] I0603 15:15:16.337650 1276205 metrics.cc:782] "Collecting CPU metrics"
INFO 2026-06-03 12:15:16.338 nimutils.py:74] I0603 15:15:16.337938 1276205 tritonserver.cc:2598]
INFO 2026-06-03 12:15:16.338 nimutils.py:74] +----------------------------------+-----------------------------------------------------------------------------------------------------------------------------------------------------------------------------------------------------------------+
INFO 2026-06-03 12:15:16.338 nimutils.py:74] | Option                           | Value                                                                                                                                                                                                           |
INFO 2026-06-03 12:15:16.339 nimutils.py:74] +----------------------------------+-----------------------------------------------------------------------------------------------------------------------------------------------------------------------------------------------------------------+
INFO 2026-06-03 12:15:16.339 nimutils.py:74] | server_id                        | triton                                                                                                                                                                                                          |
INFO 2026-06-03 12:15:16.339 nimutils.py:74] | server_version                   | 2.60.0                                                                                                                                                                                                          |
INFO 2026-06-03 12:15:16.340 nimutils.py:74] | server_extensions                | classification sequence model_repository model_repository(unload_dependents) schedule_policy model_configuration system_shared_memory cuda_shared_memory binary_tensor_data parameters statistics trace logging |
INFO 2026-06-03 12:15:16.340 nimutils.py:74] | model_repository_path[0]         | /opt/nim/workspace                                                                                                                                                                                              |
INFO 2026-06-03 12:15:16.340 nimutils.py:74] | model_control_mode               | MODE_NONE                                                                                                                                                                                                       |
INFO 2026-06-03 12:15:16.340 nimutils.py:74] | strict_model_config              | 0                                                                                                                                                                                                               |
INFO 2026-06-03 12:15:16.340 nimutils.py:74] | model_config_name                |                                                                                                                                                                                                                 |
INFO 2026-06-03 12:15:16.341 nimutils.py:74] | rate_limit                       | OFF                                                                                                                                                                                                             |
INFO 2026-06-03 12:15:16.341 nimutils.py:74] | pinned_memory_pool_byte_size     | 268435456                                                                                                                                                                                                       |
INFO 2026-06-03 12:15:16.341 nimutils.py:74] | cuda_memory_pool_byte_size{0}    | 402663424                                                                                                                                                                                                       |
INFO 2026-06-03 12:15:16.341 nimutils.py:74] | min_supported_compute_capability | 6.0                                                                                                                                                                                                             |
INFO 2026-06-03 12:15:16.341 nimutils.py:74] | strict_readiness                 | 1                                                                                                                                                                                                               |
INFO 2026-06-03 12:15:16.342 nimutils.py:74] | exit_timeout                     | 30                                                                                                                                                                                                              |
INFO 2026-06-03 12:15:16.342 nimutils.py:74] | cache_enabled                    | 0                                                                                                                                                                                                               |
INFO 2026-06-03 12:15:16.342 nimutils.py:74] +----------------------------------+-----------------------------------------------------------------------------------------------------------------------------------------------------------------------------------------------------------------+
INFO 2026-06-03 12:15:16.342 nimutils.py:74] 
INFO 2026-06-03 12:15:16.382 nimutils.py:74] I0603 15:15:16.382240 1276205 grpc_server.cc:2562] "Started GRPCInferenceService at 0.0.0.0:8017"
INFO 2026-06-03 12:15:16.382 nimutils.py:74] I0603 15:15:16.382437 1276205 http_server.cc:4789] "Started HTTPService at 0.0.0.0:8040"
INFO 2026-06-03 12:15:16.425 nimutils.py:74] I0603 15:15:16.425304 1276205 http_server.cc:358] "Started Metrics Service at 0.0.0.0:8041"
