2026-06-08 14:45:17 | INFO     | === START  dir='/gaia/b04s/CONSORCIOS/SEP'  collection='SEP' ===
2026-06-08 14:45:17 | INFO     | Discovered 93 supported file(s)
2026-06-08 14:45:17 | INFO     | Collection 'SEP' created: {"message":"Collection SEP already exists.","collection_name":"SEP"}
2026-06-08 14:45:17 | INFO     | list_documents: 87 existing doc(s) in 'SEP' (total reported: 87)
2026-06-08 14:45:17 | INFO     | Classification: 6 new, 87 already present
2026-06-08 14:45:17 | INFO     | Uploading 1 batch(es) of up to 16 file(s) each
2026-06-08 14:45:17 | INFO     | --- batch 1/1 (6 files) ---
2026-06-08 14:45:17 | DEBUG    |   Files: 57_00.pdf, 57_30.pdf, 57_36.pdf, 59_05.pdf, 60_15.pdf, 60_23.pdf
2026-06-08 14:45:19 | INFO     | Upload accepted → task_id=8420ae99-797b-4a16-b275-a3a640125286
2026-06-08 14:45:19 | DEBUG    | Task 8420ae99-797b-4a16-b275-a3a640125286 state=PENDING elapsed=0s — waiting …
2026-06-08 14:45:24 | DEBUG    | Task 8420ae99-797b-4a16-b275-a3a640125286 state=PENDING elapsed=5s — waiting …
2026-06-08 14:45:29 | DEBUG    | Task 8420ae99-797b-4a16-b275-a3a640125286 state=PENDING elapsed=10s — waiting …
2026-06-08 14:45:34 | DEBUG    | Task 8420ae99-797b-4a16-b275-a3a640125286 state=PENDING elapsed=15s — waiting …
2026-06-08 14:45:39 | DEBUG    | Task 8420ae99-797b-4a16-b275-a3a640125286 state=PENDING elapsed=20s — waiting …
2026-06-08 14:45:44 | ERROR    | ❌ batch 1/1 (6 files) failed: Task 8420ae99-797b-4a16-b275-a3a640125286 ended with state=FAILED: {'state': 'FAILED', 'result': {'message': 'No records with Embeddings to insert detected.', 'total_documents': 0, 'documents': [], 'failed_documents': [], 'validation_errors': []}}
Traceback (most recent call last):
  File "/u/bglq/projects/rag/rag-refactor/deploy/singularity/scripts/ingest_collections.py", line 447, in ingest_collection
    task_result = client.poll_task(task_id)
  File "/u/bglq/projects/rag/rag-refactor/deploy/singularity/scripts/ingest_collections.py", line 334, in poll_task
    raise RuntimeError(f"Task {task_id} ended with state={state}: {data}")
RuntimeError: Task 8420ae99-797b-4a16-b275-a3a640125286 ended with state=FAILED: {'state': 'FAILED', 'result': {'message': 'No records with Embeddings to insert detected.', 'total_documents': 0, 'documents': [], 'failed_documents': [], 'validation_errors': []}}
2026-06-08 14:45:44 | ERROR    | === TOTAL FAILURE  failed=6  skipped=87 ===
