INFO:    Environment variable SINGULARITY_TMPDIR is set, but APPTAINER_TMPDIR is preferred

=====================================
== NVIDIA NIM for Object Detection ==
=====================================

NVIDIA Release 1.5.0
Model: nvidia/nemoretriever-graphic-elements-v1

Container image Copyright (c) 2016-2025, NVIDIA CORPORATION & AFFILIATES. All rights reserved.
The NIM container is governed by the NVIDIA Software License Agreement (found at https://www.nvidia.com/en-us/agreements/enterprise-software/nvidia-software-license-agreement/) and Product-Specific Terms for AI Products (found at https://www.nvidia.com/en-us/agreements/enterprise-software/product-specific-terms-for-ai-products/); and the use of this model is governed by the NVIDIA Community Model License (found at https://www.nvidia.com/en-us/agreements/enterprise-software/nvidia-community-models-license/).

A copy of this license can be found under /opt/nim/LICENSE.
Third Party Software Attributions and Licenses can be found under /opt/nim/acknowledgements.txt.

NOTE: CUDA Forward Compatibility mode ENABLED.
  Using CUDA 13.0 driver version 580.65.06 with kernel driver version 550.90.07.
  See https://docs.nvidia.com/deploy/cuda-compatibility/ for details.

Overriding NIM_LOG_LEVEL: replacing NIM_LOG_LEVEL=unset with NIM_LOG_LEVEL=INFO
HF_HOME is set to /opt/nim/.cache/huggingface
INFO 2026-06-12 17:34:38.672 __init__.py:413] Appending: /opt/nim to PYTHONPATH: ['/opt/nim/start_server.d', '/usr/lib/python312.zip', '/usr/lib/python3.12', '/usr/lib/python3.12/lib-dynload', '/usr/local/lib/python3.12/dist-packages', '/usr/lib/python3/dist-packages']
NIM_MODEL_PROFILE is set to 495980e0b97395173bd2ddce9f7dec2851c654643e3bdb91c4d8fc24047c4d6a
INFO 2026-06-12 17:34:39.403 __init__.py:413] Appending: /opt/nim to PYTHONPATH: ['/opt/nim/start_server.d', '/usr/lib/python312.zip', '/usr/lib/python3.12', '/usr/lib/python3.12/lib-dynload', '/usr/local/lib/python3.12/dist-packages', '/usr/lib/python3/dist-packages']
INFO 2026-06-12 17:34:48.484 profiles.py:98] Registered custom profile selectors: []
INFO 2026-06-12 17:34:48.485 profiles.py:208] Matched profile_id in manifest from env NIM_MODEL_PROFILE to: 495980e0b97395173bd2ddce9f7dec2851c654643e3bdb91c4d8fc24047c4d6a
INFO 2026-06-12 17:34:48.485 nim_sdk.py:299] Using the profile selected by the profile selector: 495980e0b97395173bd2ddce9f7dec2851c654643e3bdb91c4d8fc24047c4d6a
INFO 2026-06-12 17:34:48.486 nim_sdk.py:308] Downloading manifest profile: 495980e0b97395173bd2ddce9f7dec2851c654643e3bdb91c4d8fc24047c4d6a
INFO 2026-06-12 17:34:48.556 lib.rs:203] File: metadata.json found in cache: "/opt/nim/.cache/ngc/hub/models--nim--nvidia--nemoretriever-graphic-elements-v1/snapshots/a100x1-trt-fp16-jb2edlbkxw/metadata.json"
INFO 2026-06-12 17:34:48.557 public.rs:52] Skipping download, using cached copy of file: metadata.json at path: "/opt/nim/.cache/ngc/hub/models--nim--nvidia--nemoretriever-graphic-elements-v1/snapshots/a100x1-trt-fp16-jb2edlbkxw/metadata.json"
INFO 2026-06-12 17:34:48.577 lib.rs:203] File: model.plan found in cache: "/opt/nim/.cache/ngc/hub/models--nim--nvidia--nemoretriever-graphic-elements-v1/snapshots/a100x1-trt-fp16-jb2edlbkxw/model.plan"
INFO 2026-06-12 17:34:48.578 public.rs:52] Skipping download, using cached copy of file: model.plan at path: "/opt/nim/.cache/ngc/hub/models--nim--nvidia--nemoretriever-graphic-elements-v1/snapshots/a100x1-trt-fp16-jb2edlbkxw/model.plan"
INFO 2026-06-12 17:34:48.595 lib.rs:203] File: checksums.blake3 found in cache: "/opt/nim/.cache/ngc/hub/models--nim--nvidia--nemoretriever-graphic-elements-v1/snapshots/a100x1-trt-fp16-jb2edlbkxw/checksums.blake3"
INFO 2026-06-12 17:34:48.596 public.rs:52] Skipping download, using cached copy of file: checksums.blake3 at path: "/opt/nim/.cache/ngc/hub/models--nim--nvidia--nemoretriever-graphic-elements-v1/snapshots/a100x1-trt-fp16-jb2edlbkxw/checksums.blake3"
INFO 2026-06-12 17:34:48.596 nim_sdk.py:328] Using the workspace specified during init: /opt/nim/workspace
INFO 2026-06-12 17:34:48.598 nim_sdk.py:341] Materializing workspace to: /opt/nim/workspace
NIM_TRITON_EXTRA_ARGS is set to --cuda-memory-pool-byte-size=0:402663424.0 --backend-config=tensorrt,version-compatible=true --grpc-port=8004
INFO 2026-06-12 17:34:52.605 __init__.py:413] Appending: /opt/nim to PYTHONPATH: ['/usr/local/bin', '/usr/lib/python312.zip', '/usr/lib/python3.12', '/usr/lib/python3.12/lib-dynload', '/usr/local/lib/python3.12/dist-packages', '/usr/lib/python3/dist-packages']
INFO 2026-06-12 17:34:52.683 start_server.py:45] Starting nimlib 0.9.16 nim_sdk 0.8.6
INFO 2026-06-12 17:34:52.684 standard_files.py:95] NIM VERSION:
1.5.0
INFO 2026-06-12 17:34:52.685 standard_files.py:95] NIM banner.txt:
The NIM container is governed by the NVIDIA Software License Agreement (found at https://www.nvidia.com/en-us/agreements/enterprise-software/nvidia-software-license-agreement/) and Product-Specific Terms for AI Products (found at https://www.nvidia.com/en-us/agreements/enterprise-software/product-specific-terms-for-ai-products/); and the use of this model is governed by the NVIDIA Community Model License (found at https://www.nvidia.com/en-us/agreements/enterprise-software/nvidia-community-models-license/).

A copy of this license can be found under /opt/nim/LICENSE.
INFO 2026-06-12 17:34:52.686 standard_files.py:95] NIM NOTICE:
Copyright (c) 2025 NVIDIA CORPORATION & AFFILIATES. All rights reserved.
LicenseRef-NvidiaProprietary

NVIDIA CORPORATION, its affiliates and licensors retain all intellectual property and proprietary rights in and to this material, related documentation and any modifications thereto. Any use, reproduction, disclosure or distribution of this material and related documentation without an express license agreement from NVIDIA CORPORATION or its affiliates are strictly prohibited.
This NIM container is governed by the NVIDIA AI Product Agreement here:
https://www.nvidia.com/en-us/data-center/products/nvidia-ai-enterprise/eula/.
A copy of this license can be found under /opt/nim/LICENSE.

The use of this model is governed by the AI Foundation Models Community License
here: https://docs.nvidia.com/ai-foundation-models-community-license.pdf.


INFO 2026-06-12 17:34:53.274 profiles.py:98] Registered custom profile selectors: []
INFO 2026-06-12 17:34:53.274 profiles.py:208] Matched profile_id in manifest from env NIM_MODEL_PROFILE to: 495980e0b97395173bd2ddce9f7dec2851c654643e3bdb91c4d8fc24047c4d6a
INFO 2026-06-12 17:34:53.275 nim_sdk.py:299] Using the profile selected by the profile selector: 495980e0b97395173bd2ddce9f7dec2851c654643e3bdb91c4d8fc24047c4d6a
INFO 2026-06-12 17:34:53.275 nim_sdk.py:308] Downloading manifest profile: 495980e0b97395173bd2ddce9f7dec2851c654643e3bdb91c4d8fc24047c4d6a
INFO 2026-06-12 17:34:53.286 lib.rs:203] File: checksums.blake3 found in cache: "/opt/nim/.cache/ngc/hub/models--nim--nvidia--nemoretriever-graphic-elements-v1/snapshots/a100x1-trt-fp16-jb2edlbkxw/checksums.blake3"
INFO 2026-06-12 17:34:53.287 public.rs:52] Skipping download, using cached copy of file: checksums.blake3 at path: "/opt/nim/.cache/ngc/hub/models--nim--nvidia--nemoretriever-graphic-elements-v1/snapshots/a100x1-trt-fp16-jb2edlbkxw/checksums.blake3"
INFO 2026-06-12 17:34:53.293 lib.rs:203] File: metadata.json found in cache: "/opt/nim/.cache/ngc/hub/models--nim--nvidia--nemoretriever-graphic-elements-v1/snapshots/a100x1-trt-fp16-jb2edlbkxw/metadata.json"
INFO 2026-06-12 17:34:53.294 public.rs:52] Skipping download, using cached copy of file: metadata.json at path: "/opt/nim/.cache/ngc/hub/models--nim--nvidia--nemoretriever-graphic-elements-v1/snapshots/a100x1-trt-fp16-jb2edlbkxw/metadata.json"
INFO 2026-06-12 17:34:53.300 lib.rs:203] File: model.plan found in cache: "/opt/nim/.cache/ngc/hub/models--nim--nvidia--nemoretriever-graphic-elements-v1/snapshots/a100x1-trt-fp16-jb2edlbkxw/model.plan"
INFO 2026-06-12 17:34:53.300 public.rs:52] Skipping download, using cached copy of file: model.plan at path: "/opt/nim/.cache/ngc/hub/models--nim--nvidia--nemoretriever-graphic-elements-v1/snapshots/a100x1-trt-fp16-jb2edlbkxw/model.plan"
INFO 2026-06-12 17:34:53.301 nim_sdk.py:328] Using the workspace specified during init: /opt/nim/workspace
INFO 2026-06-12 17:34:53.402 nimutils.py:197] Starting Triton server: /usr/local/lib/python3.12/dist-packages/nimlib/triton_start.sh -m /opt/nim/workspace -d - -h 8030 -p 8031 -l 0 -x --cuda-memory-pool-byte-size=0:402663424.0 --backend-config=tensorrt,version-compatible=true --grpc-port=8004
INFO 2026-06-12 17:34:53.404 nimutils.py:224] Starting NIM inference server
INFO 2026-06-12 17:34:53.495 profiles.py:98] Registered custom profile selectors: []
INFO 2026-06-12 17:34:53.501 profiles.py:208] Matched profile_id in manifest from env NIM_MODEL_PROFILE to: 495980e0b97395173bd2ddce9f7dec2851c654643e3bdb91c4d8fc24047c4d6a
INFO 2026-06-12 17:34:53.503 http_api.py:52] Serving endpoints:
  0.0.0.0:8003/v1/triton-inference-statistics (GET)
  0.0.0.0:8003/v1/infer (POST)
  0.0.0.0:8003/v1/health/live (GET)
  0.0.0.0:8003/v1/health/ready (GET)
  0.0.0.0:8003/v1/metrics (GET)
  0.0.0.0:8003/v1/license (GET)
  0.0.0.0:8003/v1/metadata (GET)
  0.0.0.0:8003/v1/manifest (GET)
INFO 2026-06-12 17:34:53.503 http_api.py:73] {'message': 'Starting HTTP Inference server', 'port': 8003, 'workers_count': 16, 'host': '0.0.0.0', 'log_level': 'info', 'SSL': 'disabled'}
INFO 2026-06-12 17:34:54.565 nimutils.py:74] Running: tritonserver --model-repository /opt/nim/workspace --http-port 8030 --metrics-port 8031  --log-verbose 0  --cuda-memory-pool-byte-size=0:402663424.0 --backend-config=tensorrt,version-compatible=true --grpc-port=8004
INFO 2026-06-12 17:34:54.613 profiles.py:98] Registered custom profile selectors: []
INFO 2026-06-12 17:34:54.614 profiles.py:208] Matched profile_id in manifest from env NIM_MODEL_PROFILE to: 495980e0b97395173bd2ddce9f7dec2851c654643e3bdb91c4d8fc24047c4d6a
INFO 2026-06-12 17:34:54.656 profiles.py:98] Registered custom profile selectors: []
INFO 2026-06-12 17:34:54.656 profiles.py:208] Matched profile_id in manifest from env NIM_MODEL_PROFILE to: 495980e0b97395173bd2ddce9f7dec2851c654643e3bdb91c4d8fc24047c4d6a
INFO 2026-06-12 17:34:54.676 profiles.py:98] Registered custom profile selectors: []
INFO 2026-06-12 17:34:54.677 profiles.py:208] Matched profile_id in manifest from env NIM_MODEL_PROFILE to: 495980e0b97395173bd2ddce9f7dec2851c654643e3bdb91c4d8fc24047c4d6a
INFO 2026-06-12 17:34:54.681 profiles.py:98] Registered custom profile selectors: []
INFO 2026-06-12 17:34:54.681 profiles.py:98] Registered custom profile selectors: []
INFO 2026-06-12 17:34:54.681 profiles.py:208] Matched profile_id in manifest from env NIM_MODEL_PROFILE to: 495980e0b97395173bd2ddce9f7dec2851c654643e3bdb91c4d8fc24047c4d6a
INFO 2026-06-12 17:34:54.681 profiles.py:98] Registered custom profile selectors: []
INFO 2026-06-12 17:34:54.681 profiles.py:208] Matched profile_id in manifest from env NIM_MODEL_PROFILE to: 495980e0b97395173bd2ddce9f7dec2851c654643e3bdb91c4d8fc24047c4d6a
INFO 2026-06-12 17:34:54.682 profiles.py:98] Registered custom profile selectors: []
INFO 2026-06-12 17:34:54.682 profiles.py:98] Registered custom profile selectors: []
INFO 2026-06-12 17:34:54.682 profiles.py:208] Matched profile_id in manifest from env NIM_MODEL_PROFILE to: 495980e0b97395173bd2ddce9f7dec2851c654643e3bdb91c4d8fc24047c4d6a
INFO 2026-06-12 17:34:54.682 profiles.py:208] Matched profile_id in manifest from env NIM_MODEL_PROFILE to: 495980e0b97395173bd2ddce9f7dec2851c654643e3bdb91c4d8fc24047c4d6a
INFO 2026-06-12 17:34:54.682 profiles.py:98] Registered custom profile selectors: []
INFO 2026-06-12 17:34:54.683 profiles.py:208] Matched profile_id in manifest from env NIM_MODEL_PROFILE to: 495980e0b97395173bd2ddce9f7dec2851c654643e3bdb91c4d8fc24047c4d6a
INFO 2026-06-12 17:34:54.683 profiles.py:208] Matched profile_id in manifest from env NIM_MODEL_PROFILE to: 495980e0b97395173bd2ddce9f7dec2851c654643e3bdb91c4d8fc24047c4d6a
INFO 2026-06-12 17:34:54.693 profiles.py:98] Registered custom profile selectors: []
INFO 2026-06-12 17:34:54.693 profiles.py:208] Matched profile_id in manifest from env NIM_MODEL_PROFILE to: 495980e0b97395173bd2ddce9f7dec2851c654643e3bdb91c4d8fc24047c4d6a
INFO 2026-06-12 17:34:54.695 profiles.py:98] Registered custom profile selectors: []
INFO 2026-06-12 17:34:54.695 profiles.py:208] Matched profile_id in manifest from env NIM_MODEL_PROFILE to: 495980e0b97395173bd2ddce9f7dec2851c654643e3bdb91c4d8fc24047c4d6a
INFO 2026-06-12 17:34:54.695 profiles.py:98] Registered custom profile selectors: []
INFO 2026-06-12 17:34:54.696 profiles.py:98] Registered custom profile selectors: []
INFO 2026-06-12 17:34:54.696 profiles.py:208] Matched profile_id in manifest from env NIM_MODEL_PROFILE to: 495980e0b97395173bd2ddce9f7dec2851c654643e3bdb91c4d8fc24047c4d6a
INFO 2026-06-12 17:34:54.696 profiles.py:208] Matched profile_id in manifest from env NIM_MODEL_PROFILE to: 495980e0b97395173bd2ddce9f7dec2851c654643e3bdb91c4d8fc24047c4d6a
INFO 2026-06-12 17:34:54.706 profiles.py:98] Registered custom profile selectors: []
INFO 2026-06-12 17:34:54.706 profiles.py:208] Matched profile_id in manifest from env NIM_MODEL_PROFILE to: 495980e0b97395173bd2ddce9f7dec2851c654643e3bdb91c4d8fc24047c4d6a
INFO 2026-06-12 17:34:54.706 profiles.py:98] Registered custom profile selectors: []
INFO 2026-06-12 17:34:54.707 profiles.py:208] Matched profile_id in manifest from env NIM_MODEL_PROFILE to: 495980e0b97395173bd2ddce9f7dec2851c654643e3bdb91c4d8fc24047c4d6a
INFO 2026-06-12 17:34:54.996 profiles.py:98] Registered custom profile selectors: []
INFO 2026-06-12 17:34:54.996 profiles.py:208] Matched profile_id in manifest from env NIM_MODEL_PROFILE to: 495980e0b97395173bd2ddce9f7dec2851c654643e3bdb91c4d8fc24047c4d6a
INFO 2026-06-12 17:34:55.378 nimutils.py:74] I0612 20:34:55.378834 2076153 pinned_memory_manager.cc:277] "Pinned memory pool is created at '0x1512ac000000' with size 268435456"
INFO 2026-06-12 17:34:55.379 nimutils.py:74] I0612 20:34:55.378908 2076153 cuda_memory_manager.cc:107] "CUDA memory pool is created on device 0 with size 402663424"
INFO 2026-06-12 17:34:55.403 nimutils.py:74] I0612 20:34:55.403762 2076153 model_lifecycle.cc:473] "loading: yolox_pre:1"
INFO 2026-06-12 17:34:55.404 nimutils.py:74] I0612 20:34:55.403898 2076153 model_lifecycle.cc:473] "loading: yolox_post:1"
INFO 2026-06-12 17:34:55.404 nimutils.py:74] I0612 20:34:55.404029 2076153 model_lifecycle.cc:473] "loading: yolox:1"
INFO 2026-06-12 17:34:55.498 nimutils.py:74] I0612 20:34:55.498893 2076153 tensorrt.cc:65] "TRITONBACKEND_Initialize: tensorrt"
INFO 2026-06-12 17:34:55.499 nimutils.py:74] I0612 20:34:55.498917 2076153 tensorrt.cc:75] "Triton TRITONBACKEND API version: 1.19"
INFO 2026-06-12 17:34:55.499 nimutils.py:74] I0612 20:34:55.498921 2076153 tensorrt.cc:81] "'tensorrt' TRITONBACKEND API version: 1.19"
INFO 2026-06-12 17:34:55.499 nimutils.py:74] I0612 20:34:55.498923 2076153 tensorrt.cc:105] "backend configuration:\n{\"cmdline\":{\"auto-complete-config\":\"true\",\"backend-directory\":\"/opt/tritonserver/backends\",\"min-compute-capability\":\"6.000000\",\"version-compatible\":\"true\",\"default-max-batch-size\":\"4\"}}"
INFO 2026-06-12 17:34:55.503 nimutils.py:74] I0612 20:34:55.503620 2076153 tensorrt.cc:231] "TRITONBACKEND_ModelInitialize: yolox (version 1)"
INFO 2026-06-12 17:34:55.655 nimutils.py:74] I0612 20:34:55.655453 2076153 logging.cc:46] "Loaded engine size: 239 MiB"
INFO 2026-06-12 17:34:55.768 nimutils.py:74] I0612 20:34:55.768531 2076153 logging.cc:46] "Loaded engine size: 239 MiB"
INFO 2026-06-12 17:34:55.956 nimutils.py:74] I0612 20:34:55.956097 2076153 model_state.cc:322] "'execution_context_allocation_strategy' set to 'ON_PROFILE_CHANGE' for model instance 'yolox'"
INFO 2026-06-12 17:34:55.956 nimutils.py:74] I0612 20:34:55.956606 2076153 tensorrt.cc:297] "TRITONBACKEND_ModelInstanceInitialize: yolox_0_0 (GPU device 0)"
INFO 2026-06-12 17:34:56.086 nimutils.py:74] I0612 20:34:56.086491 2076153 logging.cc:46] "Loaded engine size: 239 MiB"
INFO 2026-06-12 17:34:56.216 nimutils.py:74] I0612 20:34:56.216028 2076153 logging.cc:46] "Loaded engine size: 239 MiB"
INFO 2026-06-12 17:34:56.451 nimutils.py:74] I0612 20:34:56.451494 2076153 logging.cc:46] "[MemUsageChange] TensorRT-managed allocation in IExecutionContext creation: CPU +1, GPU +66, now: CPU 3, GPU 175 (MiB)"
INFO 2026-06-12 17:34:56.452 nimutils.py:74] I0612 20:34:56.451527 2076153 logging.cc:46] "Switching optimization profile from: 0 to 7. Please ensure there are no enqueued operations pending in this context prior to switching profiles"
INFO 2026-06-12 17:34:56.556 nimutils.py:74] I0612 20:34:56.555974 2076153 instance_state.cc:186] "Created instance yolox_0_0 on GPU 0 with stream priority 0 and optimization profile 7[7];"
INFO 2026-06-12 17:34:56.558 nimutils.py:74] I0612 20:34:56.558972 2076153 model_lifecycle.cc:849] "successfully loaded 'yolox'"
INFO 2026-06-12 17:35:01.515 nimutils.py:74] I0612 20:35:01.515372 2076153 python_be.cc:2289] "TRITONBACKEND_ModelInstanceInitialize: yolox_pre_0_0 (GPU device 0)"
INFO 2026-06-12 17:35:02.053 nimutils.py:74] I0612 20:35:02.053614 2076153 python_be.cc:2289] "TRITONBACKEND_ModelInstanceInitialize: yolox_post_0_0 (GPU device 0)"
INFO 2026-06-12 17:35:06.105 nimutils.py:74] I0612 20:35:06.105777 2076153 model_lifecycle.cc:849] "successfully loaded 'yolox_pre'"
INFO 2026-06-12 17:35:06.575 nimutils.py:74] I0612 20:35:06.575671 2076153 model_lifecycle.cc:849] "successfully loaded 'yolox_post'"
INFO 2026-06-12 17:35:06.576 nimutils.py:74] I0612 20:35:06.576512 2076153 model_lifecycle.cc:473] "loading: yolox_ensemble:1"
INFO 2026-06-12 17:35:06.577 nimutils.py:74] I0612 20:35:06.576738 2076153 model_lifecycle.cc:849] "successfully loaded 'yolox_ensemble'"
INFO 2026-06-12 17:35:06.577 nimutils.py:74] I0612 20:35:06.576801 2076153 server.cc:611]
INFO 2026-06-12 17:35:06.577 nimutils.py:74] +------------------+------+
INFO 2026-06-12 17:35:06.577 nimutils.py:74] | Repository Agent | Path |
INFO 2026-06-12 17:35:06.577 nimutils.py:74] +------------------+------+
INFO 2026-06-12 17:35:06.578 nimutils.py:74] +------------------+------+
INFO 2026-06-12 17:35:06.578 nimutils.py:74] 
INFO 2026-06-12 17:35:06.578 nimutils.py:74] I0612 20:35:06.576830 2076153 server.cc:638]
INFO 2026-06-12 17:35:06.578 nimutils.py:74] +----------+-----------------------------------------------------------+-------------------------------------------------------------------------------------------------------------------------------------------------------------------------------------------+
INFO 2026-06-12 17:35:06.579 nimutils.py:74] | Backend  | Path                                                      | Config                                                                                                                                                                                    |
INFO 2026-06-12 17:35:06.579 nimutils.py:74] +----------+-----------------------------------------------------------+-------------------------------------------------------------------------------------------------------------------------------------------------------------------------------------------+
INFO 2026-06-12 17:35:06.579 nimutils.py:74] | python   | /opt/tritonserver/backends/python/libtriton_python.so     | {"cmdline":{"auto-complete-config":"true","backend-directory":"/opt/tritonserver/backends","min-compute-capability":"6.000000","default-max-batch-size":"4"}}                             |
INFO 2026-06-12 17:35:06.579 nimutils.py:74] | tensorrt | /opt/tritonserver/backends/tensorrt/libtriton_tensorrt.so | {"cmdline":{"auto-complete-config":"true","backend-directory":"/opt/tritonserver/backends","min-compute-capability":"6.000000","version-compatible":"true","default-max-batch-size":"4"}} |
INFO 2026-06-12 17:35:06.580 nimutils.py:74] +----------+-----------------------------------------------------------+-------------------------------------------------------------------------------------------------------------------------------------------------------------------------------------------+
INFO 2026-06-12 17:35:06.580 nimutils.py:74] 
INFO 2026-06-12 17:35:06.580 nimutils.py:74] I0612 20:35:06.576862 2076153 server.cc:681]
INFO 2026-06-12 17:35:06.580 nimutils.py:74] +----------------+---------+--------+
INFO 2026-06-12 17:35:06.580 nimutils.py:74] | Model          | Version | Status |
INFO 2026-06-12 17:35:06.580 nimutils.py:74] +----------------+---------+--------+
INFO 2026-06-12 17:35:06.581 nimutils.py:74] | yolox          | 1       | READY  |
INFO 2026-06-12 17:35:06.581 nimutils.py:74] | yolox_ensemble | 1       | READY  |
INFO 2026-06-12 17:35:06.581 nimutils.py:74] | yolox_post     | 1       | READY  |
INFO 2026-06-12 17:35:06.581 nimutils.py:74] | yolox_pre      | 1       | READY  |
INFO 2026-06-12 17:35:06.581 nimutils.py:74] +----------------+---------+--------+
INFO 2026-06-12 17:35:06.582 nimutils.py:74] 
INFO 2026-06-12 17:35:06.722 nimutils.py:74] I0612 20:35:06.722419 2076153 metrics.cc:889] "Collecting metrics for GPU 0: NVIDIA A100-SXM4-80GB"
INFO 2026-06-12 17:35:06.742 nimutils.py:74] I0612 20:35:06.742068 2076153 metrics.cc:782] "Collecting CPU metrics"
INFO 2026-06-12 17:35:06.742 nimutils.py:74] I0612 20:35:06.742282 2076153 tritonserver.cc:2598]
INFO 2026-06-12 17:35:06.742 nimutils.py:74] +----------------------------------+-----------------------------------------------------------------------------------------------------------------------------------------------------------------------------------------------------------------+
INFO 2026-06-12 17:35:06.743 nimutils.py:74] | Option                           | Value                                                                                                                                                                                                           |
INFO 2026-06-12 17:35:06.743 nimutils.py:74] +----------------------------------+-----------------------------------------------------------------------------------------------------------------------------------------------------------------------------------------------------------------+
INFO 2026-06-12 17:35:06.743 nimutils.py:74] | server_id                        | triton                                                                                                                                                                                                          |
INFO 2026-06-12 17:35:06.743 nimutils.py:74] | server_version                   | 2.60.0                                                                                                                                                                                                          |
INFO 2026-06-12 17:35:06.743 nimutils.py:74] | server_extensions                | classification sequence model_repository model_repository(unload_dependents) schedule_policy model_configuration system_shared_memory cuda_shared_memory binary_tensor_data parameters statistics trace logging |
INFO 2026-06-12 17:35:06.744 nimutils.py:74] | model_repository_path[0]         | /opt/nim/workspace                                                                                                                                                                                              |
INFO 2026-06-12 17:35:06.744 nimutils.py:74] | model_control_mode               | MODE_NONE                                                                                                                                                                                                       |
INFO 2026-06-12 17:35:06.744 nimutils.py:74] | strict_model_config              | 0                                                                                                                                                                                                               |
INFO 2026-06-12 17:35:06.744 nimutils.py:74] | model_config_name                |                                                                                                                                                                                                                 |
INFO 2026-06-12 17:35:06.744 nimutils.py:74] | rate_limit                       | OFF                                                                                                                                                                                                             |
INFO 2026-06-12 17:35:06.744 nimutils.py:74] | pinned_memory_pool_byte_size     | 268435456                                                                                                                                                                                                       |
INFO 2026-06-12 17:35:06.745 nimutils.py:74] | cuda_memory_pool_byte_size{0}    | 402663424                                                                                                                                                                                                       |
INFO 2026-06-12 17:35:06.745 nimutils.py:74] | min_supported_compute_capability | 6.0                                                                                                                                                                                                             |
INFO 2026-06-12 17:35:06.745 nimutils.py:74] | strict_readiness                 | 1                                                                                                                                                                                                               |
INFO 2026-06-12 17:35:06.745 nimutils.py:74] | exit_timeout                     | 30                                                                                                                                                                                                              |
INFO 2026-06-12 17:35:06.745 nimutils.py:74] | cache_enabled                    | 0                                                                                                                                                                                                               |
INFO 2026-06-12 17:35:06.746 nimutils.py:74] +----------------------------------+-----------------------------------------------------------------------------------------------------------------------------------------------------------------------------------------------------------------+
INFO 2026-06-12 17:35:06.746 nimutils.py:74] 
INFO 2026-06-12 17:35:06.803 nimutils.py:74] I0612 20:35:06.803335 2076153 grpc_server.cc:2562] "Started GRPCInferenceService at 0.0.0.0:8004"
INFO 2026-06-12 17:35:06.803 nimutils.py:74] I0612 20:35:06.803508 2076153 http_server.cc:4789] "Started HTTPService at 0.0.0.0:8030"
INFO 2026-06-12 17:35:06.846 nimutils.py:74] I0612 20:35:06.846306 2076153 http_server.cc:358] "Started Metrics Service at 0.0.0.0:8031"
