INFO:    Environment variable SINGULARITY_TMPDIR is set, but APPTAINER_TMPDIR is preferred

==============================
== NVIDIA NIM for Image OCR ==
==============================

NVIDIA Release 1.5.0
Model: baidu/paddleocr

Container image Copyright (c) 2016-2025, NVIDIA CORPORATION & AFFILIATES. All rights reserved.
The NIM container is governed by the NVIDIA Software License Agreement (found at https://www.nvidia.com/en-us/agreements/enterprise-software/nvidia-software-license-agreement/) and Product-Specific Terms for AI Products (found at https://www.nvidia.com/en-us/agreements/enterprise-software/product-specific-terms-for-ai-products/); and the use of this model is governed by the NVIDIA Community Model License (found at https://www.nvidia.com/en-us/agreements/enterprise-software/nvidia-community-models-license/).

A copy of this license can be found under /opt/nim/LICENSE.
Third Party Software Attributions and Licenses can be found under /opt/nim/acknowledgements.txt.

NOTE: CUDA Forward Compatibility mode ENABLED.
  Using CUDA 12.9 driver version 575.57.08 with kernel driver version 550.90.07.
  See https://docs.nvidia.com/deploy/cuda-compatibility/ for details.

Overriding NIM_LOG_LEVEL: replacing NIM_LOG_LEVEL=unset with NIM_LOG_LEVEL=INFO
HF_HOME is set to /opt/nim/.cache/huggingface
INFO 2026-06-12 17:34:48.991 __init__.py:413] Appending: /opt/nim to PYTHONPATH: ['/opt/nim/start_server.d', '/usr/lib/python312.zip', '/usr/lib/python3.12', '/usr/lib/python3.12/lib-dynload', '/usr/local/lib/python3.12/dist-packages', '/usr/lib/python3/dist-packages']
NIM_MODEL_PROFILE is set to 495980e0b97395173bd2ddce9f7dec2851c654643e3bdb91c4d8fc24047c4d6a
INFO 2026-06-12 17:34:50.159 __init__.py:413] Appending: /opt/nim to PYTHONPATH: ['/opt/nim/start_server.d', '/usr/lib/python312.zip', '/usr/lib/python3.12', '/usr/lib/python3.12/lib-dynload', '/usr/local/lib/python3.12/dist-packages', '/usr/lib/python3/dist-packages']
INFO 2026-06-12 17:34:54.873 profiles.py:98] Registered custom profile selectors: []
INFO 2026-06-12 17:34:54.874 profiles.py:208] Matched profile_id in manifest from env NIM_MODEL_PROFILE to: 495980e0b97395173bd2ddce9f7dec2851c654643e3bdb91c4d8fc24047c4d6a
INFO 2026-06-12 17:34:54.874 nim_sdk.py:299] Using the profile selected by the profile selector: 495980e0b97395173bd2ddce9f7dec2851c654643e3bdb91c4d8fc24047c4d6a
INFO 2026-06-12 17:34:54.875 nim_sdk.py:308] Downloading manifest profile: 495980e0b97395173bd2ddce9f7dec2851c654643e3bdb91c4d8fc24047c4d6a
INFO 2026-06-12 17:34:54.956 lib.rs:203] File: metadata.json found in cache: "/opt/nim/.cache/ngc/hub/models--nim--baidu--paddleocr/snapshots/a100x1-trt-fp16-ebu61zavqq/metadata.json"
INFO 2026-06-12 17:34:54.957 public.rs:52] Skipping download, using cached copy of file: metadata.json at path: "/opt/nim/.cache/ngc/hub/models--nim--baidu--paddleocr/snapshots/a100x1-trt-fp16-ebu61zavqq/metadata.json"
INFO 2026-06-12 17:34:54.967 lib.rs:203] File: checksums.blake3 found in cache: "/opt/nim/.cache/ngc/hub/models--nim--baidu--paddleocr/snapshots/a100x1-trt-fp16-pmwetdrjua/checksums.blake3"
INFO 2026-06-12 17:34:54.968 public.rs:52] Skipping download, using cached copy of file: checksums.blake3 at path: "/opt/nim/.cache/ngc/hub/models--nim--baidu--paddleocr/snapshots/a100x1-trt-fp16-pmwetdrjua/checksums.blake3"
INFO 2026-06-12 17:34:54.974 lib.rs:203] File: model.plan found in cache: "/opt/nim/.cache/ngc/hub/models--nim--baidu--paddleocr/snapshots/a100x1-trt-fp16-pmwetdrjua/model.plan"
INFO 2026-06-12 17:34:54.974 public.rs:52] Skipping download, using cached copy of file: model.plan at path: "/opt/nim/.cache/ngc/hub/models--nim--baidu--paddleocr/snapshots/a100x1-trt-fp16-pmwetdrjua/model.plan"
INFO 2026-06-12 17:34:54.980 lib.rs:203] File: model.plan found in cache: "/opt/nim/.cache/ngc/hub/models--nim--baidu--paddleocr/snapshots/a100x1-trt-fp16-ebu61zavqq/model.plan"
INFO 2026-06-12 17:34:54.981 public.rs:52] Skipping download, using cached copy of file: model.plan at path: "/opt/nim/.cache/ngc/hub/models--nim--baidu--paddleocr/snapshots/a100x1-trt-fp16-ebu61zavqq/model.plan"
INFO 2026-06-12 17:34:54.987 lib.rs:203] File: checksums.blake3 found in cache: "/opt/nim/.cache/ngc/hub/models--nim--baidu--paddleocr/snapshots/a100x1-trt-fp16-ebu61zavqq/checksums.blake3"
INFO 2026-06-12 17:34:54.987 public.rs:52] Skipping download, using cached copy of file: checksums.blake3 at path: "/opt/nim/.cache/ngc/hub/models--nim--baidu--paddleocr/snapshots/a100x1-trt-fp16-ebu61zavqq/checksums.blake3"
INFO 2026-06-12 17:34:54.994 lib.rs:203] File: metadata.json found in cache: "/opt/nim/.cache/ngc/hub/models--nim--baidu--paddleocr/snapshots/a100x1-trt-fp16-pmwetdrjua/metadata.json"
INFO 2026-06-12 17:34:54.994 public.rs:52] Skipping download, using cached copy of file: metadata.json at path: "/opt/nim/.cache/ngc/hub/models--nim--baidu--paddleocr/snapshots/a100x1-trt-fp16-pmwetdrjua/metadata.json"
INFO 2026-06-12 17:34:55.002 lib.rs:203] File: model.py found in cache: "/opt/nim/.cache/ngc/hub/models--nim--baidu--paddleocr/snapshots/2_TRT_python_2/model.py"
INFO 2026-06-12 17:34:55.002 public.rs:52] Skipping download, using cached copy of file: model.py at path: "/opt/nim/.cache/ngc/hub/models--nim--baidu--paddleocr/snapshots/2_TRT_python_2/model.py"
INFO 2026-06-12 17:34:55.009 lib.rs:203] File: checksums.blake3 found in cache: "/opt/nim/.cache/ngc/hub/models--nim--baidu--paddleocr/snapshots/2_TRT_python_2/checksums.blake3"
INFO 2026-06-12 17:34:55.009 public.rs:52] Skipping download, using cached copy of file: checksums.blake3 at path: "/opt/nim/.cache/ngc/hub/models--nim--baidu--paddleocr/snapshots/2_TRT_python_2/checksums.blake3"
INFO 2026-06-12 17:34:55.010 nim_sdk.py:328] Using the workspace specified during init: /opt/nim/workspace
INFO 2026-06-12 17:34:55.010 nim_sdk.py:341] Materializing workspace to: /opt/nim/workspace
NIM_TRITON_EXTRA_ARGS is set to --cuda-memory-pool-byte-size=0:402663424.0 --backend-config=tensorrt,version-compatible=true --grpc-port=8010
INFO 2026-06-12 17:34:57.995 __init__.py:413] Appending: /opt/nim to PYTHONPATH: ['/usr/local/bin', '/usr/lib/python312.zip', '/usr/lib/python3.12', '/usr/lib/python3.12/lib-dynload', '/usr/local/lib/python3.12/dist-packages', '/usr/lib/python3/dist-packages']
INFO 2026-06-12 17:34:58.072 start_server.py:45] Starting nimlib 0.9.16 nim_sdk 0.8.6
INFO 2026-06-12 17:34:58.073 standard_files.py:95] NIM VERSION:
1.5.0
INFO 2026-06-12 17:34:58.073 standard_files.py:95] NIM banner.txt:
The NIM container is governed by the NVIDIA Software License Agreement (found at https://www.nvidia.com/en-us/agreements/enterprise-software/nvidia-software-license-agreement/) and Product-Specific Terms for AI Products (found at https://www.nvidia.com/en-us/agreements/enterprise-software/product-specific-terms-for-ai-products/); and the use of this model is governed by the NVIDIA Community Model License (found at https://www.nvidia.com/en-us/agreements/enterprise-software/nvidia-community-models-license/).

A copy of this license can be found under /opt/nim/LICENSE.
INFO 2026-06-12 17:34:58.074 standard_files.py:95] NIM NOTICE:
Copyright (c) 2025 NVIDIA CORPORATION & AFFILIATES. All rights reserved.
LicenseRef-NvidiaProprietary

NVIDIA CORPORATION, its affiliates and licensors retain all intellectual property and proprietary rights in and to this material, related documentation and any modifications thereto. Any use, reproduction, disclosure or distribution of this material and related documentation without an express license agreement from NVIDIA CORPORATION or its affiliates are strictly prohibited.
This NIM container is governed by the NVIDIA AI Product Agreement here:
https://www.nvidia.com/en-us/data-center/products/nvidia-ai-enterprise/eula/.
A copy of this license can be found under /opt/nim/LICENSE.

The use of this model is governed by the AI Foundation Models Community License
here: https://docs.nvidia.com/ai-foundation-models-community-license.pdf.


INFO 2026-06-12 17:34:58.735 profiles.py:98] Registered custom profile selectors: []
INFO 2026-06-12 17:34:58.735 profiles.py:208] Matched profile_id in manifest from env NIM_MODEL_PROFILE to: 495980e0b97395173bd2ddce9f7dec2851c654643e3bdb91c4d8fc24047c4d6a
INFO 2026-06-12 17:34:58.736 nim_sdk.py:299] Using the profile selected by the profile selector: 495980e0b97395173bd2ddce9f7dec2851c654643e3bdb91c4d8fc24047c4d6a
INFO 2026-06-12 17:34:58.736 nim_sdk.py:308] Downloading manifest profile: 495980e0b97395173bd2ddce9f7dec2851c654643e3bdb91c4d8fc24047c4d6a
INFO 2026-06-12 17:34:58.747 lib.rs:203] File: checksums.blake3 found in cache: "/opt/nim/.cache/ngc/hub/models--nim--baidu--paddleocr/snapshots/2_TRT_python_2/checksums.blake3"
INFO 2026-06-12 17:34:58.748 public.rs:52] Skipping download, using cached copy of file: checksums.blake3 at path: "/opt/nim/.cache/ngc/hub/models--nim--baidu--paddleocr/snapshots/2_TRT_python_2/checksums.blake3"
INFO 2026-06-12 17:34:58.754 lib.rs:203] File: model.py found in cache: "/opt/nim/.cache/ngc/hub/models--nim--baidu--paddleocr/snapshots/2_TRT_python_2/model.py"
INFO 2026-06-12 17:34:58.754 public.rs:52] Skipping download, using cached copy of file: model.py at path: "/opt/nim/.cache/ngc/hub/models--nim--baidu--paddleocr/snapshots/2_TRT_python_2/model.py"
INFO 2026-06-12 17:34:58.761 lib.rs:203] File: checksums.blake3 found in cache: "/opt/nim/.cache/ngc/hub/models--nim--baidu--paddleocr/snapshots/a100x1-trt-fp16-ebu61zavqq/checksums.blake3"
INFO 2026-06-12 17:34:58.761 public.rs:52] Skipping download, using cached copy of file: checksums.blake3 at path: "/opt/nim/.cache/ngc/hub/models--nim--baidu--paddleocr/snapshots/a100x1-trt-fp16-ebu61zavqq/checksums.blake3"
INFO 2026-06-12 17:34:58.768 lib.rs:203] File: metadata.json found in cache: "/opt/nim/.cache/ngc/hub/models--nim--baidu--paddleocr/snapshots/a100x1-trt-fp16-ebu61zavqq/metadata.json"
INFO 2026-06-12 17:34:58.768 public.rs:52] Skipping download, using cached copy of file: metadata.json at path: "/opt/nim/.cache/ngc/hub/models--nim--baidu--paddleocr/snapshots/a100x1-trt-fp16-ebu61zavqq/metadata.json"
INFO 2026-06-12 17:34:58.774 lib.rs:203] File: model.plan found in cache: "/opt/nim/.cache/ngc/hub/models--nim--baidu--paddleocr/snapshots/a100x1-trt-fp16-ebu61zavqq/model.plan"
INFO 2026-06-12 17:34:58.775 public.rs:52] Skipping download, using cached copy of file: model.plan at path: "/opt/nim/.cache/ngc/hub/models--nim--baidu--paddleocr/snapshots/a100x1-trt-fp16-ebu61zavqq/model.plan"
INFO 2026-06-12 17:34:58.781 lib.rs:203] File: checksums.blake3 found in cache: "/opt/nim/.cache/ngc/hub/models--nim--baidu--paddleocr/snapshots/a100x1-trt-fp16-pmwetdrjua/checksums.blake3"
INFO 2026-06-12 17:34:58.781 public.rs:52] Skipping download, using cached copy of file: checksums.blake3 at path: "/opt/nim/.cache/ngc/hub/models--nim--baidu--paddleocr/snapshots/a100x1-trt-fp16-pmwetdrjua/checksums.blake3"
INFO 2026-06-12 17:34:58.788 lib.rs:203] File: metadata.json found in cache: "/opt/nim/.cache/ngc/hub/models--nim--baidu--paddleocr/snapshots/a100x1-trt-fp16-pmwetdrjua/metadata.json"
INFO 2026-06-12 17:34:58.788 public.rs:52] Skipping download, using cached copy of file: metadata.json at path: "/opt/nim/.cache/ngc/hub/models--nim--baidu--paddleocr/snapshots/a100x1-trt-fp16-pmwetdrjua/metadata.json"
INFO 2026-06-12 17:34:58.794 lib.rs:203] File: model.plan found in cache: "/opt/nim/.cache/ngc/hub/models--nim--baidu--paddleocr/snapshots/a100x1-trt-fp16-pmwetdrjua/model.plan"
INFO 2026-06-12 17:34:58.795 public.rs:52] Skipping download, using cached copy of file: model.plan at path: "/opt/nim/.cache/ngc/hub/models--nim--baidu--paddleocr/snapshots/a100x1-trt-fp16-pmwetdrjua/model.plan"
INFO 2026-06-12 17:34:58.795 nim_sdk.py:328] Using the workspace specified during init: /opt/nim/workspace
INFO 2026-06-12 17:34:58.890 nimutils.py:197] Starting Triton server: /usr/local/lib/python3.12/dist-packages/nimlib/triton_start.sh -m /opt/nim/workspace -d - -h 8050 -p 8051 -l 0 -x --cuda-memory-pool-byte-size=0:402663424.0 --backend-config=tensorrt,version-compatible=true --grpc-port=8010
INFO 2026-06-12 17:34:58.892 nimutils.py:224] Starting NIM inference server
INFO 2026-06-12 17:34:58.932 profiles.py:98] Registered custom profile selectors: []
INFO 2026-06-12 17:34:58.933 profiles.py:208] Matched profile_id in manifest from env NIM_MODEL_PROFILE to: 495980e0b97395173bd2ddce9f7dec2851c654643e3bdb91c4d8fc24047c4d6a
INFO 2026-06-12 17:34:58.934 http_api.py:52] Serving endpoints:
  0.0.0.0:8009/v1/triton-inference-statistics (GET)
  0.0.0.0:8009/v1/infer (POST)
  0.0.0.0:8009/v1/health/live (GET)
  0.0.0.0:8009/v1/health/ready (GET)
  0.0.0.0:8009/v1/metrics (GET)
  0.0.0.0:8009/v1/license (GET)
  0.0.0.0:8009/v1/metadata (GET)
  0.0.0.0:8009/v1/manifest (GET)
INFO 2026-06-12 17:34:58.935 http_api.py:73] {'message': 'Starting HTTP Inference server', 'port': 8009, 'workers_count': 16, 'host': '0.0.0.0', 'log_level': 'info', 'SSL': 'disabled'}
INFO 2026-06-12 17:34:59.556 nimutils.py:74] Running: tritonserver --model-repository /opt/nim/workspace --http-port 8050 --metrics-port 8051  --log-verbose 0  --cuda-memory-pool-byte-size=0:402663424.0 --backend-config=tensorrt,version-compatible=true --grpc-port=8010
INFO 2026-06-12 17:34:59.819 profiles.py:98] Registered custom profile selectors: []
INFO 2026-06-12 17:34:59.819 profiles.py:208] Matched profile_id in manifest from env NIM_MODEL_PROFILE to: 495980e0b97395173bd2ddce9f7dec2851c654643e3bdb91c4d8fc24047c4d6a
INFO 2026-06-12 17:34:59.894 profiles.py:98] Registered custom profile selectors: []
INFO 2026-06-12 17:34:59.895 profiles.py:208] Matched profile_id in manifest from env NIM_MODEL_PROFILE to: 495980e0b97395173bd2ddce9f7dec2851c654643e3bdb91c4d8fc24047c4d6a
INFO 2026-06-12 17:34:59.918 profiles.py:98] Registered custom profile selectors: []
INFO 2026-06-12 17:34:59.919 profiles.py:208] Matched profile_id in manifest from env NIM_MODEL_PROFILE to: 495980e0b97395173bd2ddce9f7dec2851c654643e3bdb91c4d8fc24047c4d6a
INFO 2026-06-12 17:34:59.929 profiles.py:98] Registered custom profile selectors: []
INFO 2026-06-12 17:34:59.930 profiles.py:208] Matched profile_id in manifest from env NIM_MODEL_PROFILE to: 495980e0b97395173bd2ddce9f7dec2851c654643e3bdb91c4d8fc24047c4d6a
INFO 2026-06-12 17:34:59.934 profiles.py:98] Registered custom profile selectors: []
INFO 2026-06-12 17:34:59.934 profiles.py:208] Matched profile_id in manifest from env NIM_MODEL_PROFILE to: 495980e0b97395173bd2ddce9f7dec2851c654643e3bdb91c4d8fc24047c4d6a
INFO 2026-06-12 17:34:59.935 profiles.py:98] Registered custom profile selectors: []
INFO 2026-06-12 17:34:59.936 profiles.py:208] Matched profile_id in manifest from env NIM_MODEL_PROFILE to: 495980e0b97395173bd2ddce9f7dec2851c654643e3bdb91c4d8fc24047c4d6a
INFO 2026-06-12 17:34:59.961 profiles.py:98] Registered custom profile selectors: []
INFO 2026-06-12 17:34:59.962 profiles.py:208] Matched profile_id in manifest from env NIM_MODEL_PROFILE to: 495980e0b97395173bd2ddce9f7dec2851c654643e3bdb91c4d8fc24047c4d6a
INFO 2026-06-12 17:34:59.994 profiles.py:98] Registered custom profile selectors: []
INFO 2026-06-12 17:34:59.994 profiles.py:208] Matched profile_id in manifest from env NIM_MODEL_PROFILE to: 495980e0b97395173bd2ddce9f7dec2851c654643e3bdb91c4d8fc24047c4d6a
INFO 2026-06-12 17:35:00.027 profiles.py:98] Registered custom profile selectors: []
INFO 2026-06-12 17:35:00.028 profiles.py:208] Matched profile_id in manifest from env NIM_MODEL_PROFILE to: 495980e0b97395173bd2ddce9f7dec2851c654643e3bdb91c4d8fc24047c4d6a
INFO 2026-06-12 17:35:00.329 profiles.py:98] Registered custom profile selectors: []
INFO 2026-06-12 17:35:00.329 profiles.py:208] Matched profile_id in manifest from env NIM_MODEL_PROFILE to: 495980e0b97395173bd2ddce9f7dec2851c654643e3bdb91c4d8fc24047c4d6a
INFO 2026-06-12 17:35:00.478 profiles.py:98] Registered custom profile selectors: []
INFO 2026-06-12 17:35:00.478 profiles.py:98] Registered custom profile selectors: []
INFO 2026-06-12 17:35:00.478 profiles.py:208] Matched profile_id in manifest from env NIM_MODEL_PROFILE to: 495980e0b97395173bd2ddce9f7dec2851c654643e3bdb91c4d8fc24047c4d6a
INFO 2026-06-12 17:35:00.479 profiles.py:208] Matched profile_id in manifest from env NIM_MODEL_PROFILE to: 495980e0b97395173bd2ddce9f7dec2851c654643e3bdb91c4d8fc24047c4d6a
INFO 2026-06-12 17:35:00.479 profiles.py:98] Registered custom profile selectors: []
INFO 2026-06-12 17:35:00.480 profiles.py:208] Matched profile_id in manifest from env NIM_MODEL_PROFILE to: 495980e0b97395173bd2ddce9f7dec2851c654643e3bdb91c4d8fc24047c4d6a
INFO 2026-06-12 17:35:00.483 profiles.py:98] Registered custom profile selectors: []
INFO 2026-06-12 17:35:00.483 profiles.py:208] Matched profile_id in manifest from env NIM_MODEL_PROFILE to: 495980e0b97395173bd2ddce9f7dec2851c654643e3bdb91c4d8fc24047c4d6a
INFO 2026-06-12 17:35:00.484 profiles.py:98] Registered custom profile selectors: []
INFO 2026-06-12 17:35:00.485 profiles.py:208] Matched profile_id in manifest from env NIM_MODEL_PROFILE to: 495980e0b97395173bd2ddce9f7dec2851c654643e3bdb91c4d8fc24047c4d6a
INFO 2026-06-12 17:35:00.489 profiles.py:98] Registered custom profile selectors: []
INFO 2026-06-12 17:35:00.489 profiles.py:208] Matched profile_id in manifest from env NIM_MODEL_PROFILE to: 495980e0b97395173bd2ddce9f7dec2851c654643e3bdb91c4d8fc24047c4d6a
INFO 2026-06-12 17:35:01.121 nimutils.py:74] I0612 20:35:01.121537 2078204 pinned_memory_manager.cc:277] "Pinned memory pool is created at '0x14f90a000000' with size 268435456"
INFO 2026-06-12 17:35:01.123 nimutils.py:74] I0612 20:35:01.123958 2078204 cuda_memory_manager.cc:107] "CUDA memory pool is created on device 0 with size 402663424"
INFO 2026-06-12 17:35:01.152 nimutils.py:74] I0612 20:35:01.152791 2078204 model_lifecycle.cc:473] "loading: paddle_det:1"
INFO 2026-06-12 17:35:01.153 nimutils.py:74] I0612 20:35:01.153087 2078204 model_lifecycle.cc:473] "loading: paddle:1"
INFO 2026-06-12 17:35:01.153 nimutils.py:74] I0612 20:35:01.153297 2078204 model_lifecycle.cc:473] "loading: paddle_rec:1"
INFO 2026-06-12 17:35:01.292 nimutils.py:74] I0612 20:35:01.292017 2078204 tensorrt.cc:65] "TRITONBACKEND_Initialize: tensorrt"
INFO 2026-06-12 17:35:01.292 nimutils.py:74] I0612 20:35:01.292045 2078204 tensorrt.cc:75] "Triton TRITONBACKEND API version: 1.19"
INFO 2026-06-12 17:35:01.293 nimutils.py:74] I0612 20:35:01.292049 2078204 tensorrt.cc:81] "'tensorrt' TRITONBACKEND API version: 1.19"
INFO 2026-06-12 17:35:01.293 nimutils.py:74] I0612 20:35:01.292052 2078204 tensorrt.cc:105] "backend configuration:\n{\"cmdline\":{\"auto-complete-config\":\"true\",\"backend-directory\":\"/opt/tritonserver/backends\",\"min-compute-capability\":\"6.000000\",\"version-compatible\":\"true\",\"default-max-batch-size\":\"4\"}}"
INFO 2026-06-12 17:35:01.299 nimutils.py:74] I0612 20:35:01.299448 2078204 tensorrt.cc:231] "TRITONBACKEND_ModelInitialize: paddle_rec (version 1)"
INFO 2026-06-12 17:35:01.299 nimutils.py:74] I0612 20:35:01.299589 2078204 tensorrt.cc:231] "TRITONBACKEND_ModelInitialize: paddle_det (version 1)"
INFO 2026-06-12 17:35:01.306 nimutils.py:74] I0612 20:35:01.306433 2078204 logging.cc:46] "The logger passed into createInferRuntime differs from one already provided for an existing builder, runtime, or refitter. Uses of the global logger, returned by nvinfer1::getLogger(), will return the existing value."
INFO 2026-06-12 17:35:01.443 nimutils.py:74] I0612 20:35:01.443260 2078204 logging.cc:46] "Loaded engine size: 122 MiB"
INFO 2026-06-12 17:35:01.450 nimutils.py:74] I0612 20:35:01.450262 2078204 logging.cc:46] "Loaded engine size: 137 MiB"
INFO 2026-06-12 17:35:01.559 nimutils.py:74] I0612 20:35:01.559855 2078204 logging.cc:46] "Loaded engine size: 122 MiB"
INFO 2026-06-12 17:35:01.560 nimutils.py:74] I0612 20:35:01.560458 2078204 logging.cc:46] "Loaded engine size: 137 MiB"
INFO 2026-06-12 17:35:01.684 nimutils.py:74] I0612 20:35:01.684097 2078204 tensorrt.cc:297] "TRITONBACKEND_ModelInstanceInitialize: paddle_rec_0_0 (GPU device 0)"
INFO 2026-06-12 17:35:01.732 nimutils.py:74] I0612 20:35:01.732369 2078204 logging.cc:46] "The logger passed into createInferRuntime differs from one already provided for an existing builder, runtime, or refitter. Uses of the global logger, returned by nvinfer1::getLogger(), will return the existing value."
INFO 2026-06-12 17:35:01.783 nimutils.py:74] I0612 20:35:01.782915 2078204 logging.cc:46] "Loaded engine size: 122 MiB"
INFO 2026-06-12 17:35:01.808 nimutils.py:74] I0612 20:35:01.808280 2078204 model_state.cc:322] "'execution_context_allocation_strategy' set to 'ON_PROFILE_CHANGE' for model instance 'paddle_det'"
INFO 2026-06-12 17:35:01.808 nimutils.py:74] I0612 20:35:01.808564 2078204 tensorrt.cc:297] "TRITONBACKEND_ModelInstanceInitialize: paddle_det_0_0 (GPU device 0)"
INFO 2026-06-12 17:35:01.898 nimutils.py:74] I0612 20:35:01.898130 2078204 logging.cc:46] "Loaded engine size: 122 MiB"
INFO 2026-06-12 17:35:01.995 nimutils.py:74] I0612 20:35:01.995037 2078204 logging.cc:46] "Loaded engine size: 137 MiB"
INFO 2026-06-12 17:35:02.008 nimutils.py:74] I0612 20:35:02.008401 2078204 logging.cc:46] "[MemUsageChange] TensorRT-managed allocation in IExecutionContext creation: CPU +0, GPU +90, now: CPU 0, GPU 93 (MiB)"
INFO 2026-06-12 17:35:02.015 nimutils.py:74] I0612 20:35:02.015898 2078204 instance_state.cc:186] "Created instance paddle_rec_0_0 on GPU 0 with stream priority 0 and optimization profile default[0];"
INFO 2026-06-12 17:35:02.018 nimutils.py:74] I0612 20:35:02.018101 2078204 model_lifecycle.cc:849] "successfully loaded 'paddle_rec'"
INFO 2026-06-12 17:35:02.102 nimutils.py:74] I0612 20:35:02.102590 2078204 logging.cc:46] "Loaded engine size: 137 MiB"
INFO 2026-06-12 17:35:02.393 nimutils.py:74] I0612 20:35:02.393235 2078204 logging.cc:46] "[MemUsageChange] TensorRT-managed allocation in IExecutionContext creation: CPU +1, GPU +48, now: CPU 2, GPU 52 (MiB)"
INFO 2026-06-12 17:35:02.394 nimutils.py:74] I0612 20:35:02.393263 2078204 logging.cc:46] "Switching optimization profile from: 0 to 7. Please ensure there are no enqueued operations pending in this context prior to switching profiles"
INFO 2026-06-12 17:35:02.737 nimutils.py:74] I0612 20:35:02.737449 2078204 instance_state.cc:186] "Created instance paddle_det_0_0 on GPU 0 with stream priority 0 and optimization profile 7[7];"
INFO 2026-06-12 17:35:02.743 nimutils.py:74] I0612 20:35:02.743735 2078204 model_lifecycle.cc:849] "successfully loaded 'paddle_det'"
INFO 2026-06-12 17:35:12.583 nimutils.py:74] I0612 20:35:12.583160 2078204 python_be.cc:2289] "TRITONBACKEND_ModelInstanceInitialize: paddle_0_0 (GPU device 0)"
INFO 2026-06-12 17:35:15.852 nimutils.py:74] I0612 20:35:15.852317 2078204 model_lifecycle.cc:849] "successfully loaded 'paddle'"
INFO 2026-06-12 17:35:15.853 nimutils.py:74] I0612 20:35:15.852537 2078204 server.cc:611]
INFO 2026-06-12 17:35:15.853 nimutils.py:74] +------------------+------+
INFO 2026-06-12 17:35:15.853 nimutils.py:74] | Repository Agent | Path |
INFO 2026-06-12 17:35:15.854 nimutils.py:74] +------------------+------+
INFO 2026-06-12 17:35:15.854 nimutils.py:74] +------------------+------+
INFO 2026-06-12 17:35:15.854 nimutils.py:74] 
INFO 2026-06-12 17:35:15.855 nimutils.py:74] I0612 20:35:15.852638 2078204 server.cc:638]
INFO 2026-06-12 17:35:15.855 nimutils.py:74] +----------+-----------------------------------------------------------+-------------------------------------------------------------------------------------------------------------------------------------------------------------------------------------------+
INFO 2026-06-12 17:35:15.855 nimutils.py:74] | Backend  | Path                                                      | Config                                                                                                                                                                                    |
INFO 2026-06-12 17:35:15.855 nimutils.py:74] +----------+-----------------------------------------------------------+-------------------------------------------------------------------------------------------------------------------------------------------------------------------------------------------+
INFO 2026-06-12 17:35:15.855 nimutils.py:74] | tensorrt | /opt/tritonserver/backends/tensorrt/libtriton_tensorrt.so | {"cmdline":{"auto-complete-config":"true","backend-directory":"/opt/tritonserver/backends","min-compute-capability":"6.000000","version-compatible":"true","default-max-batch-size":"4"}} |
INFO 2026-06-12 17:35:15.855 nimutils.py:74] | python   | /opt/tritonserver/backends/python/libtriton_python.so     | {"cmdline":{"auto-complete-config":"true","backend-directory":"/opt/tritonserver/backends","min-compute-capability":"6.000000","default-max-batch-size":"4"}}                             |
INFO 2026-06-12 17:35:15.856 nimutils.py:74] +----------+-----------------------------------------------------------+-------------------------------------------------------------------------------------------------------------------------------------------------------------------------------------------+
INFO 2026-06-12 17:35:15.856 nimutils.py:74] 
INFO 2026-06-12 17:35:15.856 nimutils.py:74] I0612 20:35:15.852722 2078204 server.cc:681]
INFO 2026-06-12 17:35:15.856 nimutils.py:74] +------------+---------+--------+
INFO 2026-06-12 17:35:15.857 nimutils.py:74] | Model      | Version | Status |
INFO 2026-06-12 17:35:15.857 nimutils.py:74] +------------+---------+--------+
INFO 2026-06-12 17:35:15.857 nimutils.py:74] | paddle     | 1       | READY  |
INFO 2026-06-12 17:35:15.857 nimutils.py:74] | paddle_det | 1       | READY  |
INFO 2026-06-12 17:35:15.857 nimutils.py:74] | paddle_rec | 1       | READY  |
INFO 2026-06-12 17:35:15.858 nimutils.py:74] +------------+---------+--------+
INFO 2026-06-12 17:35:15.858 nimutils.py:74] 
INFO 2026-06-12 17:35:16.000 nimutils.py:74] I0612 20:35:16.000004 2078204 metrics.cc:890] "Collecting metrics for GPU 0: NVIDIA A100-SXM4-80GB"
INFO 2026-06-12 17:35:16.017 nimutils.py:74] I0612 20:35:16.017887 2078204 metrics.cc:783] "Collecting CPU metrics"
INFO 2026-06-12 17:35:16.018 nimutils.py:74] I0612 20:35:16.018015 2078204 tritonserver.cc:2598]
INFO 2026-06-12 17:35:16.018 nimutils.py:74] +----------------------------------+-----------------------------------------------------------------------------------------------------------------------------------------------------------------------------------------------------------------+
INFO 2026-06-12 17:35:16.019 nimutils.py:74] | Option                           | Value                                                                                                                                                                                                           |
INFO 2026-06-12 17:35:16.019 nimutils.py:74] +----------------------------------+-----------------------------------------------------------------------------------------------------------------------------------------------------------------------------------------------------------------+
INFO 2026-06-12 17:35:16.019 nimutils.py:74] | server_id                        | triton                                                                                                                                                                                                          |
INFO 2026-06-12 17:35:16.019 nimutils.py:74] | server_version                   | 2.59.1                                                                                                                                                                                                          |
INFO 2026-06-12 17:35:16.019 nimutils.py:74] | server_extensions                | classification sequence model_repository model_repository(unload_dependents) schedule_policy model_configuration system_shared_memory cuda_shared_memory binary_tensor_data parameters statistics trace logging |
INFO 2026-06-12 17:35:16.020 nimutils.py:74] | model_repository_path[0]         | /opt/nim/workspace                                                                                                                                                                                              |
INFO 2026-06-12 17:35:16.020 nimutils.py:74] | model_control_mode               | MODE_NONE                                                                                                                                                                                                       |
INFO 2026-06-12 17:35:16.020 nimutils.py:74] | strict_model_config              | 0                                                                                                                                                                                                               |
INFO 2026-06-12 17:35:16.020 nimutils.py:74] | model_config_name                |                                                                                                                                                                                                                 |
INFO 2026-06-12 17:35:16.020 nimutils.py:74] | rate_limit                       | OFF                                                                                                                                                                                                             |
INFO 2026-06-12 17:35:16.020 nimutils.py:74] | pinned_memory_pool_byte_size     | 268435456                                                                                                                                                                                                       |
INFO 2026-06-12 17:35:16.021 nimutils.py:74] | cuda_memory_pool_byte_size{0}    | 402663424                                                                                                                                                                                                       |
INFO 2026-06-12 17:35:16.021 nimutils.py:74] | min_supported_compute_capability | 6.0                                                                                                                                                                                                             |
INFO 2026-06-12 17:35:16.021 nimutils.py:74] | strict_readiness                 | 1                                                                                                                                                                                                               |
INFO 2026-06-12 17:35:16.021 nimutils.py:74] | exit_timeout                     | 30                                                                                                                                                                                                              |
INFO 2026-06-12 17:35:16.021 nimutils.py:74] | cache_enabled                    | 0                                                                                                                                                                                                               |
INFO 2026-06-12 17:35:16.021 nimutils.py:74] +----------------------------------+-----------------------------------------------------------------------------------------------------------------------------------------------------------------------------------------------------------------+
INFO 2026-06-12 17:35:16.022 nimutils.py:74] 
INFO 2026-06-12 17:35:16.066 nimutils.py:74] I0612 20:35:16.066915 2078204 grpc_server.cc:2562] "Started GRPCInferenceService at 0.0.0.0:8010"
INFO 2026-06-12 17:35:16.067 nimutils.py:74] I0612 20:35:16.067070 2078204 http_server.cc:4789] "Started HTTPService at 0.0.0.0:8050"
INFO 2026-06-12 17:35:16.109 nimutils.py:74] I0612 20:35:16.109824 2078204 http_server.cc:358] "Started Metrics Service at 0.0.0.0:8051"
