INFO:    Environment variable SINGULARITY_TMPDIR is set, but APPTAINER_TMPDIR is preferred

=====================================
== NVIDIA NIM for Object Detection ==
=====================================

NVIDIA Release 1.5.0
Model: nvidia/nemoretriever-page-elements-v2

Container image Copyright (c) 2016-2025, NVIDIA CORPORATION & AFFILIATES. All rights reserved.
The NIM container is governed by the NVIDIA Software License Agreement (found at https://www.nvidia.com/en-us/agreements/enterprise-software/nvidia-software-license-agreement/) and Product-Specific Terms for AI Products (found at https://www.nvidia.com/en-us/agreements/enterprise-software/product-specific-terms-for-ai-products/); and the use of this model is governed by the NVIDIA Community Model License (found at https://www.nvidia.com/en-us/agreements/enterprise-software/nvidia-community-models-license/).

A copy of this license can be found under /opt/nim/LICENSE.
Third Party Software Attributions and Licenses can be found under /opt/nim/acknowledgements.txt.

NOTE: CUDA Forward Compatibility mode ENABLED.
  Using CUDA 13.0 driver version 580.65.06 with kernel driver version 550.90.07.
  See https://docs.nvidia.com/deploy/cuda-compatibility/ for details.

Overriding NIM_LOG_LEVEL: replacing NIM_LOG_LEVEL=unset with NIM_LOG_LEVEL=INFO
HF_HOME is set to /opt/nim/.cache/huggingface
INFO 2026-06-12 17:34:35.746 __init__.py:413] Appending: /opt/nim to PYTHONPATH: ['/opt/nim/start_server.d', '/usr/lib/python312.zip', '/usr/lib/python3.12', '/usr/lib/python3.12/lib-dynload', '/usr/local/lib/python3.12/dist-packages', '/usr/lib/python3/dist-packages']
NIM_MODEL_PROFILE is set to 495980e0b97395173bd2ddce9f7dec2851c654643e3bdb91c4d8fc24047c4d6a
INFO 2026-06-12 17:34:36.599 __init__.py:413] Appending: /opt/nim to PYTHONPATH: ['/opt/nim/start_server.d', '/usr/lib/python312.zip', '/usr/lib/python3.12', '/usr/lib/python3.12/lib-dynload', '/usr/local/lib/python3.12/dist-packages', '/usr/lib/python3/dist-packages']
INFO 2026-06-12 17:34:47.620 profiles.py:98] Registered custom profile selectors: []
INFO 2026-06-12 17:34:47.621 profiles.py:208] Matched profile_id in manifest from env NIM_MODEL_PROFILE to: 495980e0b97395173bd2ddce9f7dec2851c654643e3bdb91c4d8fc24047c4d6a
INFO 2026-06-12 17:34:47.623 nim_sdk.py:299] Using the profile selected by the profile selector: 495980e0b97395173bd2ddce9f7dec2851c654643e3bdb91c4d8fc24047c4d6a
INFO 2026-06-12 17:34:47.624 nim_sdk.py:308] Downloading manifest profile: 495980e0b97395173bd2ddce9f7dec2851c654643e3bdb91c4d8fc24047c4d6a
INFO 2026-06-12 17:34:47.679 lib.rs:203] File: metadata.json found in cache: "/opt/nim/.cache/ngc/hub/models--nim--nvidia--nemoretriever-page-elements-v2/snapshots/a100x1-trt-fp16-vjxsdzjnog/metadata.json"
INFO 2026-06-12 17:34:47.679 public.rs:52] Skipping download, using cached copy of file: metadata.json at path: "/opt/nim/.cache/ngc/hub/models--nim--nvidia--nemoretriever-page-elements-v2/snapshots/a100x1-trt-fp16-vjxsdzjnog/metadata.json"
INFO 2026-06-12 17:34:47.695 lib.rs:203] File: checksums.blake3 found in cache: "/opt/nim/.cache/ngc/hub/models--nim--nvidia--nemoretriever-page-elements-v2/snapshots/a100x1-trt-fp16-vjxsdzjnog/checksums.blake3"
INFO 2026-06-12 17:34:47.695 public.rs:52] Skipping download, using cached copy of file: checksums.blake3 at path: "/opt/nim/.cache/ngc/hub/models--nim--nvidia--nemoretriever-page-elements-v2/snapshots/a100x1-trt-fp16-vjxsdzjnog/checksums.blake3"
INFO 2026-06-12 17:34:47.702 lib.rs:203] File: model.plan found in cache: "/opt/nim/.cache/ngc/hub/models--nim--nvidia--nemoretriever-page-elements-v2/snapshots/a100x1-trt-fp16-vjxsdzjnog/model.plan"
INFO 2026-06-12 17:34:47.702 public.rs:52] Skipping download, using cached copy of file: model.plan at path: "/opt/nim/.cache/ngc/hub/models--nim--nvidia--nemoretriever-page-elements-v2/snapshots/a100x1-trt-fp16-vjxsdzjnog/model.plan"
INFO 2026-06-12 17:34:47.703 nim_sdk.py:328] Using the workspace specified during init: /opt/nim/workspace
INFO 2026-06-12 17:34:47.704 nim_sdk.py:341] Materializing workspace to: /opt/nim/workspace
NIM_TRITON_EXTRA_ARGS is set to --cuda-memory-pool-byte-size=0:402663424.0 --backend-config=tensorrt,version-compatible=true --grpc-port=8001
INFO 2026-06-12 17:34:52.329 __init__.py:413] Appending: /opt/nim to PYTHONPATH: ['/usr/local/bin', '/usr/lib/python312.zip', '/usr/lib/python3.12', '/usr/lib/python3.12/lib-dynload', '/usr/local/lib/python3.12/dist-packages', '/usr/lib/python3/dist-packages']
INFO 2026-06-12 17:34:52.410 start_server.py:45] Starting nimlib 0.9.16 nim_sdk 0.8.6
INFO 2026-06-12 17:34:52.425 standard_files.py:95] NIM VERSION:
1.5.0
INFO 2026-06-12 17:34:52.426 standard_files.py:95] NIM banner.txt:
The NIM container is governed by the NVIDIA Software License Agreement (found at https://www.nvidia.com/en-us/agreements/enterprise-software/nvidia-software-license-agreement/) and Product-Specific Terms for AI Products (found at https://www.nvidia.com/en-us/agreements/enterprise-software/product-specific-terms-for-ai-products/); and the use of this model is governed by the NVIDIA Community Model License (found at https://www.nvidia.com/en-us/agreements/enterprise-software/nvidia-community-models-license/).

A copy of this license can be found under /opt/nim/LICENSE.
INFO 2026-06-12 17:34:52.427 standard_files.py:95] NIM NOTICE:
Copyright (c) 2025 NVIDIA CORPORATION & AFFILIATES. All rights reserved.
LicenseRef-NvidiaProprietary

NVIDIA CORPORATION, its affiliates and licensors retain all intellectual property and proprietary rights in and to this material, related documentation and any modifications thereto. Any use, reproduction, disclosure or distribution of this material and related documentation without an express license agreement from NVIDIA CORPORATION or its affiliates are strictly prohibited.
This NIM container is governed by the NVIDIA AI Product Agreement here:
https://www.nvidia.com/en-us/data-center/products/nvidia-ai-enterprise/eula/.
A copy of this license can be found under /opt/nim/LICENSE.

The use of this model is governed by the AI Foundation Models Community License
here: https://docs.nvidia.com/ai-foundation-models-community-license.pdf.


INFO 2026-06-12 17:34:53.039 profiles.py:98] Registered custom profile selectors: []
INFO 2026-06-12 17:34:53.040 profiles.py:208] Matched profile_id in manifest from env NIM_MODEL_PROFILE to: 495980e0b97395173bd2ddce9f7dec2851c654643e3bdb91c4d8fc24047c4d6a
INFO 2026-06-12 17:34:53.040 nim_sdk.py:299] Using the profile selected by the profile selector: 495980e0b97395173bd2ddce9f7dec2851c654643e3bdb91c4d8fc24047c4d6a
INFO 2026-06-12 17:34:53.041 nim_sdk.py:308] Downloading manifest profile: 495980e0b97395173bd2ddce9f7dec2851c654643e3bdb91c4d8fc24047c4d6a
INFO 2026-06-12 17:34:53.053 lib.rs:203] File: checksums.blake3 found in cache: "/opt/nim/.cache/ngc/hub/models--nim--nvidia--nemoretriever-page-elements-v2/snapshots/a100x1-trt-fp16-vjxsdzjnog/checksums.blake3"
INFO 2026-06-12 17:34:53.054 public.rs:52] Skipping download, using cached copy of file: checksums.blake3 at path: "/opt/nim/.cache/ngc/hub/models--nim--nvidia--nemoretriever-page-elements-v2/snapshots/a100x1-trt-fp16-vjxsdzjnog/checksums.blake3"
INFO 2026-06-12 17:34:53.061 lib.rs:203] File: model.plan found in cache: "/opt/nim/.cache/ngc/hub/models--nim--nvidia--nemoretriever-page-elements-v2/snapshots/a100x1-trt-fp16-vjxsdzjnog/model.plan"
INFO 2026-06-12 17:34:53.061 public.rs:52] Skipping download, using cached copy of file: model.plan at path: "/opt/nim/.cache/ngc/hub/models--nim--nvidia--nemoretriever-page-elements-v2/snapshots/a100x1-trt-fp16-vjxsdzjnog/model.plan"
INFO 2026-06-12 17:34:53.067 lib.rs:203] File: metadata.json found in cache: "/opt/nim/.cache/ngc/hub/models--nim--nvidia--nemoretriever-page-elements-v2/snapshots/a100x1-trt-fp16-vjxsdzjnog/metadata.json"
INFO 2026-06-12 17:34:53.068 public.rs:52] Skipping download, using cached copy of file: metadata.json at path: "/opt/nim/.cache/ngc/hub/models--nim--nvidia--nemoretriever-page-elements-v2/snapshots/a100x1-trt-fp16-vjxsdzjnog/metadata.json"
INFO 2026-06-12 17:34:53.068 nim_sdk.py:328] Using the workspace specified during init: /opt/nim/workspace
INFO 2026-06-12 17:34:53.163 nimutils.py:197] Starting Triton server: /usr/local/lib/python3.12/dist-packages/nimlib/triton_start.sh -m /opt/nim/workspace -d - -h 8020 -p 8021 -l 0 -x --cuda-memory-pool-byte-size=0:402663424.0 --backend-config=tensorrt,version-compatible=true --grpc-port=8001
INFO 2026-06-12 17:34:53.166 nimutils.py:224] Starting NIM inference server
INFO 2026-06-12 17:34:53.210 profiles.py:98] Registered custom profile selectors: []
INFO 2026-06-12 17:34:53.211 profiles.py:208] Matched profile_id in manifest from env NIM_MODEL_PROFILE to: 495980e0b97395173bd2ddce9f7dec2851c654643e3bdb91c4d8fc24047c4d6a
INFO 2026-06-12 17:34:53.213 http_api.py:52] Serving endpoints:
  0.0.0.0:8000/v1/triton-inference-statistics (GET)
  0.0.0.0:8000/v1/infer (POST)
  0.0.0.0:8000/v1/health/live (GET)
  0.0.0.0:8000/v1/health/ready (GET)
  0.0.0.0:8000/v1/metrics (GET)
  0.0.0.0:8000/v1/license (GET)
  0.0.0.0:8000/v1/metadata (GET)
  0.0.0.0:8000/v1/manifest (GET)
INFO 2026-06-12 17:34:53.213 http_api.py:73] {'message': 'Starting HTTP Inference server', 'port': 8000, 'workers_count': 16, 'host': '0.0.0.0', 'log_level': 'info', 'SSL': 'disabled'}
INFO 2026-06-12 17:34:54.155 nimutils.py:74] Running: tritonserver --model-repository /opt/nim/workspace --http-port 8020 --metrics-port 8021  --log-verbose 0  --cuda-memory-pool-byte-size=0:402663424.0 --backend-config=tensorrt,version-compatible=true --grpc-port=8001
INFO 2026-06-12 17:34:54.314 profiles.py:98] Registered custom profile selectors: []
INFO 2026-06-12 17:34:54.319 profiles.py:208] Matched profile_id in manifest from env NIM_MODEL_PROFILE to: 495980e0b97395173bd2ddce9f7dec2851c654643e3bdb91c4d8fc24047c4d6a
INFO 2026-06-12 17:34:54.355 profiles.py:98] Registered custom profile selectors: []
INFO 2026-06-12 17:34:54.355 profiles.py:98] Registered custom profile selectors: []
INFO 2026-06-12 17:34:54.356 profiles.py:208] Matched profile_id in manifest from env NIM_MODEL_PROFILE to: 495980e0b97395173bd2ddce9f7dec2851c654643e3bdb91c4d8fc24047c4d6a
INFO 2026-06-12 17:34:54.356 profiles.py:208] Matched profile_id in manifest from env NIM_MODEL_PROFILE to: 495980e0b97395173bd2ddce9f7dec2851c654643e3bdb91c4d8fc24047c4d6a
INFO 2026-06-12 17:34:54.404 profiles.py:98] Registered custom profile selectors: []
INFO 2026-06-12 17:34:54.405 profiles.py:208] Matched profile_id in manifest from env NIM_MODEL_PROFILE to: 495980e0b97395173bd2ddce9f7dec2851c654643e3bdb91c4d8fc24047c4d6a
INFO 2026-06-12 17:34:54.407 profiles.py:98] Registered custom profile selectors: []
INFO 2026-06-12 17:34:54.411 profiles.py:98] Registered custom profile selectors: []
INFO 2026-06-12 17:34:54.413 profiles.py:208] Matched profile_id in manifest from env NIM_MODEL_PROFILE to: 495980e0b97395173bd2ddce9f7dec2851c654643e3bdb91c4d8fc24047c4d6a
INFO 2026-06-12 17:34:54.413 profiles.py:208] Matched profile_id in manifest from env NIM_MODEL_PROFILE to: 495980e0b97395173bd2ddce9f7dec2851c654643e3bdb91c4d8fc24047c4d6a
INFO 2026-06-12 17:34:54.416 profiles.py:98] Registered custom profile selectors: []
INFO 2026-06-12 17:34:54.416 profiles.py:208] Matched profile_id in manifest from env NIM_MODEL_PROFILE to: 495980e0b97395173bd2ddce9f7dec2851c654643e3bdb91c4d8fc24047c4d6a
INFO 2026-06-12 17:34:54.418 profiles.py:98] Registered custom profile selectors: []
INFO 2026-06-12 17:34:54.418 profiles.py:208] Matched profile_id in manifest from env NIM_MODEL_PROFILE to: 495980e0b97395173bd2ddce9f7dec2851c654643e3bdb91c4d8fc24047c4d6a
INFO 2026-06-12 17:34:54.463 profiles.py:98] Registered custom profile selectors: []
INFO 2026-06-12 17:34:54.463 profiles.py:208] Matched profile_id in manifest from env NIM_MODEL_PROFILE to: 495980e0b97395173bd2ddce9f7dec2851c654643e3bdb91c4d8fc24047c4d6a
INFO 2026-06-12 17:34:54.468 profiles.py:98] Registered custom profile selectors: []
INFO 2026-06-12 17:34:54.469 profiles.py:208] Matched profile_id in manifest from env NIM_MODEL_PROFILE to: 495980e0b97395173bd2ddce9f7dec2851c654643e3bdb91c4d8fc24047c4d6a
INFO 2026-06-12 17:34:54.575 profiles.py:98] Registered custom profile selectors: []
INFO 2026-06-12 17:34:54.575 profiles.py:208] Matched profile_id in manifest from env NIM_MODEL_PROFILE to: 495980e0b97395173bd2ddce9f7dec2851c654643e3bdb91c4d8fc24047c4d6a
INFO 2026-06-12 17:34:54.575 profiles.py:98] Registered custom profile selectors: []
INFO 2026-06-12 17:34:54.575 profiles.py:98] Registered custom profile selectors: []
INFO 2026-06-12 17:34:54.575 profiles.py:98] Registered custom profile selectors: []
INFO 2026-06-12 17:34:54.576 profiles.py:208] Matched profile_id in manifest from env NIM_MODEL_PROFILE to: 495980e0b97395173bd2ddce9f7dec2851c654643e3bdb91c4d8fc24047c4d6a
INFO 2026-06-12 17:34:54.576 profiles.py:208] Matched profile_id in manifest from env NIM_MODEL_PROFILE to: 495980e0b97395173bd2ddce9f7dec2851c654643e3bdb91c4d8fc24047c4d6a
INFO 2026-06-12 17:34:54.576 profiles.py:208] Matched profile_id in manifest from env NIM_MODEL_PROFILE to: 495980e0b97395173bd2ddce9f7dec2851c654643e3bdb91c4d8fc24047c4d6a
INFO 2026-06-12 17:34:54.827 profiles.py:98] Registered custom profile selectors: []
INFO 2026-06-12 17:34:54.828 profiles.py:208] Matched profile_id in manifest from env NIM_MODEL_PROFILE to: 495980e0b97395173bd2ddce9f7dec2851c654643e3bdb91c4d8fc24047c4d6a
INFO 2026-06-12 17:34:54.836 profiles.py:98] Registered custom profile selectors: []
INFO 2026-06-12 17:34:54.837 profiles.py:208] Matched profile_id in manifest from env NIM_MODEL_PROFILE to: 495980e0b97395173bd2ddce9f7dec2851c654643e3bdb91c4d8fc24047c4d6a
INFO 2026-06-12 17:34:55.054 nimutils.py:74] I0612 20:34:55.054616 2075967 pinned_memory_manager.cc:277] "Pinned memory pool is created at '0x152464000000' with size 268435456"
INFO 2026-06-12 17:34:55.055 nimutils.py:74] I0612 20:34:55.054726 2075967 cuda_memory_manager.cc:107] "CUDA memory pool is created on device 0 with size 402663424"
INFO 2026-06-12 17:34:55.078 nimutils.py:74] I0612 20:34:55.078361 2075967 model_lifecycle.cc:473] "loading: yolox_post:1"
INFO 2026-06-12 17:34:55.078 nimutils.py:74] I0612 20:34:55.078800 2075967 model_lifecycle.cc:473] "loading: yolox_pre:1"
INFO 2026-06-12 17:34:55.079 nimutils.py:74] I0612 20:34:55.079158 2075967 model_lifecycle.cc:473] "loading: yolox:1"
INFO 2026-06-12 17:34:55.205 nimutils.py:74] I0612 20:34:55.205081 2075967 tensorrt.cc:65] "TRITONBACKEND_Initialize: tensorrt"
INFO 2026-06-12 17:34:55.205 nimutils.py:74] I0612 20:34:55.205109 2075967 tensorrt.cc:75] "Triton TRITONBACKEND API version: 1.19"
INFO 2026-06-12 17:34:55.206 nimutils.py:74] I0612 20:34:55.205114 2075967 tensorrt.cc:81] "'tensorrt' TRITONBACKEND API version: 1.19"
INFO 2026-06-12 17:34:55.206 nimutils.py:74] I0612 20:34:55.205117 2075967 tensorrt.cc:105] "backend configuration:\n{\"cmdline\":{\"auto-complete-config\":\"true\",\"backend-directory\":\"/opt/tritonserver/backends\",\"min-compute-capability\":\"6.000000\",\"version-compatible\":\"true\",\"default-max-batch-size\":\"4\"}}"
INFO 2026-06-12 17:34:55.206 nimutils.py:74] I0612 20:34:55.206747 2075967 tensorrt.cc:231] "TRITONBACKEND_ModelInitialize: yolox (version 1)"
INFO 2026-06-12 17:34:55.370 nimutils.py:74] I0612 20:34:55.370180 2075967 logging.cc:46] "Loaded engine size: 240 MiB"
INFO 2026-06-12 17:34:55.480 nimutils.py:74] I0612 20:34:55.480695 2075967 logging.cc:46] "Loaded engine size: 240 MiB"
INFO 2026-06-12 17:34:55.636 nimutils.py:74] I0612 20:34:55.636374 2075967 model_state.cc:322] "'execution_context_allocation_strategy' set to 'ON_PROFILE_CHANGE' for model instance 'yolox'"
INFO 2026-06-12 17:34:55.637 nimutils.py:74] I0612 20:34:55.636915 2075967 tensorrt.cc:297] "TRITONBACKEND_ModelInstanceInitialize: yolox_0_0 (GPU device 0)"
INFO 2026-06-12 17:34:55.784 nimutils.py:74] I0612 20:34:55.784154 2075967 logging.cc:46] "Loaded engine size: 240 MiB"
INFO 2026-06-12 17:34:55.936 nimutils.py:74] I0612 20:34:55.936725 2075967 logging.cc:46] "Loaded engine size: 240 MiB"
INFO 2026-06-12 17:34:56.124 nimutils.py:74] I0612 20:34:56.124152 2075967 logging.cc:46] "[MemUsageChange] TensorRT-managed allocation in IExecutionContext creation: CPU +1, GPU +66, now: CPU 3, GPU 175 (MiB)"
INFO 2026-06-12 17:34:56.125 nimutils.py:74] I0612 20:34:56.124497 2075967 logging.cc:46] "Switching optimization profile from: 0 to 7. Please ensure there are no enqueued operations pending in this context prior to switching profiles"
INFO 2026-06-12 17:34:56.220 nimutils.py:74] I0612 20:34:56.220577 2075967 instance_state.cc:186] "Created instance yolox_0_0 on GPU 0 with stream priority 0 and optimization profile 7[7];"
INFO 2026-06-12 17:34:56.228 nimutils.py:74] I0612 20:34:56.228700 2075967 model_lifecycle.cc:849] "successfully loaded 'yolox'"
INFO 2026-06-12 17:35:01.406 nimutils.py:74] I0612 20:35:01.406328 2075967 python_be.cc:2289] "TRITONBACKEND_ModelInstanceInitialize: yolox_post_0_0 (GPU device 0)"
INFO 2026-06-12 17:35:01.523 nimutils.py:74] I0612 20:35:01.523805 2075967 python_be.cc:2289] "TRITONBACKEND_ModelInstanceInitialize: yolox_pre_0_0 (GPU device 0)"
INFO 2026-06-12 17:35:05.392 nimutils.py:74] I0612 20:35:05.392708 2075967 model_lifecycle.cc:849] "successfully loaded 'yolox_post'"
INFO 2026-06-12 17:35:06.156 nimutils.py:74] I0612 20:35:06.155947 2075967 model_lifecycle.cc:849] "successfully loaded 'yolox_pre'"
INFO 2026-06-12 17:35:06.156 nimutils.py:74] I0612 20:35:06.156871 2075967 model_lifecycle.cc:473] "loading: yolox_ensemble:1"
INFO 2026-06-12 17:35:06.157 nimutils.py:74] I0612 20:35:06.157152 2075967 model_lifecycle.cc:849] "successfully loaded 'yolox_ensemble'"
INFO 2026-06-12 17:35:06.158 nimutils.py:74] I0612 20:35:06.157231 2075967 server.cc:611]
INFO 2026-06-12 17:35:06.158 nimutils.py:74] +------------------+------+
INFO 2026-06-12 17:35:06.158 nimutils.py:74] | Repository Agent | Path |
INFO 2026-06-12 17:35:06.158 nimutils.py:74] +------------------+------+
INFO 2026-06-12 17:35:06.158 nimutils.py:74] +------------------+------+
INFO 2026-06-12 17:35:06.159 nimutils.py:74] 
INFO 2026-06-12 17:35:06.159 nimutils.py:74] I0612 20:35:06.157260 2075967 server.cc:638]
INFO 2026-06-12 17:35:06.160 nimutils.py:74] +----------+-----------------------------------------------------------+-------------------------------------------------------------------------------------------------------------------------------------------------------------------------------------------+
INFO 2026-06-12 17:35:06.160 nimutils.py:74] | Backend  | Path                                                      | Config                                                                                                                                                                                    |
INFO 2026-06-12 17:35:06.161 nimutils.py:74] +----------+-----------------------------------------------------------+-------------------------------------------------------------------------------------------------------------------------------------------------------------------------------------------+
INFO 2026-06-12 17:35:06.161 nimutils.py:74] | python   | /opt/tritonserver/backends/python/libtriton_python.so     | {"cmdline":{"auto-complete-config":"true","backend-directory":"/opt/tritonserver/backends","min-compute-capability":"6.000000","default-max-batch-size":"4"}}                             |
INFO 2026-06-12 17:35:06.161 nimutils.py:74] | tensorrt | /opt/tritonserver/backends/tensorrt/libtriton_tensorrt.so | {"cmdline":{"auto-complete-config":"true","backend-directory":"/opt/tritonserver/backends","min-compute-capability":"6.000000","version-compatible":"true","default-max-batch-size":"4"}} |
INFO 2026-06-12 17:35:06.161 nimutils.py:74] +----------+-----------------------------------------------------------+-------------------------------------------------------------------------------------------------------------------------------------------------------------------------------------------+
INFO 2026-06-12 17:35:06.161 nimutils.py:74] 
INFO 2026-06-12 17:35:06.162 nimutils.py:74] I0612 20:35:06.157292 2075967 server.cc:681]
INFO 2026-06-12 17:35:06.162 nimutils.py:74] +----------------+---------+--------+
INFO 2026-06-12 17:35:06.162 nimutils.py:74] | Model          | Version | Status |
INFO 2026-06-12 17:35:06.162 nimutils.py:74] +----------------+---------+--------+
INFO 2026-06-12 17:35:06.162 nimutils.py:74] | yolox          | 1       | READY  |
INFO 2026-06-12 17:35:06.162 nimutils.py:74] | yolox_ensemble | 1       | READY  |
INFO 2026-06-12 17:35:06.163 nimutils.py:74] | yolox_post     | 1       | READY  |
INFO 2026-06-12 17:35:06.163 nimutils.py:74] | yolox_pre      | 1       | READY  |
INFO 2026-06-12 17:35:06.163 nimutils.py:74] +----------------+---------+--------+
INFO 2026-06-12 17:35:06.163 nimutils.py:74] 
INFO 2026-06-12 17:35:06.288 nimutils.py:74] I0612 20:35:06.288837 2075967 metrics.cc:889] "Collecting metrics for GPU 0: NVIDIA A100-SXM4-80GB"
INFO 2026-06-12 17:35:06.303 nimutils.py:74] I0612 20:35:06.303280 2075967 metrics.cc:782] "Collecting CPU metrics"
INFO 2026-06-12 17:35:06.303 nimutils.py:74] I0612 20:35:06.303647 2075967 tritonserver.cc:2598]
INFO 2026-06-12 17:35:06.303 nimutils.py:74] +----------------------------------+-----------------------------------------------------------------------------------------------------------------------------------------------------------------------------------------------------------------+
INFO 2026-06-12 17:35:06.304 nimutils.py:74] | Option                           | Value                                                                                                                                                                                                           |
INFO 2026-06-12 17:35:06.304 nimutils.py:74] +----------------------------------+-----------------------------------------------------------------------------------------------------------------------------------------------------------------------------------------------------------------+
INFO 2026-06-12 17:35:06.304 nimutils.py:74] | server_id                        | triton                                                                                                                                                                                                          |
INFO 2026-06-12 17:35:06.304 nimutils.py:74] | server_version                   | 2.60.0                                                                                                                                                                                                          |
INFO 2026-06-12 17:35:06.304 nimutils.py:74] | server_extensions                | classification sequence model_repository model_repository(unload_dependents) schedule_policy model_configuration system_shared_memory cuda_shared_memory binary_tensor_data parameters statistics trace logging |
INFO 2026-06-12 17:35:06.305 nimutils.py:74] | model_repository_path[0]         | /opt/nim/workspace                                                                                                                                                                                              |
INFO 2026-06-12 17:35:06.305 nimutils.py:74] | model_control_mode               | MODE_NONE                                                                                                                                                                                                       |
INFO 2026-06-12 17:35:06.305 nimutils.py:74] | strict_model_config              | 0                                                                                                                                                                                                               |
INFO 2026-06-12 17:35:06.305 nimutils.py:74] | model_config_name                |                                                                                                                                                                                                                 |
INFO 2026-06-12 17:35:06.305 nimutils.py:74] | rate_limit                       | OFF                                                                                                                                                                                                             |
INFO 2026-06-12 17:35:06.306 nimutils.py:74] | pinned_memory_pool_byte_size     | 268435456                                                                                                                                                                                                       |
INFO 2026-06-12 17:35:06.306 nimutils.py:74] | cuda_memory_pool_byte_size{0}    | 402663424                                                                                                                                                                                                       |
INFO 2026-06-12 17:35:06.306 nimutils.py:74] | min_supported_compute_capability | 6.0                                                                                                                                                                                                             |
INFO 2026-06-12 17:35:06.306 nimutils.py:74] | strict_readiness                 | 1                                                                                                                                                                                                               |
INFO 2026-06-12 17:35:06.306 nimutils.py:74] | exit_timeout                     | 30                                                                                                                                                                                                              |
INFO 2026-06-12 17:35:06.306 nimutils.py:74] | cache_enabled                    | 0                                                                                                                                                                                                               |
INFO 2026-06-12 17:35:06.307 nimutils.py:74] +----------------------------------+-----------------------------------------------------------------------------------------------------------------------------------------------------------------------------------------------------------------+
INFO 2026-06-12 17:35:06.307 nimutils.py:74] 
INFO 2026-06-12 17:35:06.346 nimutils.py:74] I0612 20:35:06.346898 2075967 grpc_server.cc:2562] "Started GRPCInferenceService at 0.0.0.0:8001"
INFO 2026-06-12 17:35:06.347 nimutils.py:74] I0612 20:35:06.347144 2075967 http_server.cc:4789] "Started HTTPService at 0.0.0.0:8020"
INFO 2026-06-12 17:35:06.390 nimutils.py:74] I0612 20:35:06.390014 2075967 http_server.cc:358] "Started Metrics Service at 0.0.0.0:8021"
