================ diag-minio-call ================
node=gaiab01n04  ts=20260612-173640  port=9010  samples=40
sif=/gaia/nvidia/partner/rag-test/containers/images/ingestor-server.sif
-- getent hosts localhost (esperado: ::1 primeiro nesses nós) --
::1             localhost localhost.localdomain localhost6 localhost6.localdomain6
=================================================

##### 127.0.0.1 SEM region (= ingestor real pós-676b2d0)  (host=127.0.0.1 region=None) #####
  [  1/40]      5.0 ms   ok=True
  [  2/40]      1.9 ms   ok=True
  [  3/40]      2.2 ms   ok=True
  [  4/40]      1.5 ms   ok=True
  [  5/40]      1.9 ms   ok=True
  [ 10/40]      1.8 ms   ok=True
  [ 15/40]      1.7 ms   ok=True
  [ 20/40]      1.5 ms   ok=True
  [ 25/40]      1.8 ms   ok=True
  [ 30/40]      1.6 ms   ok=True
  [ 35/40]      1.9 ms   ok=True
  [ 40/40]      1.6 ms   ok=True
  --> 127.0.0.1 SEM region (= ingestor real pós-676b2d0): min=1.2ms  mediana=1.9ms  max=5.0ms  lentas(>1s)=0/40

(localhost: poucas amostras — pode cair em ::1 e levar ~30s cada)

##### localhost SEM region (= pré-676b2d0, ::1)  (host=localhost region=None) #####
  [  1/6]      4.7 ms   ok=True
  [  2/6]      2.2 ms   ok=True
  [  3/6]      2.0 ms   ok=True
  [  4/6]      2.0 ms   ok=True
  [  5/6]      1.9 ms   ok=True
  --> localhost SEM region (= pré-676b2d0, ::1): min=1.9ms  mediana=2.0ms  max=4.7ms  lentas(>1s)=0/6

##### 127.0.0.1 COM region=us-east-1 (pula GetBucketLocation)  (host=127.0.0.1 region=us-east-1) #####
  [  1/10]      2.1 ms   ok=True
  [  2/10]      2.0 ms   ok=True
  [  3/10]      1.6 ms   ok=True
  [  4/10]      1.2 ms   ok=True
  [  5/10]      1.5 ms   ok=True
  [ 10/10]      1.8 ms   ok=True
  --> 127.0.0.1 COM region=us-east-1 (pula GetBucketLocation): min=1.2ms  mediana=1.8ms  max=2.3ms  lentas(>1s)=0/10

================ VEREDITO ================
127.0.0.1 sem region : max=5ms  lentas=0
localhost  sem region : max=5ms  lentas=0
127.0.0.1 com region : max=2ms  lentas=0

Leitura:
 - 127/sem-region SEMPRE rápido (<1s, 0 lentas) -> 676b2d0+gate bastam; ingestor binda em segundos.
 - 127/sem-region às vezes LENTO (>5s ou timeouts) -> raiz persiste -> precisa overlay (region+timeout) OU disco local.
 - localhost MUITO pior que 127 -> confirma que o ::1 era a causa e o 676b2d0 ataca certo.
 - com-region << sem-region em 127 -> GetBucketLocation é o gargalo -> overlay com region resolve.

✅ Relatório: deploy/singularity/scripts/import_logs/debug-06c/diag-minio-call-gaiab01n04-20260612-173640.out
Enviar (no login node):
  git add deploy/singularity/scripts/import_logs/debug-06c/diag-minio-call-gaiab01n04-20260612-173640.out && git commit -m 'logs: diag-minio-call gaiab01n04-20260612-173640' && git push origin feature/singularity-deployment
